{'batch_size': 16, 'epoch': 200, 'learning_rate': 0.001, 'gpu': 1, 'num_point': 1024, 'optimizer': 'SGD', 'weight_decay': 0.0001, 'normal': False, 'model': {'nneighbor': 16, 'nblocks': 4, 'transformer_dim': 512, 'name': 'Hengshuang_new'}}
[2022-09-16 13:13:44,923][__main__][INFO] - Load dataset ...
The size of train data is 9843
The size of test data is 2468
[2022-09-16 13:13:48,472][__main__][INFO] - No existing model, starting training from scratch...
SGD (
Parameter Group 0
    dampening: 0
    lr: 0.001
    momentum: 0.9
    nesterov: False
    weight_decay: 0.0001
)
[2022-09-16 13:13:48,473][__main__][INFO] - Start training...
[2022-09-16 13:13:48,473][__main__][INFO] - Epoch 1 (1/200):
  0%|          | 0/616 [00:00<?, ?it/s]  0%|          | 1/616 [00:05<57:39,  5.63s/it]  0%|          | 2/616 [00:05<08:19,  1.23it/s]  0%|          | 3/616 [00:06<04:11,  2.43it/s]  1%|          | 4/616 [00:06<03:44,  2.73it/s]  1%|          | 5/616 [00:07<06:57,  1.46it/s]  1%|          | 6/616 [00:07<03:59,  2.55it/s]  1%|          | 7/616 [00:08<03:45,  2.70it/s]  1%|▏         | 8/616 [00:08<03:36,  2.80it/s]  1%|▏         | 9/616 [00:08<03:40,  2.75it/s]  2%|▏         | 10/616 [00:09<03:43,  2.71it/s]  2%|▏         | 11/616 [00:09<03:39,  2.75it/s]  2%|▏         | 12/616 [00:09<03:36,  2.79it/s]  2%|▏         | 13/616 [00:10<03:42,  2.71it/s]  2%|▏         | 14/616 [00:10<03:36,  2.78it/s]  2%|▏         | 15/616 [00:11<03:37,  2.76it/s]  3%|▎         | 16/616 [00:11<03:59,  2.51it/s]  3%|▎         | 17/616 [00:11<03:38,  2.74it/s]  3%|▎         | 18/616 [00:12<03:33,  2.80it/s]  3%|▎         | 19/616 [00:12<03:35,  2.76it/s]  3%|▎         | 20/616 [00:12<03:40,  2.70it/s]  3%|▎         | 21/616 [00:13<03:40,  2.69it/s]  4%|▎         | 22/616 [00:13<03:37,  2.73it/s]  4%|▎         | 23/616 [00:13<03:34,  2.76it/s]  4%|▍         | 24/616 [00:14<03:29,  2.83it/s]  4%|▍         | 25/616 [00:14<03:39,  2.69it/s]  4%|▍         | 26/616 [00:15<03:34,  2.74it/s]  4%|▍         | 27/616 [00:15<03:36,  2.72it/s]  5%|▍         | 28/616 [00:15<03:34,  2.74it/s]  5%|▍         | 29/616 [00:16<03:30,  2.79it/s]  5%|▍         | 30/616 [00:16<03:29,  2.79it/s]  5%|▌         | 31/616 [00:16<03:33,  2.74it/s]  5%|▌         | 32/616 [00:17<03:22,  2.89it/s]  5%|▌         | 33/616 [00:17<03:33,  2.73it/s]  6%|▌         | 34/616 [00:17<03:31,  2.76it/s]  6%|▌         | 35/616 [00:18<03:26,  2.81it/s]  6%|▌         | 36/616 [00:18<03:27,  2.79it/s]  6%|▌         | 37/616 [00:19<03:30,  2.75it/s]  6%|▌         | 38/616 [00:19<03:29,  2.76it/s]  6%|▋         | 39/616 [00:19<03:23,  2.84it/s]  6%|▋         | 40/616 [00:20<03:24,  2.82it/s]  7%|▋         | 41/616 [00:20<03:27,  2.78it/s]  7%|▋         | 42/616 [00:20<03:26,  2.78it/s]  7%|▋         | 43/616 [00:21<03:33,  2.69it/s]  7%|▋         | 44/616 [00:21<03:22,  2.83it/s]  7%|▋         | 45/616 [00:21<03:29,  2.72it/s]  7%|▋         | 46/616 [00:22<03:22,  2.81it/s]  8%|▊         | 47/616 [00:22<03:20,  2.84it/s]  8%|▊         | 48/616 [00:22<03:21,  2.81it/s]  8%|▊         | 49/616 [00:23<03:23,  2.79it/s]  8%|▊         | 50/616 [00:23<03:22,  2.79it/s]  8%|▊         | 51/616 [00:24<03:19,  2.84it/s]  8%|▊         | 52/616 [00:24<03:16,  2.87it/s]  9%|▊         | 53/616 [00:24<03:22,  2.78it/s]  9%|▉         | 54/616 [00:25<03:22,  2.77it/s]  9%|▉         | 55/616 [00:25<03:21,  2.79it/s]  9%|▉         | 56/616 [00:25<03:17,  2.84it/s]  9%|▉         | 57/616 [00:26<03:23,  2.74it/s]  9%|▉         | 58/616 [00:26<03:18,  2.81it/s] 10%|▉         | 59/616 [00:26<03:18,  2.80it/s] 10%|▉         | 60/616 [00:27<03:19,  2.79it/s] 10%|▉         | 61/616 [00:27<03:25,  2.71it/s] 10%|█         | 62/616 [00:28<03:22,  2.74it/s] 10%|█         | 63/616 [00:28<03:15,  2.83it/s] 10%|█         | 64/616 [00:28<03:18,  2.77it/s] 11%|█         | 65/616 [00:29<03:18,  2.77it/s] 11%|█         | 66/616 [00:29<03:16,  2.80it/s] 11%|█         | 67/616 [00:29<03:16,  2.79it/s] 11%|█         | 68/616 [00:30<03:17,  2.77it/s] 11%|█         | 69/616 [00:30<03:18,  2.75it/s] 11%|█▏        | 70/616 [00:30<03:21,  2.71it/s] 12%|█▏        | 71/616 [00:31<03:10,  2.87it/s] 12%|█▏        | 72/616 [00:31<03:10,  2.86it/s] 12%|█▏        | 73/616 [00:31<03:16,  2.76it/s] 12%|█▏        | 74/616 [00:32<03:20,  2.70it/s] 12%|█▏        | 75/616 [00:32<03:13,  2.80it/s] 12%|█▏        | 76/616 [00:33<03:08,  2.87it/s] 12%|█▎        | 77/616 [00:33<03:14,  2.77it/s] 13%|█▎        | 78/616 [00:33<03:12,  2.80it/s] 13%|█▎        | 79/616 [00:34<03:08,  2.85it/s] 13%|█▎        | 80/616 [00:34<03:09,  2.84it/s] 13%|█▎        | 81/616 [00:34<03:15,  2.73it/s] 13%|█▎        | 82/616 [00:35<03:09,  2.82it/s] 13%|█▎        | 83/616 [00:35<03:08,  2.83it/s] 14%|█▎        | 84/616 [00:35<03:10,  2.79it/s] 14%|█▍        | 85/616 [00:36<03:09,  2.80it/s] 14%|█▍        | 86/616 [00:36<03:11,  2.76it/s] 14%|█▍        | 87/616 [00:36<03:09,  2.79it/s] 14%|█▍        | 88/616 [00:37<03:13,  2.73it/s] 14%|█▍        | 89/616 [00:37<03:12,  2.73it/s] 15%|█▍        | 90/616 [00:38<03:07,  2.81it/s] 15%|█▍        | 91/616 [00:38<03:09,  2.77it/s] 15%|█▍        | 92/616 [00:38<03:06,  2.82it/s] 15%|█▌        | 93/616 [00:39<03:07,  2.79it/s] 15%|█▌        | 94/616 [00:39<03:06,  2.80it/s] 15%|█▌        | 95/616 [00:39<03:04,  2.83it/s] 16%|█▌        | 96/616 [00:40<03:02,  2.84it/s] 16%|█▌        | 97/616 [00:40<03:06,  2.79it/s] 16%|█▌        | 98/616 [00:40<03:07,  2.76it/s] 16%|█▌        | 99/616 [00:41<03:02,  2.83it/s] 16%|█▌        | 100/616 [00:41<03:02,  2.83it/s] 16%|█▋        | 101/616 [00:41<03:07,  2.75it/s] 17%|█▋        | 102/616 [00:42<03:03,  2.80it/s] 17%|█▋        | 103/616 [00:42<02:59,  2.86it/s] 17%|█▋        | 104/616 [00:43<02:58,  2.87it/s] 17%|█▋        | 105/616 [00:43<03:07,  2.73it/s] 17%|█▋        | 106/616 [00:43<03:03,  2.77it/s] 17%|█▋        | 107/616 [00:44<03:05,  2.74it/s] 18%|█▊        | 108/616 [00:44<03:00,  2.81it/s] 18%|█▊        | 109/616 [00:44<03:02,  2.78it/s] 18%|█▊        | 110/616 [00:45<03:08,  2.69it/s] 18%|█▊        | 111/616 [00:45<03:00,  2.80it/s] 18%|█▊        | 112/616 [00:45<03:01,  2.78it/s] 18%|█▊        | 113/616 [00:46<03:01,  2.77it/s] 19%|█▊        | 114/616 [00:46<02:58,  2.82it/s] 19%|█▊        | 115/616 [00:47<03:00,  2.78it/s] 19%|█▉        | 116/616 [00:47<02:57,  2.82it/s] 19%|█▉        | 117/616 [00:47<03:03,  2.72it/s] 19%|█▉        | 118/616 [00:48<03:04,  2.70it/s] 19%|█▉        | 119/616 [00:48<02:55,  2.83it/s] 19%|█▉        | 120/616 [00:48<02:58,  2.78it/s] 20%|█▉        | 121/616 [00:49<02:59,  2.75it/s] 20%|█▉        | 122/616 [00:49<03:08,  2.62it/s] 20%|█▉        | 123/616 [00:49<02:58,  2.77it/s] 20%|██        | 124/616 [00:50<02:53,  2.83it/s] 20%|██        | 125/616 [00:50<02:58,  2.75it/s] 20%|██        | 126/616 [00:50<02:56,  2.78it/s] 21%|██        | 127/616 [00:51<02:56,  2.77it/s] 21%|██        | 128/616 [00:51<02:58,  2.73it/s] 21%|██        | 129/616 [00:52<02:58,  2.73it/s] 21%|██        | 130/616 [00:52<02:57,  2.74it/s] 21%|██▏       | 131/616 [00:52<02:53,  2.79it/s] 21%|██▏       | 132/616 [00:53<02:51,  2.83it/s] 22%|██▏       | 133/616 [00:53<02:59,  2.69it/s] 22%|██▏       | 134/616 [00:53<02:55,  2.75it/s] 22%|██▏       | 135/616 [00:54<02:50,  2.83it/s] 22%|██▏       | 136/616 [00:54<02:47,  2.86it/s] 22%|██▏       | 137/616 [00:54<02:53,  2.76it/s] 22%|██▏       | 138/616 [00:55<02:52,  2.77it/s] 23%|██▎       | 139/616 [00:55<02:54,  2.74it/s] 23%|██▎       | 140/616 [00:56<02:56,  2.69it/s] 23%|██▎       | 141/616 [00:56<02:55,  2.70it/s] 23%|██▎       | 142/616 [00:56<02:53,  2.74it/s] 23%|██▎       | 143/616 [00:57<02:53,  2.73it/s] 23%|██▎       | 144/616 [00:57<02:52,  2.74it/s] 24%|██▎       | 145/616 [00:57<02:52,  2.72it/s] 24%|██▎       | 146/616 [00:58<02:53,  2.71it/s] 24%|██▍       | 147/616 [00:58<02:49,  2.76it/s] 24%|██▍       | 148/616 [00:58<02:49,  2.76it/s] 24%|██▍       | 149/616 [00:59<02:48,  2.77it/s] 24%|██▍       | 150/616 [00:59<02:48,  2.76it/s] 25%|██▍       | 151/616 [01:00<02:44,  2.83it/s] 25%|██▍       | 152/616 [01:00<02:47,  2.77it/s] 25%|██▍       | 153/616 [01:00<02:50,  2.72it/s] 25%|██▌       | 154/616 [01:01<02:52,  2.68it/s] 25%|██▌       | 155/616 [01:01<02:43,  2.83it/s] 25%|██▌       | 156/616 [01:01<02:43,  2.81it/s] 25%|██▌       | 157/616 [01:02<02:48,  2.72it/s] 26%|██▌       | 158/616 [01:02<02:42,  2.82it/s] 26%|██▌       | 159/616 [01:02<02:44,  2.78it/s] 26%|██▌       | 160/616 [01:03<02:41,  2.82it/s] 26%|██▌       | 161/616 [01:03<02:43,  2.78it/s] 26%|██▋       | 162/616 [01:04<02:46,  2.73it/s] 26%|██▋       | 163/616 [01:04<02:40,  2.83it/s] 27%|██▋       | 164/616 [01:04<02:41,  2.79it/s] 27%|██▋       | 165/616 [01:05<02:44,  2.74it/s] 27%|██▋       | 166/616 [01:05<02:41,  2.79it/s] 27%|██▋       | 167/616 [01:05<02:37,  2.85it/s] 27%|██▋       | 168/616 [01:06<02:38,  2.83it/s] 27%|██▋       | 169/616 [01:06<02:40,  2.78it/s] 28%|██▊       | 170/616 [01:06<02:40,  2.78it/s] 28%|██▊       | 171/616 [01:07<02:41,  2.75it/s] 28%|██▊       | 172/616 [01:07<02:41,  2.74it/s] 28%|██▊       | 173/616 [01:07<02:37,  2.82it/s] 28%|██▊       | 174/616 [01:08<02:45,  2.67it/s] 28%|██▊       | 175/616 [01:08<02:41,  2.74it/s] 29%|██▊       | 176/616 [01:09<02:42,  2.71it/s] 29%|██▊       | 177/616 [01:09<02:41,  2.72it/s] 29%|██▉       | 178/616 [01:09<02:31,  2.89it/s] 29%|██▉       | 179/616 [01:10<02:31,  2.88it/s] 29%|██▉       | 180/616 [01:10<02:32,  2.85it/s] 29%|██▉       | 181/616 [01:10<02:37,  2.76it/s] 30%|██▉       | 182/616 [01:11<02:38,  2.75it/s] 30%|██▉       | 183/616 [01:11<02:36,  2.76it/s] 30%|██▉       | 184/616 [01:11<02:48,  2.56it/s] 30%|███       | 185/616 [01:12<02:39,  2.71it/s] 30%|███       | 186/616 [01:12<02:35,  2.76it/s] 30%|███       | 187/616 [01:13<02:30,  2.84it/s] 31%|███       | 188/616 [01:13<02:35,  2.76it/s] 31%|███       | 189/616 [01:13<02:34,  2.77it/s] 31%|███       | 190/616 [01:14<02:33,  2.77it/s] 31%|███       | 191/616 [01:14<02:31,  2.80it/s] 31%|███       | 192/616 [01:14<02:31,  2.80it/s] 31%|███▏      | 193/616 [01:15<02:30,  2.81it/s] 31%|███▏      | 194/616 [01:15<02:34,  2.74it/s] 32%|███▏      | 195/616 [01:15<02:30,  2.80it/s] 32%|███▏      | 196/616 [01:16<02:26,  2.87it/s] 32%|███▏      | 197/616 [01:16<02:31,  2.76it/s] 32%|███▏      | 198/616 [01:17<02:32,  2.74it/s] 32%|███▏      | 199/616 [01:17<02:29,  2.79it/s] 32%|███▏      | 200/616 [01:17<02:27,  2.82it/s] 33%|███▎      | 201/616 [01:18<02:28,  2.80it/s] 33%|███▎      | 202/616 [01:18<02:24,  2.87it/s] 33%|███▎      | 203/616 [01:18<02:28,  2.79it/s] 33%|███▎      | 204/616 [01:19<02:28,  2.77it/s] 33%|███▎      | 205/616 [01:19<02:31,  2.72it/s] 33%|███▎      | 206/616 [01:19<02:32,  2.69it/s] 34%|███▎      | 207/616 [01:20<02:28,  2.75it/s] 34%|███▍      | 208/616 [01:20<02:26,  2.79it/s] 34%|███▍      | 209/616 [01:20<02:29,  2.72it/s] 34%|███▍      | 210/616 [01:21<02:28,  2.74it/s] 34%|███▍      | 211/616 [01:21<02:24,  2.81it/s] 34%|███▍      | 212/616 [01:22<02:23,  2.82it/s] 35%|███▍      | 213/616 [01:22<02:24,  2.79it/s] 35%|███▍      | 214/616 [01:22<02:25,  2.77it/s] 35%|███▍      | 215/616 [01:23<02:21,  2.84it/s] 35%|███▌      | 216/616 [01:23<02:19,  2.86it/s] 35%|███▌      | 217/616 [01:23<02:26,  2.73it/s] 35%|███▌      | 218/616 [01:24<02:23,  2.78it/s] 36%|███▌      | 219/616 [01:24<02:40,  2.47it/s] 36%|███▌      | 220/616 [01:24<02:27,  2.68it/s] 36%|███▌      | 221/616 [01:25<02:24,  2.74it/s] 36%|███▌      | 222/616 [01:25<02:23,  2.75it/s] 36%|███▌      | 223/616 [01:26<02:26,  2.68it/s] 36%|███▋      | 224/616 [01:26<02:25,  2.70it/s] 37%|███▋      | 225/616 [01:26<02:21,  2.76it/s] 37%|███▋      | 226/616 [01:27<02:29,  2.60it/s] 37%|███▋      | 227/616 [01:27<02:29,  2.59it/s] 37%|███▋      | 228/616 [01:27<02:31,  2.57it/s] 37%|███▋      | 229/616 [01:28<02:31,  2.55it/s] 37%|███▋      | 230/616 [01:28<02:20,  2.74it/s] 38%|███▊      | 231/616 [01:29<02:17,  2.81it/s] 38%|███▊      | 232/616 [01:29<02:18,  2.77it/s] 38%|███▊      | 233/616 [01:29<02:17,  2.79it/s] 38%|███▊      | 234/616 [01:30<02:16,  2.80it/s] 38%|███▊      | 235/616 [01:30<02:16,  2.79it/s] 38%|███▊      | 236/616 [01:30<02:16,  2.78it/s] 38%|███▊      | 237/616 [01:31<02:17,  2.75it/s] 39%|███▊      | 238/616 [01:31<02:17,  2.75it/s] 39%|███▉      | 239/616 [01:31<02:15,  2.77it/s] 39%|███▉      | 240/616 [01:32<02:14,  2.80it/s] 39%|███▉      | 241/616 [01:32<02:20,  2.66it/s] 39%|███▉      | 242/616 [01:33<02:13,  2.81it/s] 39%|███▉      | 243/616 [01:33<02:09,  2.89it/s] 40%|███▉      | 244/616 [01:33<02:10,  2.84it/s] 40%|███▉      | 245/616 [01:34<02:15,  2.74it/s] 40%|███▉      | 246/616 [01:34<02:13,  2.76it/s] 40%|████      | 247/616 [01:34<02:11,  2.81it/s] 40%|████      | 248/616 [01:35<02:11,  2.80it/s] 40%|████      | 249/616 [01:35<02:12,  2.78it/s] 41%|████      | 250/616 [01:35<02:09,  2.82it/s] 41%|████      | 251/616 [01:36<02:15,  2.70it/s] 41%|████      | 252/616 [01:36<02:15,  2.69it/s] 41%|████      | 253/616 [01:37<02:11,  2.76it/s] 41%|████      | 254/616 [01:37<02:11,  2.75it/s] 41%|████▏     | 255/616 [01:37<02:10,  2.76it/s] 42%|████▏     | 256/616 [01:38<02:14,  2.69it/s] 42%|████▏     | 257/616 [01:38<02:10,  2.75it/s] 42%|████▏     | 258/616 [01:38<02:13,  2.68it/s] 42%|████▏     | 259/616 [01:39<02:11,  2.71it/s] 42%|████▏     | 260/616 [01:39<02:13,  2.67it/s] 42%|████▏     | 261/616 [01:39<02:08,  2.75it/s] 43%|████▎     | 262/616 [01:40<02:09,  2.73it/s] 43%|████▎     | 263/616 [01:40<02:09,  2.72it/s] 43%|████▎     | 264/616 [01:41<02:12,  2.65it/s] 43%|████▎     | 265/616 [01:41<02:07,  2.75it/s] 43%|████▎     | 266/616 [01:41<02:09,  2.70it/s] 43%|████▎     | 267/616 [01:42<02:09,  2.70it/s] 44%|████▎     | 268/616 [01:42<02:09,  2.68it/s] 44%|████▎     | 269/616 [01:42<02:09,  2.68it/s] 44%|████▍     | 270/616 [01:43<02:05,  2.76it/s] 44%|████▍     | 271/616 [01:43<02:05,  2.74it/s] 44%|████▍     | 272/616 [01:44<02:06,  2.71it/s] 44%|████▍     | 273/616 [01:44<02:05,  2.74it/s] 44%|████▍     | 274/616 [01:44<02:06,  2.70it/s] 45%|████▍     | 275/616 [01:45<02:13,  2.55it/s] 45%|████▍     | 276/616 [01:45<02:02,  2.77it/s] 45%|████▍     | 277/616 [01:45<02:03,  2.74it/s] 45%|████▌     | 278/616 [01:46<02:03,  2.73it/s] 45%|████▌     | 279/616 [01:46<01:59,  2.83it/s] 45%|████▌     | 280/616 [01:46<02:01,  2.76it/s] 46%|████▌     | 281/616 [01:47<02:00,  2.79it/s] 46%|████▌     | 282/616 [01:47<02:00,  2.78it/s] 46%|████▌     | 283/616 [01:48<02:00,  2.76it/s] 46%|████▌     | 284/616 [01:48<02:01,  2.73it/s] 46%|████▋     | 285/616 [01:48<02:00,  2.74it/s] 46%|████▋     | 286/616 [01:49<02:01,  2.71it/s] 47%|████▋     | 287/616 [01:49<01:59,  2.76it/s] 47%|████▋     | 288/616 [01:49<01:56,  2.83it/s] 47%|████▋     | 289/616 [01:50<01:57,  2.78it/s] 47%|████▋     | 290/616 [01:50<02:02,  2.65it/s] 47%|████▋     | 291/616 [01:50<01:57,  2.77it/s] 47%|████▋     | 292/616 [01:51<01:55,  2.80it/s] 48%|████▊     | 293/616 [01:51<01:56,  2.78it/s] 48%|████▊     | 294/616 [01:52<01:55,  2.80it/s] 48%|████▊     | 295/616 [01:52<01:55,  2.77it/s] 48%|████▊     | 296/616 [01:52<01:55,  2.78it/s] 48%|████▊     | 297/616 [01:53<01:54,  2.78it/s] 48%|████▊     | 298/616 [01:53<01:56,  2.72it/s] 49%|████▊     | 299/616 [01:53<01:57,  2.71it/s] 49%|████▊     | 300/616 [01:54<01:58,  2.66it/s] 49%|████▉     | 301/616 [01:54<01:54,  2.75it/s] 49%|████▉     | 302/616 [01:54<01:55,  2.71it/s] 49%|████▉     | 303/616 [01:55<01:52,  2.79it/s] 49%|████▉     | 304/616 [01:55<01:50,  2.82it/s] 50%|████▉     | 305/616 [01:56<01:51,  2.78it/s] 50%|████▉     | 306/616 [01:56<01:49,  2.83it/s] 50%|████▉     | 307/616 [01:56<01:49,  2.83it/s] 50%|█████     | 308/616 [01:57<01:50,  2.78it/s] 50%|█████     | 309/616 [01:57<01:50,  2.77it/s] 50%|█████     | 310/616 [01:57<01:50,  2.76it/s] 50%|█████     | 311/616 [01:58<01:44,  2.93it/s] 51%|█████     | 312/616 [01:58<01:46,  2.85it/s] 51%|█████     | 313/616 [01:58<01:47,  2.81it/s] 51%|█████     | 314/616 [01:59<01:52,  2.68it/s] 51%|█████     | 315/616 [01:59<01:47,  2.80it/s] 51%|█████▏    | 316/616 [01:59<01:49,  2.73it/s] 51%|█████▏    | 317/616 [02:00<01:52,  2.66it/s] 52%|█████▏    | 318/616 [02:00<01:52,  2.66it/s] 52%|█████▏    | 319/616 [02:01<01:47,  2.77it/s] 52%|█████▏    | 320/616 [02:01<01:46,  2.77it/s] 52%|█████▏    | 321/616 [02:01<01:47,  2.74it/s] 52%|█████▏    | 322/616 [02:02<01:46,  2.77it/s] 52%|█████▏    | 323/616 [02:02<01:41,  2.89it/s] 53%|█████▎    | 324/616 [02:02<01:43,  2.83it/s] 53%|█████▎    | 325/616 [02:03<01:43,  2.80it/s] 53%|█████▎    | 326/616 [02:03<01:43,  2.81it/s] 53%|█████▎    | 327/616 [02:03<01:43,  2.80it/s] 53%|█████▎    | 328/616 [02:04<01:41,  2.84it/s] 53%|█████▎    | 329/616 [02:04<01:44,  2.75it/s] 54%|█████▎    | 330/616 [02:05<01:44,  2.74it/s] 54%|█████▎    | 331/616 [02:05<01:40,  2.83it/s] 54%|█████▍    | 332/616 [02:05<01:42,  2.76it/s] 54%|█████▍    | 333/616 [02:06<01:42,  2.76it/s] 54%|█████▍    | 334/616 [02:06<01:43,  2.71it/s] 54%|█████▍    | 335/616 [02:06<01:43,  2.72it/s] 55%|█████▍    | 336/616 [02:07<01:44,  2.68it/s] 55%|█████▍    | 337/616 [02:07<01:46,  2.62it/s] 55%|█████▍    | 338/616 [02:07<01:44,  2.67it/s] 55%|█████▌    | 339/616 [02:08<01:57,  2.36it/s] 55%|█████▌    | 340/616 [02:08<01:42,  2.69it/s] 55%|█████▌    | 341/616 [02:09<01:38,  2.80it/s] 56%|█████▌    | 342/616 [02:09<01:40,  2.71it/s] 56%|█████▌    | 343/616 [02:09<01:37,  2.80it/s] 56%|█████▌    | 344/616 [02:10<01:36,  2.82it/s] 56%|█████▌    | 345/616 [02:10<01:37,  2.78it/s] 56%|█████▌    | 346/616 [02:10<01:37,  2.77it/s] 56%|█████▋    | 347/616 [02:11<01:35,  2.81it/s] 56%|█████▋    | 348/616 [02:11<01:32,  2.91it/s] 57%|█████▋    | 349/616 [02:11<01:36,  2.76it/s] 57%|█████▋    | 350/616 [02:12<01:37,  2.72it/s] 57%|█████▋    | 351/616 [02:12<01:35,  2.78it/s] 57%|█████▋    | 352/616 [02:13<01:38,  2.68it/s] 57%|█████▋    | 353/616 [02:13<01:34,  2.78it/s] 57%|█████▋    | 354/616 [02:13<01:36,  2.71it/s] 58%|█████▊    | 355/616 [02:14<01:38,  2.64it/s] 58%|█████▊    | 356/616 [02:14<01:35,  2.73it/s] 58%|█████▊    | 357/616 [02:14<01:34,  2.73it/s] 58%|█████▊    | 358/616 [02:15<01:32,  2.80it/s] 58%|█████▊    | 359/616 [02:15<01:34,  2.72it/s] 58%|█████▊    | 360/616 [02:16<01:34,  2.70it/s] 59%|█████▊    | 361/616 [02:16<01:32,  2.77it/s] 59%|█████▉    | 362/616 [02:16<01:32,  2.75it/s] 59%|█████▉    | 363/616 [02:17<01:33,  2.71it/s] 59%|█████▉    | 364/616 [02:17<01:33,  2.70it/s] 59%|█████▉    | 365/616 [02:17<01:31,  2.75it/s] 59%|█████▉    | 366/616 [02:18<01:29,  2.78it/s] 60%|█████▉    | 367/616 [02:18<01:28,  2.81it/s] 60%|█████▉    | 368/616 [02:18<01:31,  2.71it/s] 60%|█████▉    | 369/616 [02:19<01:29,  2.76it/s] 60%|██████    | 370/616 [02:19<01:29,  2.75it/s] 60%|██████    | 371/616 [02:20<01:31,  2.68it/s] 60%|██████    | 372/616 [02:20<01:29,  2.71it/s] 61%|██████    | 373/616 [02:20<01:28,  2.73it/s] 61%|██████    | 374/616 [02:21<01:27,  2.76it/s] 61%|██████    | 375/616 [02:21<01:26,  2.77it/s] 61%|██████    | 376/616 [02:21<01:26,  2.78it/s] 61%|██████    | 377/616 [02:22<01:25,  2.80it/s] 61%|██████▏   | 378/616 [02:22<01:25,  2.77it/s] 62%|██████▏   | 379/616 [02:22<01:24,  2.80it/s] 62%|██████▏   | 380/616 [02:23<01:22,  2.87it/s] 62%|██████▏   | 381/616 [02:23<01:24,  2.77it/s] 62%|██████▏   | 382/616 [02:23<01:25,  2.72it/s] 62%|██████▏   | 383/616 [02:24<01:23,  2.80it/s] 62%|██████▏   | 384/616 [02:24<01:22,  2.80it/s] 62%|██████▎   | 385/616 [02:25<01:21,  2.82it/s] 63%|██████▎   | 386/616 [02:25<01:20,  2.85it/s] 63%|██████▎   | 387/616 [02:25<01:21,  2.80it/s] 63%|██████▎   | 388/616 [02:26<01:21,  2.79it/s] 63%|██████▎   | 389/616 [02:26<01:22,  2.76it/s] 63%|██████▎   | 390/616 [02:26<01:21,  2.76it/s] 63%|██████▎   | 391/616 [02:27<01:18,  2.86it/s] 64%|██████▎   | 392/616 [02:27<01:21,  2.76it/s] 64%|██████▍   | 393/616 [02:27<01:21,  2.73it/s] 64%|██████▍   | 394/616 [02:28<01:20,  2.77it/s] 64%|██████▍   | 395/616 [02:28<01:18,  2.83it/s] 64%|██████▍   | 396/616 [02:28<01:19,  2.78it/s] 64%|██████▍   | 397/616 [02:29<01:18,  2.79it/s] 65%|██████▍   | 398/616 [02:29<01:17,  2.80it/s] 65%|██████▍   | 399/616 [02:30<01:16,  2.83it/s] 65%|██████▍   | 400/616 [02:30<01:16,  2.81it/s] 65%|██████▌   | 401/616 [02:30<01:16,  2.81it/s] 65%|██████▌   | 402/616 [02:31<01:17,  2.77it/s] 65%|██████▌   | 403/616 [02:31<01:15,  2.82it/s] 66%|██████▌   | 404/616 [02:31<01:15,  2.83it/s] 66%|██████▌   | 405/616 [02:32<01:14,  2.85it/s] 66%|██████▌   | 406/616 [02:32<01:15,  2.76it/s] 66%|██████▌   | 407/616 [02:32<01:14,  2.81it/s] 66%|██████▌   | 408/616 [02:33<01:13,  2.83it/s] 66%|██████▋   | 409/616 [02:33<01:13,  2.80it/s] 67%|██████▋   | 410/616 [02:33<01:15,  2.75it/s] 67%|██████▋   | 411/616 [02:34<01:13,  2.80it/s] 67%|██████▋   | 412/616 [02:34<01:15,  2.72it/s] 67%|██████▋   | 413/616 [02:35<01:11,  2.85it/s] 67%|██████▋   | 414/616 [02:35<01:11,  2.82it/s] 67%|██████▋   | 415/616 [02:35<01:11,  2.81it/s] 68%|██████▊   | 416/616 [02:36<01:13,  2.74it/s] 68%|██████▊   | 417/616 [02:36<01:11,  2.77it/s] 68%|██████▊   | 418/616 [02:36<01:10,  2.81it/s] 68%|██████▊   | 419/616 [02:37<01:09,  2.82it/s] 68%|██████▊   | 420/616 [02:37<01:09,  2.80it/s] 68%|██████▊   | 421/616 [02:37<01:09,  2.82it/s] 69%|██████▊   | 422/616 [02:38<01:10,  2.76it/s] 69%|██████▊   | 423/616 [02:38<01:11,  2.71it/s] 69%|██████▉   | 424/616 [02:39<01:10,  2.71it/s] 69%|██████▉   | 425/616 [02:39<01:09,  2.77it/s] 69%|██████▉   | 426/616 [02:39<01:09,  2.75it/s] 69%|██████▉   | 427/616 [02:40<01:08,  2.74it/s] 69%|██████▉   | 428/616 [02:40<01:09,  2.72it/s] 70%|██████▉   | 429/616 [02:40<01:08,  2.75it/s] 70%|██████▉   | 430/616 [02:41<01:08,  2.73it/s] 70%|██████▉   | 431/616 [02:41<01:07,  2.73it/s] 70%|███████   | 432/616 [02:41<01:08,  2.70it/s] 70%|███████   | 433/616 [02:42<01:06,  2.75it/s] 70%|███████   | 434/616 [02:42<01:05,  2.76it/s] 71%|███████   | 435/616 [02:43<01:06,  2.72it/s] 71%|███████   | 436/616 [02:43<01:06,  2.69it/s] 71%|███████   | 437/616 [02:43<01:06,  2.69it/s] 71%|███████   | 438/616 [02:44<01:06,  2.69it/s] 71%|███████▏  | 439/616 [02:44<01:07,  2.63it/s] 71%|███████▏  | 440/616 [02:44<01:04,  2.73it/s] 72%|███████▏  | 441/616 [02:45<01:04,  2.70it/s] 72%|███████▏  | 442/616 [02:45<01:03,  2.74it/s] 72%|███████▏  | 443/616 [02:46<01:04,  2.70it/s] 72%|███████▏  | 444/616 [02:46<01:01,  2.79it/s] 72%|███████▏  | 445/616 [02:46<01:02,  2.73it/s] 72%|███████▏  | 446/616 [02:47<01:00,  2.80it/s] 73%|███████▎  | 447/616 [02:47<00:59,  2.83it/s] 73%|███████▎  | 448/616 [02:47<00:59,  2.82it/s] 73%|███████▎  | 449/616 [02:48<01:05,  2.53it/s] 73%|███████▎  | 450/616 [02:48<01:00,  2.76it/s] 73%|███████▎  | 451/616 [02:48<00:58,  2.81it/s] 73%|███████▎  | 452/616 [02:49<00:58,  2.80it/s] 74%|███████▎  | 453/616 [02:49<00:58,  2.76it/s] 74%|███████▎  | 454/616 [02:49<00:58,  2.79it/s] 74%|███████▍  | 455/616 [02:50<00:57,  2.78it/s] 74%|███████▍  | 456/616 [02:50<00:56,  2.85it/s] 74%|███████▍  | 457/616 [02:51<00:56,  2.81it/s] 74%|███████▍  | 458/616 [02:51<00:56,  2.78it/s] 75%|███████▍  | 459/616 [02:51<00:56,  2.80it/s] 75%|███████▍  | 460/616 [02:52<00:55,  2.84it/s] 75%|███████▍  | 461/616 [02:52<00:56,  2.76it/s] 75%|███████▌  | 462/616 [02:52<00:55,  2.79it/s] 75%|███████▌  | 463/616 [02:53<00:54,  2.80it/s] 75%|███████▌  | 464/616 [02:53<00:54,  2.77it/s] 75%|███████▌  | 465/616 [02:53<00:54,  2.76it/s] 76%|███████▌  | 466/616 [02:54<00:53,  2.81it/s] 76%|███████▌  | 467/616 [02:54<00:52,  2.85it/s] 76%|███████▌  | 468/616 [02:54<00:53,  2.75it/s] 76%|███████▌  | 469/616 [02:55<00:51,  2.86it/s] 76%|███████▋  | 470/616 [02:55<00:51,  2.82it/s] 76%|███████▋  | 471/616 [02:56<00:51,  2.79it/s] 77%|███████▋  | 472/616 [02:56<00:50,  2.85it/s] 77%|███████▋  | 473/616 [02:56<00:51,  2.76it/s] 77%|███████▋  | 474/616 [02:57<00:50,  2.84it/s] 77%|███████▋  | 475/616 [02:57<00:48,  2.88it/s] 77%|███████▋  | 476/616 [02:57<00:50,  2.79it/s] 77%|███████▋  | 477/616 [02:58<00:49,  2.80it/s] 78%|███████▊  | 478/616 [02:58<00:49,  2.77it/s] 78%|███████▊  | 479/616 [02:58<00:48,  2.82it/s] 78%|███████▊  | 480/616 [02:59<00:47,  2.85it/s] 78%|███████▊  | 481/616 [02:59<00:49,  2.74it/s] 78%|███████▊  | 482/616 [02:59<00:48,  2.78it/s] 78%|███████▊  | 483/616 [03:00<00:46,  2.85it/s] 79%|███████▊  | 484/616 [03:00<00:47,  2.78it/s] 79%|███████▊  | 485/616 [03:01<00:48,  2.72it/s] 79%|███████▉  | 486/616 [03:01<00:46,  2.79it/s] 79%|███████▉  | 487/616 [03:01<00:46,  2.76it/s] 79%|███████▉  | 488/616 [03:02<00:45,  2.84it/s] 79%|███████▉  | 489/616 [03:02<00:46,  2.73it/s] 80%|███████▉  | 490/616 [03:02<00:46,  2.70it/s] 80%|███████▉  | 491/616 [03:03<00:44,  2.80it/s] 80%|███████▉  | 492/616 [03:03<00:43,  2.83it/s] 80%|████████  | 493/616 [03:03<00:44,  2.78it/s] 80%|████████  | 494/616 [03:04<00:44,  2.76it/s] 80%|████████  | 495/616 [03:04<00:43,  2.80it/s] 81%|████████  | 496/616 [03:05<00:42,  2.80it/s] 81%|████████  | 497/616 [03:05<00:41,  2.85it/s] 81%|████████  | 498/616 [03:05<00:42,  2.75it/s] 81%|████████  | 499/616 [03:06<00:41,  2.80it/s] 81%|████████  | 500/616 [03:06<00:41,  2.81it/s] 81%|████████▏ | 501/616 [03:06<00:41,  2.75it/s] 81%|████████▏ | 502/616 [03:07<00:41,  2.74it/s] 82%|████████▏ | 503/616 [03:07<00:39,  2.83it/s] 82%|████████▏ | 504/616 [03:07<00:39,  2.85it/s] 82%|████████▏ | 505/616 [03:08<00:39,  2.81it/s] 82%|████████▏ | 506/616 [03:08<00:40,  2.74it/s] 82%|████████▏ | 507/616 [03:08<00:38,  2.82it/s] 82%|████████▏ | 508/616 [03:09<00:38,  2.82it/s] 83%|████████▎ | 509/616 [03:09<00:38,  2.75it/s] 83%|████████▎ | 510/616 [03:10<00:38,  2.73it/s] 83%|████████▎ | 511/616 [03:10<00:37,  2.80it/s] 83%|████████▎ | 512/616 [03:10<00:37,  2.80it/s] 83%|████████▎ | 513/616 [03:11<00:37,  2.77it/s] 83%|████████▎ | 514/616 [03:11<00:36,  2.78it/s] 84%|████████▎ | 515/616 [03:11<00:36,  2.79it/s] 84%|████████▍ | 516/616 [03:12<00:35,  2.84it/s] 84%|████████▍ | 517/616 [03:12<00:36,  2.74it/s] 84%|████████▍ | 518/616 [03:12<00:35,  2.80it/s] 84%|████████▍ | 519/616 [03:13<00:34,  2.79it/s] 84%|████████▍ | 520/616 [03:13<00:34,  2.81it/s] 85%|████████▍ | 521/616 [03:13<00:34,  2.76it/s] 85%|████████▍ | 522/616 [03:14<00:33,  2.77it/s] 85%|████████▍ | 523/616 [03:14<00:33,  2.78it/s] 85%|████████▌ | 524/616 [03:15<00:32,  2.79it/s] 85%|████████▌ | 525/616 [03:15<00:32,  2.79it/s] 85%|████████▌ | 526/616 [03:15<00:32,  2.74it/s] 86%|████████▌ | 527/616 [03:16<00:31,  2.83it/s] 86%|████████▌ | 528/616 [03:16<00:30,  2.85it/s] 86%|████████▌ | 529/616 [03:16<00:31,  2.76it/s] 86%|████████▌ | 530/616 [03:17<00:31,  2.77it/s] 86%|████████▌ | 531/616 [03:17<00:30,  2.81it/s] 86%|████████▋ | 532/616 [03:17<00:30,  2.80it/s] 87%|████████▋ | 533/616 [03:18<00:30,  2.70it/s] 87%|████████▋ | 534/616 [03:18<00:29,  2.76it/s] 87%|████████▋ | 535/616 [03:19<00:29,  2.75it/s] 87%|████████▋ | 536/616 [03:19<00:28,  2.80it/s] 87%|████████▋ | 537/616 [03:19<00:28,  2.80it/s] 87%|████████▋ | 538/616 [03:20<00:29,  2.63it/s] 88%|████████▊ | 539/616 [03:20<00:27,  2.79it/s] 88%|████████▊ | 540/616 [03:20<00:28,  2.62it/s] 88%|████████▊ | 541/616 [03:21<00:26,  2.82it/s] 88%|████████▊ | 542/616 [03:21<00:26,  2.81it/s] 88%|████████▊ | 543/616 [03:21<00:25,  2.82it/s] 88%|████████▊ | 544/616 [03:22<00:26,  2.76it/s] 88%|████████▊ | 545/616 [03:22<00:25,  2.80it/s] 89%|████████▊ | 546/616 [03:23<00:25,  2.69it/s] 89%|████████▉ | 547/616 [03:23<00:24,  2.79it/s] 89%|████████▉ | 548/616 [03:23<00:24,  2.81it/s] 89%|████████▉ | 549/616 [03:24<00:23,  2.80it/s] 89%|████████▉ | 550/616 [03:24<00:23,  2.80it/s] 89%|████████▉ | 551/616 [03:24<00:23,  2.80it/s] 90%|████████▉ | 552/616 [03:25<00:22,  2.80it/s] 90%|████████▉ | 553/616 [03:25<00:22,  2.79it/s] 90%|████████▉ | 554/616 [03:25<00:23,  2.64it/s] 90%|█████████ | 555/616 [03:26<00:21,  2.81it/s] 90%|█████████ | 556/616 [03:26<00:21,  2.82it/s] 90%|█████████ | 557/616 [03:26<00:20,  2.81it/s] 91%|█████████ | 558/616 [03:27<00:20,  2.79it/s] 91%|█████████ | 559/616 [03:27<00:20,  2.81it/s] 91%|█████████ | 560/616 [03:28<00:19,  2.83it/s] 91%|█████████ | 561/616 [03:28<00:19,  2.83it/s] 91%|█████████ | 562/616 [03:28<00:19,  2.76it/s] 91%|█████████▏| 563/616 [03:29<00:19,  2.79it/s] 92%|█████████▏| 564/616 [03:29<00:18,  2.83it/s] 92%|█████████▏| 565/616 [03:29<00:18,  2.76it/s] 92%|█████████▏| 566/616 [03:30<00:18,  2.75it/s] 92%|█████████▏| 567/616 [03:30<00:17,  2.86it/s] 92%|█████████▏| 568/616 [03:30<00:17,  2.77it/s] 92%|█████████▏| 569/616 [03:31<00:17,  2.75it/s] 93%|█████████▎| 570/616 [03:31<00:18,  2.43it/s] 93%|█████████▎| 571/616 [03:32<00:16,  2.69it/s] 93%|█████████▎| 572/616 [03:32<00:15,  2.79it/s] 93%|█████████▎| 573/616 [03:32<00:15,  2.76it/s] 93%|█████████▎| 574/616 [03:33<00:15,  2.77it/s] 93%|█████████▎| 575/616 [03:33<00:14,  2.83it/s] 94%|█████████▎| 576/616 [03:33<00:14,  2.74it/s] 94%|█████████▎| 577/616 [03:34<00:13,  2.91it/s] 94%|█████████▍| 578/616 [03:34<00:13,  2.82it/s] 94%|█████████▍| 579/616 [03:34<00:13,  2.83it/s] 94%|█████████▍| 580/616 [03:35<00:12,  2.83it/s] 94%|█████████▍| 581/616 [03:35<00:12,  2.78it/s] 94%|█████████▍| 582/616 [03:35<00:12,  2.77it/s] 95%|█████████▍| 583/616 [03:36<00:11,  2.83it/s] 95%|█████████▍| 584/616 [03:36<00:11,  2.83it/s] 95%|█████████▍| 585/616 [03:37<00:11,  2.77it/s] 95%|█████████▌| 586/616 [03:37<00:10,  2.75it/s] 95%|█████████▌| 587/616 [03:37<00:10,  2.80it/s] 95%|█████████▌| 588/616 [03:38<00:10,  2.78it/s] 96%|█████████▌| 589/616 [03:38<00:09,  2.80it/s] 96%|█████████▌| 590/616 [03:38<00:09,  2.69it/s] 96%|█████████▌| 591/616 [03:39<00:09,  2.71it/s] 96%|█████████▌| 592/616 [03:39<00:08,  2.72it/s] 96%|█████████▋| 593/616 [03:39<00:08,  2.69it/s] 96%|█████████▋| 594/616 [03:40<00:08,  2.72it/s] 97%|█████████▋| 595/616 [03:40<00:07,  2.74it/s] 97%|█████████▋| 596/616 [03:41<00:07,  2.72it/s] 97%|█████████▋| 597/616 [03:41<00:06,  2.73it/s] 97%|█████████▋| 598/616 [03:41<00:06,  2.72it/s] 97%|█████████▋| 599/616 [03:42<00:06,  2.78it/s] 97%|█████████▋| 600/616 [03:42<00:05,  2.76it/s] 98%|█████████▊| 601/616 [03:42<00:05,  2.78it/s] 98%|█████████▊| 602/616 [03:43<00:05,  2.63it/s] 98%|█████████▊| 603/616 [03:43<00:04,  2.79it/s] 98%|█████████▊| 604/616 [03:43<00:04,  2.77it/s] 98%|█████████▊| 605/616 [03:44<00:04,  2.71it/s] 98%|█████████▊| 606/616 [03:44<00:03,  2.70it/s] 99%|█████████▊| 607/616 [03:45<00:03,  2.79it/s] 99%|█████████▊| 608/616 [03:45<00:02,  2.77it/s] 99%|█████████▉| 609/616 [03:45<00:02,  2.83it/s] 99%|█████████▉| 610/616 [03:46<00:02,  2.78it/s] 99%|█████████▉| 611/616 [03:46<00:01,  2.75it/s] 99%|█████████▉| 612/616 [03:46<00:01,  2.79it/s]100%|█████████▉| 613/616 [03:47<00:01,  2.80it/s]100%|█████████▉| 614/616 [03:47<00:00,  2.73it/s]100%|█████████▉| 615/616 [03:47<00:00,  2.84it/s]100%|██████████| 616/616 [03:48<00:00,  2.89it/s]100%|██████████| 616/616 [03:48<00:00,  2.70it/s][2022-09-16 13:17:37,090][__main__][INFO] - Train Instance Accuracy: 0.296571
[2022-09-16 13:17:37,091][__main__][INFO] - loss: 4.598585

  0%|          | 0/155 [00:00<?, ?it/s]  1%|          | 1/155 [00:01<04:49,  1.88s/it]  1%|▏         | 2/155 [00:02<02:16,  1.12it/s]  2%|▏         | 3/155 [00:02<01:30,  1.69it/s]  3%|▎         | 4/155 [00:02<01:07,  2.24it/s]  3%|▎         | 5/155 [00:03<01:15,  2.00it/s]  4%|▍         | 6/155 [00:03<00:59,  2.50it/s]  5%|▍         | 7/155 [00:03<00:50,  2.93it/s]  5%|▌         | 8/155 [00:03<00:43,  3.36it/s]  6%|▌         | 9/155 [00:04<00:58,  2.51it/s]  6%|▋         | 10/155 [00:04<00:49,  2.96it/s]  7%|▋         | 11/155 [00:04<00:42,  3.40it/s]  8%|▊         | 12/155 [00:05<00:39,  3.66it/s]  8%|▊         | 13/155 [00:06<01:15,  1.87it/s]  9%|▉         | 14/155 [00:06<01:01,  2.30it/s] 10%|▉         | 15/155 [00:06<00:51,  2.71it/s] 10%|█         | 16/155 [00:06<00:44,  3.10it/s] 11%|█         | 17/155 [00:07<01:08,  2.02it/s] 12%|█▏        | 18/155 [00:07<00:55,  2.45it/s] 12%|█▏        | 19/155 [00:08<00:47,  2.86it/s] 13%|█▎        | 20/155 [00:08<00:41,  3.22it/s] 14%|█▎        | 21/155 [00:09<01:01,  2.19it/s] 14%|█▍        | 22/155 [00:09<00:50,  2.63it/s] 15%|█▍        | 23/155 [00:09<00:43,  3.06it/s] 15%|█▌        | 24/155 [00:09<00:37,  3.47it/s] 16%|█▌        | 25/155 [00:10<00:38,  3.38it/s] 17%|█▋        | 26/155 [00:10<00:44,  2.89it/s] 17%|█▋        | 27/155 [00:10<00:39,  3.24it/s] 18%|█▊        | 28/155 [00:10<00:37,  3.36it/s] 19%|█▊        | 29/155 [00:11<00:39,  3.21it/s] 19%|█▉        | 30/155 [00:11<00:41,  2.98it/s] 20%|██        | 31/155 [00:11<00:37,  3.35it/s] 21%|██        | 32/155 [00:12<00:35,  3.48it/s] 21%|██▏       | 33/155 [00:12<00:32,  3.73it/s] 22%|██▏       | 34/155 [00:12<00:42,  2.88it/s] 23%|██▎       | 35/155 [00:13<00:37,  3.24it/s] 23%|██▎       | 36/155 [00:13<00:35,  3.36it/s] 24%|██▍       | 37/155 [00:13<00:32,  3.63it/s] 25%|██▍       | 38/155 [00:14<00:35,  3.34it/s] 25%|██▌       | 39/155 [00:14<00:31,  3.63it/s] 26%|██▌       | 40/155 [00:14<00:36,  3.16it/s] 26%|██▋       | 41/155 [00:14<00:32,  3.50it/s] 27%|██▋       | 42/155 [00:15<00:37,  2.99it/s] 28%|██▊       | 43/155 [00:15<00:34,  3.24it/s] 28%|██▊       | 44/155 [00:15<00:36,  3.05it/s] 29%|██▉       | 45/155 [00:16<00:33,  3.33it/s] 30%|██▉       | 46/155 [00:16<00:38,  2.86it/s] 30%|███       | 47/155 [00:16<00:33,  3.24it/s] 31%|███       | 48/155 [00:17<00:36,  2.95it/s] 32%|███▏      | 49/155 [00:17<00:31,  3.37it/s] 32%|███▏      | 50/155 [00:17<00:33,  3.12it/s] 33%|███▎      | 51/155 [00:18<00:29,  3.50it/s] 34%|███▎      | 52/155 [00:18<00:29,  3.46it/s] 34%|███▍      | 53/155 [00:18<00:27,  3.68it/s] 35%|███▍      | 54/155 [00:19<00:33,  3.05it/s] 35%|███▌      | 55/155 [00:19<00:29,  3.42it/s] 36%|███▌      | 56/155 [00:19<00:30,  3.27it/s] 37%|███▋      | 57/155 [00:19<00:26,  3.65it/s] 37%|███▋      | 58/155 [00:20<00:29,  3.25it/s] 38%|███▊      | 59/155 [00:20<00:26,  3.57it/s] 39%|███▊      | 60/155 [00:20<00:28,  3.31it/s] 39%|███▉      | 61/155 [00:20<00:25,  3.66it/s] 40%|████      | 62/155 [00:21<00:24,  3.84it/s] 41%|████      | 63/155 [00:21<00:22,  4.06it/s] 41%|████▏     | 64/155 [00:21<00:27,  3.34it/s] 42%|████▏     | 65/155 [00:22<00:25,  3.50it/s] 43%|████▎     | 66/155 [00:22<00:24,  3.67it/s] 43%|████▎     | 67/155 [00:22<00:26,  3.36it/s] 44%|████▍     | 68/155 [00:23<00:28,  3.09it/s] 45%|████▍     | 69/155 [00:23<00:25,  3.44it/s] 45%|████▌     | 70/155 [00:23<00:23,  3.61it/s] 46%|████▌     | 71/155 [00:23<00:21,  3.86it/s] 46%|████▋     | 72/155 [00:24<00:26,  3.18it/s] 47%|████▋     | 73/155 [00:24<00:23,  3.52it/s] 48%|████▊     | 74/155 [00:24<00:31,  2.60it/s] 48%|████▊     | 75/155 [00:25<00:26,  3.01it/s] 49%|████▉     | 76/155 [00:25<00:26,  3.03it/s] 50%|████▉     | 77/155 [00:25<00:22,  3.42it/s] 50%|█████     | 78/155 [00:26<00:25,  2.97it/s] 51%|█████     | 79/155 [00:26<00:22,  3.33it/s] 52%|█████▏    | 80/155 [00:26<00:25,  2.94it/s] 52%|█████▏    | 81/155 [00:27<00:22,  3.31it/s] 53%|█████▎    | 82/155 [00:27<00:20,  3.48it/s] 54%|█████▎    | 83/155 [00:27<00:19,  3.76it/s] 54%|█████▍    | 84/155 [00:27<00:22,  3.19it/s] 55%|█████▍    | 85/155 [00:28<00:19,  3.53it/s] 55%|█████▌    | 86/155 [00:28<00:22,  3.11it/s] 56%|█████▌    | 87/155 [00:28<00:19,  3.51it/s] 57%|█████▋    | 88/155 [00:29<00:19,  3.42it/s] 57%|█████▋    | 89/155 [00:29<00:17,  3.70it/s] 58%|█████▊    | 90/155 [00:29<00:18,  3.49it/s] 59%|█████▊    | 91/155 [00:29<00:16,  3.77it/s] 59%|█████▉    | 92/155 [00:30<00:18,  3.36it/s] 60%|██████    | 93/155 [00:30<00:16,  3.66it/s] 61%|██████    | 94/155 [00:30<00:19,  3.09it/s] 61%|██████▏   | 95/155 [00:31<00:17,  3.44it/s] 62%|██████▏   | 96/155 [00:31<00:17,  3.30it/s] 63%|██████▎   | 97/155 [00:31<00:16,  3.60it/s] 63%|██████▎   | 98/155 [00:32<00:17,  3.18it/s] 64%|██████▍   | 99/155 [00:32<00:15,  3.51it/s] 65%|██████▍   | 100/155 [00:32<00:18,  2.96it/s] 65%|██████▌   | 101/155 [00:32<00:16,  3.35it/s] 66%|██████▌   | 102/155 [00:33<00:17,  3.07it/s] 66%|██████▋   | 103/155 [00:33<00:14,  3.47it/s] 67%|██████▋   | 104/155 [00:33<00:16,  3.11it/s] 68%|██████▊   | 105/155 [00:34<00:14,  3.48it/s] 68%|██████▊   | 106/155 [00:34<00:15,  3.19it/s] 69%|██████▉   | 107/155 [00:34<00:13,  3.55it/s] 70%|██████▉   | 108/155 [00:34<00:13,  3.57it/s] 70%|███████   | 109/155 [00:35<00:12,  3.68it/s] 71%|███████   | 110/155 [00:35<00:14,  3.07it/s] 72%|███████▏  | 111/155 [00:35<00:12,  3.43it/s] 72%|███████▏  | 112/155 [00:36<00:13,  3.27it/s] 73%|███████▎  | 113/155 [00:36<00:11,  3.61it/s] 74%|███████▎  | 114/155 [00:36<00:11,  3.64it/s] 74%|███████▍  | 115/155 [00:37<00:11,  3.44it/s] 75%|███████▍  | 116/155 [00:37<00:12,  3.13it/s] 75%|███████▌  | 117/155 [00:37<00:10,  3.45it/s] 76%|███████▌  | 118/155 [00:37<00:10,  3.46it/s] 77%|███████▋  | 119/155 [00:38<00:10,  3.52it/s] 77%|███████▋  | 120/155 [00:38<00:10,  3.32it/s] 78%|███████▊  | 121/155 [00:38<00:09,  3.43it/s] 79%|███████▊  | 122/155 [00:39<00:09,  3.62it/s] 79%|███████▉  | 123/155 [00:39<00:08,  3.81it/s] 80%|████████  | 124/155 [00:39<00:10,  3.07it/s] 81%|████████  | 125/155 [00:39<00:08,  3.42it/s] 81%|████████▏ | 126/155 [00:40<00:08,  3.45it/s] 82%|████████▏ | 127/155 [00:40<00:07,  3.74it/s] 83%|████████▎ | 128/155 [00:40<00:08,  3.11it/s] 83%|████████▎ | 129/155 [00:41<00:07,  3.45it/s] 84%|████████▍ | 130/155 [00:41<00:07,  3.41it/s] 85%|████████▍ | 131/155 [00:41<00:06,  3.69it/s] 85%|████████▌ | 132/155 [00:42<00:07,  3.04it/s] 86%|████████▌ | 133/155 [00:42<00:06,  3.38it/s] 86%|████████▋ | 134/155 [00:42<00:06,  3.48it/s] 87%|████████▋ | 135/155 [00:42<00:05,  3.75it/s] 88%|████████▊ | 136/155 [00:43<00:05,  3.19it/s] 88%|████████▊ | 137/155 [00:43<00:05,  3.53it/s] 89%|████████▉ | 138/155 [00:43<00:05,  3.12it/s] 90%|████████▉ | 139/155 [00:44<00:04,  3.52it/s] 90%|█████████ | 140/155 [00:44<00:04,  3.14it/s] 91%|█████████ | 141/155 [00:44<00:04,  3.48it/s] 92%|█████████▏| 142/155 [00:45<00:04,  3.12it/s] 92%|█████████▏| 143/155 [00:45<00:03,  3.45it/s] 93%|█████████▎| 144/155 [00:45<00:03,  2.81it/s] 94%|█████████▎| 145/155 [00:45<00:03,  3.22it/s] 94%|█████████▍| 146/155 [00:46<00:02,  3.48it/s] 95%|█████████▍| 147/155 [00:46<00:02,  3.81it/s] 95%|█████████▌| 148/155 [00:46<00:02,  2.87it/s] 96%|█████████▌| 149/155 [00:47<00:01,  3.27it/s] 97%|█████████▋| 150/155 [00:47<00:01,  3.52it/s] 97%|█████████▋| 151/155 [00:47<00:01,  3.82it/s] 98%|█████████▊| 152/155 [00:47<00:00,  4.06it/s] 99%|█████████▊| 153/155 [00:48<00:00,  4.24it/s] 99%|█████████▉| 154/155 [00:48<00:00,  4.38it/s]100%|██████████| 155/155 [00:48<00:00,  4.98it/s]100%|██████████| 155/155 [00:48<00:00,  3.20it/s][2022-09-16 13:18:25,813][__main__][INFO] - Test Instance Accuracy: 0.391129, Class Accuracy: 0.268625
[2022-09-16 13:18:25,814][__main__][INFO] - Best Instance Accuracy: 0.391129, Class Accuracy: 0.268625
[2022-09-16 13:18:25,814][tensorboardX.summary][INFO] - Summary name Test Acc is illegal; using Test_Acc instead.
[2022-09-16 13:18:25,815][__main__][INFO] - Save model...
[2022-09-16 13:18:25,816][__main__][INFO] - Saving at best_model.pth
[2022-09-16 13:18:25,906][__main__][INFO] - Epoch 2 (2/200):

  0%|          | 0/616 [00:00<?, ?it/s]  0%|          | 1/616 [00:02<25:14,  2.46s/it]  0%|          | 2/616 [00:02<06:12,  1.65it/s]  0%|          | 3/616 [00:03<03:56,  2.59it/s]  1%|          | 4/616 [00:03<03:47,  2.69it/s]  1%|          | 5/616 [00:04<07:03,  1.44it/s]  1%|          | 6/616 [00:04<04:04,  2.50it/s]  1%|          | 7/616 [00:05<03:42,  2.73it/s]  1%|▏         | 8/616 [00:05<03:45,  2.70it/s]  1%|▏         | 9/616 [00:05<03:42,  2.73it/s]  2%|▏         | 10/616 [00:06<03:36,  2.79it/s]  2%|▏         | 11/616 [00:06<03:40,  2.75it/s]  2%|▏         | 12/616 [00:06<03:40,  2.74it/s]  2%|▏         | 13/616 [00:07<03:41,  2.72it/s]  2%|▏         | 14/616 [00:07<03:37,  2.77it/s]  2%|▏         | 15/616 [00:07<03:38,  2.76it/s]  3%|▎         | 16/616 [00:08<03:39,  2.73it/s]  3%|▎         | 17/616 [00:08<03:42,  2.69it/s]  3%|▎         | 18/616 [00:09<03:34,  2.78it/s]  3%|▎         | 19/616 [00:09<03:39,  2.73it/s]  3%|▎         | 20/616 [00:09<03:37,  2.74it/s]  3%|▎         | 21/616 [00:10<03:38,  2.72it/s]  4%|▎         | 22/616 [00:10<03:39,  2.71it/s]  4%|▎         | 23/616 [00:10<03:39,  2.71it/s]  4%|▍         | 24/616 [00:11<03:37,  2.72it/s]  4%|▍         | 25/616 [00:11<03:37,  2.72it/s]  4%|▍         | 26/616 [00:12<03:34,  2.75it/s]  4%|▍         | 27/616 [00:12<03:37,  2.71it/s]  5%|▍         | 28/616 [00:12<03:33,  2.76it/s]  5%|▍         | 29/616 [00:13<03:33,  2.74it/s]  5%|▍         | 30/616 [00:13<03:33,  2.75it/s]  5%|▌         | 31/616 [00:13<03:37,  2.69it/s]  5%|▌         | 32/616 [00:14<03:30,  2.77it/s]  5%|▌         | 33/616 [00:14<03:34,  2.72it/s]  6%|▌         | 34/616 [00:14<03:33,  2.73it/s]  6%|▌         | 35/616 [00:15<03:33,  2.72it/s]  6%|▌         | 36/616 [00:15<03:39,  2.64it/s]  6%|▌         | 37/616 [00:16<03:34,  2.70it/s]  6%|▌         | 38/616 [00:16<03:30,  2.75it/s]  6%|▋         | 39/616 [00:16<03:31,  2.73it/s]  6%|▋         | 40/616 [00:17<03:32,  2.71it/s]  7%|▋         | 41/616 [00:17<03:28,  2.76it/s]  7%|▋         | 42/616 [00:17<03:29,  2.74it/s]  7%|▋         | 43/616 [00:18<03:31,  2.72it/s]  7%|▋         | 44/616 [00:18<03:30,  2.71it/s]  7%|▋         | 45/616 [00:18<03:25,  2.78it/s]  7%|▋         | 46/616 [00:19<03:29,  2.73it/s]  8%|▊         | 47/616 [00:19<03:26,  2.76it/s]  8%|▊         | 48/616 [00:20<03:26,  2.76it/s]  8%|▊         | 49/616 [00:20<03:27,  2.73it/s]  8%|▊         | 50/616 [00:20<03:28,  2.71it/s]  8%|▊         | 51/616 [00:21<03:25,  2.75it/s]  8%|▊         | 52/616 [00:21<03:29,  2.69it/s]  9%|▊         | 53/616 [00:21<03:27,  2.72it/s]  9%|▉         | 54/616 [00:22<03:28,  2.70it/s]  9%|▉         | 55/616 [00:22<03:27,  2.70it/s]  9%|▉         | 56/616 [00:23<03:20,  2.79it/s]  9%|▉         | 57/616 [00:23<03:26,  2.71it/s]  9%|▉         | 58/616 [00:23<03:19,  2.79it/s] 10%|▉         | 59/616 [00:24<03:20,  2.78it/s] 10%|▉         | 60/616 [00:24<03:24,  2.72it/s] 10%|▉         | 61/616 [00:24<03:26,  2.68it/s] 10%|█         | 62/616 [00:25<03:18,  2.80it/s] 10%|█         | 63/616 [00:25<03:21,  2.75it/s] 10%|█         | 64/616 [00:25<03:24,  2.70it/s] 11%|█         | 65/616 [00:26<03:27,  2.66it/s] 11%|█         | 66/616 [00:26<03:20,  2.75it/s] 11%|█         | 67/616 [00:27<03:16,  2.80it/s] 11%|█         | 68/616 [00:27<03:17,  2.78it/s] 11%|█         | 69/616 [00:27<03:21,  2.71it/s] 11%|█▏        | 70/616 [00:28<03:23,  2.68it/s] 12%|█▏        | 71/616 [00:28<03:19,  2.74it/s] 12%|█▏        | 72/616 [00:28<03:21,  2.69it/s] 12%|█▏        | 73/616 [00:29<03:19,  2.72it/s] 12%|█▏        | 74/616 [00:29<03:20,  2.71it/s] 12%|█▏        | 75/616 [00:29<03:14,  2.78it/s] 12%|█▏        | 76/616 [00:30<03:12,  2.81it/s] 12%|█▎        | 77/616 [00:30<03:21,  2.68it/s] 13%|█▎        | 78/616 [00:31<03:12,  2.79it/s] 13%|█▎        | 79/616 [00:31<03:10,  2.82it/s] 13%|█▎        | 80/616 [00:31<03:15,  2.75it/s] 13%|█▎        | 81/616 [00:32<03:16,  2.72it/s] 13%|█▎        | 82/616 [00:32<03:12,  2.78it/s] 13%|█▎        | 83/616 [00:32<03:15,  2.72it/s] 14%|█▎        | 84/616 [00:33<03:11,  2.78it/s] 14%|█▍        | 85/616 [00:33<03:20,  2.65it/s] 14%|█▍        | 86/616 [00:33<03:17,  2.69it/s] 14%|█▍        | 87/616 [00:34<03:11,  2.76it/s] 14%|█▍        | 88/616 [00:34<03:12,  2.75it/s] 14%|█▍        | 89/616 [00:35<03:14,  2.71it/s] 15%|█▍        | 90/616 [00:35<03:11,  2.74it/s] 15%|█▍        | 91/616 [00:35<03:13,  2.71it/s] 15%|█▍        | 92/616 [00:36<03:10,  2.75it/s] 15%|█▌        | 93/616 [00:36<03:10,  2.74it/s] 15%|█▌        | 94/616 [00:36<03:16,  2.65it/s] 15%|█▌        | 95/616 [00:37<03:08,  2.77it/s] 16%|█▌        | 96/616 [00:37<03:14,  2.67it/s] 16%|█▌        | 97/616 [00:38<03:10,  2.73it/s] 16%|█▌        | 98/616 [00:38<03:07,  2.76it/s] 16%|█▌        | 99/616 [00:38<03:11,  2.70it/s] 16%|█▌        | 100/616 [00:39<03:09,  2.72it/s] 16%|█▋        | 101/616 [00:39<03:09,  2.72it/s] 17%|█▋        | 102/616 [00:39<03:09,  2.71it/s] 17%|█▋        | 103/616 [00:40<03:07,  2.74it/s] 17%|█▋        | 104/616 [00:40<03:06,  2.75it/s] 17%|█▋        | 105/616 [00:40<03:05,  2.76it/s] 17%|█▋        | 106/616 [00:41<03:07,  2.72it/s] 17%|█▋        | 107/616 [00:41<03:06,  2.73it/s] 18%|█▊        | 108/616 [00:42<03:02,  2.78it/s] 18%|█▊        | 109/616 [00:42<03:05,  2.73it/s] 18%|█▊        | 110/616 [00:42<03:04,  2.74it/s] 18%|█▊        | 111/616 [00:43<03:03,  2.75it/s] 18%|█▊        | 112/616 [00:43<03:02,  2.76it/s] 18%|█▊        | 113/616 [00:43<03:02,  2.76it/s] 19%|█▊        | 114/616 [00:44<03:01,  2.76it/s] 19%|█▊        | 115/616 [00:44<03:05,  2.70it/s] 19%|█▉        | 116/616 [00:44<03:03,  2.73it/s] 19%|█▉        | 117/616 [00:45<03:04,  2.71it/s] 19%|█▉        | 118/616 [00:45<03:02,  2.72it/s] 19%|█▉        | 119/616 [00:46<02:59,  2.77it/s] 19%|█▉        | 120/616 [00:46<03:00,  2.74it/s] 20%|█▉        | 121/616 [00:46<03:03,  2.70it/s] 20%|█▉        | 122/616 [00:47<03:00,  2.73it/s] 20%|█▉        | 123/616 [00:47<03:00,  2.74it/s] 20%|██        | 124/616 [00:47<02:59,  2.74it/s] 20%|██        | 125/616 [00:48<02:57,  2.76it/s] 20%|██        | 126/616 [00:48<03:02,  2.69it/s] 21%|██        | 127/616 [00:48<03:02,  2.68it/s] 21%|██        | 128/616 [00:49<02:56,  2.76it/s] 21%|██        | 129/616 [00:49<03:00,  2.70it/s] 21%|██        | 130/616 [00:50<02:57,  2.74it/s] 21%|██▏       | 131/616 [00:50<02:55,  2.77it/s] 21%|██▏       | 132/616 [00:50<02:57,  2.73it/s] 22%|██▏       | 133/616 [00:51<02:54,  2.76it/s] 22%|██▏       | 134/616 [00:51<03:01,  2.66it/s] 22%|██▏       | 135/616 [00:51<02:55,  2.75it/s] 22%|██▏       | 136/616 [00:52<02:53,  2.77it/s] 22%|██▏       | 137/616 [00:52<02:53,  2.76it/s] 22%|██▏       | 138/616 [00:53<02:53,  2.76it/s] 23%|██▎       | 139/616 [00:53<02:56,  2.71it/s] 23%|██▎       | 140/616 [00:53<02:50,  2.79it/s] 23%|██▎       | 141/616 [00:54<02:54,  2.72it/s] 23%|██▎       | 142/616 [00:54<02:53,  2.73it/s] 23%|██▎       | 143/616 [00:54<02:52,  2.74it/s] 23%|██▎       | 144/616 [00:55<02:50,  2.76it/s] 24%|██▎       | 145/616 [00:55<02:51,  2.74it/s] 24%|██▎       | 146/616 [00:55<02:53,  2.70it/s] 24%|██▍       | 147/616 [00:56<02:50,  2.75it/s] 24%|██▍       | 148/616 [00:56<02:49,  2.76it/s] 24%|██▍       | 149/616 [00:57<02:48,  2.78it/s] 24%|██▍       | 150/616 [00:57<02:48,  2.76it/s] 25%|██▍       | 151/616 [00:57<02:48,  2.76it/s] 25%|██▍       | 152/616 [00:58<02:47,  2.76it/s] 25%|██▍       | 153/616 [00:58<02:47,  2.76it/s] 25%|██▌       | 154/616 [00:58<02:48,  2.75it/s] 25%|██▌       | 155/616 [00:59<02:46,  2.76it/s] 25%|██▌       | 156/616 [00:59<02:47,  2.74it/s] 25%|██▌       | 157/616 [00:59<02:44,  2.79it/s] 26%|██▌       | 158/616 [01:00<02:47,  2.73it/s] 26%|██▌       | 159/616 [01:00<02:44,  2.78it/s] 26%|██▌       | 160/616 [01:01<02:44,  2.77it/s] 26%|██▌       | 161/616 [01:01<02:42,  2.80it/s] 26%|██▋       | 162/616 [01:01<02:43,  2.77it/s] 26%|██▋       | 163/616 [01:02<02:43,  2.78it/s] 27%|██▋       | 164/616 [01:02<02:44,  2.74it/s] 27%|██▋       | 165/616 [01:02<02:42,  2.78it/s] 27%|██▋       | 166/616 [01:03<02:44,  2.74it/s] 27%|██▋       | 167/616 [01:03<02:40,  2.80it/s] 27%|██▋       | 168/616 [01:03<02:41,  2.77it/s] 27%|██▋       | 169/616 [01:04<02:39,  2.80it/s] 28%|██▊       | 170/616 [01:04<02:42,  2.74it/s] 28%|██▊       | 171/616 [01:04<02:41,  2.75it/s] 28%|██▊       | 172/616 [01:05<02:42,  2.74it/s] 28%|██▊       | 173/616 [01:05<02:45,  2.67it/s] 28%|██▊       | 174/616 [01:06<02:38,  2.79it/s] 28%|██▊       | 175/616 [01:06<02:39,  2.76it/s] 29%|██▊       | 176/616 [01:06<02:58,  2.47it/s] 29%|██▊       | 177/616 [01:07<02:39,  2.75it/s] 29%|██▉       | 178/616 [01:07<02:38,  2.77it/s] 29%|██▉       | 179/616 [01:07<02:41,  2.71it/s] 29%|██▉       | 180/616 [01:08<02:38,  2.75it/s] 29%|██▉       | 181/616 [01:08<02:37,  2.75it/s] 30%|██▉       | 182/616 [01:09<02:38,  2.74it/s] 30%|██▉       | 183/616 [01:09<02:42,  2.66it/s] 30%|██▉       | 184/616 [01:09<02:35,  2.78it/s] 30%|███       | 185/616 [01:10<02:35,  2.77it/s] 30%|███       | 186/616 [01:10<02:36,  2.75it/s] 30%|███       | 187/616 [01:10<02:34,  2.78it/s] 31%|███       | 188/616 [01:11<02:36,  2.73it/s] 31%|███       | 189/616 [01:11<02:36,  2.73it/s] 31%|███       | 190/616 [01:11<02:33,  2.77it/s] 31%|███       | 191/616 [01:12<02:34,  2.75it/s] 31%|███       | 192/616 [01:12<02:34,  2.75it/s] 31%|███▏      | 193/616 [01:13<02:32,  2.77it/s] 31%|███▏      | 194/616 [01:13<02:35,  2.71it/s] 32%|███▏      | 195/616 [01:13<02:32,  2.75it/s] 32%|███▏      | 196/616 [01:14<02:34,  2.72it/s] 32%|███▏      | 197/616 [01:14<02:33,  2.72it/s] 32%|███▏      | 198/616 [01:14<02:30,  2.78it/s] 32%|███▏      | 199/616 [01:15<02:29,  2.79it/s] 32%|███▏      | 200/616 [01:15<02:31,  2.75it/s] 33%|███▎      | 201/616 [01:15<02:30,  2.75it/s] 33%|███▎      | 202/616 [01:16<02:29,  2.77it/s] 33%|███▎      | 203/616 [01:16<02:30,  2.75it/s] 33%|███▎      | 204/616 [01:17<02:32,  2.70it/s] 33%|███▎      | 205/616 [01:17<02:29,  2.74it/s] 33%|███▎      | 206/616 [01:17<02:27,  2.77it/s] 34%|███▎      | 207/616 [01:18<02:28,  2.75it/s] 34%|███▍      | 208/616 [01:18<02:27,  2.76it/s] 34%|███▍      | 209/616 [01:18<02:28,  2.73it/s] 34%|███▍      | 210/616 [01:19<02:28,  2.74it/s] 34%|███▍      | 211/616 [01:19<02:25,  2.78it/s] 34%|███▍      | 212/616 [01:19<02:28,  2.73it/s] 35%|███▍      | 213/616 [01:20<02:26,  2.75it/s] 35%|███▍      | 214/616 [01:20<02:24,  2.77it/s] 35%|███▍      | 215/616 [01:21<02:23,  2.80it/s] 35%|███▌      | 216/616 [01:21<02:23,  2.78it/s] 35%|███▌      | 217/616 [01:21<02:25,  2.74it/s] 35%|███▌      | 218/616 [01:22<02:26,  2.72it/s] 36%|███▌      | 219/616 [01:22<02:24,  2.75it/s] 36%|███▌      | 220/616 [01:22<02:26,  2.70it/s] 36%|███▌      | 221/616 [01:23<02:21,  2.79it/s] 36%|███▌      | 222/616 [01:23<02:23,  2.75it/s] 36%|███▌      | 223/616 [01:23<02:18,  2.84it/s] 36%|███▋      | 224/616 [01:24<02:21,  2.77it/s] 37%|███▋      | 225/616 [01:24<02:24,  2.71it/s] 37%|███▋      | 226/616 [01:25<02:22,  2.74it/s] 37%|███▋      | 227/616 [01:25<02:20,  2.76it/s] 37%|███▋      | 228/616 [01:25<02:20,  2.76it/s] 37%|███▋      | 229/616 [01:26<02:22,  2.71it/s] 37%|███▋      | 230/616 [01:26<02:22,  2.71it/s] 38%|███▊      | 231/616 [01:26<02:21,  2.73it/s] 38%|███▊      | 232/616 [01:27<02:22,  2.70it/s] 38%|███▊      | 233/616 [01:27<02:18,  2.77it/s] 38%|███▊      | 234/616 [01:27<02:19,  2.74it/s] 38%|███▊      | 235/616 [01:28<02:19,  2.73it/s] 38%|███▊      | 236/616 [01:28<02:18,  2.74it/s] 38%|███▊      | 237/616 [01:29<02:17,  2.76it/s] 39%|███▊      | 238/616 [01:29<02:17,  2.74it/s] 39%|███▉      | 239/616 [01:29<02:16,  2.76it/s] 39%|███▉      | 240/616 [01:30<02:19,  2.69it/s] 39%|███▉      | 241/616 [01:30<02:16,  2.74it/s] 39%|███▉      | 242/616 [01:30<02:19,  2.67it/s] 39%|███▉      | 243/616 [01:31<02:14,  2.78it/s] 40%|███▉      | 244/616 [01:31<02:14,  2.76it/s] 40%|███▉      | 245/616 [01:31<02:17,  2.69it/s] 40%|███▉      | 246/616 [01:32<02:15,  2.74it/s] 40%|████      | 247/616 [01:32<02:15,  2.73it/s] 40%|████      | 248/616 [01:33<02:11,  2.80it/s] 40%|████      | 249/616 [01:33<02:11,  2.79it/s] 41%|████      | 250/616 [01:33<02:14,  2.72it/s] 41%|████      | 251/616 [01:34<02:14,  2.71it/s] 41%|████      | 252/616 [01:34<02:14,  2.71it/s] 41%|████      | 253/616 [01:34<02:11,  2.76it/s] 41%|████      | 254/616 [01:35<02:12,  2.74it/s] 41%|████▏     | 255/616 [01:35<02:08,  2.80it/s] 42%|████▏     | 256/616 [01:35<02:10,  2.76it/s] 42%|████▏     | 257/616 [01:36<02:10,  2.74it/s] 42%|████▏     | 258/616 [01:36<02:10,  2.73it/s] 42%|████▏     | 259/616 [01:37<02:11,  2.72it/s] 42%|████▏     | 260/616 [01:37<02:06,  2.81it/s] 42%|████▏     | 261/616 [01:37<02:11,  2.70it/s] 43%|████▎     | 262/616 [01:38<02:10,  2.70it/s] 43%|████▎     | 263/616 [01:38<02:06,  2.79it/s] 43%|████▎     | 264/616 [01:38<02:07,  2.75it/s] 43%|████▎     | 265/616 [01:39<02:07,  2.75it/s] 43%|████▎     | 266/616 [01:39<02:10,  2.68it/s] 43%|████▎     | 267/616 [01:40<02:21,  2.47it/s] 44%|████▎     | 268/616 [01:40<02:07,  2.74it/s] 44%|████▎     | 269/616 [01:40<02:08,  2.71it/s] 44%|████▍     | 270/616 [01:41<02:04,  2.78it/s] 44%|████▍     | 271/616 [01:41<02:05,  2.75it/s] 44%|████▍     | 272/616 [01:41<02:09,  2.66it/s] 44%|████▍     | 273/616 [01:42<02:05,  2.73it/s] 44%|████▍     | 274/616 [01:42<02:03,  2.76it/s] 45%|████▍     | 275/616 [01:42<02:09,  2.64it/s] 45%|████▍     | 276/616 [01:43<02:03,  2.75it/s] 45%|████▍     | 277/616 [01:43<02:03,  2.75it/s] 45%|████▌     | 278/616 [01:44<02:00,  2.79it/s] 45%|████▌     | 279/616 [01:44<02:06,  2.66it/s] 45%|████▌     | 280/616 [01:44<02:02,  2.75it/s] 46%|████▌     | 281/616 [01:45<02:03,  2.71it/s] 46%|████▌     | 282/616 [01:45<02:02,  2.74it/s] 46%|████▌     | 283/616 [01:45<02:01,  2.73it/s] 46%|████▌     | 284/616 [01:46<01:58,  2.80it/s] 46%|████▋     | 285/616 [01:46<01:59,  2.77it/s] 46%|████▋     | 286/616 [01:46<01:57,  2.80it/s] 47%|████▋     | 287/616 [01:47<02:00,  2.73it/s] 47%|████▋     | 288/616 [01:47<01:57,  2.79it/s] 47%|████▋     | 289/616 [01:48<01:59,  2.74it/s] 47%|████▋     | 290/616 [01:48<01:58,  2.76it/s] 47%|████▋     | 291/616 [01:48<01:59,  2.72it/s] 47%|████▋     | 292/616 [01:49<01:58,  2.73it/s] 48%|████▊     | 293/616 [01:49<01:56,  2.77it/s] 48%|████▊     | 294/616 [01:49<01:57,  2.74it/s] 48%|████▊     | 295/616 [01:50<01:55,  2.77it/s] 48%|████▊     | 296/616 [01:50<01:54,  2.78it/s] 48%|████▊     | 297/616 [01:50<01:57,  2.72it/s] 48%|████▊     | 298/616 [01:51<01:54,  2.78it/s] 49%|████▊     | 299/616 [01:51<01:55,  2.74it/s] 49%|████▊     | 300/616 [01:52<01:56,  2.70it/s] 49%|████▉     | 301/616 [01:52<01:54,  2.75it/s] 49%|████▉     | 302/616 [01:52<01:52,  2.78it/s] 49%|████▉     | 303/616 [01:53<01:55,  2.71it/s] 49%|████▉     | 304/616 [01:53<01:53,  2.75it/s] 50%|████▉     | 305/616 [01:53<01:55,  2.69it/s] 50%|████▉     | 306/616 [01:54<01:50,  2.81it/s] 50%|████▉     | 307/616 [01:54<01:54,  2.70it/s] 50%|█████     | 308/616 [01:55<01:57,  2.63it/s] 50%|█████     | 309/616 [01:55<01:51,  2.76it/s] 50%|█████     | 310/616 [01:55<01:52,  2.72it/s] 50%|█████     | 311/616 [01:56<01:49,  2.78it/s] 51%|█████     | 312/616 [01:56<01:49,  2.78it/s] 51%|█████     | 313/616 [01:56<01:49,  2.78it/s] 51%|█████     | 314/616 [01:57<01:49,  2.76it/s] 51%|█████     | 315/616 [01:57<01:48,  2.79it/s] 51%|█████▏    | 316/616 [01:57<01:49,  2.74it/s] 51%|█████▏    | 317/616 [01:58<01:49,  2.74it/s] 52%|█████▏    | 318/616 [01:58<01:48,  2.75it/s] 52%|█████▏    | 319/616 [01:58<01:49,  2.70it/s] 52%|█████▏    | 320/616 [01:59<01:47,  2.76it/s] 52%|█████▏    | 321/616 [01:59<01:51,  2.65it/s] 52%|█████▏    | 322/616 [02:00<01:49,  2.69it/s] 52%|█████▏    | 323/616 [02:00<01:45,  2.79it/s] 53%|█████▎    | 324/616 [02:00<01:44,  2.79it/s] 53%|█████▎    | 325/616 [02:01<01:45,  2.75it/s] 53%|█████▎    | 326/616 [02:01<01:44,  2.78it/s] 53%|█████▎    | 327/616 [02:01<01:47,  2.68it/s] 53%|█████▎    | 328/616 [02:02<01:42,  2.81it/s] 53%|█████▎    | 329/616 [02:02<01:42,  2.80it/s] 54%|█████▎    | 330/616 [02:02<01:43,  2.76it/s] 54%|█████▎    | 331/616 [02:03<01:41,  2.80it/s] 54%|█████▍    | 332/616 [02:03<01:40,  2.83it/s] 54%|█████▍    | 333/616 [02:04<01:42,  2.76it/s] 54%|█████▍    | 334/616 [02:04<03:56,  1.19it/s] 54%|█████▍    | 335/616 [02:05<01:52,  2.49it/s] 55%|█████▍    | 336/616 [02:05<01:40,  2.79it/s] 55%|█████▍    | 337/616 [02:06<01:42,  2.73it/s] 55%|█████▍    | 338/616 [02:06<02:31,  1.83it/s] 55%|█████▌    | 339/616 [02:06<01:46,  2.61it/s] 55%|█████▌    | 340/616 [02:07<01:40,  2.74it/s] 55%|█████▌    | 341/616 [02:07<01:39,  2.76it/s] 56%|█████▌    | 342/616 [02:08<03:30,  1.30it/s] 56%|█████▌    | 343/616 [02:08<01:49,  2.48it/s] 56%|█████▌    | 344/616 [02:09<01:40,  2.70it/s] 56%|█████▌    | 345/616 [02:09<02:03,  2.20it/s] 56%|█████▌    | 346/616 [02:10<02:24,  1.87it/s] 56%|█████▋    | 347/616 [02:10<01:42,  2.63it/s] 56%|█████▋    | 348/616 [02:10<01:36,  2.76it/s] 57%|█████▋    | 349/616 [02:11<01:38,  2.71it/s] 57%|█████▋    | 350/616 [02:12<03:42,  1.19it/s] 57%|█████▋    | 351/616 [02:12<01:48,  2.44it/s] 57%|█████▋    | 352/616 [02:12<01:36,  2.73it/s] 57%|█████▋    | 353/616 [02:13<01:36,  2.72it/s] 57%|█████▋    | 354/616 [02:13<01:35,  2.74it/s] 58%|█████▊    | 355/616 [02:14<01:35,  2.73it/s] 58%|█████▊    | 356/616 [02:14<01:37,  2.66it/s] 58%|█████▊    | 357/616 [02:14<01:36,  2.69it/s] 58%|█████▊    | 358/616 [02:15<01:32,  2.78it/s] 58%|█████▊    | 359/616 [02:15<01:34,  2.72it/s] 58%|█████▊    | 360/616 [02:15<01:32,  2.76it/s] 59%|█████▊    | 361/616 [02:16<01:32,  2.76it/s] 59%|█████▉    | 362/616 [02:16<01:30,  2.80it/s] 59%|█████▉    | 363/616 [02:16<01:31,  2.75it/s] 59%|█████▉    | 364/616 [02:17<01:32,  2.72it/s] 59%|█████▉    | 365/616 [02:17<01:52,  2.23it/s] 59%|█████▉    | 366/616 [02:18<01:33,  2.69it/s] 60%|█████▉    | 367/616 [02:18<01:31,  2.72it/s] 60%|█████▉    | 368/616 [02:18<01:29,  2.77it/s] 60%|█████▉    | 369/616 [02:19<01:30,  2.73it/s] 60%|██████    | 370/616 [02:19<01:29,  2.75it/s] 60%|██████    | 371/616 [02:19<01:30,  2.70it/s] 60%|██████    | 372/616 [02:20<01:28,  2.75it/s] 61%|██████    | 373/616 [02:20<01:28,  2.75it/s] 61%|██████    | 374/616 [02:21<01:28,  2.72it/s] 61%|██████    | 375/616 [02:21<01:28,  2.73it/s] 61%|██████    | 376/616 [02:21<01:28,  2.72it/s] 61%|██████    | 377/616 [02:22<01:28,  2.72it/s] 61%|██████▏   | 378/616 [02:22<01:27,  2.71it/s] 62%|██████▏   | 379/616 [02:22<01:26,  2.73it/s] 62%|██████▏   | 380/616 [02:23<01:26,  2.73it/s] 62%|██████▏   | 381/616 [02:23<01:27,  2.68it/s] 62%|██████▏   | 382/616 [02:24<01:24,  2.78it/s] 62%|██████▏   | 383/616 [02:24<01:23,  2.78it/s] 62%|██████▏   | 384/616 [02:24<01:27,  2.66it/s] 62%|██████▎   | 385/616 [02:25<01:26,  2.67it/s] 63%|██████▎   | 386/616 [02:25<01:24,  2.71it/s] 63%|██████▎   | 387/616 [02:25<01:26,  2.65it/s] 63%|██████▎   | 388/616 [02:26<01:24,  2.70it/s] 63%|██████▎   | 389/616 [02:26<01:27,  2.60it/s] 63%|██████▎   | 390/616 [02:27<01:26,  2.62it/s] 63%|██████▎   | 391/616 [02:27<01:25,  2.63it/s] 64%|██████▎   | 392/616 [02:27<01:24,  2.66it/s] 64%|██████▍   | 393/616 [02:28<01:23,  2.66it/s] 64%|██████▍   | 394/616 [02:28<01:24,  2.63it/s] 64%|██████▍   | 395/616 [02:28<01:25,  2.59it/s] 64%|██████▍   | 396/616 [02:29<01:22,  2.66it/s] 64%|██████▍   | 397/616 [02:29<01:21,  2.69it/s] 65%|██████▍   | 398/616 [02:30<01:20,  2.70it/s] 65%|██████▍   | 399/616 [02:30<01:21,  2.67it/s] 65%|██████▍   | 400/616 [02:30<01:19,  2.73it/s] 65%|██████▌   | 401/616 [02:31<01:19,  2.71it/s] 65%|██████▌   | 402/616 [02:31<01:18,  2.72it/s] 65%|██████▌   | 403/616 [02:31<01:17,  2.75it/s] 66%|██████▌   | 404/616 [02:32<01:17,  2.74it/s] 66%|██████▌   | 405/616 [02:32<01:17,  2.73it/s] 66%|██████▌   | 406/616 [02:32<01:18,  2.69it/s] 66%|██████▌   | 407/616 [02:33<01:17,  2.70it/s] 66%|██████▌   | 408/616 [02:33<01:15,  2.75it/s] 66%|██████▋   | 409/616 [02:34<01:16,  2.69it/s] 67%|██████▋   | 410/616 [02:34<01:16,  2.69it/s] 67%|██████▋   | 411/616 [02:34<01:16,  2.67it/s] 67%|██████▋   | 412/616 [02:35<01:15,  2.71it/s] 67%|██████▋   | 413/616 [02:35<01:16,  2.66it/s] 67%|██████▋   | 414/616 [02:35<01:15,  2.69it/s] 67%|██████▋   | 415/616 [02:36<01:13,  2.73it/s] 68%|██████▊   | 416/616 [02:36<01:12,  2.77it/s] 68%|██████▊   | 417/616 [02:37<01:14,  2.68it/s] 68%|██████▊   | 418/616 [02:37<01:13,  2.69it/s] 68%|██████▊   | 419/616 [02:37<01:13,  2.67it/s] 68%|██████▊   | 420/616 [02:38<01:11,  2.74it/s] 68%|██████▊   | 421/616 [02:38<01:13,  2.64it/s] 69%|██████▊   | 422/616 [02:38<01:09,  2.79it/s] 69%|██████▊   | 423/616 [02:39<01:09,  2.76it/s] 69%|██████▉   | 424/616 [02:39<01:08,  2.79it/s] 69%|██████▉   | 425/616 [02:39<01:10,  2.72it/s] 69%|██████▉   | 426/616 [02:40<01:09,  2.74it/s] 69%|██████▉   | 427/616 [02:40<01:09,  2.72it/s] 69%|██████▉   | 428/616 [02:41<01:07,  2.78it/s] 70%|██████▉   | 429/616 [02:41<01:08,  2.71it/s] 70%|██████▉   | 430/616 [02:41<01:08,  2.70it/s] 70%|██████▉   | 431/616 [02:42<01:07,  2.74it/s] 70%|███████   | 432/616 [02:42<01:06,  2.76it/s] 70%|███████   | 433/616 [02:42<01:07,  2.72it/s] 70%|███████   | 434/616 [02:43<01:07,  2.70it/s] 71%|███████   | 435/616 [02:43<01:05,  2.76it/s] 71%|███████   | 436/616 [02:44<01:06,  2.70it/s] 71%|███████   | 437/616 [02:44<01:05,  2.74it/s] 71%|███████   | 438/616 [02:44<01:03,  2.79it/s] 71%|███████▏  | 439/616 [02:45<01:04,  2.74it/s] 71%|███████▏  | 440/616 [02:45<01:03,  2.75it/s] 72%|███████▏  | 441/616 [02:45<01:11,  2.46it/s] 72%|███████▏  | 442/616 [02:46<01:04,  2.71it/s] 72%|███████▏  | 443/616 [02:46<01:03,  2.73it/s] 72%|███████▏  | 444/616 [02:46<01:04,  2.68it/s] 72%|███████▏  | 445/616 [02:47<01:03,  2.69it/s] 72%|███████▏  | 446/616 [02:47<01:02,  2.74it/s] 73%|███████▎  | 447/616 [02:48<01:00,  2.78it/s] 73%|███████▎  | 448/616 [02:48<01:00,  2.78it/s] 73%|███████▎  | 449/616 [02:48<01:01,  2.71it/s] 73%|███████▎  | 450/616 [02:49<00:58,  2.81it/s] 73%|███████▎  | 451/616 [02:49<01:00,  2.72it/s] 73%|███████▎  | 452/616 [02:49<00:59,  2.75it/s] 74%|███████▎  | 453/616 [02:50<00:59,  2.75it/s] 74%|███████▎  | 454/616 [02:50<00:59,  2.73it/s] 74%|███████▍  | 455/616 [02:50<00:58,  2.73it/s] 74%|███████▍  | 456/616 [02:51<00:56,  2.83it/s] 74%|███████▍  | 457/616 [02:51<01:28,  1.79it/s] 74%|███████▍  | 458/616 [02:52<02:03,  1.28it/s] 75%|███████▍  | 459/616 [02:53<01:03,  2.45it/s] 75%|███████▍  | 460/616 [02:53<00:56,  2.75it/s] 75%|███████▍  | 461/616 [02:53<00:56,  2.76it/s] 75%|███████▌  | 462/616 [02:54<01:59,  1.28it/s] 75%|███████▌  | 463/616 [02:55<01:02,  2.45it/s] 75%|███████▌  | 464/616 [02:55<00:55,  2.72it/s] 75%|███████▌  | 465/616 [02:55<00:54,  2.75it/s] 76%|███████▌  | 466/616 [02:56<01:36,  1.55it/s] 76%|███████▌  | 467/616 [02:56<00:58,  2.56it/s] 76%|███████▌  | 468/616 [02:57<00:55,  2.69it/s] 76%|███████▌  | 469/616 [02:57<00:53,  2.74it/s] 76%|███████▋  | 470/616 [02:57<00:52,  2.81it/s] 76%|███████▋  | 471/616 [02:58<00:51,  2.81it/s] 77%|███████▋  | 472/616 [02:58<00:51,  2.78it/s] 77%|███████▋  | 473/616 [02:58<00:50,  2.82it/s] 77%|███████▋  | 474/616 [02:59<00:51,  2.78it/s] 77%|███████▋  | 475/616 [02:59<00:51,  2.74it/s] 77%|███████▋  | 476/616 [03:00<00:50,  2.80it/s] 77%|███████▋  | 477/616 [03:00<00:51,  2.72it/s] 78%|███████▊  | 478/616 [03:00<00:50,  2.72it/s] 78%|███████▊  | 479/616 [03:01<00:49,  2.76it/s] 78%|███████▊  | 480/616 [03:01<00:50,  2.70it/s] 78%|███████▊  | 481/616 [03:01<00:49,  2.73it/s] 78%|███████▊  | 482/616 [03:02<00:49,  2.71it/s] 78%|███████▊  | 483/616 [03:02<01:05,  2.03it/s] 79%|███████▊  | 484/616 [03:03<00:49,  2.67it/s] 79%|███████▊  | 485/616 [03:03<00:47,  2.73it/s] 79%|███████▉  | 486/616 [03:03<00:46,  2.77it/s] 79%|███████▉  | 487/616 [03:05<04:00,  1.86s/it] 79%|███████▉  | 488/616 [03:06<01:04,  1.98it/s] 79%|███████▉  | 489/616 [03:06<00:49,  2.58it/s] 80%|███████▉  | 490/616 [03:06<00:45,  2.76it/s] 80%|███████▉  | 491/616 [03:07<01:17,  1.61it/s] 80%|███████▉  | 492/616 [03:07<00:48,  2.53it/s] 80%|████████  | 493/616 [03:08<00:46,  2.67it/s] 80%|████████  | 494/616 [03:08<00:43,  2.82it/s] 80%|████████  | 495/616 [03:09<00:45,  2.67it/s] 81%|████████  | 496/616 [03:09<00:42,  2.80it/s] 81%|████████  | 497/616 [03:09<00:42,  2.77it/s] 81%|████████  | 498/616 [03:10<00:43,  2.70it/s] 81%|████████  | 499/616 [03:10<00:41,  2.81it/s] 81%|████████  | 500/616 [03:10<00:41,  2.78it/s] 81%|████████▏ | 501/616 [03:11<00:42,  2.74it/s] 81%|████████▏ | 502/616 [03:11<00:40,  2.79it/s] 82%|████████▏ | 503/616 [03:11<00:40,  2.79it/s] 82%|████████▏ | 504/616 [03:12<00:39,  2.83it/s] 82%|████████▏ | 505/616 [03:12<00:39,  2.78it/s] 82%|████████▏ | 506/616 [03:13<00:40,  2.69it/s] 82%|████████▏ | 507/616 [03:13<00:40,  2.71it/s] 82%|████████▏ | 508/616 [03:13<00:38,  2.82it/s] 83%|████████▎ | 509/616 [03:14<00:39,  2.74it/s] 83%|████████▎ | 510/616 [03:14<00:37,  2.80it/s] 83%|████████▎ | 511/616 [03:14<00:38,  2.72it/s] 83%|████████▎ | 512/616 [03:15<00:37,  2.76it/s] 83%|████████▎ | 513/616 [03:15<00:37,  2.75it/s] 83%|████████▎ | 514/616 [03:15<00:37,  2.74it/s] 84%|████████▎ | 515/616 [03:16<00:35,  2.81it/s] 84%|████████▍ | 516/616 [03:16<00:35,  2.80it/s] 84%|████████▍ | 517/616 [03:16<00:35,  2.77it/s] 84%|████████▍ | 518/616 [03:17<00:36,  2.70it/s] 84%|████████▍ | 519/616 [03:17<00:35,  2.77it/s] 84%|████████▍ | 520/616 [03:18<00:34,  2.79it/s] 85%|████████▍ | 521/616 [03:18<00:34,  2.76it/s] 85%|████████▍ | 522/616 [03:18<00:34,  2.76it/s] 85%|████████▍ | 523/616 [03:19<00:33,  2.78it/s] 85%|████████▌ | 524/616 [03:19<00:33,  2.74it/s] 85%|████████▌ | 525/616 [03:19<00:32,  2.76it/s] 85%|████████▌ | 526/616 [03:20<00:32,  2.76it/s] 86%|████████▌ | 527/616 [03:20<00:32,  2.76it/s] 86%|████████▌ | 528/616 [03:20<00:31,  2.81it/s] 86%|████████▌ | 529/616 [03:21<00:31,  2.80it/s] 86%|████████▌ | 530/616 [03:21<00:31,  2.70it/s] 86%|████████▌ | 531/616 [03:22<00:31,  2.74it/s] 86%|████████▋ | 532/616 [03:22<00:33,  2.51it/s] 87%|████████▋ | 533/616 [03:22<00:30,  2.70it/s] 87%|████████▋ | 534/616 [03:23<00:29,  2.77it/s] 87%|████████▋ | 535/616 [03:23<00:29,  2.75it/s] 87%|████████▋ | 536/616 [03:23<00:28,  2.78it/s] 87%|████████▋ | 537/616 [03:24<00:29,  2.72it/s] 87%|████████▋ | 538/616 [03:24<00:28,  2.73it/s] 88%|████████▊ | 539/616 [03:25<00:28,  2.69it/s] 88%|████████▊ | 540/616 [03:25<00:28,  2.68it/s] 88%|████████▊ | 541/616 [03:25<00:25,  2.90it/s] 88%|████████▊ | 542/616 [03:26<00:26,  2.74it/s] 88%|████████▊ | 543/616 [03:26<00:27,  2.65it/s] 88%|████████▊ | 544/616 [03:26<00:25,  2.78it/s] 88%|████████▊ | 545/616 [03:27<00:25,  2.75it/s] 89%|████████▊ | 546/616 [03:27<00:25,  2.75it/s] 89%|████████▉ | 547/616 [03:27<00:25,  2.76it/s] 89%|████████▉ | 548/616 [03:28<00:24,  2.78it/s] 89%|████████▉ | 549/616 [03:28<00:24,  2.76it/s] 89%|████████▉ | 550/616 [03:29<00:23,  2.77it/s] 89%|████████▉ | 551/616 [03:29<00:23,  2.77it/s] 90%|████████▉ | 552/616 [03:29<00:23,  2.77it/s] 90%|████████▉ | 553/616 [03:30<00:22,  2.75it/s] 90%|████████▉ | 554/616 [03:30<00:22,  2.79it/s] 90%|█████████ | 555/616 [03:30<00:22,  2.72it/s] 90%|█████████ | 556/616 [03:31<00:21,  2.73it/s] 90%|█████████ | 557/616 [03:31<00:21,  2.76it/s] 91%|█████████ | 558/616 [03:31<00:21,  2.69it/s] 91%|█████████ | 559/616 [03:32<00:20,  2.76it/s] 91%|█████████ | 560/616 [03:32<00:19,  2.80it/s] 91%|█████████ | 561/616 [03:33<00:20,  2.68it/s] 91%|█████████ | 562/616 [03:33<00:19,  2.76it/s] 91%|█████████▏| 563/616 [03:33<00:19,  2.76it/s] 92%|█████████▏| 564/616 [03:34<00:18,  2.77it/s] 92%|█████████▏| 565/616 [03:34<00:18,  2.76it/s] 92%|█████████▏| 566/616 [03:34<00:18,  2.68it/s] 92%|█████████▏| 567/616 [03:35<00:17,  2.86it/s] 92%|█████████▏| 568/616 [03:35<00:17,  2.75it/s] 92%|█████████▏| 569/616 [03:35<00:16,  2.81it/s] 93%|█████████▎| 570/616 [03:36<00:17,  2.69it/s] 93%|█████████▎| 571/616 [03:36<00:16,  2.76it/s] 93%|█████████▎| 572/616 [03:37<00:16,  2.73it/s] 93%|█████████▎| 573/616 [03:37<00:15,  2.78it/s] 93%|█████████▎| 574/616 [03:37<00:15,  2.72it/s] 93%|█████████▎| 575/616 [03:38<00:15,  2.72it/s] 94%|█████████▎| 576/616 [03:38<00:14,  2.76it/s] 94%|█████████▎| 577/616 [03:38<00:14,  2.68it/s] 94%|█████████▍| 578/616 [03:39<00:13,  2.80it/s] 94%|█████████▍| 579/616 [03:39<00:13,  2.73it/s] 94%|█████████▍| 580/616 [03:39<00:13,  2.75it/s] 94%|█████████▍| 581/616 [03:40<00:12,  2.77it/s] 94%|█████████▍| 582/616 [03:40<00:12,  2.76it/s] 95%|█████████▍| 583/616 [03:41<00:12,  2.74it/s] 95%|█████████▍| 584/616 [03:41<00:11,  2.81it/s] 95%|█████████▍| 585/616 [03:41<00:11,  2.77it/s] 95%|█████████▌| 586/616 [03:42<00:11,  2.69it/s] 95%|█████████▌| 587/616 [03:42<00:10,  2.74it/s] 95%|█████████▌| 588/616 [03:42<00:10,  2.78it/s] 96%|█████████▌| 589/616 [03:43<00:09,  2.77it/s] 96%|█████████▌| 590/616 [03:43<00:09,  2.72it/s] 96%|█████████▌| 591/616 [03:43<00:09,  2.74it/s] 96%|█████████▌| 592/616 [03:44<00:08,  2.76it/s] 96%|█████████▋| 593/616 [03:44<00:08,  2.74it/s] 96%|█████████▋| 594/616 [03:45<00:07,  2.75it/s] 97%|█████████▋| 595/616 [03:45<00:07,  2.72it/s] 97%|█████████▋| 596/616 [03:45<00:07,  2.75it/s] 97%|█████████▋| 597/616 [03:46<00:06,  2.75it/s] 97%|█████████▋| 598/616 [03:46<00:06,  2.77it/s] 97%|█████████▋| 599/616 [03:46<00:06,  2.70it/s] 97%|█████████▋| 600/616 [03:47<00:05,  2.81it/s] 98%|█████████▊| 601/616 [03:47<00:05,  2.77it/s] 98%|█████████▊| 602/616 [03:47<00:05,  2.75it/s] 98%|█████████▊| 603/616 [03:48<00:04,  2.75it/s] 98%|█████████▊| 604/616 [03:48<00:04,  2.77it/s] 98%|█████████▊| 605/616 [03:49<00:03,  2.77it/s] 98%|█████████▊| 606/616 [03:49<00:03,  2.75it/s] 99%|█████████▊| 607/616 [03:49<00:03,  2.75it/s] 99%|█████████▊| 608/616 [03:50<00:02,  2.79it/s] 99%|█████████▉| 609/616 [03:50<00:02,  2.82it/s] 99%|█████████▉| 610/616 [03:50<00:02,  2.80it/s] 99%|█████████▉| 611/616 [03:51<00:01,  2.81it/s] 99%|█████████▉| 612/616 [03:51<00:01,  2.81it/s]100%|█████████▉| 613/616 [03:51<00:01,  2.78it/s]100%|█████████▉| 614/616 [03:52<00:00,  2.82it/s]100%|█████████▉| 615/616 [03:52<00:00,  2.75it/s]100%|██████████| 616/616 [03:52<00:00,  3.04it/s]100%|██████████| 616/616 [03:53<00:00,  2.64it/s][2022-09-16 13:22:19,247][__main__][INFO] - Train Instance Accuracy: 0.410883
[2022-09-16 13:22:19,248][__main__][INFO] - loss: 6.166891

  0%|          | 0/155 [00:00<?, ?it/s]  1%|          | 1/155 [00:01<04:27,  1.74s/it]  1%|▏         | 2/155 [00:01<02:07,  1.20it/s]  2%|▏         | 3/155 [00:02<01:45,  1.44it/s]  3%|▎         | 4/155 [00:02<01:15,  1.99it/s]  3%|▎         | 5/155 [00:03<01:08,  2.20it/s]  4%|▍         | 6/155 [00:03<00:55,  2.68it/s]  5%|▍         | 7/155 [00:03<01:00,  2.47it/s]  5%|▌         | 8/155 [00:03<00:50,  2.90it/s]  6%|▌         | 9/155 [00:04<01:00,  2.41it/s]  6%|▋         | 10/155 [00:04<00:51,  2.84it/s]  7%|▋         | 11/155 [00:05<00:48,  2.95it/s]  8%|▊         | 12/155 [00:05<00:43,  3.31it/s]  8%|▊         | 13/155 [00:05<00:54,  2.63it/s]  9%|▉         | 14/155 [00:06<00:46,  3.04it/s] 10%|▉         | 15/155 [00:06<00:42,  3.32it/s] 10%|█         | 16/155 [00:06<00:40,  3.40it/s] 11%|█         | 17/155 [00:07<00:47,  2.88it/s] 12%|█▏        | 18/155 [00:07<00:42,  3.25it/s] 12%|█▏        | 19/155 [00:07<00:37,  3.61it/s] 13%|█▎        | 20/155 [00:07<00:35,  3.80it/s] 14%|█▎        | 21/155 [00:08<00:44,  3.02it/s] 14%|█▍        | 22/155 [00:08<00:39,  3.39it/s] 15%|█▍        | 23/155 [00:08<00:35,  3.72it/s] 15%|█▌        | 24/155 [00:08<00:37,  3.46it/s] 16%|█▌        | 25/155 [00:09<00:43,  2.99it/s] 17%|█▋        | 26/155 [00:09<00:38,  3.35it/s] 17%|█▋        | 27/155 [00:09<00:34,  3.71it/s] 18%|█▊        | 28/155 [00:10<00:34,  3.70it/s] 19%|█▊        | 29/155 [00:10<00:42,  2.95it/s] 19%|█▉        | 30/155 [00:10<00:38,  3.28it/s] 20%|██        | 31/155 [00:10<00:34,  3.63it/s] 21%|██        | 32/155 [00:11<00:34,  3.51it/s] 21%|██▏       | 33/155 [00:11<00:42,  2.87it/s] 22%|██▏       | 34/155 [00:11<00:36,  3.28it/s] 23%|██▎       | 35/155 [00:12<00:33,  3.61it/s] 23%|██▎       | 36/155 [00:12<00:31,  3.80it/s] 24%|██▍       | 37/155 [00:13<00:54,  2.15it/s] 25%|██▍       | 38/155 [00:13<00:45,  2.59it/s] 25%|██▌       | 39/155 [00:13<00:38,  3.03it/s] 26%|██▌       | 40/155 [00:14<00:41,  2.76it/s] 26%|██▋       | 41/155 [00:14<00:41,  2.76it/s] 27%|██▋       | 42/155 [00:14<00:35,  3.17it/s] 28%|██▊       | 43/155 [00:14<00:32,  3.47it/s] 28%|██▊       | 44/155 [00:15<00:37,  2.99it/s] 29%|██▉       | 45/155 [00:16<00:49,  2.23it/s] 30%|██▉       | 46/155 [00:16<00:41,  2.65it/s] 30%|███       | 47/155 [00:16<00:35,  3.06it/s] 31%|███       | 48/155 [00:16<00:31,  3.38it/s] 32%|███▏      | 49/155 [00:17<00:46,  2.26it/s] 32%|███▏      | 50/155 [00:17<00:39,  2.67it/s] 33%|███▎      | 51/155 [00:17<00:33,  3.12it/s] 34%|███▎      | 52/155 [00:18<00:30,  3.42it/s] 34%|███▍      | 53/155 [00:18<00:36,  2.82it/s] 35%|███▍      | 54/155 [00:18<00:31,  3.23it/s] 35%|███▌      | 55/155 [00:19<00:28,  3.53it/s] 36%|███▌      | 56/155 [00:19<00:27,  3.65it/s] 37%|███▋      | 57/155 [00:19<00:32,  3.05it/s] 37%|███▋      | 58/155 [00:20<00:28,  3.40it/s] 38%|███▊      | 59/155 [00:20<00:26,  3.69it/s] 39%|███▊      | 60/155 [00:20<00:25,  3.80it/s] 39%|███▉      | 61/155 [00:20<00:30,  3.10it/s] 40%|████      | 62/155 [00:21<00:26,  3.47it/s] 41%|████      | 63/155 [00:21<00:24,  3.75it/s] 41%|████▏     | 64/155 [00:21<00:25,  3.61it/s] 42%|████▏     | 65/155 [00:22<00:28,  3.18it/s] 43%|████▎     | 66/155 [00:22<00:25,  3.54it/s] 43%|████▎     | 67/155 [00:22<00:23,  3.81it/s] 44%|████▍     | 68/155 [00:22<00:25,  3.35it/s] 45%|████▍     | 69/155 [00:23<00:28,  3.02it/s] 45%|████▌     | 70/155 [00:23<00:25,  3.34it/s] 46%|████▌     | 71/155 [00:23<00:22,  3.70it/s] 46%|████▋     | 72/155 [00:24<00:24,  3.32it/s] 47%|████▋     | 73/155 [00:24<00:27,  2.99it/s] 48%|████▊     | 74/155 [00:24<00:24,  3.36it/s] 48%|████▊     | 75/155 [00:24<00:21,  3.70it/s] 49%|████▉     | 76/155 [00:25<00:23,  3.33it/s] 50%|████▉     | 77/155 [00:25<00:24,  3.13it/s] 50%|█████     | 78/155 [00:25<00:22,  3.48it/s] 51%|█████     | 79/155 [00:26<00:19,  3.83it/s] 52%|█████▏    | 80/155 [00:26<00:21,  3.50it/s] 52%|█████▏    | 81/155 [00:26<00:23,  3.22it/s] 53%|█████▎    | 82/155 [00:27<00:21,  3.42it/s] 54%|█████▎    | 83/155 [00:27<00:20,  3.54it/s] 54%|█████▍    | 84/155 [00:27<00:19,  3.55it/s] 55%|█████▍    | 85/155 [00:27<00:19,  3.55it/s] 55%|█████▌    | 86/155 [00:28<00:19,  3.48it/s] 56%|█████▌    | 87/155 [00:28<00:20,  3.33it/s] 57%|█████▋    | 88/155 [00:28<00:18,  3.64it/s] 57%|█████▋    | 89/155 [00:28<00:17,  3.68it/s] 58%|█████▊    | 90/155 [00:29<00:19,  3.32it/s] 59%|█████▊    | 91/155 [00:29<00:18,  3.40it/s] 59%|█████▉    | 92/155 [00:29<00:16,  3.75it/s] 60%|██████    | 93/155 [00:30<00:16,  3.85it/s] 61%|██████    | 94/155 [00:30<00:18,  3.36it/s] 61%|██████▏   | 95/155 [00:30<00:17,  3.49it/s] 62%|██████▏   | 96/155 [00:31<00:16,  3.48it/s] 63%|██████▎   | 97/155 [00:31<00:15,  3.80it/s] 63%|██████▎   | 98/155 [00:31<00:15,  3.67it/s] 64%|██████▍   | 99/155 [00:31<00:15,  3.53it/s] 65%|██████▍   | 100/155 [00:32<00:15,  3.44it/s] 65%|██████▌   | 101/155 [00:32<00:14,  3.70it/s] 66%|██████▌   | 102/155 [00:32<00:13,  3.83it/s] 66%|██████▋   | 103/155 [00:32<00:14,  3.66it/s] 67%|██████▋   | 104/155 [00:33<00:16,  3.07it/s] 68%|██████▊   | 105/155 [00:33<00:14,  3.45it/s] 68%|██████▊   | 106/155 [00:33<00:13,  3.73it/s] 69%|██████▉   | 107/155 [00:33<00:12,  3.98it/s] 70%|██████▉   | 108/155 [00:34<00:13,  3.40it/s] 70%|███████   | 109/155 [00:34<00:14,  3.21it/s] 71%|███████   | 110/155 [00:34<00:12,  3.51it/s] 72%|███████▏  | 111/155 [00:35<00:11,  3.80it/s] 72%|███████▏  | 112/155 [00:35<00:12,  3.42it/s] 73%|███████▎  | 113/155 [00:35<00:12,  3.44it/s] 74%|███████▎  | 114/155 [00:36<00:11,  3.72it/s] 74%|███████▍  | 115/155 [00:36<00:10,  3.99it/s] 75%|███████▍  | 116/155 [00:36<00:11,  3.32it/s] 75%|███████▌  | 117/155 [00:36<00:11,  3.26it/s] 76%|███████▌  | 118/155 [00:37<00:10,  3.62it/s] 77%|███████▋  | 119/155 [00:37<00:09,  3.91it/s] 77%|███████▋  | 120/155 [00:37<00:11,  3.17it/s] 78%|███████▊  | 121/155 [00:38<00:10,  3.28it/s] 79%|███████▊  | 122/155 [00:38<00:09,  3.60it/s] 79%|███████▉  | 123/155 [00:38<00:08,  3.83it/s] 80%|████████  | 124/155 [00:39<00:10,  2.96it/s] 81%|████████  | 125/155 [00:39<00:09,  3.31it/s] 81%|████████▏ | 126/155 [00:39<00:07,  3.64it/s] 82%|████████▏ | 127/155 [00:39<00:07,  3.84it/s] 83%|████████▎ | 128/155 [00:40<00:08,  3.26it/s] 83%|████████▎ | 129/155 [00:40<00:08,  3.17it/s] 84%|████████▍ | 130/155 [00:40<00:07,  3.48it/s] 85%|████████▍ | 131/155 [00:40<00:06,  3.76it/s] 85%|████████▌ | 132/155 [00:41<00:07,  3.04it/s] 86%|████████▌ | 133/155 [00:41<00:06,  3.26it/s] 86%|████████▋ | 134/155 [00:41<00:05,  3.61it/s] 87%|████████▋ | 135/155 [00:42<00:05,  3.83it/s] 88%|████████▊ | 136/155 [00:42<00:06,  3.12it/s] 88%|████████▊ | 137/155 [00:42<00:05,  3.15it/s] 89%|████████▉ | 138/155 [00:43<00:04,  3.52it/s] 90%|████████▉ | 139/155 [00:43<00:04,  3.79it/s] 90%|█████████ | 140/155 [00:43<00:04,  3.13it/s] 91%|█████████ | 141/155 [00:43<00:04,  3.36it/s] 92%|█████████▏| 142/155 [00:44<00:03,  3.68it/s] 92%|█████████▏| 143/155 [00:44<00:03,  3.91it/s] 93%|█████████▎| 144/155 [00:44<00:03,  3.34it/s] 94%|█████████▎| 145/155 [00:45<00:03,  3.25it/s] 94%|█████████▍| 146/155 [00:45<00:02,  3.59it/s] 95%|█████████▍| 147/155 [00:45<00:02,  3.81it/s] 95%|█████████▌| 148/155 [00:46<00:02,  3.18it/s] 96%|█████████▌| 149/155 [00:46<00:01,  3.32it/s] 97%|█████████▋| 150/155 [00:46<00:01,  3.66it/s] 97%|█████████▋| 151/155 [00:46<00:01,  3.90it/s] 98%|█████████▊| 152/155 [00:46<00:00,  4.11it/s] 99%|█████████▊| 153/155 [00:47<00:00,  4.29it/s] 99%|█████████▉| 154/155 [00:47<00:00,  4.41it/s]100%|██████████| 155/155 [00:47<00:00,  5.02it/s]100%|██████████| 155/155 [00:47<00:00,  3.26it/s][2022-09-16 13:23:07,158][__main__][INFO] - Test Instance Accuracy: 0.520565, Class Accuracy: 0.396010
[2022-09-16 13:23:07,159][__main__][INFO] - Best Instance Accuracy: 0.520565, Class Accuracy: 0.396010
[2022-09-16 13:23:07,160][tensorboardX.summary][INFO] - Summary name Test Acc is illegal; using Test_Acc instead.
[2022-09-16 13:23:07,160][__main__][INFO] - Save model...
[2022-09-16 13:23:07,160][__main__][INFO] - Saving at best_model.pth
[2022-09-16 13:23:07,340][__main__][INFO] - Epoch 3 (3/200):

  0%|          | 0/616 [00:00<?, ?it/s]  0%|          | 1/616 [00:01<18:28,  1.80s/it]  0%|          | 2/616 [00:02<09:56,  1.03it/s]  0%|          | 3/616 [00:03<04:19,  2.37it/s]  1%|          | 4/616 [00:03<03:49,  2.67it/s]  1%|          | 5/616 [00:03<05:20,  1.91it/s]  1%|          | 6/616 [00:04<05:55,  1.71it/s]  1%|          | 7/616 [00:04<03:51,  2.63it/s]  1%|▏         | 8/616 [00:05<03:43,  2.72it/s]  1%|▏         | 9/616 [00:05<03:44,  2.70it/s]  2%|▏         | 10/616 [00:06<03:43,  2.71it/s]  2%|▏         | 11/616 [00:06<03:41,  2.73it/s]  2%|▏         | 12/616 [00:06<03:31,  2.86it/s]  2%|▏         | 13/616 [00:07<03:42,  2.71it/s]  2%|▏         | 14/616 [00:07<03:40,  2.73it/s]  2%|▏         | 15/616 [00:07<03:37,  2.76it/s]  3%|▎         | 16/616 [00:08<03:39,  2.73it/s]  3%|▎         | 17/616 [00:08<03:40,  2.71it/s]  3%|▎         | 18/616 [00:08<03:41,  2.70it/s]  3%|▎         | 19/616 [00:09<03:36,  2.76it/s]  3%|▎         | 20/616 [00:09<03:38,  2.72it/s]  3%|▎         | 21/616 [00:10<03:43,  2.66it/s]  4%|▎         | 22/616 [00:10<03:39,  2.70it/s]  4%|▎         | 23/616 [00:10<03:38,  2.71it/s]  4%|▍         | 24/616 [00:11<03:36,  2.73it/s]  4%|▍         | 25/616 [00:11<03:35,  2.74it/s]  4%|▍         | 26/616 [00:11<03:37,  2.72it/s]  4%|▍         | 27/616 [00:12<03:31,  2.78it/s]  5%|▍         | 28/616 [00:12<03:34,  2.74it/s]  5%|▍         | 29/616 [00:12<03:33,  2.74it/s]  5%|▍         | 30/616 [00:13<03:32,  2.76it/s]  5%|▌         | 31/616 [00:13<03:32,  2.75it/s]  5%|▌         | 32/616 [00:14<03:30,  2.78it/s]  5%|▌         | 33/616 [00:14<03:30,  2.77it/s]  6%|▌         | 34/616 [00:14<03:29,  2.78it/s]  6%|▌         | 35/616 [00:15<03:30,  2.77it/s]  6%|▌         | 36/616 [00:15<03:34,  2.71it/s]  6%|▌         | 37/616 [00:15<03:29,  2.76it/s]  6%|▌         | 38/616 [00:16<03:32,  2.72it/s]  6%|▋         | 39/616 [00:16<03:33,  2.70it/s]  6%|▋         | 40/616 [00:16<03:28,  2.76it/s]  7%|▋         | 41/616 [00:17<03:27,  2.77it/s]  7%|▋         | 42/616 [00:17<03:31,  2.71it/s]  7%|▋         | 43/616 [00:18<03:27,  2.76it/s]  7%|▋         | 44/616 [00:18<03:29,  2.73it/s]  7%|▋         | 45/616 [00:18<03:25,  2.78it/s]  7%|▋         | 46/616 [00:19<03:26,  2.76it/s]  8%|▊         | 47/616 [00:19<03:26,  2.76it/s]  8%|▊         | 48/616 [00:19<03:28,  2.73it/s]  8%|▊         | 49/616 [00:20<03:28,  2.72it/s]  8%|▊         | 50/616 [00:20<03:25,  2.75it/s]  8%|▊         | 51/616 [00:20<03:23,  2.78it/s]  8%|▊         | 52/616 [00:21<03:27,  2.72it/s]  9%|▊         | 53/616 [00:21<03:28,  2.69it/s]  9%|▉         | 54/616 [00:22<03:28,  2.69it/s]  9%|▉         | 55/616 [00:22<03:26,  2.72it/s]  9%|▉         | 56/616 [00:22<03:25,  2.73it/s]  9%|▉         | 57/616 [00:23<03:28,  2.68it/s]  9%|▉         | 58/616 [00:23<03:30,  2.65it/s] 10%|▉         | 59/616 [00:23<03:21,  2.77it/s] 10%|▉         | 60/616 [00:24<03:21,  2.76it/s] 10%|▉         | 61/616 [00:24<03:27,  2.68it/s] 10%|█         | 62/616 [00:25<03:23,  2.72it/s] 10%|█         | 63/616 [00:25<03:22,  2.73it/s] 10%|█         | 64/616 [00:25<03:18,  2.78it/s] 11%|█         | 65/616 [00:26<03:25,  2.68it/s] 11%|█         | 66/616 [00:26<03:20,  2.74it/s] 11%|█         | 67/616 [00:26<03:22,  2.72it/s] 11%|█         | 68/616 [00:27<03:17,  2.78it/s] 11%|█         | 69/616 [00:27<03:25,  2.67it/s] 11%|█▏        | 70/616 [00:27<03:24,  2.67it/s] 12%|█▏        | 71/616 [00:28<03:19,  2.74it/s] 12%|█▏        | 72/616 [00:28<03:16,  2.78it/s] 12%|█▏        | 73/616 [00:29<03:21,  2.70it/s] 12%|█▏        | 74/616 [00:29<03:20,  2.71it/s] 12%|█▏        | 75/616 [00:29<03:17,  2.74it/s] 12%|█▏        | 76/616 [00:30<03:17,  2.74it/s] 12%|█▎        | 77/616 [00:30<03:18,  2.71it/s] 13%|█▎        | 78/616 [00:30<03:17,  2.73it/s] 13%|█▎        | 79/616 [00:31<03:16,  2.73it/s] 13%|█▎        | 80/616 [00:31<03:14,  2.75it/s] 13%|█▎        | 81/616 [00:31<03:15,  2.74it/s] 13%|█▎        | 82/616 [00:32<03:18,  2.70it/s] 13%|█▎        | 83/616 [00:32<03:08,  2.83it/s] 14%|█▎        | 84/616 [00:33<03:12,  2.77it/s] 14%|█▍        | 85/616 [00:33<03:08,  2.82it/s] 14%|█▍        | 86/616 [00:33<03:09,  2.80it/s] 14%|█▍        | 87/616 [00:34<03:08,  2.81it/s] 14%|█▍        | 88/616 [00:34<03:09,  2.79it/s] 14%|█▍        | 89/616 [00:34<03:11,  2.76it/s] 15%|█▍        | 90/616 [00:35<03:07,  2.80it/s] 15%|█▍        | 91/616 [00:35<03:10,  2.75it/s] 15%|█▍        | 92/616 [00:35<03:06,  2.81it/s] 15%|█▌        | 93/616 [00:36<03:10,  2.74it/s] 15%|█▌        | 94/616 [00:36<03:05,  2.81it/s] 15%|█▌        | 95/616 [00:37<03:12,  2.70it/s] 16%|█▌        | 96/616 [00:37<03:04,  2.81it/s] 16%|█▌        | 97/616 [00:37<03:03,  2.83it/s] 16%|█▌        | 98/616 [00:38<03:03,  2.83it/s] 16%|█▌        | 99/616 [00:38<03:06,  2.76it/s] 16%|█▌        | 100/616 [00:38<03:04,  2.80it/s] 16%|█▋        | 101/616 [00:39<03:07,  2.75it/s] 17%|█▋        | 102/616 [00:39<03:03,  2.80it/s] 17%|█▋        | 103/616 [00:39<03:03,  2.79it/s] 17%|█▋        | 104/616 [00:40<03:05,  2.77it/s] 17%|█▋        | 105/616 [00:40<03:03,  2.78it/s] 17%|█▋        | 106/616 [00:40<03:01,  2.81it/s] 17%|█▋        | 107/616 [00:41<03:06,  2.73it/s] 18%|█▊        | 108/616 [00:41<03:02,  2.78it/s] 18%|█▊        | 109/616 [00:42<03:02,  2.78it/s] 18%|█▊        | 110/616 [00:42<03:02,  2.78it/s] 18%|█▊        | 111/616 [00:42<03:02,  2.77it/s] 18%|█▊        | 112/616 [00:43<02:58,  2.83it/s] 18%|█▊        | 113/616 [00:43<03:03,  2.74it/s] 19%|█▊        | 114/616 [00:43<03:00,  2.79it/s] 19%|█▊        | 115/616 [00:44<03:01,  2.75it/s] 19%|█▉        | 116/616 [00:44<03:01,  2.75it/s] 19%|█▉        | 117/616 [00:44<02:56,  2.82it/s] 19%|█▉        | 118/616 [00:45<02:55,  2.84it/s] 19%|█▉        | 119/616 [00:45<02:58,  2.79it/s] 19%|█▉        | 120/616 [00:46<02:58,  2.77it/s] 20%|█▉        | 121/616 [00:46<02:59,  2.76it/s] 20%|█▉        | 122/616 [00:46<02:55,  2.81it/s] 20%|█▉        | 123/616 [00:47<02:54,  2.83it/s] 20%|██        | 124/616 [00:47<03:00,  2.73it/s] 20%|██        | 125/616 [00:47<02:50,  2.87it/s] 20%|██        | 126/616 [00:48<02:55,  2.80it/s] 21%|██        | 127/616 [00:48<02:54,  2.80it/s] 21%|██        | 128/616 [00:48<02:57,  2.76it/s] 21%|██        | 129/616 [00:49<02:55,  2.77it/s] 21%|██        | 130/616 [00:49<02:53,  2.80it/s] 21%|██▏       | 131/616 [00:49<02:55,  2.76it/s] 21%|██▏       | 132/616 [00:50<02:55,  2.75it/s] 22%|██▏       | 133/616 [00:50<02:58,  2.70it/s] 22%|██▏       | 134/616 [00:51<02:55,  2.75it/s] 22%|██▏       | 135/616 [00:51<02:52,  2.79it/s] 22%|██▏       | 136/616 [00:51<02:53,  2.76it/s] 22%|██▏       | 137/616 [00:52<02:49,  2.82it/s] 22%|██▏       | 138/616 [00:52<02:54,  2.74it/s] 23%|██▎       | 139/616 [00:52<02:54,  2.73it/s] 23%|██▎       | 140/616 [00:53<02:52,  2.75it/s] 23%|██▎       | 141/616 [00:53<02:51,  2.77it/s] 23%|██▎       | 142/616 [00:53<02:50,  2.78it/s] 23%|██▎       | 143/616 [00:54<02:53,  2.72it/s] 23%|██▎       | 144/616 [00:54<02:51,  2.75it/s] 24%|██▎       | 145/616 [00:55<02:49,  2.77it/s] 24%|██▎       | 146/616 [00:55<02:47,  2.80it/s] 24%|██▍       | 147/616 [00:55<02:49,  2.76it/s] 24%|██▍       | 148/616 [00:56<02:48,  2.78it/s] 24%|██▍       | 149/616 [00:56<02:48,  2.77it/s] 24%|██▍       | 150/616 [00:56<02:48,  2.76it/s] 25%|██▍       | 151/616 [00:57<02:44,  2.82it/s] 25%|██▍       | 152/616 [00:57<02:48,  2.75it/s] 25%|██▍       | 153/616 [00:57<02:43,  2.83it/s] 25%|██▌       | 154/616 [00:58<02:47,  2.75it/s] 25%|██▌       | 155/616 [00:58<02:45,  2.78it/s] 25%|██▌       | 156/616 [00:58<02:49,  2.72it/s] 25%|██▌       | 157/616 [00:59<02:49,  2.70it/s] 26%|██▌       | 158/616 [00:59<02:44,  2.78it/s] 26%|██▌       | 159/616 [01:00<02:44,  2.77it/s] 26%|██▌       | 160/616 [01:00<02:39,  2.85it/s] 26%|██▌       | 161/616 [01:00<02:45,  2.74it/s] 26%|██▋       | 162/616 [01:01<02:43,  2.77it/s] 26%|██▋       | 163/616 [01:01<02:45,  2.74it/s] 27%|██▋       | 164/616 [01:01<02:42,  2.79it/s] 27%|██▋       | 165/616 [01:02<02:49,  2.66it/s] 27%|██▋       | 166/616 [01:02<02:45,  2.73it/s] 27%|██▋       | 167/616 [01:02<02:45,  2.72it/s] 27%|██▋       | 168/616 [01:03<02:42,  2.76it/s] 27%|██▋       | 169/616 [01:03<02:40,  2.79it/s] 28%|██▊       | 170/616 [01:04<02:40,  2.77it/s] 28%|██▊       | 171/616 [01:04<02:41,  2.76it/s] 28%|██▊       | 172/616 [01:04<02:37,  2.81it/s] 28%|██▊       | 173/616 [01:05<02:40,  2.77it/s] 28%|██▊       | 174/616 [01:05<02:39,  2.77it/s] 28%|██▊       | 175/616 [01:05<02:35,  2.83it/s] 29%|██▊       | 176/616 [01:06<02:39,  2.76it/s] 29%|██▊       | 177/616 [01:06<02:38,  2.77it/s] 29%|██▉       | 178/616 [01:06<02:43,  2.68it/s] 29%|██▉       | 179/616 [01:07<02:42,  2.68it/s] 29%|██▉       | 180/616 [01:07<02:55,  2.48it/s] 29%|██▉       | 181/616 [01:08<02:40,  2.72it/s] 30%|██▉       | 182/616 [01:08<02:45,  2.62it/s] 30%|██▉       | 183/616 [01:08<02:34,  2.80it/s] 30%|██▉       | 184/616 [01:09<02:35,  2.77it/s] 30%|███       | 185/616 [01:09<02:34,  2.80it/s] 30%|███       | 186/616 [01:09<02:35,  2.77it/s] 30%|███       | 187/616 [01:10<02:34,  2.79it/s] 31%|███       | 188/616 [01:10<02:36,  2.73it/s] 31%|███       | 189/616 [01:11<02:30,  2.83it/s] 31%|███       | 190/616 [01:11<02:32,  2.80it/s] 31%|███       | 191/616 [01:11<02:34,  2.75it/s] 31%|███       | 192/616 [01:12<02:30,  2.81it/s] 31%|███▏      | 193/616 [01:12<02:30,  2.80it/s] 31%|███▏      | 194/616 [01:12<02:33,  2.75it/s] 32%|███▏      | 195/616 [01:13<02:29,  2.81it/s] 32%|███▏      | 196/616 [01:13<02:32,  2.76it/s] 32%|███▏      | 197/616 [01:13<02:30,  2.78it/s] 32%|███▏      | 198/616 [01:14<02:27,  2.84it/s] 32%|███▏      | 199/616 [01:14<02:29,  2.78it/s] 32%|███▏      | 200/616 [01:14<02:29,  2.78it/s] 33%|███▎      | 201/616 [01:15<02:28,  2.79it/s] 33%|███▎      | 202/616 [01:15<02:38,  2.61it/s] 33%|███▎      | 203/616 [01:16<02:30,  2.75it/s] 33%|███▎      | 204/616 [01:16<02:27,  2.78it/s] 33%|███▎      | 205/616 [01:16<02:32,  2.70it/s] 33%|███▎      | 206/616 [01:17<02:35,  2.63it/s] 34%|███▎      | 207/616 [01:17<02:27,  2.77it/s] 34%|███▍      | 208/616 [01:17<02:24,  2.81it/s] 34%|███▍      | 209/616 [01:18<02:27,  2.76it/s] 34%|███▍      | 210/616 [01:18<02:26,  2.77it/s] 34%|███▍      | 211/616 [01:18<02:28,  2.72it/s] 34%|███▍      | 212/616 [01:19<02:27,  2.75it/s] 35%|███▍      | 213/616 [01:19<02:27,  2.72it/s] 35%|███▍      | 214/616 [01:20<02:24,  2.78it/s] 35%|███▍      | 215/616 [01:20<02:23,  2.79it/s] 35%|███▌      | 216/616 [01:20<02:24,  2.77it/s] 35%|███▌      | 217/616 [01:21<02:21,  2.82it/s] 35%|███▌      | 218/616 [01:21<02:23,  2.77it/s] 36%|███▌      | 219/616 [01:21<02:21,  2.81it/s] 36%|███▌      | 220/616 [01:22<02:23,  2.76it/s] 36%|███▌      | 221/616 [01:22<02:24,  2.74it/s] 36%|███▌      | 222/616 [01:22<02:19,  2.83it/s] 36%|███▌      | 223/616 [01:23<02:23,  2.73it/s] 36%|███▋      | 224/616 [01:23<02:21,  2.78it/s] 37%|███▋      | 225/616 [01:24<02:20,  2.79it/s] 37%|███▋      | 226/616 [01:24<02:19,  2.80it/s] 37%|███▋      | 227/616 [01:24<02:21,  2.75it/s] 37%|███▋      | 228/616 [01:25<02:23,  2.70it/s] 37%|███▋      | 229/616 [01:25<02:20,  2.75it/s] 37%|███▋      | 230/616 [01:25<02:17,  2.80it/s] 38%|███▊      | 231/616 [01:26<02:18,  2.78it/s] 38%|███▊      | 232/616 [01:26<02:21,  2.71it/s] 38%|███▊      | 233/616 [01:26<02:19,  2.74it/s] 38%|███▊      | 234/616 [01:27<02:18,  2.76it/s] 38%|███▊      | 235/616 [01:27<02:18,  2.76it/s] 38%|███▊      | 236/616 [01:28<02:13,  2.86it/s] 38%|███▊      | 237/616 [01:28<02:17,  2.75it/s] 39%|███▊      | 238/616 [01:28<02:16,  2.77it/s] 39%|███▉      | 239/616 [01:29<02:16,  2.76it/s] 39%|███▉      | 240/616 [01:29<02:10,  2.89it/s] 39%|███▉      | 241/616 [01:29<02:15,  2.76it/s] 39%|███▉      | 242/616 [01:30<02:16,  2.74it/s] 39%|███▉      | 243/616 [01:30<02:16,  2.74it/s] 40%|███▉      | 244/616 [01:30<02:17,  2.71it/s] 40%|███▉      | 245/616 [01:31<02:15,  2.75it/s] 40%|███▉      | 246/616 [01:31<02:14,  2.74it/s] 40%|████      | 247/616 [01:31<02:11,  2.80it/s] 40%|████      | 248/616 [01:32<02:17,  2.68it/s] 40%|████      | 249/616 [01:32<02:14,  2.73it/s] 41%|████      | 250/616 [01:33<02:12,  2.76it/s] 41%|████      | 251/616 [01:33<02:12,  2.75it/s] 41%|████      | 252/616 [01:33<02:13,  2.72it/s] 41%|████      | 253/616 [01:34<02:11,  2.75it/s] 41%|████      | 254/616 [01:34<02:14,  2.69it/s] 41%|████▏     | 255/616 [01:34<02:08,  2.80it/s] 42%|████▏     | 256/616 [01:35<02:10,  2.76it/s] 42%|████▏     | 257/616 [01:35<02:08,  2.79it/s] 42%|████▏     | 258/616 [01:35<02:11,  2.73it/s] 42%|████▏     | 259/616 [01:36<02:11,  2.72it/s] 42%|████▏     | 260/616 [01:36<02:12,  2.69it/s] 42%|████▏     | 261/616 [01:37<02:11,  2.69it/s] 43%|████▎     | 262/616 [01:37<02:08,  2.76it/s] 43%|████▎     | 263/616 [01:37<02:08,  2.74it/s] 43%|████▎     | 264/616 [01:38<02:10,  2.69it/s] 43%|████▎     | 265/616 [01:38<02:07,  2.75it/s] 43%|████▎     | 266/616 [01:38<02:06,  2.76it/s] 43%|████▎     | 267/616 [01:39<02:07,  2.75it/s] 44%|████▎     | 268/616 [01:39<02:07,  2.74it/s] 44%|████▎     | 269/616 [01:40<02:07,  2.73it/s] 44%|████▍     | 270/616 [01:40<02:05,  2.75it/s] 44%|████▍     | 271/616 [01:40<02:20,  2.46it/s] 44%|████▍     | 272/616 [01:41<02:07,  2.69it/s] 44%|████▍     | 273/616 [01:41<02:05,  2.73it/s] 44%|████▍     | 274/616 [01:41<02:03,  2.76it/s] 45%|████▍     | 275/616 [01:42<02:00,  2.82it/s] 45%|████▍     | 276/616 [01:42<02:01,  2.79it/s] 45%|████▍     | 277/616 [01:42<02:03,  2.74it/s] 45%|████▌     | 278/616 [01:43<02:03,  2.75it/s] 45%|████▌     | 279/616 [01:43<02:00,  2.81it/s] 45%|████▌     | 280/616 [01:44<02:00,  2.78it/s] 46%|████▌     | 281/616 [01:44<02:02,  2.74it/s] 46%|████▌     | 282/616 [01:44<02:07,  2.63it/s] 46%|████▌     | 283/616 [01:45<02:01,  2.74it/s] 46%|████▌     | 284/616 [01:45<02:01,  2.73it/s] 46%|████▋     | 285/616 [01:45<01:59,  2.77it/s] 46%|████▋     | 286/616 [01:46<02:00,  2.75it/s] 47%|████▋     | 287/616 [01:46<01:57,  2.80it/s] 47%|████▋     | 288/616 [01:46<01:56,  2.81it/s] 47%|████▋     | 289/616 [01:47<01:57,  2.79it/s] 47%|████▋     | 290/616 [01:47<01:58,  2.76it/s] 47%|████▋     | 291/616 [01:48<01:58,  2.75it/s] 47%|████▋     | 292/616 [01:48<01:55,  2.79it/s] 48%|████▊     | 293/616 [01:48<01:58,  2.73it/s] 48%|████▊     | 294/616 [01:49<02:01,  2.65it/s] 48%|████▊     | 295/616 [01:49<01:56,  2.75it/s] 48%|████▊     | 296/616 [01:49<01:53,  2.82it/s] 48%|████▊     | 297/616 [01:50<01:56,  2.74it/s] 48%|████▊     | 298/616 [01:50<01:55,  2.75it/s] 49%|████▊     | 299/616 [01:50<01:55,  2.73it/s] 49%|████▊     | 300/616 [01:51<01:56,  2.71it/s] 49%|████▉     | 301/616 [01:51<01:56,  2.71it/s] 49%|████▉     | 302/616 [01:52<01:53,  2.77it/s] 49%|████▉     | 303/616 [01:52<01:53,  2.76it/s] 49%|████▉     | 304/616 [01:52<01:53,  2.74it/s] 50%|████▉     | 305/616 [01:53<01:53,  2.75it/s] 50%|████▉     | 306/616 [01:53<01:53,  2.74it/s] 50%|████▉     | 307/616 [01:53<01:51,  2.76it/s] 50%|█████     | 308/616 [01:54<01:52,  2.73it/s] 50%|█████     | 309/616 [01:54<01:53,  2.70it/s] 50%|█████     | 310/616 [01:54<01:51,  2.74it/s] 50%|█████     | 311/616 [01:55<01:51,  2.74it/s] 51%|█████     | 312/616 [01:55<01:52,  2.71it/s] 51%|█████     | 313/616 [01:56<01:49,  2.77it/s] 51%|█████     | 314/616 [01:56<01:49,  2.75it/s] 51%|█████     | 315/616 [01:56<01:48,  2.76it/s] 51%|█████▏    | 316/616 [01:57<01:50,  2.71it/s] 51%|█████▏    | 317/616 [01:57<01:48,  2.75it/s] 52%|█████▏    | 318/616 [01:57<01:46,  2.81it/s] 52%|█████▏    | 319/616 [01:58<01:48,  2.75it/s] 52%|█████▏    | 320/616 [01:58<01:48,  2.72it/s] 52%|█████▏    | 321/616 [01:58<01:47,  2.74it/s] 52%|█████▏    | 322/616 [01:59<01:47,  2.72it/s] 52%|█████▏    | 323/616 [01:59<01:46,  2.76it/s] 53%|█████▎    | 324/616 [02:00<01:45,  2.76it/s] 53%|█████▎    | 325/616 [02:00<01:44,  2.77it/s] 53%|█████▎    | 326/616 [02:00<01:46,  2.72it/s] 53%|█████▎    | 327/616 [02:01<01:42,  2.82it/s] 53%|█████▎    | 328/616 [02:01<01:43,  2.78it/s] 53%|█████▎    | 329/616 [02:01<01:45,  2.71it/s] 54%|█████▎    | 330/616 [02:02<01:43,  2.76it/s] 54%|█████▎    | 331/616 [02:02<01:44,  2.72it/s] 54%|█████▍    | 332/616 [02:02<01:43,  2.75it/s] 54%|█████▍    | 333/616 [02:03<01:42,  2.77it/s] 54%|█████▍    | 334/616 [02:03<01:44,  2.70it/s] 54%|█████▍    | 335/616 [02:04<01:39,  2.82it/s] 55%|█████▍    | 336/616 [02:04<01:39,  2.81it/s] 55%|█████▍    | 337/616 [02:04<01:39,  2.81it/s] 55%|█████▍    | 338/616 [02:05<01:42,  2.72it/s] 55%|█████▌    | 339/616 [02:05<01:35,  2.90it/s] 55%|█████▌    | 340/616 [02:05<01:37,  2.82it/s] 55%|█████▌    | 341/616 [02:06<01:39,  2.75it/s] 56%|█████▌    | 342/616 [02:06<01:39,  2.75it/s] 56%|█████▌    | 343/616 [02:06<01:37,  2.81it/s] 56%|█████▌    | 344/616 [02:07<01:37,  2.80it/s] 56%|█████▌    | 345/616 [02:07<01:38,  2.75it/s] 56%|█████▌    | 346/616 [02:08<01:37,  2.78it/s] 56%|█████▋    | 347/616 [02:08<01:40,  2.68it/s] 56%|█████▋    | 348/616 [02:08<01:38,  2.73it/s] 57%|█████▋    | 349/616 [02:09<01:39,  2.68it/s] 57%|█████▋    | 350/616 [02:09<01:35,  2.78it/s] 57%|█████▋    | 351/616 [02:09<01:36,  2.73it/s] 57%|█████▋    | 352/616 [02:10<01:37,  2.72it/s] 57%|█████▋    | 353/616 [02:10<01:36,  2.73it/s] 57%|█████▋    | 354/616 [02:10<01:34,  2.76it/s] 58%|█████▊    | 355/616 [02:11<01:36,  2.71it/s] 58%|█████▊    | 356/616 [02:11<01:36,  2.71it/s] 58%|█████▊    | 357/616 [02:12<01:33,  2.78it/s] 58%|█████▊    | 358/616 [02:12<01:32,  2.80it/s] 58%|█████▊    | 359/616 [02:12<01:33,  2.75it/s] 58%|█████▊    | 360/616 [02:13<01:30,  2.82it/s] 59%|█████▊    | 361/616 [02:13<01:31,  2.78it/s] 59%|█████▉    | 362/616 [02:13<01:32,  2.73it/s] 59%|█████▉    | 363/616 [02:14<01:30,  2.81it/s] 59%|█████▉    | 364/616 [02:14<01:30,  2.79it/s] 59%|█████▉    | 365/616 [02:14<01:31,  2.75it/s] 59%|█████▉    | 366/616 [02:15<01:31,  2.72it/s] 60%|█████▉    | 367/616 [02:15<01:28,  2.80it/s] 60%|█████▉    | 368/616 [02:16<01:28,  2.81it/s] 60%|█████▉    | 369/616 [02:16<01:29,  2.77it/s] 60%|██████    | 370/616 [02:16<01:29,  2.75it/s] 60%|██████    | 371/616 [02:17<01:27,  2.81it/s] 60%|██████    | 372/616 [02:17<01:28,  2.76it/s] 61%|██████    | 373/616 [02:17<01:29,  2.71it/s] 61%|██████    | 374/616 [02:18<01:28,  2.73it/s] 61%|██████    | 375/616 [02:18<01:27,  2.75it/s] 61%|██████    | 376/616 [02:18<01:26,  2.77it/s] 61%|██████    | 377/616 [02:19<01:26,  2.75it/s] 61%|██████▏   | 378/616 [02:19<01:26,  2.76it/s] 62%|██████▏   | 379/616 [02:19<01:23,  2.85it/s] 62%|██████▏   | 380/616 [02:20<01:24,  2.79it/s] 62%|██████▏   | 381/616 [02:20<01:24,  2.78it/s] 62%|██████▏   | 382/616 [02:21<01:25,  2.75it/s] 62%|██████▏   | 383/616 [02:21<01:22,  2.82it/s] 62%|██████▏   | 384/616 [02:21<01:23,  2.79it/s] 62%|██████▎   | 385/616 [02:22<01:23,  2.76it/s] 63%|██████▎   | 386/616 [02:22<01:22,  2.80it/s] 63%|██████▎   | 387/616 [02:22<01:24,  2.71it/s] 63%|██████▎   | 388/616 [02:23<01:20,  2.83it/s] 63%|██████▎   | 389/616 [02:23<01:23,  2.73it/s] 63%|██████▎   | 390/616 [02:23<01:22,  2.75it/s] 63%|██████▎   | 391/616 [02:24<01:20,  2.80it/s] 64%|██████▎   | 392/616 [02:24<01:19,  2.81it/s] 64%|██████▍   | 393/616 [02:25<01:21,  2.75it/s] 64%|██████▍   | 394/616 [02:25<01:19,  2.79it/s] 64%|██████▍   | 395/616 [02:25<01:20,  2.74it/s] 64%|██████▍   | 396/616 [02:26<01:20,  2.75it/s] 64%|██████▍   | 397/616 [02:26<01:20,  2.72it/s] 65%|██████▍   | 398/616 [02:26<01:22,  2.64it/s] 65%|██████▍   | 399/616 [02:27<01:18,  2.76it/s] 65%|██████▍   | 400/616 [02:27<01:18,  2.76it/s] 65%|██████▌   | 401/616 [02:27<01:16,  2.81it/s] 65%|██████▌   | 402/616 [02:28<01:18,  2.73it/s] 65%|██████▌   | 403/616 [02:28<01:18,  2.72it/s] 66%|██████▌   | 404/616 [02:29<01:14,  2.84it/s] 66%|██████▌   | 405/616 [02:29<01:17,  2.73it/s] 66%|██████▌   | 406/616 [02:29<01:18,  2.68it/s] 66%|██████▌   | 407/616 [02:30<01:16,  2.75it/s] 66%|██████▌   | 408/616 [02:30<01:15,  2.77it/s] 66%|██████▋   | 409/616 [02:30<01:15,  2.74it/s] 67%|██████▋   | 410/616 [02:31<01:15,  2.71it/s] 67%|██████▋   | 411/616 [02:31<01:14,  2.76it/s] 67%|██████▋   | 412/616 [02:31<01:12,  2.81it/s] 67%|██████▋   | 413/616 [02:32<01:15,  2.70it/s] 67%|██████▋   | 414/616 [02:32<01:14,  2.70it/s] 67%|██████▋   | 415/616 [02:33<01:11,  2.81it/s] 68%|██████▊   | 416/616 [02:33<01:11,  2.81it/s] 68%|██████▊   | 417/616 [02:33<01:11,  2.77it/s] 68%|██████▊   | 418/616 [02:34<01:13,  2.69it/s] 68%|██████▊   | 419/616 [02:34<01:10,  2.78it/s] 68%|██████▊   | 420/616 [02:34<01:09,  2.82it/s] 68%|██████▊   | 421/616 [02:35<01:09,  2.80it/s] 69%|██████▊   | 422/616 [02:35<01:11,  2.70it/s] 69%|██████▊   | 423/616 [02:35<01:07,  2.86it/s] 69%|██████▉   | 424/616 [02:36<01:09,  2.77it/s] 69%|██████▉   | 425/616 [02:36<01:08,  2.79it/s] 69%|██████▉   | 426/616 [02:37<01:09,  2.73it/s] 69%|██████▉   | 427/616 [02:37<01:08,  2.76it/s] 69%|██████▉   | 428/616 [02:37<01:08,  2.75it/s] 70%|██████▉   | 429/616 [02:38<01:07,  2.78it/s] 70%|██████▉   | 430/616 [02:38<01:08,  2.72it/s] 70%|██████▉   | 431/616 [02:38<01:06,  2.77it/s] 70%|███████   | 432/616 [02:39<01:08,  2.69it/s] 70%|███████   | 433/616 [02:39<01:07,  2.70it/s] 70%|███████   | 434/616 [02:39<01:04,  2.82it/s] 71%|███████   | 435/616 [02:40<01:05,  2.77it/s] 71%|███████   | 436/616 [02:40<01:06,  2.69it/s] 71%|███████   | 437/616 [02:41<01:05,  2.75it/s] 71%|███████   | 438/616 [02:41<01:04,  2.75it/s] 71%|███████▏  | 439/616 [02:41<01:05,  2.69it/s] 71%|███████▏  | 440/616 [02:42<01:04,  2.74it/s] 72%|███████▏  | 441/616 [02:42<01:05,  2.67it/s] 72%|███████▏  | 442/616 [02:42<01:02,  2.77it/s] 72%|███████▏  | 443/616 [02:43<01:02,  2.78it/s] 72%|███████▏  | 444/616 [02:43<01:02,  2.74it/s] 72%|███████▏  | 445/616 [02:43<01:10,  2.43it/s] 72%|███████▏  | 446/616 [02:44<01:02,  2.71it/s] 73%|███████▎  | 447/616 [02:44<01:00,  2.77it/s] 73%|███████▎  | 448/616 [02:45<01:01,  2.74it/s] 73%|███████▎  | 449/616 [02:45<01:00,  2.74it/s] 73%|███████▎  | 450/616 [02:45<01:01,  2.69it/s] 73%|███████▎  | 451/616 [02:46<00:58,  2.81it/s] 73%|███████▎  | 452/616 [02:46<00:58,  2.79it/s] 74%|███████▎  | 453/616 [02:46<00:59,  2.73it/s] 74%|███████▎  | 454/616 [02:47<00:58,  2.78it/s] 74%|███████▍  | 455/616 [02:47<00:57,  2.79it/s] 74%|███████▍  | 456/616 [02:47<00:56,  2.83it/s] 74%|███████▍  | 457/616 [02:48<00:57,  2.75it/s] 74%|███████▍  | 458/616 [02:48<00:56,  2.78it/s] 75%|███████▍  | 459/616 [02:49<00:56,  2.80it/s] 75%|███████▍  | 460/616 [02:49<00:56,  2.75it/s] 75%|███████▍  | 461/616 [02:49<00:56,  2.74it/s] 75%|███████▌  | 462/616 [02:50<00:55,  2.80it/s] 75%|███████▌  | 463/616 [02:50<00:56,  2.70it/s] 75%|███████▌  | 464/616 [02:50<00:55,  2.74it/s] 75%|███████▌  | 465/616 [02:51<00:53,  2.80it/s] 76%|███████▌  | 466/616 [02:51<00:53,  2.78it/s] 76%|███████▌  | 467/616 [02:51<00:55,  2.71it/s] 76%|███████▌  | 468/616 [02:52<00:54,  2.73it/s] 76%|███████▌  | 469/616 [02:52<00:53,  2.74it/s] 76%|███████▋  | 470/616 [02:53<00:52,  2.78it/s] 76%|███████▋  | 471/616 [02:53<00:52,  2.75it/s] 77%|███████▋  | 472/616 [02:53<00:52,  2.73it/s] 77%|███████▋  | 473/616 [02:54<00:52,  2.74it/s] 77%|███████▋  | 474/616 [02:54<00:51,  2.76it/s] 77%|███████▋  | 475/616 [02:54<00:51,  2.76it/s] 77%|███████▋  | 476/616 [02:55<00:51,  2.71it/s] 77%|███████▋  | 477/616 [02:55<00:50,  2.76it/s] 78%|███████▊  | 478/616 [02:55<00:49,  2.76it/s] 78%|███████▊  | 479/616 [02:56<00:50,  2.73it/s] 78%|███████▊  | 480/616 [02:56<00:49,  2.72it/s] 78%|███████▊  | 481/616 [02:57<00:50,  2.65it/s] 78%|███████▊  | 482/616 [02:57<00:47,  2.82it/s] 78%|███████▊  | 483/616 [02:57<00:48,  2.74it/s] 79%|███████▊  | 484/616 [02:58<00:49,  2.69it/s] 79%|███████▊  | 485/616 [02:58<00:48,  2.71it/s] 79%|███████▉  | 486/616 [02:58<00:47,  2.73it/s] 79%|███████▉  | 487/616 [02:59<00:46,  2.77it/s] 79%|███████▉  | 488/616 [02:59<00:47,  2.71it/s] 79%|███████▉  | 489/616 [02:59<00:45,  2.77it/s] 80%|███████▉  | 490/616 [03:00<00:45,  2.74it/s] 80%|███████▉  | 491/616 [03:00<00:44,  2.83it/s] 80%|███████▉  | 492/616 [03:01<00:43,  2.82it/s] 80%|████████  | 493/616 [03:01<00:43,  2.80it/s] 80%|████████  | 494/616 [03:01<00:45,  2.70it/s] 80%|████████  | 495/616 [03:02<00:43,  2.81it/s] 81%|████████  | 496/616 [03:02<00:43,  2.75it/s] 81%|████████  | 497/616 [03:02<00:43,  2.72it/s] 81%|████████  | 498/616 [03:03<00:44,  2.67it/s] 81%|████████  | 499/616 [03:03<00:42,  2.73it/s] 81%|████████  | 500/616 [03:03<00:41,  2.80it/s] 81%|████████▏ | 501/616 [03:04<00:41,  2.75it/s] 81%|████████▏ | 502/616 [03:04<00:41,  2.73it/s] 82%|████████▏ | 503/616 [03:05<00:40,  2.82it/s] 82%|████████▏ | 504/616 [03:05<00:39,  2.81it/s] 82%|████████▏ | 505/616 [03:05<00:40,  2.75it/s] 82%|████████▏ | 506/616 [03:06<00:40,  2.74it/s] 82%|████████▏ | 507/616 [03:06<00:39,  2.74it/s] 82%|████████▏ | 508/616 [03:06<00:38,  2.82it/s] 83%|████████▎ | 509/616 [03:07<00:39,  2.72it/s] 83%|████████▎ | 510/616 [03:07<00:39,  2.66it/s] 83%|████████▎ | 511/616 [03:07<00:38,  2.73it/s] 83%|████████▎ | 512/616 [03:08<00:38,  2.70it/s] 83%|████████▎ | 513/616 [03:08<00:37,  2.76it/s] 83%|████████▎ | 514/616 [03:09<00:36,  2.76it/s] 84%|████████▎ | 515/616 [03:09<00:36,  2.76it/s] 84%|████████▍ | 516/616 [03:09<00:36,  2.71it/s] 84%|████████▍ | 517/616 [03:10<00:36,  2.72it/s] 84%|████████▍ | 518/616 [03:10<00:35,  2.78it/s] 84%|████████▍ | 519/616 [03:10<00:36,  2.67it/s] 84%|████████▍ | 520/616 [03:11<00:36,  2.65it/s] 85%|████████▍ | 521/616 [03:11<00:34,  2.76it/s] 85%|████████▍ | 522/616 [03:12<00:33,  2.78it/s] 85%|████████▍ | 523/616 [03:12<00:33,  2.74it/s] 85%|████████▌ | 524/616 [03:12<00:34,  2.64it/s] 85%|████████▌ | 525/616 [03:13<00:33,  2.74it/s] 85%|████████▌ | 526/616 [03:13<00:32,  2.75it/s] 86%|████████▌ | 527/616 [03:13<00:32,  2.73it/s] 86%|████████▌ | 528/616 [03:14<00:31,  2.75it/s] 86%|████████▌ | 529/616 [03:14<00:31,  2.77it/s] 86%|████████▌ | 530/616 [03:14<00:30,  2.79it/s] 86%|████████▌ | 531/616 [03:15<00:31,  2.71it/s] 86%|████████▋ | 532/616 [03:15<00:30,  2.73it/s] 87%|████████▋ | 533/616 [03:16<00:30,  2.74it/s] 87%|████████▋ | 534/616 [03:16<00:29,  2.74it/s] 87%|████████▋ | 535/616 [03:16<00:29,  2.76it/s] 87%|████████▋ | 536/616 [03:17<00:32,  2.47it/s] 87%|████████▋ | 537/616 [03:17<00:28,  2.76it/s] 87%|████████▋ | 538/616 [03:17<00:27,  2.79it/s] 88%|████████▊ | 539/616 [03:18<00:27,  2.78it/s] 88%|████████▊ | 540/616 [03:18<00:27,  2.72it/s] 88%|████████▊ | 541/616 [03:18<00:26,  2.78it/s] 88%|████████▊ | 542/616 [03:19<00:26,  2.74it/s] 88%|████████▊ | 543/616 [03:19<00:26,  2.77it/s] 88%|████████▊ | 544/616 [03:20<00:26,  2.76it/s] 88%|████████▊ | 545/616 [03:20<00:25,  2.76it/s] 89%|████████▊ | 546/616 [03:20<00:25,  2.77it/s] 89%|████████▉ | 547/616 [03:21<00:24,  2.77it/s] 89%|████████▉ | 548/616 [03:21<00:25,  2.70it/s] 89%|████████▉ | 549/616 [03:21<00:24,  2.78it/s] 89%|████████▉ | 550/616 [03:22<00:23,  2.79it/s] 89%|████████▉ | 551/616 [03:22<00:23,  2.75it/s] 90%|████████▉ | 552/616 [03:22<00:23,  2.75it/s] 90%|████████▉ | 553/616 [03:23<00:22,  2.74it/s] 90%|████████▉ | 554/616 [03:23<00:22,  2.78it/s] 90%|█████████ | 555/616 [03:24<00:22,  2.71it/s] 90%|█████████ | 556/616 [03:24<00:22,  2.70it/s] 90%|█████████ | 557/616 [03:24<00:21,  2.79it/s] 91%|█████████ | 558/616 [03:25<00:21,  2.74it/s] 91%|█████████ | 559/616 [03:25<00:20,  2.75it/s] 91%|█████████ | 560/616 [03:25<00:20,  2.69it/s] 91%|█████████ | 561/616 [03:26<00:19,  2.76it/s] 91%|█████████ | 562/616 [03:26<00:19,  2.79it/s] 91%|█████████▏| 563/616 [03:26<00:19,  2.74it/s] 92%|█████████▏| 564/616 [03:27<00:19,  2.70it/s] 92%|█████████▏| 565/616 [03:27<00:18,  2.76it/s] 92%|█████████▏| 566/616 [03:28<00:18,  2.72it/s] 92%|█████████▏| 567/616 [03:28<00:17,  2.77it/s] 92%|█████████▏| 568/616 [03:28<00:17,  2.69it/s] 92%|█████████▏| 569/616 [03:29<00:16,  2.77it/s] 93%|█████████▎| 570/616 [03:29<00:17,  2.68it/s] 93%|█████████▎| 571/616 [03:29<00:16,  2.77it/s] 93%|█████████▎| 572/616 [03:30<00:15,  2.78it/s] 93%|█████████▎| 573/616 [03:30<00:15,  2.77it/s] 93%|█████████▎| 574/616 [03:30<00:15,  2.77it/s] 93%|█████████▎| 575/616 [03:31<00:14,  2.82it/s] 94%|█████████▎| 576/616 [03:31<00:14,  2.84it/s] 94%|█████████▎| 577/616 [03:32<00:14,  2.77it/s] 94%|█████████▍| 578/616 [03:32<00:13,  2.77it/s] 94%|█████████▍| 579/616 [03:32<00:13,  2.70it/s] 94%|█████████▍| 580/616 [03:33<00:12,  2.85it/s] 94%|█████████▍| 581/616 [03:33<00:12,  2.77it/s] 94%|█████████▍| 582/616 [03:33<00:12,  2.77it/s] 95%|█████████▍| 583/616 [03:34<00:11,  2.82it/s] 95%|█████████▍| 584/616 [03:34<00:11,  2.76it/s] 95%|█████████▍| 585/616 [03:34<00:11,  2.70it/s] 95%|█████████▌| 586/616 [03:35<00:10,  2.73it/s] 95%|█████████▌| 587/616 [03:35<00:10,  2.79it/s] 95%|█████████▌| 588/616 [03:36<00:10,  2.70it/s] 96%|█████████▌| 589/616 [03:36<00:09,  2.78it/s] 96%|█████████▌| 590/616 [03:36<00:09,  2.77it/s] 96%|█████████▌| 591/616 [03:37<00:09,  2.74it/s] 96%|█████████▌| 592/616 [03:37<00:08,  2.74it/s] 96%|█████████▋| 593/616 [03:37<00:08,  2.74it/s] 96%|█████████▋| 594/616 [03:38<00:07,  2.77it/s] 97%|█████████▋| 595/616 [03:38<00:07,  2.78it/s] 97%|█████████▋| 596/616 [03:38<00:07,  2.71it/s] 97%|█████████▋| 597/616 [03:39<00:06,  2.86it/s] 97%|█████████▋| 598/616 [03:39<00:06,  2.74it/s] 97%|█████████▋| 599/616 [03:40<00:06,  2.79it/s] 97%|█████████▋| 600/616 [03:40<00:05,  2.74it/s] 98%|█████████▊| 601/616 [03:40<00:05,  2.82it/s] 98%|█████████▊| 602/616 [03:41<00:05,  2.77it/s] 98%|█████████▊| 603/616 [03:41<00:04,  2.69it/s] 98%|█████████▊| 604/616 [03:41<00:04,  2.73it/s] 98%|█████████▊| 605/616 [03:42<00:03,  2.76it/s] 98%|█████████▊| 606/616 [03:42<00:03,  2.81it/s] 99%|█████████▊| 607/616 [03:42<00:03,  2.77it/s] 99%|█████████▊| 608/616 [03:43<00:02,  2.72it/s] 99%|█████████▉| 609/616 [03:43<00:02,  2.79it/s] 99%|█████████▉| 610/616 [03:43<00:02,  2.84it/s] 99%|█████████▉| 611/616 [03:44<00:01,  2.79it/s] 99%|█████████▉| 612/616 [03:44<00:01,  2.83it/s]100%|█████████▉| 613/616 [03:45<00:01,  2.81it/s]100%|█████████▉| 614/616 [03:45<00:00,  2.81it/s]100%|█████████▉| 615/616 [03:45<00:00,  2.78it/s]100%|██████████| 616/616 [03:46<00:00,  2.99it/s]100%|██████████| 616/616 [03:46<00:00,  2.72it/s][2022-09-16 13:26:53,922][__main__][INFO] - Train Instance Accuracy: 0.482909
[2022-09-16 13:26:53,923][__main__][INFO] - loss: 2.472459

  0%|          | 0/155 [00:00<?, ?it/s]  1%|          | 1/155 [00:01<05:07,  2.00s/it]  1%|▏         | 2/155 [00:02<02:42,  1.06s/it]  2%|▏         | 3/155 [00:02<01:42,  1.48it/s]  3%|▎         | 4/155 [00:02<01:14,  2.03it/s]  3%|▎         | 5/155 [00:03<01:10,  2.12it/s]  4%|▍         | 6/155 [00:03<01:05,  2.26it/s]  5%|▍         | 7/155 [00:03<00:56,  2.62it/s]  5%|▌         | 8/155 [00:04<00:50,  2.92it/s]  6%|▌         | 9/155 [00:04<00:52,  2.76it/s]  6%|▋         | 10/155 [00:05<01:03,  2.29it/s]  7%|▋         | 11/155 [00:05<00:52,  2.73it/s]  8%|▊         | 12/155 [00:05<00:46,  3.09it/s]  8%|▊         | 13/155 [00:05<00:41,  3.39it/s]  9%|▉         | 14/155 [00:06<00:53,  2.62it/s] 10%|▉         | 15/155 [00:06<00:46,  3.03it/s] 10%|█         | 16/155 [00:06<00:42,  3.28it/s] 11%|█         | 17/155 [00:07<00:38,  3.59it/s] 12%|█▏        | 18/155 [00:07<00:42,  3.23it/s] 12%|█▏        | 19/155 [00:07<00:44,  3.04it/s] 13%|█▎        | 20/155 [00:08<00:41,  3.26it/s] 14%|█▎        | 21/155 [00:08<00:38,  3.52it/s] 14%|█▍        | 22/155 [00:08<00:41,  3.20it/s] 15%|█▍        | 23/155 [00:08<00:39,  3.36it/s] 15%|█▌        | 24/155 [00:09<00:38,  3.37it/s] 16%|█▌        | 25/155 [00:09<00:36,  3.56it/s] 17%|█▋        | 26/155 [00:09<00:39,  3.24it/s] 17%|█▋        | 27/155 [00:10<00:35,  3.60it/s] 18%|█▊        | 28/155 [00:10<00:40,  3.12it/s] 19%|█▊        | 29/155 [00:10<00:36,  3.44it/s] 19%|█▉        | 30/155 [00:11<00:44,  2.81it/s] 20%|██        | 31/155 [00:11<00:38,  3.19it/s] 21%|██        | 32/155 [00:11<00:39,  3.10it/s] 21%|██▏       | 33/155 [00:12<00:35,  3.44it/s] 22%|██▏       | 34/155 [00:12<00:42,  2.83it/s] 23%|██▎       | 35/155 [00:12<00:37,  3.19it/s] 23%|██▎       | 36/155 [00:12<00:34,  3.50it/s] 24%|██▍       | 37/155 [00:13<00:31,  3.74it/s] 25%|██▍       | 38/155 [00:13<00:38,  3.08it/s] 25%|██▌       | 39/155 [00:13<00:35,  3.28it/s] 26%|██▌       | 40/155 [00:14<00:34,  3.31it/s] 26%|██▋       | 41/155 [00:14<00:31,  3.60it/s] 27%|██▋       | 42/155 [00:14<00:35,  3.15it/s] 28%|██▊       | 43/155 [00:15<00:32,  3.49it/s] 28%|██▊       | 44/155 [00:15<00:34,  3.21it/s] 29%|██▉       | 45/155 [00:15<00:31,  3.53it/s] 30%|██▉       | 46/155 [00:16<00:36,  2.98it/s] 30%|███       | 47/155 [00:16<00:32,  3.36it/s] 31%|███       | 48/155 [00:16<00:31,  3.45it/s] 32%|███▏      | 49/155 [00:16<00:28,  3.67it/s] 32%|███▏      | 50/155 [00:17<00:34,  3.01it/s] 33%|███▎      | 51/155 [00:17<00:30,  3.40it/s] 34%|███▎      | 52/155 [00:17<00:29,  3.46it/s] 34%|███▍      | 53/155 [00:17<00:26,  3.78it/s] 35%|███▍      | 54/155 [00:18<00:31,  3.21it/s] 35%|███▌      | 55/155 [00:18<00:27,  3.58it/s] 36%|███▌      | 56/155 [00:18<00:27,  3.63it/s] 37%|███▋      | 57/155 [00:19<00:26,  3.71it/s] 37%|███▋      | 58/155 [00:19<00:28,  3.38it/s] 38%|███▊      | 59/155 [00:19<00:29,  3.31it/s] 39%|███▊      | 60/155 [00:19<00:26,  3.63it/s] 39%|███▉      | 61/155 [00:20<00:26,  3.53it/s] 40%|████      | 62/155 [00:20<00:24,  3.77it/s] 41%|████      | 63/155 [00:20<00:28,  3.25it/s] 41%|████▏     | 64/155 [00:21<00:25,  3.56it/s] 42%|████▏     | 65/155 [00:21<00:25,  3.55it/s] 43%|████▎     | 66/155 [00:21<00:23,  3.87it/s] 43%|████▎     | 67/155 [00:21<00:24,  3.53it/s] 44%|████▍     | 68/155 [00:22<00:23,  3.75it/s] 45%|████▍     | 69/155 [00:22<00:26,  3.23it/s] 45%|████▌     | 70/155 [00:22<00:23,  3.59it/s] 46%|████▌     | 71/155 [00:23<00:26,  3.19it/s] 46%|████▋     | 72/155 [00:23<00:23,  3.58it/s] 47%|████▋     | 73/155 [00:23<00:25,  3.21it/s] 48%|████▊     | 74/155 [00:24<00:22,  3.60it/s] 48%|████▊     | 75/155 [00:24<00:25,  3.09it/s] 49%|████▉     | 76/155 [00:24<00:22,  3.49it/s] 50%|████▉     | 77/155 [00:24<00:23,  3.37it/s] 50%|█████     | 78/155 [00:25<00:21,  3.67it/s] 51%|█████     | 79/155 [00:25<00:19,  3.85it/s] 52%|█████▏    | 80/155 [00:25<00:21,  3.57it/s] 52%|█████▏    | 81/155 [00:26<00:21,  3.46it/s] 53%|█████▎    | 82/155 [00:26<00:19,  3.71it/s] 54%|█████▎    | 83/155 [00:26<00:23,  3.13it/s] 54%|█████▍    | 84/155 [00:26<00:20,  3.52it/s] 55%|█████▍    | 85/155 [00:27<00:20,  3.46it/s] 55%|█████▌    | 86/155 [00:27<00:18,  3.81it/s] 56%|█████▌    | 87/155 [00:27<00:21,  3.18it/s] 57%|█████▋    | 88/155 [00:28<00:19,  3.50it/s] 57%|█████▋    | 89/155 [00:28<00:18,  3.62it/s] 58%|█████▊    | 90/155 [00:28<00:16,  3.93it/s] 59%|█████▊    | 91/155 [00:28<00:20,  3.16it/s] 59%|█████▉    | 92/155 [00:29<00:17,  3.55it/s] 60%|██████    | 93/155 [00:29<00:17,  3.58it/s] 61%|██████    | 94/155 [00:29<00:15,  3.85it/s] 61%|██████▏   | 95/155 [00:29<00:15,  3.91it/s] 62%|██████▏   | 96/155 [00:30<00:16,  3.55it/s] 63%|██████▎   | 97/155 [00:30<00:16,  3.43it/s] 63%|██████▎   | 98/155 [00:30<00:15,  3.72it/s] 64%|██████▍   | 99/155 [00:31<00:14,  3.80it/s] 65%|██████▍   | 100/155 [00:31<00:15,  3.60it/s] 65%|██████▌   | 101/155 [00:31<00:15,  3.50it/s] 66%|██████▌   | 102/155 [00:31<00:13,  3.85it/s] 66%|██████▋   | 103/155 [00:32<00:13,  3.89it/s] 67%|██████▋   | 104/155 [00:32<00:13,  3.75it/s] 68%|██████▊   | 105/155 [00:32<00:14,  3.36it/s] 68%|██████▊   | 106/155 [00:32<00:13,  3.70it/s] 69%|██████▉   | 107/155 [00:33<00:12,  3.84it/s] 70%|██████▉   | 108/155 [00:33<00:12,  3.75it/s] 70%|███████   | 109/155 [00:33<00:13,  3.42it/s] 71%|███████   | 110/155 [00:34<00:12,  3.75it/s] 72%|███████▏  | 111/155 [00:34<00:15,  2.85it/s] 72%|███████▏  | 112/155 [00:34<00:13,  3.24it/s] 73%|███████▎  | 113/155 [00:35<00:11,  3.60it/s] 74%|███████▎  | 114/155 [00:35<00:10,  3.89it/s] 74%|███████▍  | 115/155 [00:35<00:13,  2.93it/s] 75%|███████▍  | 116/155 [00:35<00:11,  3.34it/s] 75%|███████▌  | 117/155 [00:36<00:10,  3.62it/s] 76%|███████▌  | 118/155 [00:36<00:09,  3.89it/s] 77%|███████▋  | 119/155 [00:36<00:11,  3.00it/s] 77%|███████▋  | 120/155 [00:37<00:10,  3.36it/s] 78%|███████▊  | 121/155 [00:37<00:09,  3.66it/s] 79%|███████▊  | 122/155 [00:37<00:08,  3.89it/s] 79%|███████▉  | 123/155 [00:38<00:10,  3.10it/s] 80%|████████  | 124/155 [00:38<00:09,  3.44it/s] 81%|████████  | 125/155 [00:38<00:08,  3.71it/s] 81%|████████▏ | 126/155 [00:38<00:07,  3.98it/s] 82%|████████▏ | 127/155 [00:39<00:09,  3.11it/s] 83%|████████▎ | 128/155 [00:39<00:07,  3.46it/s] 83%|████████▎ | 129/155 [00:39<00:06,  3.80it/s] 84%|████████▍ | 130/155 [00:39<00:06,  4.08it/s] 85%|████████▍ | 131/155 [00:40<00:07,  3.31it/s] 85%|████████▌ | 132/155 [00:40<00:06,  3.33it/s] 86%|████████▌ | 133/155 [00:40<00:05,  3.70it/s] 86%|████████▋ | 134/155 [00:40<00:05,  3.93it/s] 87%|████████▋ | 135/155 [00:41<00:06,  3.12it/s] 88%|████████▊ | 136/155 [00:41<00:05,  3.37it/s] 88%|████████▊ | 137/155 [00:41<00:04,  3.70it/s] 89%|████████▉ | 138/155 [00:42<00:04,  3.98it/s] 90%|████████▉ | 139/155 [00:42<00:05,  3.02it/s] 90%|█████████ | 140/155 [00:42<00:04,  3.31it/s] 91%|█████████ | 141/155 [00:43<00:03,  3.61it/s] 92%|█████████▏| 142/155 [00:43<00:03,  3.82it/s] 92%|█████████▏| 143/155 [00:43<00:03,  3.11it/s] 93%|█████████▎| 144/155 [00:43<00:03,  3.45it/s] 94%|█████████▎| 145/155 [00:44<00:02,  3.73it/s] 94%|█████████▍| 146/155 [00:44<00:02,  3.99it/s] 95%|█████████▍| 147/155 [00:44<00:02,  3.47it/s] 95%|█████████▌| 148/155 [00:44<00:01,  3.70it/s] 96%|█████████▌| 149/155 [00:45<00:01,  3.74it/s] 97%|█████████▋| 150/155 [00:45<00:01,  4.04it/s] 97%|█████████▋| 151/155 [00:45<00:00,  4.29it/s] 98%|█████████▊| 152/155 [00:45<00:00,  4.36it/s] 99%|█████████▊| 153/155 [00:46<00:00,  4.55it/s] 99%|█████████▉| 154/155 [00:46<00:00,  4.73it/s]100%|██████████| 155/155 [00:46<00:00,  5.36it/s]100%|██████████| 155/155 [00:46<00:00,  3.33it/s][2022-09-16 13:27:40,695][__main__][INFO] - Test Instance Accuracy: 0.657258, Class Accuracy: 0.525943
[2022-09-16 13:27:40,696][__main__][INFO] - Best Instance Accuracy: 0.657258, Class Accuracy: 0.525943
[2022-09-16 13:27:40,696][tensorboardX.summary][INFO] - Summary name Test Acc is illegal; using Test_Acc instead.
[2022-09-16 13:27:40,697][__main__][INFO] - Save model...
[2022-09-16 13:27:40,699][__main__][INFO] - Saving at best_model.pth
[2022-09-16 13:27:40,899][__main__][INFO] - Epoch 4 (4/200):

  0%|          | 0/616 [00:00<?, ?it/s]  0%|          | 1/616 [00:02<22:01,  2.15s/it]  0%|          | 2/616 [00:02<05:24,  1.89it/s]  0%|          | 3/616 [00:02<03:46,  2.71it/s]  1%|          | 4/616 [00:03<04:04,  2.50it/s]  1%|          | 5/616 [00:04<08:05,  1.26it/s]  1%|          | 6/616 [00:04<04:05,  2.49it/s]  1%|          | 7/616 [00:04<03:42,  2.74it/s]  1%|▏         | 8/616 [00:05<03:41,  2.75it/s]  1%|▏         | 9/616 [00:05<03:37,  2.79it/s]  2%|▏         | 10/616 [00:05<03:38,  2.78it/s]  2%|▏         | 11/616 [00:06<03:41,  2.73it/s]  2%|▏         | 12/616 [00:06<03:33,  2.82it/s]  2%|▏         | 13/616 [00:06<03:32,  2.84it/s]  2%|▏         | 14/616 [00:07<03:37,  2.77it/s]  2%|▏         | 15/616 [00:07<03:38,  2.75it/s]  3%|▎         | 16/616 [00:08<03:33,  2.81it/s]  3%|▎         | 17/616 [00:08<03:36,  2.76it/s]  3%|▎         | 18/616 [00:08<03:34,  2.79it/s]  3%|▎         | 19/616 [00:09<03:35,  2.77it/s]  3%|▎         | 20/616 [00:09<03:29,  2.85it/s]  3%|▎         | 21/616 [00:09<03:35,  2.76it/s]  4%|▎         | 22/616 [00:10<03:31,  2.81it/s]  4%|▎         | 23/616 [00:10<03:31,  2.80it/s]  4%|▍         | 24/616 [00:10<03:29,  2.82it/s]  4%|▍         | 25/616 [00:11<03:28,  2.83it/s]  4%|▍         | 26/616 [00:11<03:26,  2.85it/s]  4%|▍         | 27/616 [00:11<03:27,  2.84it/s]  5%|▍         | 28/616 [00:12<03:32,  2.77it/s]  5%|▍         | 29/616 [00:12<03:31,  2.77it/s]  5%|▍         | 30/616 [00:13<03:30,  2.78it/s]  5%|▌         | 31/616 [00:13<03:30,  2.78it/s]  5%|▌         | 32/616 [00:13<03:28,  2.80it/s]  5%|▌         | 33/616 [00:14<03:27,  2.81it/s]  6%|▌         | 34/616 [00:14<03:23,  2.86it/s]  6%|▌         | 35/616 [00:14<03:33,  2.72it/s]  6%|▌         | 36/616 [00:15<03:30,  2.76it/s]  6%|▌         | 37/616 [00:15<03:22,  2.86it/s]  6%|▌         | 38/616 [00:15<03:29,  2.76it/s]  6%|▋         | 39/616 [00:16<03:27,  2.78it/s]  6%|▋         | 40/616 [00:16<03:26,  2.79it/s]  7%|▋         | 41/616 [00:17<03:23,  2.82it/s]  7%|▋         | 42/616 [00:17<03:25,  2.79it/s]  7%|▋         | 43/616 [00:17<03:28,  2.74it/s]  7%|▋         | 44/616 [00:18<03:25,  2.79it/s]  7%|▋         | 45/616 [00:18<03:19,  2.86it/s]  7%|▋         | 46/616 [00:18<03:25,  2.77it/s]  8%|▊         | 47/616 [00:19<03:22,  2.81it/s]  8%|▊         | 48/616 [00:19<03:19,  2.84it/s]  8%|▊         | 49/616 [00:19<03:23,  2.79it/s]  8%|▊         | 50/616 [00:20<03:29,  2.70it/s]  8%|▊         | 51/616 [00:20<03:23,  2.77it/s]  8%|▊         | 52/616 [00:20<03:29,  2.70it/s]  9%|▊         | 53/616 [00:21<03:24,  2.76it/s]  9%|▉         | 54/616 [00:21<03:22,  2.77it/s]  9%|▉         | 55/616 [00:22<03:24,  2.75it/s]  9%|▉         | 56/616 [00:22<03:20,  2.79it/s]  9%|▉         | 57/616 [00:22<03:21,  2.77it/s]  9%|▉         | 58/616 [00:23<03:20,  2.78it/s] 10%|▉         | 59/616 [00:23<03:17,  2.82it/s] 10%|▉         | 60/616 [00:23<03:23,  2.73it/s] 10%|▉         | 61/616 [00:24<03:14,  2.86it/s] 10%|█         | 62/616 [00:24<03:18,  2.79it/s] 10%|█         | 63/616 [00:24<03:21,  2.74it/s] 10%|█         | 64/616 [00:25<03:21,  2.74it/s] 11%|█         | 65/616 [00:25<03:10,  2.89it/s] 11%|█         | 66/616 [00:26<03:21,  2.73it/s] 11%|█         | 67/616 [00:26<03:14,  2.83it/s] 11%|█         | 68/616 [00:26<03:15,  2.80it/s] 11%|█         | 69/616 [00:27<03:16,  2.79it/s] 11%|█▏        | 70/616 [00:27<03:15,  2.80it/s] 12%|█▏        | 71/616 [00:27<03:12,  2.84it/s] 12%|█▏        | 72/616 [00:28<03:13,  2.81it/s] 12%|█▏        | 73/616 [00:28<03:11,  2.84it/s] 12%|█▏        | 74/616 [00:28<03:15,  2.77it/s] 12%|█▏        | 75/616 [00:29<03:17,  2.74it/s] 12%|█▏        | 76/616 [00:29<03:15,  2.76it/s] 12%|█▎        | 77/616 [00:29<03:09,  2.84it/s] 13%|█▎        | 78/616 [00:30<03:14,  2.77it/s] 13%|█▎        | 79/616 [00:30<03:10,  2.82it/s] 13%|█▎        | 80/616 [00:30<03:10,  2.81it/s] 13%|█▎        | 81/616 [00:31<03:17,  2.71it/s] 13%|█▎        | 82/616 [00:31<03:12,  2.78it/s] 13%|█▎        | 83/616 [00:32<03:14,  2.74it/s] 14%|█▎        | 84/616 [00:32<03:15,  2.73it/s] 14%|█▍        | 85/616 [00:32<03:14,  2.73it/s] 14%|█▍        | 86/616 [00:33<03:17,  2.69it/s] 14%|█▍        | 87/616 [00:33<03:13,  2.73it/s] 14%|█▍        | 88/616 [00:33<03:09,  2.79it/s] 14%|█▍        | 89/616 [00:34<03:13,  2.72it/s] 15%|█▍        | 90/616 [00:34<03:09,  2.77it/s] 15%|█▍        | 91/616 [00:35<03:09,  2.78it/s] 15%|█▍        | 92/616 [00:35<03:05,  2.83it/s] 15%|█▌        | 93/616 [00:35<03:09,  2.77it/s] 15%|█▌        | 94/616 [00:36<03:09,  2.75it/s] 15%|█▌        | 95/616 [00:36<03:06,  2.80it/s] 16%|█▌        | 96/616 [00:36<03:05,  2.80it/s] 16%|█▌        | 97/616 [00:37<03:09,  2.74it/s] 16%|█▌        | 98/616 [00:37<03:05,  2.80it/s] 16%|█▌        | 99/616 [00:37<03:04,  2.80it/s] 16%|█▌        | 100/616 [00:38<03:04,  2.80it/s] 16%|█▋        | 101/616 [00:38<03:06,  2.76it/s] 17%|█▋        | 102/616 [00:38<03:06,  2.76it/s] 17%|█▋        | 103/616 [00:39<03:06,  2.76it/s] 17%|█▋        | 104/616 [00:39<03:02,  2.81it/s] 17%|█▋        | 105/616 [00:40<03:07,  2.73it/s] 17%|█▋        | 106/616 [00:40<03:07,  2.72it/s] 17%|█▋        | 107/616 [00:40<03:06,  2.73it/s] 18%|█▊        | 108/616 [00:41<03:08,  2.70it/s] 18%|█▊        | 109/616 [00:41<03:12,  2.64it/s] 18%|█▊        | 110/616 [00:41<03:21,  2.51it/s] 18%|█▊        | 111/616 [00:42<03:27,  2.43it/s] 18%|█▊        | 112/616 [00:42<03:10,  2.65it/s] 18%|█▊        | 113/616 [00:43<03:14,  2.59it/s] 19%|█▊        | 114/616 [00:43<03:11,  2.63it/s] 19%|█▊        | 115/616 [00:43<03:07,  2.67it/s] 19%|█▉        | 116/616 [00:44<03:10,  2.62it/s] 19%|█▉        | 117/616 [00:44<03:06,  2.67it/s] 19%|█▉        | 118/616 [00:44<03:04,  2.70it/s] 19%|█▉        | 119/616 [00:45<03:02,  2.72it/s] 19%|█▉        | 120/616 [00:45<02:57,  2.79it/s] 20%|█▉        | 121/616 [00:46<03:02,  2.71it/s] 20%|█▉        | 122/616 [00:46<03:03,  2.69it/s] 20%|█▉        | 123/616 [00:46<03:03,  2.69it/s] 20%|██        | 124/616 [00:47<03:04,  2.66it/s] 20%|██        | 125/616 [00:47<03:08,  2.61it/s] 20%|██        | 126/616 [00:47<03:10,  2.57it/s] 21%|██        | 127/616 [00:48<03:02,  2.67it/s] 21%|██        | 128/616 [00:48<02:58,  2.74it/s] 21%|██        | 129/616 [00:49<02:58,  2.73it/s] 21%|██        | 130/616 [00:49<02:57,  2.74it/s] 21%|██▏       | 131/616 [00:49<03:07,  2.58it/s] 21%|██▏       | 132/616 [00:50<02:59,  2.70it/s] 22%|██▏       | 133/616 [00:50<03:00,  2.68it/s] 22%|██▏       | 134/616 [00:50<03:02,  2.65it/s] 22%|██▏       | 135/616 [00:51<03:08,  2.55it/s] 22%|██▏       | 136/616 [00:51<03:19,  2.41it/s] 22%|██▏       | 137/616 [00:52<02:53,  2.76it/s] 22%|██▏       | 138/616 [00:52<03:05,  2.58it/s] 23%|██▎       | 139/616 [00:52<03:00,  2.65it/s] 23%|██▎       | 140/616 [00:53<02:52,  2.76it/s] 23%|██▎       | 141/616 [00:53<02:50,  2.79it/s] 23%|██▎       | 142/616 [00:53<02:54,  2.71it/s] 23%|██▎       | 143/616 [00:54<02:45,  2.86it/s] 23%|██▎       | 144/616 [00:54<02:50,  2.76it/s] 24%|██▎       | 145/616 [00:55<02:52,  2.74it/s] 24%|██▎       | 146/616 [00:55<02:48,  2.78it/s] 24%|██▍       | 147/616 [00:55<02:53,  2.71it/s] 24%|██▍       | 148/616 [00:56<03:11,  2.44it/s] 24%|██▍       | 149/616 [00:56<03:13,  2.42it/s] 24%|██▍       | 150/616 [00:56<02:51,  2.72it/s] 25%|██▍       | 151/616 [00:57<02:50,  2.72it/s] 25%|██▍       | 152/616 [00:57<02:49,  2.74it/s] 25%|██▍       | 153/616 [00:58<02:46,  2.78it/s] 25%|██▌       | 154/616 [00:58<02:46,  2.77it/s] 25%|██▌       | 155/616 [00:58<02:51,  2.69it/s] 25%|██▌       | 156/616 [00:59<02:51,  2.69it/s] 25%|██▌       | 157/616 [00:59<02:48,  2.72it/s] 26%|██▌       | 158/616 [00:59<02:51,  2.66it/s] 26%|██▌       | 159/616 [01:00<02:50,  2.68it/s] 26%|██▌       | 160/616 [01:00<02:42,  2.81it/s] 26%|██▌       | 161/616 [01:01<02:45,  2.75it/s] 26%|██▋       | 162/616 [01:01<02:39,  2.85it/s] 26%|██▋       | 163/616 [01:01<02:44,  2.75it/s] 27%|██▋       | 164/616 [01:02<02:43,  2.76it/s] 27%|██▋       | 165/616 [01:02<02:43,  2.77it/s] 27%|██▋       | 166/616 [01:02<02:42,  2.77it/s] 27%|██▋       | 167/616 [01:03<02:42,  2.76it/s] 27%|██▋       | 168/616 [01:03<02:48,  2.65it/s] 27%|██▋       | 169/616 [01:03<02:39,  2.81it/s] 28%|██▊       | 170/616 [01:04<02:43,  2.73it/s] 28%|██▊       | 171/616 [01:04<02:43,  2.72it/s] 28%|██▊       | 172/616 [01:04<02:40,  2.77it/s] 28%|██▊       | 173/616 [01:05<02:40,  2.76it/s] 28%|██▊       | 174/616 [01:05<02:39,  2.77it/s] 28%|██▊       | 175/616 [01:06<02:39,  2.76it/s] 29%|██▊       | 176/616 [01:06<02:38,  2.77it/s] 29%|██▊       | 177/616 [01:06<02:37,  2.78it/s] 29%|██▉       | 178/616 [01:07<03:01,  2.41it/s] 29%|██▉       | 179/616 [01:07<02:41,  2.71it/s] 29%|██▉       | 180/616 [01:07<02:39,  2.74it/s] 29%|██▉       | 181/616 [01:08<02:40,  2.71it/s] 30%|██▉       | 182/616 [01:08<02:43,  2.66it/s] 30%|██▉       | 183/616 [01:09<02:50,  2.54it/s] 30%|██▉       | 184/616 [01:09<02:36,  2.76it/s] 30%|███       | 185/616 [01:09<02:36,  2.75it/s] 30%|███       | 186/616 [01:10<02:36,  2.74it/s] 30%|███       | 187/616 [01:10<02:34,  2.78it/s] 31%|███       | 188/616 [01:10<02:38,  2.70it/s] 31%|███       | 189/616 [01:11<02:33,  2.77it/s] 31%|███       | 190/616 [01:11<02:34,  2.76it/s] 31%|███       | 191/616 [01:12<02:35,  2.74it/s] 31%|███       | 192/616 [01:12<02:33,  2.75it/s] 31%|███▏      | 193/616 [01:12<02:30,  2.81it/s] 31%|███▏      | 194/616 [01:13<02:33,  2.75it/s] 32%|███▏      | 195/616 [01:13<02:31,  2.77it/s] 32%|███▏      | 196/616 [01:13<02:30,  2.79it/s] 32%|███▏      | 197/616 [01:14<02:29,  2.81it/s] 32%|███▏      | 198/616 [01:14<02:32,  2.75it/s] 32%|███▏      | 199/616 [01:14<02:33,  2.72it/s] 32%|███▏      | 200/616 [01:15<02:32,  2.72it/s] 33%|███▎      | 201/616 [01:15<02:30,  2.76it/s] 33%|███▎      | 202/616 [01:15<02:26,  2.82it/s] 33%|███▎      | 203/616 [01:16<02:34,  2.68it/s] 33%|███▎      | 204/616 [01:16<02:32,  2.71it/s] 33%|███▎      | 205/616 [01:17<02:30,  2.73it/s] 33%|███▎      | 206/616 [01:17<02:25,  2.82it/s] 34%|███▎      | 207/616 [01:17<02:30,  2.72it/s] 34%|███▍      | 208/616 [01:18<02:28,  2.76it/s] 34%|███▍      | 209/616 [01:18<02:25,  2.80it/s] 34%|███▍      | 210/616 [01:18<02:23,  2.83it/s] 34%|███▍      | 211/616 [01:19<02:30,  2.70it/s] 34%|███▍      | 212/616 [01:19<02:23,  2.81it/s] 35%|███▍      | 213/616 [01:19<02:24,  2.79it/s] 35%|███▍      | 214/616 [01:20<02:30,  2.68it/s] 35%|███▍      | 215/616 [01:20<02:24,  2.77it/s] 35%|███▌      | 216/616 [01:21<02:28,  2.69it/s] 35%|███▌      | 217/616 [01:21<02:22,  2.81it/s] 35%|███▌      | 218/616 [01:21<02:23,  2.78it/s] 36%|███▌      | 219/616 [01:22<02:24,  2.75it/s] 36%|███▌      | 220/616 [01:22<02:24,  2.75it/s] 36%|███▌      | 221/616 [01:22<02:24,  2.73it/s] 36%|███▌      | 222/616 [01:23<02:22,  2.76it/s] 36%|███▌      | 223/616 [01:23<02:22,  2.76it/s] 36%|███▋      | 224/616 [01:23<02:22,  2.75it/s] 37%|███▋      | 225/616 [01:24<02:20,  2.78it/s] 37%|███▋      | 226/616 [01:24<02:22,  2.74it/s] 37%|███▋      | 227/616 [01:25<02:21,  2.76it/s] 37%|███▋      | 228/616 [01:25<02:23,  2.71it/s] 37%|███▋      | 229/616 [01:25<02:18,  2.80it/s] 37%|███▋      | 230/616 [01:26<02:18,  2.79it/s] 38%|███▊      | 231/616 [01:26<02:18,  2.79it/s] 38%|███▊      | 232/616 [01:26<02:19,  2.75it/s] 38%|███▊      | 233/616 [01:27<02:20,  2.73it/s] 38%|███▊      | 234/616 [01:27<02:19,  2.74it/s] 38%|███▊      | 235/616 [01:27<02:17,  2.76it/s] 38%|███▊      | 236/616 [01:28<02:16,  2.78it/s] 38%|███▊      | 237/616 [01:28<02:19,  2.71it/s] 39%|███▊      | 238/616 [01:29<02:15,  2.80it/s] 39%|███▉      | 239/616 [01:29<02:18,  2.73it/s] 39%|███▉      | 240/616 [01:29<02:14,  2.79it/s] 39%|███▉      | 241/616 [01:30<02:13,  2.81it/s] 39%|███▉      | 242/616 [01:30<02:12,  2.83it/s] 39%|███▉      | 243/616 [01:30<02:17,  2.72it/s] 40%|███▉      | 244/616 [01:31<02:12,  2.81it/s] 40%|███▉      | 245/616 [01:31<02:13,  2.79it/s] 40%|███▉      | 246/616 [01:31<02:10,  2.84it/s] 40%|████      | 247/616 [01:32<02:18,  2.66it/s] 40%|████      | 248/616 [01:32<02:12,  2.79it/s] 40%|████      | 249/616 [01:33<02:09,  2.82it/s] 41%|████      | 250/616 [01:33<02:13,  2.73it/s] 41%|████      | 251/616 [01:33<02:12,  2.75it/s] 41%|████      | 252/616 [01:34<02:14,  2.72it/s] 41%|████      | 253/616 [01:34<02:18,  2.62it/s] 41%|████      | 254/616 [01:34<02:07,  2.84it/s] 41%|████▏     | 255/616 [01:35<02:11,  2.75it/s] 42%|████▏     | 256/616 [01:35<02:09,  2.77it/s] 42%|████▏     | 257/616 [01:35<02:09,  2.77it/s] 42%|████▏     | 258/616 [01:36<02:13,  2.68it/s] 42%|████▏     | 259/616 [01:36<02:12,  2.70it/s] 42%|████▏     | 260/616 [01:37<02:08,  2.77it/s] 42%|████▏     | 261/616 [01:37<02:09,  2.74it/s] 43%|████▎     | 262/616 [01:37<02:09,  2.73it/s] 43%|████▎     | 263/616 [01:38<02:08,  2.75it/s] 43%|████▎     | 264/616 [01:38<02:05,  2.80it/s] 43%|████▎     | 265/616 [01:38<02:06,  2.76it/s] 43%|████▎     | 266/616 [01:39<02:08,  2.73it/s] 43%|████▎     | 267/616 [01:39<02:11,  2.66it/s] 44%|████▎     | 268/616 [01:39<02:07,  2.73it/s] 44%|████▎     | 269/616 [01:40<02:24,  2.40it/s] 44%|████▍     | 270/616 [01:40<02:20,  2.47it/s] 44%|████▍     | 271/616 [01:41<02:05,  2.74it/s] 44%|████▍     | 272/616 [01:41<02:04,  2.77it/s] 44%|████▍     | 273/616 [01:41<02:03,  2.78it/s] 44%|████▍     | 274/616 [01:42<02:02,  2.80it/s] 45%|████▍     | 275/616 [01:42<02:05,  2.71it/s] 45%|████▍     | 276/616 [01:42<02:04,  2.73it/s] 45%|████▍     | 277/616 [01:43<02:05,  2.71it/s] 45%|████▌     | 278/616 [01:43<01:58,  2.85it/s] 45%|████▌     | 279/616 [01:44<02:01,  2.77it/s] 45%|████▌     | 280/616 [01:44<02:06,  2.67it/s] 46%|████▌     | 281/616 [01:44<02:00,  2.79it/s] 46%|████▌     | 282/616 [01:45<02:01,  2.76it/s] 46%|████▌     | 283/616 [01:45<02:01,  2.73it/s] 46%|████▌     | 284/616 [01:45<02:04,  2.66it/s] 46%|████▋     | 285/616 [01:46<01:59,  2.77it/s] 46%|████▋     | 286/616 [01:46<02:02,  2.69it/s] 47%|████▋     | 287/616 [01:46<02:01,  2.70it/s] 47%|████▋     | 288/616 [01:47<02:02,  2.69it/s] 47%|████▋     | 289/616 [01:47<01:57,  2.78it/s] 47%|████▋     | 290/616 [01:48<01:56,  2.80it/s] 47%|████▋     | 291/616 [01:48<01:58,  2.73it/s] 47%|████▋     | 292/616 [01:48<02:00,  2.70it/s] 48%|████▊     | 293/616 [01:49<01:56,  2.78it/s] 48%|████▊     | 294/616 [01:49<01:55,  2.79it/s] 48%|████▊     | 295/616 [01:49<01:57,  2.74it/s] 48%|████▊     | 296/616 [01:50<01:56,  2.74it/s] 48%|████▊     | 297/616 [01:50<01:53,  2.80it/s] 48%|████▊     | 298/616 [01:50<01:53,  2.79it/s] 49%|████▊     | 299/616 [01:51<01:55,  2.75it/s] 49%|████▊     | 300/616 [01:51<01:55,  2.74it/s] 49%|████▉     | 301/616 [01:52<01:52,  2.81it/s] 49%|████▉     | 302/616 [01:52<01:51,  2.81it/s] 49%|████▉     | 303/616 [01:52<01:51,  2.80it/s] 49%|████▉     | 304/616 [01:53<01:49,  2.84it/s] 50%|████▉     | 305/616 [01:53<01:52,  2.77it/s] 50%|████▉     | 306/616 [01:53<01:51,  2.79it/s] 50%|████▉     | 307/616 [01:54<01:50,  2.80it/s] 50%|█████     | 308/616 [01:54<01:48,  2.84it/s] 50%|█████     | 309/616 [01:54<01:49,  2.81it/s] 50%|█████     | 310/616 [01:55<01:52,  2.72it/s] 50%|█████     | 311/616 [01:55<01:46,  2.85it/s] 51%|█████     | 312/616 [01:55<01:47,  2.82it/s] 51%|█████     | 313/616 [01:56<01:48,  2.78it/s] 51%|█████     | 314/616 [01:56<01:48,  2.78it/s] 51%|█████     | 315/616 [01:57<01:47,  2.80it/s] 51%|█████▏    | 316/616 [01:57<01:46,  2.81it/s] 51%|█████▏    | 317/616 [01:57<01:46,  2.81it/s] 52%|█████▏    | 318/616 [01:58<01:49,  2.73it/s] 52%|█████▏    | 319/616 [01:58<01:45,  2.82it/s] 52%|█████▏    | 320/616 [01:58<01:47,  2.76it/s] 52%|█████▏    | 321/616 [01:59<01:44,  2.81it/s] 52%|█████▏    | 322/616 [01:59<01:45,  2.79it/s] 52%|█████▏    | 323/616 [01:59<01:43,  2.82it/s] 53%|█████▎    | 324/616 [02:00<01:45,  2.77it/s] 53%|█████▎    | 325/616 [02:00<01:42,  2.84it/s] 53%|█████▎    | 326/616 [02:00<01:45,  2.74it/s] 53%|█████▎    | 327/616 [02:01<01:42,  2.81it/s] 53%|█████▎    | 328/616 [02:01<01:41,  2.83it/s] 53%|█████▎    | 329/616 [02:02<01:42,  2.81it/s] 54%|█████▎    | 330/616 [02:02<01:43,  2.77it/s] 54%|█████▎    | 331/616 [02:02<01:39,  2.86it/s] 54%|█████▍    | 332/616 [02:03<01:40,  2.83it/s] 54%|█████▍    | 333/616 [02:03<01:43,  2.74it/s] 54%|█████▍    | 334/616 [02:03<01:41,  2.79it/s] 54%|█████▍    | 335/616 [02:04<01:38,  2.84it/s] 55%|█████▍    | 336/616 [02:04<01:39,  2.81it/s] 55%|█████▍    | 337/616 [02:04<01:38,  2.83it/s] 55%|█████▍    | 338/616 [02:05<01:43,  2.70it/s] 55%|█████▌    | 339/616 [02:05<01:37,  2.84it/s] 55%|█████▌    | 340/616 [02:05<01:36,  2.87it/s] 55%|█████▌    | 341/616 [02:06<01:42,  2.69it/s] 56%|█████▌    | 342/616 [02:06<01:36,  2.83it/s] 56%|█████▌    | 343/616 [02:07<01:37,  2.80it/s] 56%|█████▌    | 344/616 [02:07<01:36,  2.82it/s] 56%|█████▌    | 345/616 [02:07<01:36,  2.80it/s] 56%|█████▌    | 346/616 [02:08<01:36,  2.79it/s] 56%|█████▋    | 347/616 [02:08<01:37,  2.75it/s] 56%|█████▋    | 348/616 [02:08<01:36,  2.77it/s] 57%|█████▋    | 349/616 [02:09<01:36,  2.77it/s] 57%|█████▋    | 350/616 [02:09<01:36,  2.77it/s] 57%|█████▋    | 351/616 [02:09<01:35,  2.76it/s] 57%|█████▋    | 352/616 [02:10<01:37,  2.72it/s] 57%|█████▋    | 353/616 [02:10<01:32,  2.83it/s] 57%|█████▋    | 354/616 [02:11<01:33,  2.79it/s] 58%|█████▊    | 355/616 [02:11<01:34,  2.75it/s] 58%|█████▊    | 356/616 [02:11<01:34,  2.76it/s] 58%|█████▊    | 357/616 [02:12<01:32,  2.80it/s] 58%|█████▊    | 358/616 [02:12<01:32,  2.80it/s] 58%|█████▊    | 359/616 [02:12<01:32,  2.76it/s] 58%|█████▊    | 360/616 [02:13<01:33,  2.74it/s] 59%|█████▊    | 361/616 [02:13<01:33,  2.74it/s] 59%|█████▉    | 362/616 [02:13<01:31,  2.77it/s] 59%|█████▉    | 363/616 [02:14<01:35,  2.66it/s] 59%|█████▉    | 364/616 [02:14<01:28,  2.84it/s] 59%|█████▉    | 365/616 [02:14<01:30,  2.79it/s] 59%|█████▉    | 366/616 [02:15<01:29,  2.78it/s] 60%|█████▉    | 367/616 [02:15<01:29,  2.77it/s] 60%|█████▉    | 368/616 [02:16<01:28,  2.79it/s] 60%|█████▉    | 369/616 [02:16<01:27,  2.82it/s] 60%|██████    | 370/616 [02:16<01:27,  2.80it/s] 60%|██████    | 371/616 [02:17<01:28,  2.76it/s] 60%|██████    | 372/616 [02:17<01:28,  2.74it/s] 61%|██████    | 373/616 [02:17<01:26,  2.82it/s] 61%|██████    | 374/616 [02:18<01:26,  2.79it/s] 61%|██████    | 375/616 [02:18<01:26,  2.77it/s] 61%|██████    | 376/616 [02:18<01:27,  2.75it/s] 61%|██████    | 377/616 [02:19<01:26,  2.77it/s] 61%|██████▏   | 378/616 [02:19<01:26,  2.76it/s] 62%|██████▏   | 379/616 [02:20<01:24,  2.82it/s] 62%|██████▏   | 380/616 [02:20<01:26,  2.74it/s] 62%|██████▏   | 381/616 [02:20<01:23,  2.81it/s] 62%|██████▏   | 382/616 [02:21<01:24,  2.76it/s] 62%|██████▏   | 383/616 [02:21<01:24,  2.77it/s] 62%|██████▏   | 384/616 [02:21<01:25,  2.72it/s] 62%|██████▎   | 385/616 [02:22<01:23,  2.78it/s] 63%|██████▎   | 386/616 [02:22<01:23,  2.77it/s] 63%|██████▎   | 387/616 [02:22<01:23,  2.76it/s] 63%|██████▎   | 388/616 [02:23<01:21,  2.79it/s] 63%|██████▎   | 389/616 [02:23<01:21,  2.77it/s] 63%|██████▎   | 390/616 [02:24<01:23,  2.71it/s] 63%|██████▎   | 391/616 [02:24<01:19,  2.82it/s] 64%|██████▎   | 392/616 [02:24<01:18,  2.84it/s] 64%|██████▍   | 393/616 [02:25<01:20,  2.78it/s] 64%|██████▍   | 394/616 [02:25<01:21,  2.73it/s] 64%|██████▍   | 395/616 [02:25<01:18,  2.82it/s] 64%|██████▍   | 396/616 [02:26<01:19,  2.78it/s] 64%|██████▍   | 397/616 [02:26<01:18,  2.78it/s] 65%|██████▍   | 398/616 [02:26<01:19,  2.74it/s] 65%|██████▍   | 399/616 [02:27<01:18,  2.76it/s] 65%|██████▍   | 400/616 [02:27<01:15,  2.88it/s] 65%|██████▌   | 401/616 [02:27<01:16,  2.82it/s] 65%|██████▌   | 402/616 [02:28<01:17,  2.75it/s] 65%|██████▌   | 403/616 [02:28<01:15,  2.83it/s] 66%|██████▌   | 404/616 [02:29<01:16,  2.78it/s] 66%|██████▌   | 405/616 [02:29<01:15,  2.79it/s] 66%|██████▌   | 406/616 [02:29<01:16,  2.76it/s] 66%|██████▌   | 407/616 [02:30<01:16,  2.73it/s] 66%|██████▌   | 408/616 [02:30<01:17,  2.70it/s] 66%|██████▋   | 409/616 [02:30<01:14,  2.76it/s] 67%|██████▋   | 410/616 [02:31<01:13,  2.80it/s] 67%|██████▋   | 411/616 [02:31<01:14,  2.77it/s] 67%|██████▋   | 412/616 [02:31<01:13,  2.79it/s] 67%|██████▋   | 413/616 [02:32<01:12,  2.79it/s] 67%|██████▋   | 414/616 [02:32<01:12,  2.79it/s] 67%|██████▋   | 415/616 [02:32<01:11,  2.82it/s] 68%|██████▊   | 416/616 [02:33<01:10,  2.85it/s] 68%|██████▊   | 417/616 [02:33<01:09,  2.85it/s] 68%|██████▊   | 418/616 [02:34<01:10,  2.80it/s] 68%|██████▊   | 419/616 [02:34<01:10,  2.80it/s] 68%|██████▊   | 420/616 [02:34<01:12,  2.71it/s] 68%|██████▊   | 421/616 [02:35<01:10,  2.76it/s] 69%|██████▊   | 422/616 [02:35<01:10,  2.77it/s] 69%|██████▊   | 423/616 [02:35<01:10,  2.74it/s] 69%|██████▉   | 424/616 [02:36<01:08,  2.81it/s] 69%|██████▉   | 425/616 [02:36<01:07,  2.83it/s] 69%|██████▉   | 426/616 [02:36<01:08,  2.77it/s] 69%|██████▉   | 427/616 [02:37<01:07,  2.81it/s] 69%|██████▉   | 428/616 [02:37<01:05,  2.86it/s] 70%|██████▉   | 429/616 [02:37<01:07,  2.78it/s] 70%|██████▉   | 430/616 [02:38<01:07,  2.74it/s] 70%|██████▉   | 431/616 [02:38<01:05,  2.84it/s] 70%|███████   | 432/616 [02:39<01:04,  2.85it/s] 70%|███████   | 433/616 [02:39<01:06,  2.76it/s] 70%|███████   | 434/616 [02:39<01:06,  2.76it/s] 71%|███████   | 435/616 [02:40<01:05,  2.77it/s] 71%|███████   | 436/616 [02:40<01:04,  2.80it/s] 71%|███████   | 437/616 [02:40<01:04,  2.77it/s] 71%|███████   | 438/616 [02:41<01:02,  2.84it/s] 71%|███████▏  | 439/616 [02:41<01:03,  2.80it/s] 71%|███████▏  | 440/616 [02:41<01:02,  2.80it/s] 72%|███████▏  | 441/616 [02:42<01:01,  2.84it/s] 72%|███████▏  | 442/616 [02:42<01:02,  2.78it/s] 72%|███████▏  | 443/616 [02:43<01:09,  2.47it/s] 72%|███████▏  | 444/616 [02:43<01:01,  2.82it/s] 72%|███████▏  | 445/616 [02:43<01:01,  2.77it/s] 72%|███████▏  | 446/616 [02:44<01:02,  2.72it/s] 73%|███████▎  | 447/616 [02:44<01:01,  2.75it/s] 73%|███████▎  | 448/616 [02:44<00:59,  2.83it/s] 73%|███████▎  | 449/616 [02:45<01:00,  2.77it/s] 73%|███████▎  | 450/616 [02:45<01:00,  2.76it/s] 73%|███████▎  | 451/616 [02:45<00:58,  2.82it/s] 73%|███████▎  | 452/616 [02:46<00:58,  2.80it/s] 74%|███████▎  | 453/616 [02:46<00:57,  2.82it/s] 74%|███████▎  | 454/616 [02:47<00:58,  2.76it/s] 74%|███████▍  | 455/616 [02:47<00:58,  2.76it/s] 74%|███████▍  | 456/616 [02:47<00:55,  2.86it/s] 74%|███████▍  | 457/616 [02:48<00:56,  2.82it/s] 74%|███████▍  | 458/616 [02:48<00:57,  2.77it/s] 75%|███████▍  | 459/616 [02:48<00:56,  2.78it/s] 75%|███████▍  | 460/616 [02:49<00:55,  2.82it/s] 75%|███████▍  | 461/616 [02:49<00:56,  2.76it/s] 75%|███████▌  | 462/616 [02:49<00:55,  2.80it/s] 75%|███████▌  | 463/616 [02:50<00:55,  2.76it/s] 75%|███████▌  | 464/616 [02:50<00:53,  2.85it/s] 75%|███████▌  | 465/616 [02:50<00:52,  2.87it/s] 76%|███████▌  | 466/616 [02:51<00:53,  2.79it/s] 76%|███████▌  | 467/616 [02:51<00:53,  2.78it/s] 76%|███████▌  | 468/616 [02:52<00:54,  2.73it/s] 76%|███████▌  | 469/616 [02:52<00:52,  2.78it/s] 76%|███████▋  | 470/616 [02:52<00:52,  2.79it/s] 76%|███████▋  | 471/616 [02:53<00:52,  2.75it/s] 77%|███████▋  | 472/616 [02:53<00:51,  2.80it/s] 77%|███████▋  | 473/616 [02:53<00:50,  2.82it/s] 77%|███████▋  | 474/616 [02:54<00:51,  2.74it/s] 77%|███████▋  | 475/616 [02:54<00:51,  2.76it/s] 77%|███████▋  | 476/616 [02:54<00:48,  2.86it/s] 77%|███████▋  | 477/616 [02:55<00:50,  2.78it/s] 78%|███████▊  | 478/616 [02:55<00:49,  2.77it/s] 78%|███████▊  | 479/616 [02:55<00:49,  2.79it/s] 78%|███████▊  | 480/616 [02:56<00:47,  2.87it/s] 78%|███████▊  | 481/616 [02:56<00:47,  2.85it/s] 78%|███████▊  | 482/616 [02:57<00:47,  2.83it/s] 78%|███████▊  | 483/616 [02:57<00:47,  2.80it/s] 79%|███████▊  | 484/616 [02:57<00:46,  2.82it/s] 79%|███████▊  | 485/616 [02:58<00:47,  2.77it/s] 79%|███████▉  | 486/616 [02:58<00:47,  2.73it/s] 79%|███████▉  | 487/616 [02:58<00:46,  2.80it/s] 79%|███████▉  | 488/616 [02:59<00:45,  2.83it/s] 79%|███████▉  | 489/616 [02:59<00:45,  2.77it/s] 80%|███████▉  | 490/616 [02:59<00:45,  2.76it/s] 80%|███████▉  | 491/616 [03:00<00:44,  2.80it/s] 80%|███████▉  | 492/616 [03:00<00:44,  2.79it/s] 80%|████████  | 493/616 [03:00<00:44,  2.79it/s] 80%|████████  | 494/616 [03:01<00:43,  2.79it/s] 80%|████████  | 495/616 [03:01<00:42,  2.87it/s] 81%|████████  | 496/616 [03:02<00:42,  2.84it/s] 81%|████████  | 497/616 [03:02<00:41,  2.85it/s] 81%|████████  | 498/616 [03:02<00:42,  2.75it/s] 81%|████████  | 499/616 [03:03<00:42,  2.77it/s] 81%|████████  | 500/616 [03:03<00:40,  2.84it/s] 81%|████████▏ | 501/616 [03:03<00:41,  2.80it/s] 81%|████████▏ | 502/616 [03:04<00:41,  2.77it/s] 82%|████████▏ | 503/616 [03:04<00:40,  2.79it/s] 82%|████████▏ | 504/616 [03:04<00:39,  2.81it/s] 82%|████████▏ | 505/616 [03:05<00:39,  2.78it/s] 82%|████████▏ | 506/616 [03:05<00:40,  2.72it/s] 82%|████████▏ | 507/616 [03:05<00:39,  2.77it/s] 82%|████████▏ | 508/616 [03:06<00:37,  2.88it/s] 83%|████████▎ | 509/616 [03:06<00:38,  2.80it/s] 83%|████████▎ | 510/616 [03:07<00:39,  2.70it/s] 83%|████████▎ | 511/616 [03:07<00:38,  2.73it/s] 83%|████████▎ | 512/616 [03:07<00:36,  2.85it/s] 83%|████████▎ | 513/616 [03:08<00:37,  2.72it/s] 83%|████████▎ | 514/616 [03:08<00:37,  2.74it/s] 84%|████████▎ | 515/616 [03:08<00:37,  2.72it/s] 84%|████████▍ | 516/616 [03:09<00:35,  2.79it/s] 84%|████████▍ | 517/616 [03:09<00:35,  2.76it/s] 84%|████████▍ | 518/616 [03:09<00:35,  2.75it/s] 84%|████████▍ | 519/616 [03:10<00:35,  2.72it/s] 84%|████████▍ | 520/616 [03:10<00:34,  2.81it/s] 85%|████████▍ | 521/616 [03:11<00:33,  2.81it/s] 85%|████████▍ | 522/616 [03:11<00:34,  2.70it/s] 85%|████████▍ | 523/616 [03:11<00:34,  2.68it/s] 85%|████████▌ | 524/616 [03:12<00:32,  2.83it/s] 85%|████████▌ | 525/616 [03:12<00:33,  2.71it/s] 85%|████████▌ | 526/616 [03:12<00:32,  2.78it/s] 86%|████████▌ | 527/616 [03:13<00:32,  2.76it/s] 86%|████████▌ | 528/616 [03:13<00:31,  2.78it/s] 86%|████████▌ | 529/616 [03:13<00:31,  2.77it/s] 86%|████████▌ | 530/616 [03:14<00:30,  2.80it/s] 86%|████████▌ | 531/616 [03:14<00:31,  2.69it/s] 86%|████████▋ | 532/616 [03:15<00:31,  2.69it/s] 87%|████████▋ | 533/616 [03:15<00:30,  2.74it/s] 87%|████████▋ | 534/616 [03:15<00:32,  2.50it/s] 87%|████████▋ | 535/616 [03:16<00:29,  2.71it/s] 87%|████████▋ | 536/616 [03:16<00:29,  2.72it/s] 87%|████████▋ | 537/616 [03:16<00:28,  2.74it/s] 87%|████████▋ | 538/616 [03:17<00:27,  2.82it/s] 88%|████████▊ | 539/616 [03:17<00:28,  2.73it/s] 88%|████████▊ | 540/616 [03:17<00:27,  2.74it/s] 88%|████████▊ | 541/616 [03:18<00:27,  2.74it/s] 88%|████████▊ | 542/616 [03:18<00:26,  2.77it/s] 88%|████████▊ | 543/616 [03:19<00:26,  2.73it/s] 88%|████████▊ | 544/616 [03:19<00:25,  2.77it/s] 88%|████████▊ | 545/616 [03:19<00:26,  2.71it/s] 89%|████████▊ | 546/616 [03:20<00:25,  2.80it/s] 89%|████████▉ | 547/616 [03:20<00:25,  2.66it/s] 89%|████████▉ | 548/616 [03:20<00:24,  2.80it/s] 89%|████████▉ | 549/616 [03:21<00:24,  2.77it/s] 89%|████████▉ | 550/616 [03:21<00:23,  2.77it/s] 89%|████████▉ | 551/616 [03:21<00:23,  2.71it/s] 90%|████████▉ | 552/616 [03:22<00:23,  2.74it/s] 90%|████████▉ | 553/616 [03:22<00:23,  2.68it/s] 90%|████████▉ | 554/616 [03:23<00:22,  2.78it/s] 90%|█████████ | 555/616 [03:23<00:22,  2.68it/s] 90%|█████████ | 556/616 [03:23<00:21,  2.77it/s] 90%|█████████ | 557/616 [03:24<00:21,  2.77it/s] 91%|█████████ | 558/616 [03:24<00:20,  2.78it/s] 91%|█████████ | 559/616 [03:24<00:20,  2.77it/s] 91%|█████████ | 560/616 [03:25<00:20,  2.76it/s] 91%|█████████ | 561/616 [03:25<00:20,  2.71it/s] 91%|█████████ | 562/616 [03:25<00:19,  2.75it/s] 91%|█████████▏| 563/616 [03:26<00:19,  2.77it/s] 92%|█████████▏| 564/616 [03:26<00:18,  2.82it/s] 92%|█████████▏| 565/616 [03:27<00:18,  2.75it/s] 92%|█████████▏| 566/616 [03:27<00:17,  2.80it/s] 92%|█████████▏| 567/616 [03:27<00:17,  2.78it/s] 92%|█████████▏| 568/616 [03:28<00:16,  2.89it/s] 92%|█████████▏| 569/616 [03:28<00:17,  2.74it/s] 93%|█████████▎| 570/616 [03:28<00:16,  2.80it/s] 93%|█████████▎| 571/616 [03:29<00:16,  2.70it/s] 93%|█████████▎| 572/616 [03:29<00:15,  2.78it/s] 93%|█████████▎| 573/616 [03:29<00:15,  2.75it/s] 93%|█████████▎| 574/616 [03:30<00:14,  2.85it/s] 93%|█████████▎| 575/616 [03:30<00:14,  2.79it/s] 94%|█████████▎| 576/616 [03:31<00:14,  2.81it/s] 94%|█████████▎| 577/616 [03:31<00:14,  2.74it/s] 94%|█████████▍| 578/616 [03:31<00:13,  2.80it/s] 94%|█████████▍| 579/616 [03:32<00:13,  2.81it/s] 94%|█████████▍| 580/616 [03:32<00:12,  2.80it/s] 94%|█████████▍| 581/616 [03:32<00:12,  2.73it/s] 94%|█████████▍| 582/616 [03:33<00:12,  2.76it/s] 95%|█████████▍| 583/616 [03:33<00:11,  2.87it/s] 95%|█████████▍| 584/616 [03:33<00:11,  2.87it/s] 95%|█████████▍| 585/616 [03:34<00:11,  2.75it/s] 95%|█████████▌| 586/616 [03:34<00:10,  2.76it/s] 95%|█████████▌| 587/616 [03:34<00:10,  2.78it/s] 95%|█████████▌| 588/616 [03:35<00:09,  2.84it/s] 96%|█████████▌| 589/616 [03:35<00:09,  2.77it/s] 96%|█████████▌| 590/616 [03:36<00:09,  2.75it/s] 96%|█████████▌| 591/616 [03:36<00:09,  2.76it/s] 96%|█████████▌| 592/616 [03:36<00:08,  2.80it/s] 96%|█████████▋| 593/616 [03:37<00:08,  2.76it/s] 96%|█████████▋| 594/616 [03:37<00:07,  2.79it/s] 97%|█████████▋| 595/616 [03:37<00:07,  2.79it/s] 97%|█████████▋| 596/616 [03:38<00:07,  2.78it/s] 97%|█████████▋| 597/616 [03:38<00:06,  2.73it/s] 97%|█████████▋| 598/616 [03:38<00:06,  2.77it/s] 97%|█████████▋| 599/616 [03:39<00:06,  2.79it/s] 97%|█████████▋| 600/616 [03:39<00:05,  2.86it/s] 98%|█████████▊| 601/616 [03:39<00:05,  2.81it/s] 98%|█████████▊| 602/616 [03:40<00:05,  2.73it/s] 98%|█████████▊| 603/616 [03:40<00:04,  2.77it/s] 98%|█████████▊| 604/616 [03:41<00:04,  2.85it/s] 98%|█████████▊| 605/616 [03:41<00:03,  2.76it/s] 98%|█████████▊| 606/616 [03:41<00:03,  2.73it/s] 99%|█████████▊| 607/616 [03:42<00:03,  2.75it/s] 99%|█████████▊| 608/616 [03:42<00:02,  2.84it/s] 99%|█████████▉| 609/616 [03:42<00:02,  2.83it/s] 99%|█████████▉| 610/616 [03:43<00:02,  2.79it/s] 99%|█████████▉| 611/616 [03:43<00:01,  2.81it/s] 99%|█████████▉| 612/616 [03:43<00:01,  2.79it/s]100%|█████████▉| 613/616 [03:44<00:01,  2.83it/s]100%|█████████▉| 614/616 [03:44<00:00,  2.77it/s]100%|█████████▉| 615/616 [03:45<00:00,  2.83it/s]100%|██████████| 616/616 [03:45<00:00,  3.07it/s]100%|██████████| 616/616 [03:45<00:00,  2.73it/s][2022-09-16 13:31:26,705][__main__][INFO] - Train Instance Accuracy: 0.535207
[2022-09-16 13:31:26,706][__main__][INFO] - loss: 2.826897

  0%|          | 0/155 [00:00<?, ?it/s]  1%|          | 1/155 [00:01<04:11,  1.63s/it]  1%|▏         | 2/155 [00:02<02:18,  1.11it/s]  2%|▏         | 3/155 [00:02<01:47,  1.41it/s]  3%|▎         | 4/155 [00:02<01:17,  1.94it/s]  3%|▎         | 5/155 [00:03<01:13,  2.04it/s]  4%|▍         | 6/155 [00:03<01:13,  2.04it/s]  5%|▍         | 7/155 [00:03<00:58,  2.51it/s]  5%|▌         | 8/155 [00:04<00:50,  2.91it/s]  6%|▌         | 9/155 [00:04<00:51,  2.82it/s]  6%|▋         | 10/155 [00:04<00:51,  2.80it/s]  7%|▋         | 11/155 [00:05<00:45,  3.19it/s]  8%|▊         | 12/155 [00:05<00:41,  3.48it/s]  8%|▊         | 13/155 [00:05<00:50,  2.83it/s]  9%|▉         | 14/155 [00:05<00:43,  3.24it/s] 10%|▉         | 15/155 [00:06<00:39,  3.57it/s] 10%|█         | 16/155 [00:06<00:36,  3.86it/s] 11%|█         | 17/155 [00:06<00:44,  3.08it/s] 12%|█▏        | 18/155 [00:07<00:39,  3.48it/s] 12%|█▏        | 19/155 [00:07<00:36,  3.77it/s] 13%|█▎        | 20/155 [00:07<00:33,  4.01it/s] 14%|█▎        | 21/155 [00:07<00:35,  3.77it/s] 14%|█▍        | 22/155 [00:08<00:38,  3.47it/s] 15%|█▍        | 23/155 [00:08<00:35,  3.74it/s] 15%|█▌        | 24/155 [00:08<00:33,  3.91it/s] 16%|█▌        | 25/155 [00:09<00:41,  3.15it/s] 17%|█▋        | 26/155 [00:09<00:43,  2.95it/s] 17%|█▋        | 27/155 [00:09<00:39,  3.26it/s] 18%|█▊        | 28/155 [00:09<00:35,  3.59it/s] 19%|█▊        | 29/155 [00:10<00:52,  2.41it/s] 19%|█▉        | 30/155 [00:10<00:44,  2.84it/s] 20%|██        | 31/155 [00:11<00:38,  3.23it/s] 21%|██        | 32/155 [00:11<00:34,  3.55it/s] 21%|██▏       | 33/155 [00:11<00:44,  2.75it/s] 22%|██▏       | 34/155 [00:12<00:38,  3.12it/s] 23%|██▎       | 35/155 [00:12<00:34,  3.45it/s] 23%|██▎       | 36/155 [00:12<00:31,  3.78it/s] 24%|██▍       | 37/155 [00:12<00:34,  3.47it/s] 25%|██▍       | 38/155 [00:13<00:40,  2.90it/s] 25%|██▌       | 39/155 [00:13<00:35,  3.29it/s] 26%|██▌       | 40/155 [00:13<00:32,  3.58it/s] 26%|██▋       | 41/155 [00:14<00:34,  3.27it/s] 27%|██▋       | 42/155 [00:14<00:37,  3.05it/s] 28%|██▊       | 43/155 [00:14<00:33,  3.37it/s] 28%|██▊       | 44/155 [00:14<00:30,  3.66it/s] 29%|██▉       | 45/155 [00:15<00:34,  3.20it/s] 30%|██▉       | 46/155 [00:15<00:33,  3.24it/s] 30%|███       | 47/155 [00:15<00:30,  3.57it/s] 31%|███       | 48/155 [00:16<00:27,  3.90it/s] 32%|███▏      | 49/155 [00:16<00:32,  3.28it/s] 32%|███▏      | 50/155 [00:16<00:31,  3.34it/s] 33%|███▎      | 51/155 [00:16<00:28,  3.66it/s] 34%|███▎      | 52/155 [00:17<00:26,  3.89it/s] 34%|███▍      | 53/155 [00:17<00:30,  3.33it/s] 35%|███▍      | 54/155 [00:17<00:30,  3.31it/s] 35%|███▌      | 55/155 [00:18<00:27,  3.62it/s] 36%|███▌      | 56/155 [00:18<00:25,  3.89it/s] 37%|███▋      | 57/155 [00:18<00:31,  3.13it/s] 37%|███▋      | 58/155 [00:19<00:30,  3.22it/s] 38%|███▊      | 59/155 [00:19<00:27,  3.54it/s] 39%|███▊      | 60/155 [00:19<00:24,  3.86it/s] 39%|███▉      | 61/155 [00:19<00:29,  3.16it/s] 40%|████      | 62/155 [00:20<00:27,  3.34it/s] 41%|████      | 63/155 [00:20<00:24,  3.68it/s] 41%|████▏     | 64/155 [00:20<00:23,  3.92it/s] 42%|████▏     | 65/155 [00:20<00:23,  3.87it/s] 43%|████▎     | 66/155 [00:21<00:28,  3.13it/s] 43%|████▎     | 67/155 [00:21<00:25,  3.46it/s] 44%|████▍     | 68/155 [00:21<00:22,  3.79it/s] 45%|████▍     | 69/155 [00:22<00:27,  3.15it/s] 45%|████▌     | 70/155 [00:22<00:27,  3.13it/s] 46%|████▌     | 71/155 [00:22<00:24,  3.47it/s] 46%|████▋     | 72/155 [00:22<00:21,  3.82it/s] 47%|████▋     | 73/155 [00:23<00:22,  3.58it/s] 48%|████▊     | 74/155 [00:23<00:24,  3.29it/s] 48%|████▊     | 75/155 [00:23<00:22,  3.56it/s] 49%|████▉     | 76/155 [00:24<00:20,  3.85it/s] 50%|████▉     | 77/155 [00:24<00:23,  3.35it/s] 50%|█████     | 78/155 [00:24<00:22,  3.36it/s] 51%|█████     | 79/155 [00:24<00:20,  3.74it/s] 52%|█████▏    | 80/155 [00:25<00:18,  3.98it/s] 52%|█████▏    | 81/155 [00:25<00:23,  3.14it/s] 53%|█████▎    | 82/155 [00:25<00:21,  3.43it/s] 54%|█████▎    | 83/155 [00:26<00:19,  3.75it/s] 54%|█████▍    | 84/155 [00:26<00:18,  3.93it/s] 55%|█████▍    | 85/155 [00:26<00:19,  3.68it/s] 55%|█████▌    | 86/155 [00:27<00:21,  3.17it/s] 56%|█████▌    | 87/155 [00:27<00:19,  3.52it/s] 57%|█████▋    | 88/155 [00:27<00:17,  3.82it/s] 57%|█████▋    | 89/155 [00:27<00:19,  3.36it/s] 58%|█████▊    | 90/155 [00:28<00:19,  3.34it/s] 59%|█████▊    | 91/155 [00:28<00:17,  3.62it/s] 59%|█████▉    | 92/155 [00:28<00:16,  3.89it/s] 60%|██████    | 93/155 [00:29<00:19,  3.13it/s] 61%|██████    | 94/155 [00:29<00:17,  3.50it/s] 61%|██████▏   | 95/155 [00:29<00:15,  3.80it/s] 62%|██████▏   | 96/155 [00:29<00:14,  4.08it/s] 63%|██████▎   | 97/155 [00:30<00:18,  3.18it/s] 63%|██████▎   | 98/155 [00:30<00:16,  3.53it/s] 64%|██████▍   | 99/155 [00:30<00:14,  3.85it/s] 65%|██████▍   | 100/155 [00:30<00:13,  4.12it/s] 65%|██████▌   | 101/155 [00:31<00:16,  3.30it/s] 66%|██████▌   | 102/155 [00:31<00:15,  3.47it/s] 66%|██████▋   | 103/155 [00:31<00:13,  3.75it/s] 67%|██████▋   | 104/155 [00:31<00:12,  4.01it/s] 68%|██████▊   | 105/155 [00:32<00:15,  3.30it/s] 68%|██████▊   | 106/155 [00:32<00:15,  3.08it/s] 69%|██████▉   | 107/155 [00:32<00:13,  3.47it/s] 70%|██████▉   | 108/155 [00:33<00:12,  3.80it/s] 70%|███████   | 109/155 [00:33<00:13,  3.40it/s] 71%|███████   | 110/155 [00:33<00:14,  3.18it/s] 72%|███████▏  | 111/155 [00:34<00:12,  3.47it/s] 72%|███████▏  | 112/155 [00:34<00:11,  3.81it/s] 73%|███████▎  | 113/155 [00:34<00:13,  3.13it/s] 74%|███████▎  | 114/155 [00:34<00:12,  3.21it/s] 74%|███████▍  | 115/155 [00:35<00:11,  3.57it/s] 75%|███████▍  | 116/155 [00:35<00:10,  3.87it/s] 75%|███████▌  | 117/155 [00:35<00:12,  3.12it/s] 76%|███████▌  | 118/155 [00:36<00:11,  3.31it/s] 77%|███████▋  | 119/155 [00:36<00:10,  3.59it/s] 77%|███████▋  | 120/155 [00:36<00:08,  3.91it/s] 78%|███████▊  | 121/155 [00:36<00:10,  3.17it/s] 79%|███████▊  | 122/155 [00:37<00:09,  3.35it/s] 79%|███████▉  | 123/155 [00:37<00:08,  3.68it/s] 80%|████████  | 124/155 [00:37<00:07,  3.96it/s] 81%|████████  | 125/155 [00:38<00:08,  3.48it/s] 81%|████████▏ | 126/155 [00:38<00:08,  3.36it/s] 82%|████████▏ | 127/155 [00:38<00:07,  3.75it/s] 83%|████████▎ | 128/155 [00:38<00:06,  4.00it/s] 83%|████████▎ | 129/155 [00:39<00:07,  3.69it/s] 84%|████████▍ | 130/155 [00:39<00:07,  3.39it/s] 85%|████████▍ | 131/155 [00:39<00:06,  3.72it/s] 85%|████████▌ | 132/155 [00:39<00:05,  3.99it/s] 86%|████████▌ | 133/155 [00:40<00:06,  3.62it/s] 86%|████████▋ | 134/155 [00:40<00:06,  3.38it/s] 87%|████████▋ | 135/155 [00:40<00:05,  3.69it/s] 88%|████████▊ | 136/155 [00:40<00:04,  3.96it/s] 88%|████████▊ | 137/155 [00:41<00:04,  3.75it/s] 89%|████████▉ | 138/155 [00:41<00:05,  3.33it/s] 90%|████████▉ | 139/155 [00:41<00:04,  3.62it/s] 90%|█████████ | 140/155 [00:42<00:03,  3.93it/s] 91%|█████████ | 141/155 [00:42<00:03,  3.66it/s] 92%|█████████▏| 142/155 [00:42<00:03,  3.28it/s] 92%|█████████▏| 143/155 [00:42<00:03,  3.52it/s] 93%|█████████▎| 144/155 [00:43<00:02,  3.87it/s] 94%|█████████▎| 145/155 [00:43<00:02,  3.68it/s] 94%|█████████▍| 146/155 [00:43<00:02,  3.24it/s] 95%|█████████▍| 147/155 [00:44<00:02,  3.60it/s] 95%|█████████▌| 148/155 [00:44<00:01,  3.83it/s] 96%|█████████▌| 149/155 [00:44<00:01,  3.90it/s] 97%|█████████▋| 150/155 [00:44<00:01,  3.96it/s] 97%|█████████▋| 151/155 [00:45<00:00,  4.23it/s] 98%|█████████▊| 152/155 [00:45<00:00,  4.44it/s] 99%|█████████▊| 153/155 [00:45<00:00,  4.59it/s] 99%|█████████▉| 154/155 [00:45<00:00,  4.75it/s]100%|██████████| 155/155 [00:45<00:00,  5.46it/s]100%|██████████| 155/155 [00:45<00:00,  3.38it/s][2022-09-16 13:32:12,811][__main__][INFO] - Test Instance Accuracy: 0.685484, Class Accuracy: 0.574749
[2022-09-16 13:32:12,811][__main__][INFO] - Best Instance Accuracy: 0.685484, Class Accuracy: 0.574749
[2022-09-16 13:32:12,812][tensorboardX.summary][INFO] - Summary name Test Acc is illegal; using Test_Acc instead.
[2022-09-16 13:32:12,812][__main__][INFO] - Save model...
[2022-09-16 13:32:12,813][__main__][INFO] - Saving at best_model.pth
[2022-09-16 13:32:13,067][__main__][INFO] - Epoch 5 (5/200):

  0%|          | 0/616 [00:00<?, ?it/s]  0%|          | 1/616 [00:01<18:40,  1.82s/it]  0%|          | 2/616 [00:02<09:24,  1.09it/s]  0%|          | 3/616 [00:03<04:17,  2.38it/s]  1%|          | 4/616 [00:03<03:51,  2.64it/s]  1%|          | 5/616 [00:03<05:22,  1.90it/s]  1%|          | 6/616 [00:04<03:50,  2.65it/s]  1%|          | 7/616 [00:04<03:39,  2.77it/s]  1%|▏         | 8/616 [00:05<03:42,  2.74it/s]  1%|▏         | 9/616 [00:05<03:41,  2.74it/s]  2%|▏         | 10/616 [00:05<03:40,  2.74it/s]  2%|▏         | 11/616 [00:06<03:41,  2.73it/s]  2%|▏         | 12/616 [00:06<03:40,  2.74it/s]  2%|▏         | 13/616 [00:06<03:36,  2.79it/s]  2%|▏         | 14/616 [00:07<03:36,  2.78it/s]  2%|▏         | 15/616 [00:07<03:39,  2.74it/s]  3%|▎         | 16/616 [00:07<03:37,  2.76it/s]  3%|▎         | 17/616 [00:08<03:38,  2.74it/s]  3%|▎         | 18/616 [00:08<03:32,  2.82it/s]  3%|▎         | 19/616 [00:09<03:35,  2.78it/s]  3%|▎         | 20/616 [00:09<03:35,  2.76it/s]  3%|▎         | 21/616 [00:09<03:33,  2.78it/s]  4%|▎         | 22/616 [00:10<03:35,  2.76it/s]  4%|▎         | 23/616 [00:10<03:33,  2.77it/s]  4%|▍         | 24/616 [00:10<03:33,  2.77it/s]  4%|▍         | 25/616 [00:11<03:35,  2.74it/s]  4%|▍         | 26/616 [00:11<03:33,  2.77it/s]  4%|▍         | 27/616 [00:11<03:31,  2.78it/s]  5%|▍         | 28/616 [00:12<03:38,  2.70it/s]  5%|▍         | 29/616 [00:12<03:29,  2.80it/s]  5%|▍         | 30/616 [00:12<03:30,  2.78it/s]  5%|▌         | 31/616 [00:13<03:29,  2.79it/s]  5%|▌         | 32/616 [00:13<03:30,  2.78it/s]  5%|▌         | 33/616 [00:14<03:26,  2.82it/s]  6%|▌         | 34/616 [00:14<03:31,  2.75it/s]  6%|▌         | 35/616 [00:14<03:29,  2.78it/s]  6%|▌         | 36/616 [00:15<03:22,  2.87it/s]  6%|▌         | 37/616 [00:15<03:26,  2.80it/s]  6%|▌         | 38/616 [00:15<03:27,  2.78it/s]  6%|▋         | 39/616 [00:16<03:27,  2.78it/s]  6%|▋         | 40/616 [00:16<03:26,  2.79it/s]  7%|▋         | 41/616 [00:16<03:34,  2.68it/s]  7%|▋         | 42/616 [00:17<03:26,  2.77it/s]  7%|▋         | 43/616 [00:17<03:20,  2.86it/s]  7%|▋         | 44/616 [00:18<03:27,  2.76it/s]  7%|▋         | 45/616 [00:18<03:25,  2.78it/s]  7%|▋         | 46/616 [00:18<03:24,  2.78it/s]  8%|▊         | 47/616 [00:19<03:22,  2.82it/s]  8%|▊         | 48/616 [00:19<03:22,  2.80it/s]  8%|▊         | 49/616 [00:19<03:21,  2.82it/s]  8%|▊         | 50/616 [00:20<03:23,  2.78it/s]  8%|▊         | 51/616 [00:20<03:29,  2.70it/s]  8%|▊         | 52/616 [00:20<03:28,  2.71it/s]  9%|▊         | 53/616 [00:21<03:20,  2.81it/s]  9%|▉         | 54/616 [00:21<03:23,  2.77it/s]  9%|▉         | 55/616 [00:21<03:24,  2.75it/s]  9%|▉         | 56/616 [00:22<03:20,  2.79it/s]  9%|▉         | 57/616 [00:22<03:18,  2.82it/s]  9%|▉         | 58/616 [00:23<03:20,  2.78it/s] 10%|▉         | 59/616 [00:23<03:21,  2.77it/s] 10%|▉         | 60/616 [00:23<03:20,  2.77it/s] 10%|▉         | 61/616 [00:24<03:19,  2.78it/s] 10%|█         | 62/616 [00:24<03:26,  2.69it/s] 10%|█         | 63/616 [00:24<03:17,  2.79it/s] 10%|█         | 64/616 [00:25<03:17,  2.80it/s] 11%|█         | 65/616 [00:25<03:17,  2.79it/s] 11%|█         | 66/616 [00:25<03:17,  2.79it/s] 11%|█         | 67/616 [00:26<03:20,  2.74it/s] 11%|█         | 68/616 [00:26<03:17,  2.77it/s] 11%|█         | 69/616 [00:27<03:19,  2.75it/s] 11%|█▏        | 70/616 [00:27<03:16,  2.78it/s] 12%|█▏        | 71/616 [00:27<03:17,  2.76it/s] 12%|█▏        | 72/616 [00:28<03:15,  2.78it/s] 12%|█▏        | 73/616 [00:28<03:12,  2.82it/s] 12%|█▏        | 74/616 [00:28<03:13,  2.80it/s] 12%|█▏        | 75/616 [00:29<03:16,  2.75it/s] 12%|█▏        | 76/616 [00:29<03:13,  2.79it/s] 12%|█▎        | 77/616 [00:29<03:10,  2.84it/s] 13%|█▎        | 78/616 [00:30<03:18,  2.71it/s] 13%|█▎        | 79/616 [00:30<03:11,  2.81it/s] 13%|█▎        | 80/616 [00:30<03:12,  2.79it/s] 13%|█▎        | 81/616 [00:31<03:12,  2.78it/s] 13%|█▎        | 82/616 [00:31<03:09,  2.81it/s] 13%|█▎        | 83/616 [00:32<03:15,  2.72it/s] 14%|█▎        | 84/616 [00:32<03:09,  2.80it/s] 14%|█▍        | 85/616 [00:32<03:07,  2.83it/s] 14%|█▍        | 86/616 [00:33<03:08,  2.82it/s] 14%|█▍        | 87/616 [00:33<03:12,  2.75it/s] 14%|█▍        | 88/616 [00:33<03:07,  2.82it/s] 14%|█▍        | 89/616 [00:34<03:14,  2.70it/s] 15%|█▍        | 90/616 [00:34<03:13,  2.72it/s] 15%|█▍        | 91/616 [00:34<03:06,  2.82it/s] 15%|█▍        | 92/616 [00:35<03:08,  2.78it/s] 15%|█▌        | 93/616 [00:35<03:08,  2.78it/s] 15%|█▌        | 94/616 [00:36<03:06,  2.80it/s] 15%|█▌        | 95/616 [00:36<03:08,  2.76it/s] 16%|█▌        | 96/616 [00:36<03:07,  2.77it/s] 16%|█▌        | 97/616 [00:37<03:04,  2.81it/s] 16%|█▌        | 98/616 [00:37<03:03,  2.83it/s] 16%|█▌        | 99/616 [00:37<03:08,  2.75it/s] 16%|█▌        | 100/616 [00:38<03:07,  2.76it/s] 16%|█▋        | 101/616 [00:38<03:06,  2.77it/s] 17%|█▋        | 102/616 [00:38<03:07,  2.74it/s] 17%|█▋        | 103/616 [00:39<03:06,  2.75it/s] 17%|█▋        | 104/616 [00:39<03:08,  2.72it/s] 17%|█▋        | 105/616 [00:39<03:00,  2.83it/s] 17%|█▋        | 106/616 [00:40<03:03,  2.78it/s] 17%|█▋        | 107/616 [00:40<03:10,  2.68it/s] 18%|█▊        | 108/616 [00:41<03:07,  2.71it/s] 18%|█▊        | 109/616 [00:41<02:59,  2.83it/s] 18%|█▊        | 110/616 [00:41<03:02,  2.78it/s] 18%|█▊        | 111/616 [00:42<03:02,  2.77it/s] 18%|█▊        | 112/616 [00:42<02:59,  2.81it/s] 18%|█▊        | 113/616 [00:42<02:57,  2.83it/s] 19%|█▊        | 114/616 [00:43<02:59,  2.80it/s] 19%|█▊        | 115/616 [00:43<03:01,  2.77it/s] 19%|█▉        | 116/616 [00:43<03:03,  2.72it/s] 19%|█▉        | 117/616 [00:44<02:57,  2.81it/s] 19%|█▉        | 118/616 [00:44<02:59,  2.78it/s] 19%|█▉        | 119/616 [00:45<02:56,  2.81it/s] 19%|█▉        | 120/616 [00:45<02:55,  2.82it/s] 20%|█▉        | 121/616 [00:45<02:55,  2.81it/s] 20%|█▉        | 122/616 [00:46<02:59,  2.75it/s] 20%|█▉        | 123/616 [00:46<02:57,  2.77it/s] 20%|██        | 124/616 [00:46<02:58,  2.75it/s] 20%|██        | 125/616 [00:47<02:54,  2.81it/s] 20%|██        | 126/616 [00:47<02:58,  2.74it/s] 21%|██        | 127/616 [00:47<02:58,  2.74it/s] 21%|██        | 128/616 [00:48<02:56,  2.76it/s] 21%|██        | 129/616 [00:48<02:52,  2.82it/s] 21%|██        | 130/616 [00:48<02:57,  2.74it/s] 21%|██▏       | 131/616 [00:49<02:54,  2.77it/s] 21%|██▏       | 132/616 [00:49<02:53,  2.79it/s] 22%|██▏       | 133/616 [00:50<02:54,  2.76it/s] 22%|██▏       | 134/616 [00:50<02:55,  2.75it/s] 22%|██▏       | 135/616 [00:50<02:51,  2.80it/s] 22%|██▏       | 136/616 [00:51<02:55,  2.74it/s] 22%|██▏       | 137/616 [00:51<02:51,  2.79it/s] 22%|██▏       | 138/616 [00:51<02:50,  2.81it/s] 23%|██▎       | 139/616 [00:52<02:53,  2.75it/s] 23%|██▎       | 140/616 [00:52<02:54,  2.72it/s] 23%|██▎       | 141/616 [00:52<02:51,  2.77it/s] 23%|██▎       | 142/616 [00:53<02:51,  2.77it/s] 23%|██▎       | 143/616 [00:53<02:48,  2.81it/s] 23%|██▎       | 144/616 [00:54<02:50,  2.76it/s] 24%|██▎       | 145/616 [00:54<02:45,  2.84it/s] 24%|██▎       | 146/616 [00:54<02:48,  2.79it/s] 24%|██▍       | 147/616 [00:55<02:56,  2.66it/s] 24%|██▍       | 148/616 [00:55<03:02,  2.56it/s] 24%|██▍       | 149/616 [00:55<02:48,  2.77it/s] 24%|██▍       | 150/616 [00:56<02:49,  2.75it/s] 25%|██▍       | 151/616 [00:56<02:48,  2.76it/s] 25%|██▍       | 152/616 [00:56<02:50,  2.71it/s] 25%|██▍       | 153/616 [00:57<02:47,  2.77it/s] 25%|██▌       | 154/616 [00:57<02:46,  2.78it/s] 25%|██▌       | 155/616 [00:58<02:45,  2.79it/s] 25%|██▌       | 156/616 [00:58<02:46,  2.77it/s] 25%|██▌       | 157/616 [00:58<02:43,  2.80it/s] 26%|██▌       | 158/616 [00:59<02:44,  2.79it/s] 26%|██▌       | 159/616 [00:59<02:45,  2.76it/s] 26%|██▌       | 160/616 [00:59<02:43,  2.79it/s] 26%|██▌       | 161/616 [01:00<02:41,  2.82it/s] 26%|██▋       | 162/616 [01:00<02:45,  2.75it/s] 26%|██▋       | 163/616 [01:00<02:42,  2.79it/s] 27%|██▋       | 164/616 [01:01<02:41,  2.81it/s] 27%|██▋       | 165/616 [01:01<02:39,  2.83it/s] 27%|██▋       | 166/616 [01:01<02:38,  2.83it/s] 27%|██▋       | 167/616 [01:02<02:40,  2.80it/s] 27%|██▋       | 168/616 [01:02<02:38,  2.83it/s] 27%|██▋       | 169/616 [01:03<02:39,  2.80it/s] 28%|██▊       | 170/616 [01:03<02:40,  2.78it/s] 28%|██▊       | 171/616 [01:03<02:41,  2.76it/s] 28%|██▊       | 172/616 [01:04<02:37,  2.82it/s] 28%|██▊       | 173/616 [01:04<02:47,  2.64it/s] 28%|██▊       | 174/616 [01:04<02:37,  2.80it/s] 28%|██▊       | 175/616 [01:05<02:38,  2.79it/s] 29%|██▊       | 176/616 [01:05<02:59,  2.45it/s] 29%|██▊       | 177/616 [01:06<02:39,  2.75it/s] 29%|██▉       | 178/616 [01:06<02:36,  2.80it/s] 29%|██▉       | 179/616 [01:06<02:37,  2.78it/s] 29%|██▉       | 180/616 [01:07<02:42,  2.69it/s] 29%|██▉       | 181/616 [01:07<02:34,  2.81it/s] 30%|██▉       | 182/616 [01:07<02:36,  2.77it/s] 30%|██▉       | 183/616 [01:08<02:32,  2.84it/s] 30%|██▉       | 184/616 [01:08<02:33,  2.82it/s] 30%|███       | 185/616 [01:08<02:35,  2.77it/s] 30%|███       | 186/616 [01:09<02:33,  2.80it/s] 30%|███       | 187/616 [01:09<02:34,  2.78it/s] 31%|███       | 188/616 [01:09<02:36,  2.74it/s] 31%|███       | 189/616 [01:10<02:31,  2.82it/s] 31%|███       | 190/616 [01:10<02:35,  2.75it/s] 31%|███       | 191/616 [01:11<02:34,  2.75it/s] 31%|███       | 192/616 [01:11<02:29,  2.84it/s] 31%|███▏      | 193/616 [01:11<02:29,  2.82it/s] 31%|███▏      | 194/616 [01:12<02:31,  2.79it/s] 32%|███▏      | 195/616 [01:12<02:29,  2.81it/s] 32%|███▏      | 196/616 [01:12<02:28,  2.82it/s] 32%|███▏      | 197/616 [01:13<02:33,  2.72it/s] 32%|███▏      | 198/616 [01:13<02:29,  2.79it/s] 32%|███▏      | 199/616 [01:13<02:28,  2.81it/s] 32%|███▏      | 200/616 [01:14<02:29,  2.78it/s] 33%|███▎      | 201/616 [01:14<02:29,  2.78it/s] 33%|███▎      | 202/616 [01:14<02:31,  2.74it/s] 33%|███▎      | 203/616 [01:15<02:28,  2.77it/s] 33%|███▎      | 204/616 [01:15<02:24,  2.85it/s] 33%|███▎      | 205/616 [01:16<02:30,  2.74it/s] 33%|███▎      | 206/616 [01:16<02:28,  2.77it/s] 34%|███▎      | 207/616 [01:16<02:26,  2.80it/s] 34%|███▍      | 208/616 [01:17<02:27,  2.77it/s] 34%|███▍      | 209/616 [01:17<02:24,  2.81it/s] 34%|███▍      | 210/616 [01:17<02:26,  2.77it/s] 34%|███▍      | 211/616 [01:18<02:26,  2.76it/s] 34%|███▍      | 212/616 [01:18<02:26,  2.76it/s] 35%|███▍      | 213/616 [01:18<02:24,  2.78it/s] 35%|███▍      | 214/616 [01:19<02:20,  2.85it/s] 35%|███▍      | 215/616 [01:19<03:00,  2.22it/s] 35%|███▌      | 216/616 [01:20<03:36,  1.85it/s] 35%|███▌      | 217/616 [01:20<03:31,  1.89it/s] 35%|███▌      | 218/616 [01:21<03:38,  1.82it/s] 36%|███▌      | 219/616 [01:21<03:04,  2.15it/s] 36%|███▌      | 220/616 [01:22<02:50,  2.32it/s] 36%|███▌      | 221/616 [01:22<02:54,  2.27it/s] 36%|███▌      | 222/616 [01:23<02:38,  2.49it/s] 36%|███▌      | 223/616 [01:23<02:44,  2.39it/s] 36%|███▋      | 224/616 [01:23<02:29,  2.62it/s] 37%|███▋      | 225/616 [01:24<02:24,  2.71it/s] 37%|███▋      | 226/616 [01:24<02:24,  2.69it/s] 37%|███▋      | 227/616 [01:25<02:25,  2.68it/s] 37%|███▋      | 228/616 [01:25<02:28,  2.62it/s] 37%|███▋      | 229/616 [01:25<02:27,  2.63it/s] 37%|███▋      | 230/616 [01:26<02:21,  2.72it/s] 38%|███▊      | 231/616 [01:26<02:24,  2.67it/s] 38%|███▊      | 232/616 [01:26<02:20,  2.74it/s] 38%|███▊      | 233/616 [01:27<02:16,  2.81it/s] 38%|███▊      | 234/616 [01:27<02:19,  2.74it/s] 38%|███▊      | 235/616 [01:27<02:18,  2.75it/s] 38%|███▊      | 236/616 [01:28<02:20,  2.71it/s] 38%|███▊      | 237/616 [01:28<02:17,  2.75it/s] 39%|███▊      | 238/616 [01:29<02:16,  2.77it/s] 39%|███▉      | 239/616 [01:29<02:15,  2.77it/s] 39%|███▉      | 240/616 [01:29<02:18,  2.72it/s] 39%|███▉      | 241/616 [01:30<02:11,  2.86it/s] 39%|███▉      | 242/616 [01:30<02:13,  2.81it/s] 39%|███▉      | 243/616 [01:30<02:14,  2.78it/s] 40%|███▉      | 244/616 [01:31<02:18,  2.69it/s] 40%|███▉      | 245/616 [01:31<02:16,  2.71it/s] 40%|███▉      | 246/616 [01:31<02:15,  2.73it/s] 40%|████      | 247/616 [01:32<02:12,  2.78it/s] 40%|████      | 248/616 [01:32<02:13,  2.75it/s] 40%|████      | 249/616 [01:33<02:09,  2.82it/s] 41%|████      | 250/616 [01:33<02:11,  2.78it/s] 41%|████      | 251/616 [01:33<02:10,  2.79it/s] 41%|████      | 252/616 [01:34<02:08,  2.83it/s] 41%|████      | 253/616 [01:34<02:13,  2.73it/s] 41%|████      | 254/616 [01:34<02:10,  2.77it/s] 41%|████▏     | 255/616 [01:35<02:10,  2.77it/s] 42%|████▏     | 256/616 [01:35<02:07,  2.83it/s] 42%|████▏     | 257/616 [01:35<02:10,  2.76it/s] 42%|████▏     | 258/616 [01:36<02:10,  2.75it/s] 42%|████▏     | 259/616 [01:36<02:08,  2.78it/s] 42%|████▏     | 260/616 [01:36<02:07,  2.79it/s] 42%|████▏     | 261/616 [01:37<02:13,  2.67it/s] 43%|████▎     | 262/616 [01:37<02:07,  2.78it/s] 43%|████▎     | 263/616 [01:38<02:06,  2.80it/s] 43%|████▎     | 264/616 [01:38<02:05,  2.81it/s] 43%|████▎     | 265/616 [01:38<02:04,  2.81it/s] 43%|████▎     | 266/616 [01:39<02:06,  2.78it/s] 43%|████▎     | 267/616 [01:39<02:22,  2.45it/s] 44%|████▎     | 268/616 [01:39<02:06,  2.75it/s] 44%|████▎     | 269/616 [01:40<02:03,  2.80it/s] 44%|████▍     | 270/616 [01:40<02:05,  2.77it/s] 44%|████▍     | 271/616 [01:41<02:02,  2.82it/s] 44%|████▍     | 272/616 [01:41<02:03,  2.79it/s] 44%|████▍     | 273/616 [01:41<02:04,  2.75it/s] 44%|████▍     | 274/616 [01:42<02:03,  2.76it/s] 45%|████▍     | 275/616 [01:42<02:02,  2.78it/s] 45%|████▍     | 276/616 [01:42<02:01,  2.80it/s] 45%|████▍     | 277/616 [01:43<01:59,  2.84it/s] 45%|████▌     | 278/616 [01:43<02:02,  2.76it/s] 45%|████▌     | 279/616 [01:43<01:58,  2.84it/s] 45%|████▌     | 280/616 [01:44<01:59,  2.81it/s] 46%|████▌     | 281/616 [01:44<02:03,  2.72it/s] 46%|████▌     | 282/616 [01:44<02:00,  2.78it/s] 46%|████▌     | 283/616 [01:45<02:00,  2.77it/s] 46%|████▌     | 284/616 [01:45<01:59,  2.78it/s] 46%|████▋     | 285/616 [01:46<01:57,  2.82it/s] 46%|████▋     | 286/616 [01:46<01:58,  2.79it/s] 47%|████▋     | 287/616 [01:46<01:58,  2.78it/s] 47%|████▋     | 288/616 [01:47<01:55,  2.83it/s] 47%|████▋     | 289/616 [01:47<01:56,  2.81it/s] 47%|████▋     | 290/616 [01:47<01:59,  2.73it/s] 47%|████▋     | 291/616 [01:48<01:56,  2.79it/s] 47%|████▋     | 292/616 [01:48<01:59,  2.71it/s] 48%|████▊     | 293/616 [01:48<01:53,  2.84it/s] 48%|████▊     | 294/616 [01:49<01:56,  2.77it/s] 48%|████▊     | 295/616 [01:49<01:54,  2.80it/s] 48%|████▊     | 296/616 [01:49<01:53,  2.82it/s] 48%|████▊     | 297/616 [01:50<01:53,  2.82it/s] 48%|████▊     | 298/616 [01:50<01:56,  2.72it/s] 49%|████▊     | 299/616 [01:51<01:55,  2.74it/s] 49%|████▊     | 300/616 [01:51<01:53,  2.78it/s] 49%|████▉     | 301/616 [01:51<01:52,  2.79it/s] 49%|████▉     | 302/616 [01:52<01:51,  2.81it/s] 49%|████▉     | 303/616 [01:52<01:54,  2.72it/s] 49%|████▉     | 304/616 [01:52<01:54,  2.73it/s] 50%|████▉     | 305/616 [01:53<01:50,  2.81it/s] 50%|████▉     | 306/616 [01:53<01:50,  2.80it/s] 50%|████▉     | 307/616 [01:53<01:53,  2.73it/s] 50%|█████     | 308/616 [01:54<01:50,  2.78it/s] 50%|█████     | 309/616 [01:54<01:50,  2.78it/s] 50%|█████     | 310/616 [01:55<01:50,  2.77it/s] 50%|█████     | 311/616 [01:55<01:50,  2.77it/s] 51%|█████     | 312/616 [01:55<01:47,  2.82it/s] 51%|█████     | 313/616 [01:56<01:47,  2.81it/s] 51%|█████     | 314/616 [01:56<01:47,  2.82it/s] 51%|█████     | 315/616 [01:56<01:46,  2.83it/s] 51%|█████▏    | 316/616 [01:57<01:48,  2.75it/s] 51%|█████▏    | 317/616 [01:57<01:48,  2.77it/s] 52%|█████▏    | 318/616 [01:57<01:47,  2.76it/s] 52%|█████▏    | 319/616 [01:58<01:47,  2.75it/s] 52%|█████▏    | 320/616 [01:58<01:44,  2.83it/s] 52%|█████▏    | 321/616 [01:58<01:48,  2.72it/s] 52%|█████▏    | 322/616 [01:59<01:46,  2.77it/s] 52%|█████▏    | 323/616 [01:59<01:45,  2.76it/s] 53%|█████▎    | 324/616 [02:00<01:44,  2.79it/s] 53%|█████▎    | 325/616 [02:00<01:45,  2.76it/s] 53%|█████▎    | 326/616 [02:00<01:43,  2.80it/s] 53%|█████▎    | 327/616 [02:01<01:46,  2.71it/s] 53%|█████▎    | 328/616 [02:01<01:44,  2.75it/s] 53%|█████▎    | 329/616 [02:01<01:41,  2.82it/s] 54%|█████▎    | 330/616 [02:02<01:44,  2.75it/s] 54%|█████▎    | 331/616 [02:02<01:44,  2.73it/s] 54%|█████▍    | 332/616 [02:02<01:45,  2.70it/s] 54%|█████▍    | 333/616 [02:03<01:41,  2.80it/s] 54%|█████▍    | 334/616 [02:03<01:42,  2.76it/s] 54%|█████▍    | 335/616 [02:04<01:40,  2.79it/s] 55%|█████▍    | 336/616 [02:04<01:40,  2.79it/s] 55%|█████▍    | 337/616 [02:04<01:37,  2.85it/s] 55%|█████▍    | 338/616 [02:05<01:38,  2.82it/s] 55%|█████▌    | 339/616 [02:05<01:46,  2.60it/s] 55%|█████▌    | 340/616 [02:05<01:38,  2.81it/s] 55%|█████▌    | 341/616 [02:06<01:36,  2.85it/s] 56%|█████▌    | 342/616 [02:06<01:37,  2.80it/s] 56%|█████▌    | 343/616 [02:06<01:38,  2.78it/s] 56%|█████▌    | 344/616 [02:07<01:39,  2.73it/s] 56%|█████▌    | 345/616 [02:07<01:37,  2.78it/s] 56%|█████▌    | 346/616 [02:08<01:35,  2.81it/s] 56%|█████▋    | 347/616 [02:08<01:36,  2.78it/s] 56%|█████▋    | 348/616 [02:08<01:36,  2.77it/s] 57%|█████▋    | 349/616 [02:09<01:35,  2.78it/s] 57%|█████▋    | 350/616 [02:09<01:35,  2.79it/s] 57%|█████▋    | 351/616 [02:09<01:34,  2.79it/s] 57%|█████▋    | 352/616 [02:10<01:34,  2.79it/s] 57%|█████▋    | 353/616 [02:10<01:37,  2.70it/s] 57%|█████▋    | 354/616 [02:10<01:31,  2.85it/s] 58%|█████▊    | 355/616 [02:11<01:33,  2.80it/s] 58%|█████▊    | 356/616 [02:11<01:37,  2.67it/s] 58%|█████▊    | 357/616 [02:11<01:32,  2.80it/s] 58%|█████▊    | 358/616 [02:12<01:33,  2.75it/s] 58%|█████▊    | 359/616 [02:12<01:33,  2.76it/s] 58%|█████▊    | 360/616 [02:13<01:32,  2.76it/s] 59%|█████▊    | 361/616 [02:13<01:31,  2.78it/s] 59%|█████▉    | 362/616 [02:13<01:30,  2.81it/s] 59%|█████▉    | 363/616 [02:14<01:29,  2.82it/s] 59%|█████▉    | 364/616 [02:14<01:31,  2.74it/s] 59%|█████▉    | 365/616 [02:14<01:28,  2.83it/s] 59%|█████▉    | 366/616 [02:15<01:30,  2.75it/s] 60%|█████▉    | 367/616 [02:15<01:30,  2.77it/s] 60%|█████▉    | 368/616 [02:15<01:29,  2.76it/s] 60%|█████▉    | 369/616 [02:16<01:26,  2.86it/s] 60%|██████    | 370/616 [02:16<01:29,  2.74it/s] 60%|██████    | 371/616 [02:17<01:28,  2.75it/s] 60%|██████    | 372/616 [02:17<01:27,  2.77it/s] 61%|██████    | 373/616 [02:17<01:28,  2.76it/s] 61%|██████    | 374/616 [02:18<01:27,  2.76it/s] 61%|██████    | 375/616 [02:18<01:29,  2.70it/s] 61%|██████    | 376/616 [02:18<01:26,  2.78it/s] 61%|██████    | 377/616 [02:19<01:25,  2.79it/s] 61%|██████▏   | 378/616 [02:19<01:24,  2.80it/s] 62%|██████▏   | 379/616 [02:19<01:24,  2.79it/s] 62%|██████▏   | 380/616 [02:20<01:23,  2.83it/s] 62%|██████▏   | 381/616 [02:20<01:24,  2.77it/s] 62%|██████▏   | 382/616 [02:20<01:25,  2.74it/s] 62%|██████▏   | 383/616 [02:21<01:25,  2.74it/s] 62%|██████▏   | 384/616 [02:21<01:22,  2.81it/s] 62%|██████▎   | 385/616 [02:22<01:22,  2.80it/s] 63%|██████▎   | 386/616 [02:22<01:25,  2.71it/s] 63%|██████▎   | 387/616 [02:22<01:21,  2.82it/s] 63%|██████▎   | 388/616 [02:23<01:25,  2.68it/s] 63%|██████▎   | 389/616 [02:23<01:22,  2.76it/s] 63%|██████▎   | 390/616 [02:23<01:26,  2.62it/s] 63%|██████▎   | 391/616 [02:24<01:20,  2.80it/s] 64%|██████▎   | 392/616 [02:24<01:20,  2.79it/s] 64%|██████▍   | 393/616 [02:24<01:19,  2.82it/s] 64%|██████▍   | 394/616 [02:25<01:19,  2.78it/s] 64%|██████▍   | 395/616 [02:25<01:19,  2.78it/s] 64%|██████▍   | 396/616 [02:26<01:19,  2.77it/s] 64%|██████▍   | 397/616 [02:26<01:19,  2.77it/s] 65%|██████▍   | 398/616 [02:26<01:17,  2.82it/s] 65%|██████▍   | 399/616 [02:27<01:17,  2.80it/s] 65%|██████▍   | 400/616 [02:27<01:17,  2.78it/s] 65%|██████▌   | 401/616 [02:27<01:17,  2.78it/s] 65%|██████▌   | 402/616 [02:28<01:17,  2.75it/s] 65%|██████▌   | 403/616 [02:28<01:17,  2.76it/s] 66%|██████▌   | 404/616 [02:28<01:16,  2.77it/s] 66%|██████▌   | 405/616 [02:29<01:15,  2.80it/s] 66%|██████▌   | 406/616 [02:29<01:16,  2.74it/s] 66%|██████▌   | 407/616 [02:30<01:15,  2.76it/s] 66%|██████▌   | 408/616 [02:30<01:13,  2.84it/s] 66%|██████▋   | 409/616 [02:30<01:14,  2.76it/s] 67%|██████▋   | 410/616 [02:31<01:13,  2.78it/s] 67%|██████▋   | 411/616 [02:31<01:15,  2.72it/s] 67%|██████▋   | 412/616 [02:31<01:12,  2.82it/s] 67%|██████▋   | 413/616 [02:32<01:12,  2.81it/s] 67%|██████▋   | 414/616 [02:32<01:13,  2.73it/s] 67%|██████▋   | 415/616 [02:32<01:11,  2.81it/s] 68%|██████▊   | 416/616 [02:33<01:10,  2.83it/s] 68%|██████▊   | 417/616 [02:33<01:13,  2.71it/s] 68%|██████▊   | 418/616 [02:33<01:12,  2.75it/s] 68%|██████▊   | 419/616 [02:34<01:09,  2.82it/s] 68%|██████▊   | 420/616 [02:34<01:10,  2.76it/s] 68%|██████▊   | 421/616 [02:35<01:09,  2.80it/s] 69%|██████▊   | 422/616 [02:35<01:09,  2.77it/s] 69%|██████▊   | 423/616 [02:35<01:09,  2.78it/s] 69%|██████▉   | 424/616 [02:36<01:08,  2.82it/s] 69%|██████▉   | 425/616 [02:36<01:08,  2.79it/s] 69%|██████▉   | 426/616 [02:36<01:08,  2.78it/s] 69%|██████▉   | 427/616 [02:37<01:07,  2.80it/s] 69%|██████▉   | 428/616 [02:37<01:07,  2.80it/s] 70%|██████▉   | 429/616 [02:37<01:06,  2.80it/s] 70%|██████▉   | 430/616 [02:38<01:06,  2.80it/s] 70%|██████▉   | 431/616 [02:38<01:06,  2.79it/s] 70%|███████   | 432/616 [02:38<01:04,  2.85it/s] 70%|███████   | 433/616 [02:39<01:06,  2.77it/s] 70%|███████   | 434/616 [02:39<01:05,  2.78it/s] 71%|███████   | 435/616 [02:40<01:05,  2.76it/s] 71%|███████   | 436/616 [02:40<01:04,  2.80it/s] 71%|███████   | 437/616 [02:40<01:02,  2.84it/s] 71%|███████   | 438/616 [02:41<01:02,  2.83it/s] 71%|███████▏  | 439/616 [02:41<01:04,  2.73it/s] 71%|███████▏  | 440/616 [02:41<01:03,  2.78it/s] 72%|███████▏  | 441/616 [02:42<01:09,  2.52it/s] 72%|███████▏  | 442/616 [02:42<01:04,  2.72it/s] 72%|███████▏  | 443/616 [02:42<01:02,  2.78it/s] 72%|███████▏  | 444/616 [02:43<01:02,  2.77it/s] 72%|███████▏  | 445/616 [02:43<01:00,  2.83it/s] 72%|███████▏  | 446/616 [02:44<01:01,  2.75it/s] 73%|███████▎  | 447/616 [02:44<01:00,  2.78it/s] 73%|███████▎  | 448/616 [02:44<00:59,  2.81it/s] 73%|███████▎  | 449/616 [02:45<00:58,  2.85it/s] 73%|███████▎  | 450/616 [02:45<01:00,  2.75it/s] 73%|███████▎  | 451/616 [02:45<01:05,  2.52it/s] 73%|███████▎  | 452/616 [02:46<01:00,  2.69it/s] 74%|███████▎  | 453/616 [02:46<00:58,  2.78it/s] 74%|███████▎  | 454/616 [02:46<00:58,  2.77it/s] 74%|███████▍  | 455/616 [02:47<00:58,  2.76it/s] 74%|███████▍  | 456/616 [02:47<00:57,  2.78it/s] 74%|███████▍  | 457/616 [02:48<00:56,  2.82it/s] 74%|███████▍  | 458/616 [02:48<00:57,  2.76it/s] 75%|███████▍  | 459/616 [02:48<00:58,  2.70it/s] 75%|███████▍  | 460/616 [02:49<00:56,  2.78it/s] 75%|███████▍  | 461/616 [02:49<00:54,  2.83it/s] 75%|███████▌  | 462/616 [02:49<00:55,  2.79it/s] 75%|███████▌  | 463/616 [02:50<00:54,  2.79it/s] 75%|███████▌  | 464/616 [02:50<00:54,  2.79it/s] 75%|███████▌  | 465/616 [02:50<00:53,  2.83it/s] 76%|███████▌  | 466/616 [02:51<00:52,  2.83it/s] 76%|███████▌  | 467/616 [02:51<00:53,  2.79it/s] 76%|███████▌  | 468/616 [02:51<00:53,  2.78it/s] 76%|███████▌  | 469/616 [02:52<00:52,  2.82it/s] 76%|███████▋  | 470/616 [02:52<00:52,  2.78it/s] 76%|███████▋  | 471/616 [02:53<00:52,  2.79it/s] 77%|███████▋  | 472/616 [02:53<00:50,  2.83it/s] 77%|███████▋  | 473/616 [02:53<00:50,  2.82it/s] 77%|███████▋  | 474/616 [02:54<00:51,  2.77it/s] 77%|███████▋  | 475/616 [02:54<00:51,  2.72it/s] 77%|███████▋  | 476/616 [02:54<00:50,  2.77it/s] 77%|███████▋  | 477/616 [02:55<00:49,  2.79it/s] 78%|███████▊  | 478/616 [02:55<00:51,  2.68it/s] 78%|███████▊  | 479/616 [02:55<00:49,  2.78it/s] 78%|███████▊  | 480/616 [02:56<00:48,  2.81it/s] 78%|███████▊  | 481/616 [02:56<00:48,  2.79it/s] 78%|███████▊  | 482/616 [02:57<00:47,  2.80it/s] 78%|███████▊  | 483/616 [02:57<00:47,  2.79it/s] 79%|███████▊  | 484/616 [02:57<00:47,  2.78it/s] 79%|███████▊  | 485/616 [02:58<00:47,  2.76it/s] 79%|███████▉  | 486/616 [02:58<00:47,  2.76it/s] 79%|███████▉  | 487/616 [02:58<00:46,  2.77it/s] 79%|███████▉  | 488/616 [02:59<00:45,  2.79it/s] 79%|███████▉  | 489/616 [02:59<00:46,  2.75it/s] 80%|███████▉  | 490/616 [02:59<00:45,  2.78it/s] 80%|███████▉  | 491/616 [03:00<00:45,  2.78it/s] 80%|███████▉  | 492/616 [03:00<00:44,  2.79it/s] 80%|████████  | 493/616 [03:00<00:43,  2.83it/s] 80%|████████  | 494/616 [03:01<00:44,  2.76it/s] 80%|████████  | 495/616 [03:01<00:44,  2.71it/s] 81%|████████  | 496/616 [03:02<00:42,  2.80it/s] 81%|████████  | 497/616 [03:02<00:41,  2.84it/s] 81%|████████  | 498/616 [03:02<00:43,  2.73it/s] 81%|████████  | 499/616 [03:03<00:41,  2.84it/s] 81%|████████  | 500/616 [03:03<00:42,  2.76it/s] 81%|████████▏ | 501/616 [03:03<00:41,  2.75it/s] 81%|████████▏ | 502/616 [03:04<00:40,  2.80it/s] 82%|████████▏ | 503/616 [03:04<00:41,  2.75it/s] 82%|████████▏ | 504/616 [03:04<00:40,  2.76it/s] 82%|████████▏ | 505/616 [03:05<00:39,  2.82it/s] 82%|████████▏ | 506/616 [03:05<00:40,  2.74it/s] 82%|████████▏ | 507/616 [03:06<00:39,  2.73it/s] 82%|████████▏ | 508/616 [03:06<00:39,  2.74it/s] 83%|████████▎ | 509/616 [03:06<00:39,  2.68it/s] 83%|████████▎ | 510/616 [03:07<00:37,  2.80it/s] 83%|████████▎ | 511/616 [03:07<00:38,  2.72it/s] 83%|████████▎ | 512/616 [03:07<00:37,  2.79it/s] 83%|████████▎ | 513/616 [03:08<00:36,  2.81it/s] 83%|████████▎ | 514/616 [03:08<00:36,  2.77it/s] 84%|████████▎ | 515/616 [03:08<00:35,  2.83it/s] 84%|████████▍ | 516/616 [03:09<00:37,  2.66it/s] 84%|████████▍ | 517/616 [03:09<00:35,  2.82it/s] 84%|████████▍ | 518/616 [03:10<00:34,  2.82it/s] 84%|████████▍ | 519/616 [03:10<00:34,  2.78it/s] 84%|████████▍ | 520/616 [03:10<00:34,  2.81it/s] 85%|████████▍ | 521/616 [03:11<00:33,  2.82it/s] 85%|████████▍ | 522/616 [03:11<00:33,  2.81it/s] 85%|████████▍ | 523/616 [03:11<00:33,  2.76it/s] 85%|████████▌ | 524/616 [03:12<00:32,  2.80it/s] 85%|████████▌ | 525/616 [03:12<00:32,  2.78it/s] 85%|████████▌ | 526/616 [03:12<00:32,  2.78it/s] 86%|████████▌ | 527/616 [03:13<00:32,  2.75it/s] 86%|████████▌ | 528/616 [03:13<00:32,  2.75it/s] 86%|████████▌ | 529/616 [03:13<00:31,  2.80it/s] 86%|████████▌ | 530/616 [03:14<00:30,  2.78it/s] 86%|████████▌ | 531/616 [03:14<00:31,  2.71it/s] 86%|████████▋ | 532/616 [03:15<00:33,  2.50it/s] 87%|████████▋ | 533/616 [03:15<00:30,  2.76it/s] 87%|████████▋ | 534/616 [03:15<00:29,  2.79it/s] 87%|████████▋ | 535/616 [03:16<00:29,  2.73it/s] 87%|████████▋ | 536/616 [03:16<00:28,  2.84it/s] 87%|████████▋ | 537/616 [03:16<00:28,  2.76it/s] 87%|████████▋ | 538/616 [03:17<00:28,  2.76it/s] 88%|████████▊ | 539/616 [03:17<00:27,  2.82it/s] 88%|████████▊ | 540/616 [03:17<00:27,  2.75it/s] 88%|████████▊ | 541/616 [03:18<00:26,  2.83it/s] 88%|████████▊ | 542/616 [03:18<00:27,  2.73it/s] 88%|████████▊ | 543/616 [03:19<00:26,  2.73it/s] 88%|████████▊ | 544/616 [03:19<00:25,  2.78it/s] 88%|████████▊ | 545/616 [03:19<00:25,  2.80it/s] 89%|████████▊ | 546/616 [03:20<00:25,  2.77it/s] 89%|████████▉ | 547/616 [03:20<00:25,  2.75it/s] 89%|████████▉ | 548/616 [03:20<00:24,  2.77it/s] 89%|████████▉ | 549/616 [03:21<00:24,  2.79it/s] 89%|████████▉ | 550/616 [03:21<00:23,  2.78it/s] 89%|████████▉ | 551/616 [03:21<00:23,  2.78it/s] 90%|████████▉ | 552/616 [03:22<00:22,  2.81it/s] 90%|████████▉ | 553/616 [03:22<00:22,  2.76it/s] 90%|████████▉ | 554/616 [03:23<00:22,  2.81it/s] 90%|█████████ | 555/616 [03:23<00:21,  2.78it/s] 90%|█████████ | 556/616 [03:23<00:21,  2.76it/s] 90%|█████████ | 557/616 [03:24<00:21,  2.81it/s] 91%|█████████ | 558/616 [03:24<00:20,  2.82it/s] 91%|█████████ | 559/616 [03:24<00:20,  2.83it/s] 91%|█████████ | 560/616 [03:25<00:20,  2.77it/s] 91%|█████████ | 561/616 [03:25<00:19,  2.80it/s] 91%|█████████ | 562/616 [03:25<00:19,  2.80it/s] 91%|█████████▏| 563/616 [03:26<00:19,  2.71it/s] 92%|█████████▏| 564/616 [03:26<00:18,  2.78it/s] 92%|█████████▏| 565/616 [03:26<00:17,  2.85it/s] 92%|█████████▏| 566/616 [03:27<00:18,  2.75it/s] 92%|█████████▏| 567/616 [03:27<00:17,  2.75it/s] 92%|█████████▏| 568/616 [03:28<00:17,  2.81it/s] 92%|█████████▏| 569/616 [03:28<00:16,  2.84it/s] 93%|█████████▎| 570/616 [03:28<00:16,  2.79it/s] 93%|█████████▎| 571/616 [03:29<00:16,  2.81it/s] 93%|█████████▎| 572/616 [03:29<00:15,  2.86it/s] 93%|█████████▎| 573/616 [03:29<00:15,  2.84it/s] 93%|█████████▎| 574/616 [03:30<00:15,  2.79it/s] 93%|█████████▎| 575/616 [03:30<00:14,  2.83it/s] 94%|█████████▎| 576/616 [03:30<00:14,  2.80it/s] 94%|█████████▎| 577/616 [03:31<00:14,  2.76it/s] 94%|█████████▍| 578/616 [03:31<00:13,  2.79it/s] 94%|█████████▍| 579/616 [03:31<00:13,  2.77it/s] 94%|█████████▍| 580/616 [03:32<00:13,  2.70it/s] 94%|█████████▍| 581/616 [03:32<00:12,  2.79it/s] 94%|█████████▍| 582/616 [03:33<00:12,  2.79it/s] 95%|█████████▍| 583/616 [03:33<00:12,  2.72it/s] 95%|█████████▍| 584/616 [03:33<00:11,  2.80it/s] 95%|█████████▍| 585/616 [03:34<00:10,  2.86it/s] 95%|█████████▌| 586/616 [03:34<00:10,  2.80it/s] 95%|█████████▌| 587/616 [03:34<00:10,  2.79it/s] 95%|█████████▌| 588/616 [03:35<00:09,  2.83it/s] 96%|█████████▌| 589/616 [03:35<00:09,  2.78it/s] 96%|█████████▌| 590/616 [03:35<00:09,  2.80it/s] 96%|█████████▌| 591/616 [03:36<00:08,  2.82it/s] 96%|█████████▌| 592/616 [03:36<00:08,  2.78it/s] 96%|█████████▋| 593/616 [03:36<00:08,  2.85it/s] 96%|█████████▋| 594/616 [03:37<00:08,  2.72it/s] 97%|█████████▋| 595/616 [03:37<00:07,  2.77it/s] 97%|█████████▋| 596/616 [03:38<00:07,  2.79it/s] 97%|█████████▋| 597/616 [03:38<00:06,  2.82it/s] 97%|█████████▋| 598/616 [03:38<00:06,  2.77it/s] 97%|█████████▋| 599/616 [03:39<00:06,  2.79it/s] 97%|█████████▋| 600/616 [03:39<00:05,  2.78it/s] 98%|█████████▊| 601/616 [03:39<00:05,  2.79it/s] 98%|█████████▊| 602/616 [03:40<00:05,  2.77it/s] 98%|█████████▊| 603/616 [03:40<00:04,  2.71it/s] 98%|█████████▊| 604/616 [03:40<00:04,  2.79it/s] 98%|█████████▊| 605/616 [03:41<00:03,  2.80it/s] 98%|█████████▊| 606/616 [03:41<00:03,  2.81it/s] 99%|█████████▊| 607/616 [03:42<00:03,  2.69it/s] 99%|█████████▊| 608/616 [03:42<00:02,  2.81it/s] 99%|█████████▉| 609/616 [03:42<00:02,  2.80it/s] 99%|█████████▉| 610/616 [03:43<00:02,  2.80it/s] 99%|█████████▉| 611/616 [03:43<00:01,  2.74it/s] 99%|█████████▉| 612/616 [03:43<00:01,  2.78it/s]100%|█████████▉| 613/616 [03:44<00:01,  2.80it/s]100%|█████████▉| 614/616 [03:44<00:00,  2.81it/s]100%|█████████▉| 615/616 [03:44<00:00,  2.83it/s]100%|██████████| 616/616 [03:45<00:00,  3.04it/s]100%|██████████| 616/616 [03:45<00:00,  2.73it/s][2022-09-16 13:35:58,760][__main__][INFO] - Train Instance Accuracy: 0.573099
[2022-09-16 13:35:58,761][__main__][INFO] - loss: 3.167056

  0%|          | 0/155 [00:00<?, ?it/s]  1%|          | 1/155 [00:01<04:15,  1.66s/it]  1%|▏         | 2/155 [00:01<02:04,  1.23it/s]  2%|▏         | 3/155 [00:02<01:40,  1.51it/s]  3%|▎         | 4/155 [00:02<01:12,  2.08it/s]  3%|▎         | 5/155 [00:03<01:13,  2.04it/s]  4%|▍         | 6/155 [00:03<00:58,  2.53it/s]  5%|▍         | 7/155 [00:03<00:53,  2.79it/s]  5%|▌         | 8/155 [00:03<00:45,  3.21it/s]  6%|▌         | 9/155 [00:04<00:45,  3.20it/s]  6%|▋         | 10/155 [00:04<00:41,  3.51it/s]  7%|▋         | 11/155 [00:04<00:44,  3.27it/s]  8%|▊         | 12/155 [00:04<00:39,  3.62it/s]  8%|▊         | 13/155 [00:05<00:50,  2.79it/s]  9%|▉         | 14/155 [00:05<00:44,  3.18it/s] 10%|▉         | 15/155 [00:05<00:43,  3.22it/s] 10%|█         | 16/155 [00:06<00:38,  3.59it/s] 11%|█         | 17/155 [00:06<00:47,  2.88it/s] 12%|█▏        | 18/155 [00:06<00:42,  3.22it/s] 12%|█▏        | 19/155 [00:07<00:44,  3.05it/s] 13%|█▎        | 20/155 [00:07<00:39,  3.40it/s] 14%|█▎        | 21/155 [00:08<00:54,  2.46it/s] 14%|█▍        | 22/155 [00:08<00:45,  2.89it/s] 15%|█▍        | 23/155 [00:08<00:39,  3.33it/s] 15%|█▌        | 24/155 [00:08<00:35,  3.67it/s] 16%|█▌        | 25/155 [00:09<00:41,  3.15it/s] 17%|█▋        | 26/155 [00:09<00:36,  3.52it/s] 17%|█▋        | 27/155 [00:09<00:33,  3.82it/s] 18%|█▊        | 28/155 [00:09<00:31,  4.07it/s] 19%|█▊        | 29/155 [00:10<01:05,  1.94it/s] 19%|█▉        | 30/155 [00:11<00:52,  2.37it/s] 20%|██        | 31/155 [00:11<00:44,  2.81it/s] 21%|██        | 32/155 [00:11<00:38,  3.21it/s] 21%|██▏       | 33/155 [00:12<00:50,  2.41it/s] 22%|██▏       | 34/155 [00:12<00:42,  2.82it/s] 23%|██▎       | 35/155 [00:12<00:37,  3.23it/s] 23%|██▎       | 36/155 [00:12<00:33,  3.60it/s] 24%|██▍       | 37/155 [00:13<00:43,  2.68it/s] 25%|██▍       | 38/155 [00:13<00:38,  3.08it/s] 25%|██▌       | 39/155 [00:13<00:33,  3.47it/s] 26%|██▌       | 40/155 [00:14<00:30,  3.78it/s] 26%|██▋       | 41/155 [00:14<00:29,  3.82it/s] 27%|██▋       | 42/155 [00:14<00:35,  3.20it/s] 28%|██▊       | 43/155 [00:14<00:33,  3.37it/s] 28%|██▊       | 44/155 [00:15<00:31,  3.54it/s] 29%|██▉       | 45/155 [00:15<00:31,  3.47it/s] 30%|██▉       | 46/155 [00:15<00:31,  3.46it/s] 30%|███       | 47/155 [00:16<00:30,  3.56it/s] 31%|███       | 48/155 [00:16<00:29,  3.65it/s] 32%|███▏      | 49/155 [00:16<00:28,  3.74it/s] 32%|███▏      | 50/155 [00:16<00:29,  3.61it/s] 33%|███▎      | 51/155 [00:17<00:29,  3.56it/s] 34%|███▎      | 52/155 [00:17<00:29,  3.46it/s] 34%|███▍      | 53/155 [00:17<00:28,  3.53it/s] 35%|███▍      | 54/155 [00:18<00:27,  3.65it/s] 35%|███▌      | 55/155 [00:18<00:32,  3.05it/s] 36%|███▌      | 56/155 [00:18<00:31,  3.12it/s] 37%|███▋      | 57/155 [00:19<00:30,  3.20it/s] 37%|███▋      | 58/155 [00:19<00:27,  3.55it/s] 38%|███▊      | 59/155 [00:19<00:28,  3.42it/s] 39%|███▊      | 60/155 [00:19<00:28,  3.32it/s] 39%|███▉      | 61/155 [00:20<00:33,  2.82it/s] 40%|████      | 62/155 [00:20<00:29,  3.19it/s] 41%|████      | 63/155 [00:20<00:28,  3.25it/s] 41%|████▏     | 64/155 [00:21<00:25,  3.53it/s] 42%|████▏     | 65/155 [00:21<00:28,  3.20it/s] 43%|████▎     | 66/155 [00:21<00:24,  3.56it/s] 43%|████▎     | 67/155 [00:22<00:28,  3.07it/s] 44%|████▍     | 68/155 [00:22<00:26,  3.23it/s] 45%|████▍     | 69/155 [00:22<00:24,  3.52it/s] 45%|████▌     | 70/155 [00:22<00:22,  3.81it/s] 46%|████▌     | 71/155 [00:23<00:26,  3.21it/s] 46%|████▋     | 72/155 [00:23<00:25,  3.31it/s] 47%|████▋     | 73/155 [00:23<00:22,  3.65it/s] 48%|████▊     | 74/155 [00:23<00:20,  3.93it/s] 48%|████▊     | 75/155 [00:24<00:25,  3.17it/s] 49%|████▉     | 76/155 [00:24<00:22,  3.45it/s] 50%|████▉     | 77/155 [00:24<00:21,  3.61it/s] 50%|█████     | 78/155 [00:25<00:20,  3.73it/s] 51%|█████     | 79/155 [00:25<00:24,  3.08it/s] 52%|█████▏    | 80/155 [00:25<00:21,  3.41it/s] 52%|█████▏    | 81/155 [00:26<00:19,  3.75it/s] 53%|█████▎    | 82/155 [00:26<00:18,  3.92it/s] 54%|█████▎    | 83/155 [00:26<00:22,  3.26it/s] 54%|█████▍    | 84/155 [00:26<00:19,  3.62it/s] 55%|█████▍    | 85/155 [00:27<00:19,  3.62it/s] 55%|█████▌    | 86/155 [00:27<00:17,  3.97it/s] 56%|█████▌    | 87/155 [00:27<00:20,  3.39it/s] 57%|█████▋    | 88/155 [00:27<00:18,  3.68it/s] 57%|█████▋    | 89/155 [00:28<00:20,  3.28it/s] 58%|█████▊    | 90/155 [00:28<00:17,  3.64it/s] 59%|█████▊    | 91/155 [00:28<00:17,  3.73it/s] 59%|█████▉    | 92/155 [00:29<00:16,  3.89it/s] 60%|██████    | 93/155 [00:29<00:18,  3.29it/s] 61%|██████    | 94/155 [00:29<00:17,  3.47it/s] 61%|██████▏   | 95/155 [00:29<00:16,  3.71it/s] 62%|██████▏   | 96/155 [00:30<00:14,  3.95it/s] 63%|██████▎   | 97/155 [00:30<00:18,  3.19it/s] 63%|██████▎   | 98/155 [00:30<00:16,  3.54it/s] 64%|██████▍   | 99/155 [00:31<00:14,  3.82it/s] 65%|██████▍   | 100/155 [00:31<00:13,  4.03it/s] 65%|██████▌   | 101/155 [00:31<00:15,  3.56it/s] 66%|██████▌   | 102/155 [00:31<00:15,  3.37it/s] 66%|██████▋   | 103/155 [00:32<00:14,  3.69it/s] 67%|██████▋   | 104/155 [00:32<00:12,  3.96it/s] 68%|██████▊   | 105/155 [00:32<00:16,  3.12it/s] 68%|██████▊   | 106/155 [00:33<00:14,  3.48it/s] 69%|██████▉   | 107/155 [00:33<00:12,  3.81it/s] 70%|██████▉   | 108/155 [00:33<00:11,  4.08it/s] 70%|███████   | 109/155 [00:33<00:13,  3.40it/s] 71%|███████   | 110/155 [00:34<00:12,  3.53it/s] 72%|███████▏  | 111/155 [00:34<00:11,  3.83it/s] 72%|███████▏  | 112/155 [00:34<00:10,  4.11it/s] 73%|███████▎  | 113/155 [00:35<00:13,  3.11it/s] 74%|███████▎  | 114/155 [00:35<00:11,  3.47it/s] 74%|███████▍  | 115/155 [00:35<00:10,  3.80it/s] 75%|███████▍  | 116/155 [00:35<00:09,  4.01it/s] 75%|███████▌  | 117/155 [00:36<00:12,  3.07it/s] 76%|███████▌  | 118/155 [00:36<00:10,  3.47it/s] 77%|███████▋  | 119/155 [00:36<00:09,  3.77it/s] 77%|███████▋  | 120/155 [00:36<00:08,  4.05it/s] 78%|███████▊  | 121/155 [00:37<00:09,  3.49it/s] 79%|███████▊  | 122/155 [00:37<00:09,  3.31it/s] 79%|███████▉  | 123/155 [00:37<00:08,  3.64it/s] 80%|████████  | 124/155 [00:37<00:07,  3.93it/s] 81%|████████  | 125/155 [00:38<00:09,  3.26it/s] 81%|████████▏ | 126/155 [00:38<00:08,  3.61it/s] 82%|████████▏ | 127/155 [00:38<00:07,  3.61it/s] 83%|████████▎ | 128/155 [00:39<00:06,  3.88it/s] 83%|████████▎ | 129/155 [00:39<00:08,  3.02it/s] 84%|████████▍ | 130/155 [00:39<00:07,  3.36it/s] 85%|████████▍ | 131/155 [00:39<00:06,  3.66it/s] 85%|████████▌ | 132/155 [00:40<00:05,  3.94it/s] 86%|████████▌ | 133/155 [00:40<00:06,  3.43it/s] 86%|████████▋ | 134/155 [00:40<00:05,  3.56it/s] 87%|████████▋ | 135/155 [00:41<00:05,  3.74it/s] 88%|████████▊ | 136/155 [00:41<00:04,  3.85it/s] 88%|████████▊ | 137/155 [00:41<00:05,  3.35it/s] 89%|████████▉ | 138/155 [00:41<00:04,  3.62it/s] 90%|████████▉ | 139/155 [00:42<00:04,  3.65it/s] 90%|█████████ | 140/155 [00:42<00:03,  3.89it/s] 91%|█████████ | 141/155 [00:42<00:03,  3.65it/s] 92%|█████████▏| 142/155 [00:42<00:03,  3.84it/s] 92%|█████████▏| 143/155 [00:43<00:03,  3.35it/s] 93%|█████████▎| 144/155 [00:43<00:02,  3.67it/s] 94%|█████████▎| 145/155 [00:43<00:02,  3.58it/s] 94%|█████████▍| 146/155 [00:44<00:02,  3.78it/s] 95%|█████████▍| 147/155 [00:44<00:02,  3.34it/s] 95%|█████████▌| 148/155 [00:44<00:01,  3.67it/s] 96%|█████████▌| 149/155 [00:44<00:01,  4.00it/s] 97%|█████████▋| 150/155 [00:45<00:01,  3.93it/s] 97%|█████████▋| 151/155 [00:45<00:00,  4.21it/s] 98%|█████████▊| 152/155 [00:45<00:00,  4.33it/s] 99%|█████████▊| 153/155 [00:45<00:00,  4.46it/s] 99%|█████████▉| 154/155 [00:45<00:00,  4.55it/s]100%|██████████| 155/155 [00:46<00:00,  5.16it/s]100%|██████████| 155/155 [00:46<00:00,  3.35it/s][2022-09-16 13:36:45,322][__main__][INFO] - Test Instance Accuracy: 0.704435, Class Accuracy: 0.636439
[2022-09-16 13:36:45,323][__main__][INFO] - Best Instance Accuracy: 0.704435, Class Accuracy: 0.636439
[2022-09-16 13:36:45,323][tensorboardX.summary][INFO] - Summary name Test Acc is illegal; using Test_Acc instead.
[2022-09-16 13:36:45,324][__main__][INFO] - Save model...
[2022-09-16 13:36:45,325][__main__][INFO] - Saving at best_model.pth
[2022-09-16 13:36:45,579][__main__][INFO] - Epoch 6 (6/200):

  0%|          | 0/616 [00:00<?, ?it/s]  0%|          | 1/616 [00:01<18:32,  1.81s/it]  0%|          | 2/616 [00:02<05:12,  1.96it/s]  0%|          | 3/616 [00:02<03:53,  2.62it/s]  1%|          | 4/616 [00:02<03:49,  2.66it/s]  1%|          | 5/616 [00:03<07:15,  1.40it/s]  1%|          | 6/616 [00:04<04:25,  2.30it/s]  1%|          | 7/616 [00:04<03:50,  2.64it/s]  1%|▏         | 8/616 [00:04<03:34,  2.83it/s]  1%|▏         | 9/616 [00:05<03:48,  2.66it/s]  2%|▏         | 10/616 [00:05<03:34,  2.82it/s]  2%|▏         | 11/616 [00:05<03:37,  2.78it/s]  2%|▏         | 12/616 [00:06<03:38,  2.77it/s]  2%|▏         | 13/616 [00:06<03:38,  2.76it/s]  2%|▏         | 14/616 [00:06<03:36,  2.78it/s]  2%|▏         | 15/616 [00:07<03:38,  2.75it/s]  3%|▎         | 16/616 [00:07<03:33,  2.81it/s]  3%|▎         | 17/616 [00:08<03:40,  2.71it/s]  3%|▎         | 18/616 [00:08<03:33,  2.81it/s]  3%|▎         | 19/616 [00:08<03:34,  2.79it/s]  3%|▎         | 20/616 [00:09<03:32,  2.81it/s]  3%|▎         | 21/616 [00:09<03:32,  2.80it/s]  4%|▎         | 22/616 [00:09<03:36,  2.75it/s]  4%|▎         | 23/616 [00:10<03:41,  2.68it/s]  4%|▍         | 24/616 [00:10<03:30,  2.82it/s]  4%|▍         | 25/616 [00:10<03:32,  2.78it/s]  4%|▍         | 26/616 [00:11<03:29,  2.82it/s]  4%|▍         | 27/616 [00:11<03:26,  2.85it/s]  5%|▍         | 28/616 [00:12<03:32,  2.76it/s]  5%|▍         | 29/616 [00:12<03:28,  2.81it/s]  5%|▍         | 30/616 [00:12<03:30,  2.78it/s]  5%|▌         | 31/616 [00:13<03:26,  2.83it/s]  5%|▌         | 32/616 [00:13<03:26,  2.83it/s]  5%|▌         | 33/616 [00:13<03:25,  2.84it/s]  6%|▌         | 34/616 [00:14<03:27,  2.80it/s]  6%|▌         | 35/616 [00:14<03:25,  2.83it/s]  6%|▌         | 36/616 [00:14<03:24,  2.83it/s]  6%|▌         | 37/616 [00:15<03:28,  2.77it/s]  6%|▌         | 38/616 [00:15<03:23,  2.84it/s]  6%|▋         | 39/616 [00:15<03:22,  2.86it/s]  6%|▋         | 40/616 [00:16<03:30,  2.74it/s]  7%|▋         | 41/616 [00:16<03:28,  2.76it/s]  7%|▋         | 42/616 [00:17<03:29,  2.74it/s]  7%|▋         | 43/616 [00:17<03:21,  2.85it/s]  7%|▋         | 44/616 [00:17<03:23,  2.82it/s]  7%|▋         | 45/616 [00:18<03:24,  2.79it/s]  7%|▋         | 46/616 [00:18<03:26,  2.77it/s]  8%|▊         | 47/616 [00:18<03:20,  2.84it/s]  8%|▊         | 48/616 [00:19<03:32,  2.67it/s]  8%|▊         | 49/616 [00:19<03:30,  2.69it/s]  8%|▊         | 50/616 [00:19<03:20,  2.83it/s]  8%|▊         | 51/616 [00:20<03:20,  2.81it/s]  8%|▊         | 52/616 [00:20<03:17,  2.85it/s]  9%|▊         | 53/616 [00:20<03:19,  2.83it/s]  9%|▉         | 54/616 [00:21<03:31,  2.66it/s]  9%|▉         | 55/616 [00:21<03:20,  2.79it/s]  9%|▉         | 56/616 [00:22<03:19,  2.81it/s]  9%|▉         | 57/616 [00:22<03:20,  2.79it/s]  9%|▉         | 58/616 [00:22<03:20,  2.78it/s] 10%|▉         | 59/616 [00:23<03:20,  2.78it/s] 10%|▉         | 60/616 [00:23<03:19,  2.78it/s] 10%|▉         | 61/616 [00:23<03:14,  2.86it/s] 10%|█         | 62/616 [00:24<03:18,  2.79it/s] 10%|█         | 63/616 [00:24<03:24,  2.70it/s] 10%|█         | 64/616 [00:24<03:18,  2.78it/s] 11%|█         | 65/616 [00:25<03:49,  2.40it/s] 11%|█         | 66/616 [00:25<03:19,  2.76it/s] 11%|█         | 67/616 [00:26<03:10,  2.89it/s] 11%|█         | 68/616 [00:26<03:15,  2.80it/s] 11%|█         | 69/616 [00:26<03:14,  2.81it/s] 11%|█▏        | 70/616 [00:27<03:12,  2.84it/s] 12%|█▏        | 71/616 [00:27<03:17,  2.76it/s] 12%|█▏        | 72/616 [00:27<03:12,  2.83it/s] 12%|█▏        | 73/616 [00:28<03:15,  2.77it/s] 12%|█▏        | 74/616 [00:28<03:17,  2.74it/s] 12%|█▏        | 75/616 [00:28<03:13,  2.79it/s] 12%|█▏        | 76/616 [00:29<03:10,  2.84it/s] 12%|█▎        | 77/616 [00:29<03:15,  2.76it/s] 13%|█▎        | 78/616 [00:29<03:19,  2.70it/s] 13%|█▎        | 79/616 [00:30<03:10,  2.81it/s] 13%|█▎        | 80/616 [00:30<03:14,  2.76it/s] 13%|█▎        | 81/616 [00:31<03:13,  2.76it/s] 13%|█▎        | 82/616 [00:31<03:11,  2.78it/s] 13%|█▎        | 83/616 [00:31<03:13,  2.76it/s] 14%|█▎        | 84/616 [00:32<03:15,  2.72it/s] 14%|█▍        | 85/616 [00:32<03:12,  2.75it/s] 14%|█▍        | 86/616 [00:32<03:05,  2.85it/s] 14%|█▍        | 87/616 [00:33<03:12,  2.74it/s] 14%|█▍        | 88/616 [00:33<03:08,  2.80it/s] 14%|█▍        | 89/616 [00:33<03:06,  2.83it/s] 15%|█▍        | 90/616 [00:34<03:08,  2.79it/s] 15%|█▍        | 91/616 [00:34<03:13,  2.72it/s] 15%|█▍        | 92/616 [00:35<03:13,  2.70it/s] 15%|█▌        | 93/616 [00:35<03:10,  2.75it/s] 15%|█▌        | 94/616 [00:35<03:04,  2.82it/s] 15%|█▌        | 95/616 [00:36<03:05,  2.81it/s] 16%|█▌        | 96/616 [00:36<03:06,  2.79it/s] 16%|█▌        | 97/616 [00:36<03:12,  2.70it/s] 16%|█▌        | 98/616 [00:37<03:06,  2.78it/s] 16%|█▌        | 99/616 [00:37<03:10,  2.71it/s] 16%|█▌        | 100/616 [00:37<03:10,  2.71it/s] 16%|█▋        | 101/616 [00:38<03:01,  2.84it/s] 17%|█▋        | 102/616 [00:38<03:01,  2.83it/s] 17%|█▋        | 103/616 [00:39<03:03,  2.80it/s] 17%|█▋        | 104/616 [00:39<03:07,  2.74it/s] 17%|█▋        | 105/616 [00:39<03:04,  2.77it/s] 17%|█▋        | 106/616 [00:40<03:03,  2.78it/s] 17%|█▋        | 107/616 [00:40<03:06,  2.72it/s] 18%|█▊        | 108/616 [00:40<03:04,  2.76it/s] 18%|█▊        | 109/616 [00:41<03:02,  2.77it/s] 18%|█▊        | 110/616 [00:41<02:59,  2.81it/s] 18%|█▊        | 111/616 [00:41<02:56,  2.86it/s] 18%|█▊        | 112/616 [00:42<02:58,  2.82it/s] 18%|█▊        | 113/616 [00:42<03:00,  2.78it/s] 19%|█▊        | 114/616 [00:42<03:02,  2.75it/s] 19%|█▊        | 115/616 [00:43<02:57,  2.82it/s] 19%|█▉        | 116/616 [00:43<02:57,  2.82it/s] 19%|█▉        | 117/616 [00:44<02:59,  2.78it/s] 19%|█▉        | 118/616 [00:44<02:59,  2.78it/s] 19%|█▉        | 119/616 [00:44<02:56,  2.82it/s] 19%|█▉        | 120/616 [00:45<02:54,  2.85it/s] 20%|█▉        | 121/616 [00:45<03:00,  2.74it/s] 20%|█▉        | 122/616 [00:45<02:58,  2.77it/s] 20%|█▉        | 123/616 [00:46<03:00,  2.74it/s] 20%|██        | 124/616 [00:46<02:56,  2.79it/s] 20%|██        | 125/616 [00:46<02:57,  2.76it/s] 20%|██        | 126/616 [00:47<02:58,  2.75it/s] 21%|██        | 127/616 [00:47<02:51,  2.85it/s] 21%|██        | 128/616 [00:47<02:53,  2.81it/s] 21%|██        | 129/616 [00:48<02:53,  2.81it/s] 21%|██        | 130/616 [00:48<02:55,  2.77it/s] 21%|██▏       | 131/616 [00:49<02:51,  2.83it/s] 21%|██▏       | 132/616 [00:49<02:50,  2.84it/s] 22%|██▏       | 133/616 [00:49<02:55,  2.76it/s] 22%|██▏       | 134/616 [00:50<02:54,  2.76it/s] 22%|██▏       | 135/616 [00:50<02:51,  2.81it/s] 22%|██▏       | 136/616 [00:50<02:49,  2.84it/s] 22%|██▏       | 137/616 [00:51<02:50,  2.80it/s] 22%|██▏       | 138/616 [00:51<02:53,  2.76it/s] 23%|██▎       | 139/616 [00:51<02:48,  2.83it/s] 23%|██▎       | 140/616 [00:52<02:52,  2.76it/s] 23%|██▎       | 141/616 [00:52<02:51,  2.77it/s] 23%|██▎       | 142/616 [00:52<02:47,  2.83it/s] 23%|██▎       | 143/616 [00:53<02:46,  2.84it/s] 23%|██▎       | 144/616 [00:53<02:46,  2.84it/s] 24%|██▎       | 145/616 [00:54<02:53,  2.71it/s] 24%|██▎       | 146/616 [00:54<02:47,  2.81it/s] 24%|██▍       | 147/616 [00:54<02:45,  2.84it/s] 24%|██▍       | 148/616 [00:55<02:48,  2.77it/s] 24%|██▍       | 149/616 [00:55<02:45,  2.82it/s] 24%|██▍       | 150/616 [00:55<02:47,  2.79it/s] 25%|██▍       | 151/616 [00:56<02:45,  2.82it/s] 25%|██▍       | 152/616 [00:56<02:46,  2.79it/s] 25%|██▍       | 153/616 [00:56<02:48,  2.74it/s] 25%|██▌       | 154/616 [00:57<02:47,  2.76it/s] 25%|██▌       | 155/616 [00:57<02:43,  2.83it/s] 25%|██▌       | 156/616 [00:57<02:42,  2.83it/s] 25%|██▌       | 157/616 [00:58<02:45,  2.77it/s] 26%|██▌       | 158/616 [00:58<02:39,  2.87it/s] 26%|██▌       | 159/616 [00:59<02:45,  2.76it/s] 26%|██▌       | 160/616 [00:59<02:40,  2.84it/s] 26%|██▌       | 161/616 [00:59<02:42,  2.80it/s] 26%|██▋       | 162/616 [01:00<02:42,  2.79it/s] 26%|██▋       | 163/616 [01:00<02:42,  2.79it/s] 27%|██▋       | 164/616 [01:00<02:40,  2.81it/s] 27%|██▋       | 165/616 [01:01<02:42,  2.78it/s] 27%|██▋       | 166/616 [01:01<02:48,  2.68it/s] 27%|██▋       | 167/616 [01:01<02:39,  2.82it/s] 27%|██▋       | 168/616 [01:02<02:41,  2.77it/s] 27%|██▋       | 169/616 [01:02<02:38,  2.82it/s] 28%|██▊       | 170/616 [01:03<02:39,  2.80it/s] 28%|██▊       | 171/616 [01:03<02:42,  2.75it/s] 28%|██▊       | 172/616 [01:03<02:36,  2.83it/s] 28%|██▊       | 173/616 [01:04<02:41,  2.74it/s] 28%|██▊       | 174/616 [01:04<02:36,  2.83it/s] 28%|██▊       | 175/616 [01:04<02:37,  2.80it/s] 29%|██▊       | 176/616 [01:05<02:32,  2.89it/s] 29%|██▊       | 177/616 [01:05<02:40,  2.74it/s] 29%|██▉       | 178/616 [01:05<02:39,  2.75it/s] 29%|██▉       | 179/616 [01:06<02:38,  2.77it/s] 29%|██▉       | 180/616 [01:06<02:55,  2.48it/s] 29%|██▉       | 181/616 [01:07<02:39,  2.73it/s] 30%|██▉       | 182/616 [01:07<02:36,  2.77it/s] 30%|██▉       | 183/616 [01:07<02:36,  2.77it/s] 30%|██▉       | 184/616 [01:08<02:32,  2.84it/s] 30%|███       | 185/616 [01:08<02:33,  2.82it/s] 30%|███       | 186/616 [01:08<02:34,  2.78it/s] 30%|███       | 187/616 [01:09<02:34,  2.79it/s] 31%|███       | 188/616 [01:09<02:34,  2.78it/s] 31%|███       | 189/616 [01:09<02:32,  2.79it/s] 31%|███       | 190/616 [01:10<02:41,  2.64it/s] 31%|███       | 191/616 [01:10<02:31,  2.81it/s] 31%|███       | 192/616 [01:10<02:32,  2.78it/s] 31%|███▏      | 193/616 [01:11<02:32,  2.78it/s] 31%|███▏      | 194/616 [01:11<02:31,  2.79it/s] 32%|███▏      | 195/616 [01:12<02:33,  2.75it/s] 32%|███▏      | 196/616 [01:12<02:32,  2.76it/s] 32%|███▏      | 197/616 [01:12<02:32,  2.74it/s] 32%|███▏      | 198/616 [01:13<02:30,  2.78it/s] 32%|███▏      | 199/616 [01:13<02:26,  2.84it/s] 32%|███▏      | 200/616 [01:13<02:26,  2.84it/s] 33%|███▎      | 201/616 [01:14<02:28,  2.79it/s] 33%|███▎      | 202/616 [01:14<02:26,  2.82it/s] 33%|███▎      | 203/616 [01:14<02:30,  2.74it/s] 33%|███▎      | 204/616 [01:15<02:29,  2.76it/s] 33%|███▎      | 205/616 [01:15<02:25,  2.82it/s] 33%|███▎      | 206/616 [01:16<02:29,  2.74it/s] 34%|███▎      | 207/616 [01:16<02:27,  2.78it/s] 34%|███▍      | 208/616 [01:16<02:23,  2.85it/s] 34%|███▍      | 209/616 [01:17<02:29,  2.73it/s] 34%|███▍      | 210/616 [01:17<02:29,  2.72it/s] 34%|███▍      | 211/616 [01:17<02:22,  2.84it/s] 34%|███▍      | 212/616 [01:18<02:27,  2.73it/s] 35%|███▍      | 213/616 [01:18<02:26,  2.76it/s] 35%|███▍      | 214/616 [01:18<02:30,  2.67it/s] 35%|███▍      | 215/616 [01:19<02:16,  2.94it/s] 35%|███▌      | 216/616 [01:19<02:25,  2.75it/s] 35%|███▌      | 217/616 [01:19<02:24,  2.75it/s] 35%|███▌      | 218/616 [01:20<02:24,  2.75it/s] 36%|███▌      | 219/616 [01:20<02:19,  2.84it/s] 36%|███▌      | 220/616 [01:21<02:23,  2.76it/s] 36%|███▌      | 221/616 [01:21<02:23,  2.76it/s] 36%|███▌      | 222/616 [01:21<02:18,  2.84it/s] 36%|███▌      | 223/616 [01:22<02:19,  2.81it/s] 36%|███▋      | 224/616 [01:22<02:20,  2.80it/s] 37%|███▋      | 225/616 [01:22<02:17,  2.85it/s] 37%|███▋      | 226/616 [01:23<02:20,  2.78it/s] 37%|███▋      | 227/616 [01:23<02:18,  2.81it/s] 37%|███▋      | 228/616 [01:23<02:20,  2.76it/s] 37%|███▋      | 229/616 [01:24<02:16,  2.83it/s] 37%|███▋      | 230/616 [01:24<02:20,  2.74it/s] 38%|███▊      | 231/616 [01:24<02:17,  2.80it/s] 38%|███▊      | 232/616 [01:25<02:19,  2.76it/s] 38%|███▊      | 233/616 [01:25<02:18,  2.77it/s] 38%|███▊      | 234/616 [01:26<02:17,  2.78it/s] 38%|███▊      | 235/616 [01:26<02:12,  2.87it/s] 38%|███▊      | 236/616 [01:26<02:17,  2.77it/s] 38%|███▊      | 237/616 [01:27<02:15,  2.80it/s] 39%|███▊      | 238/616 [01:27<02:19,  2.70it/s] 39%|███▉      | 239/616 [01:27<02:15,  2.79it/s] 39%|███▉      | 240/616 [01:28<02:16,  2.75it/s] 39%|███▉      | 241/616 [01:28<02:13,  2.81it/s] 39%|███▉      | 242/616 [01:28<02:17,  2.72it/s] 39%|███▉      | 243/616 [01:29<02:11,  2.85it/s] 40%|███▉      | 244/616 [01:29<02:13,  2.78it/s] 40%|███▉      | 245/616 [01:30<02:12,  2.81it/s] 40%|███▉      | 246/616 [01:30<02:15,  2.74it/s] 40%|████      | 247/616 [01:30<02:10,  2.84it/s] 40%|████      | 248/616 [01:31<02:11,  2.81it/s] 40%|████      | 249/616 [01:31<02:08,  2.86it/s] 41%|████      | 250/616 [01:31<02:13,  2.74it/s] 41%|████      | 251/616 [01:32<02:10,  2.79it/s] 41%|████      | 252/616 [01:32<02:09,  2.80it/s] 41%|████      | 253/616 [01:32<02:09,  2.80it/s] 41%|████      | 254/616 [01:33<02:09,  2.81it/s] 41%|████▏     | 255/616 [01:33<02:08,  2.81it/s] 42%|████▏     | 256/616 [01:33<02:07,  2.83it/s] 42%|████▏     | 257/616 [01:34<02:13,  2.70it/s] 42%|████▏     | 258/616 [01:34<02:10,  2.74it/s] 42%|████▏     | 259/616 [01:35<02:08,  2.78it/s] 42%|████▏     | 260/616 [01:35<02:02,  2.90it/s] 42%|████▏     | 261/616 [01:35<02:08,  2.77it/s] 43%|████▎     | 262/616 [01:36<02:12,  2.68it/s] 43%|████▎     | 263/616 [01:36<02:09,  2.72it/s] 43%|████▎     | 264/616 [01:36<02:11,  2.68it/s] 43%|████▎     | 265/616 [01:37<02:05,  2.80it/s] 43%|████▎     | 266/616 [01:37<02:07,  2.74it/s] 43%|████▎     | 267/616 [01:37<02:05,  2.78it/s] 44%|████▎     | 268/616 [01:38<02:05,  2.77it/s] 44%|████▎     | 269/616 [01:38<02:07,  2.72it/s] 44%|████▍     | 270/616 [01:39<02:04,  2.78it/s] 44%|████▍     | 271/616 [01:39<02:14,  2.57it/s] 44%|████▍     | 272/616 [01:39<02:03,  2.80it/s] 44%|████▍     | 273/616 [01:40<02:03,  2.78it/s] 44%|████▍     | 274/616 [01:40<02:03,  2.78it/s] 45%|████▍     | 275/616 [01:40<02:01,  2.80it/s] 45%|████▍     | 276/616 [01:41<02:01,  2.80it/s] 45%|████▍     | 277/616 [01:41<02:00,  2.82it/s] 45%|████▌     | 278/616 [01:41<01:58,  2.84it/s] 45%|████▌     | 279/616 [01:42<01:59,  2.82it/s] 45%|████▌     | 280/616 [01:42<01:58,  2.83it/s] 46%|████▌     | 281/616 [01:42<02:01,  2.75it/s] 46%|████▌     | 282/616 [01:43<02:00,  2.76it/s] 46%|████▌     | 283/616 [01:43<01:55,  2.87it/s] 46%|████▌     | 284/616 [01:44<01:58,  2.80it/s] 46%|████▋     | 285/616 [01:44<01:59,  2.77it/s] 46%|████▋     | 286/616 [01:44<01:58,  2.78it/s] 47%|████▋     | 287/616 [01:45<01:59,  2.76it/s] 47%|████▋     | 288/616 [01:45<02:08,  2.56it/s] 47%|████▋     | 289/616 [01:45<01:59,  2.74it/s] 47%|████▋     | 290/616 [01:46<01:56,  2.79it/s] 47%|████▋     | 291/616 [01:46<01:57,  2.76it/s] 47%|████▋     | 292/616 [01:46<01:53,  2.84it/s] 48%|████▊     | 293/616 [01:47<01:55,  2.80it/s] 48%|████▊     | 294/616 [01:47<01:54,  2.81it/s] 48%|████▊     | 295/616 [01:48<01:56,  2.76it/s] 48%|████▊     | 296/616 [01:48<01:55,  2.77it/s] 48%|████▊     | 297/616 [01:48<01:57,  2.71it/s] 48%|████▊     | 298/616 [01:49<01:55,  2.75it/s] 49%|████▊     | 299/616 [01:49<01:50,  2.88it/s] 49%|████▊     | 300/616 [01:49<01:52,  2.81it/s] 49%|████▉     | 301/616 [01:50<01:50,  2.85it/s] 49%|████▉     | 302/616 [01:50<01:55,  2.72it/s] 49%|████▉     | 303/616 [01:50<01:49,  2.86it/s] 49%|████▉     | 304/616 [01:51<01:52,  2.78it/s] 50%|████▉     | 305/616 [01:51<01:49,  2.85it/s] 50%|████▉     | 306/616 [01:51<01:53,  2.74it/s] 50%|████▉     | 307/616 [01:52<01:50,  2.79it/s] 50%|█████     | 308/616 [01:52<01:50,  2.79it/s] 50%|█████     | 309/616 [01:53<01:47,  2.86it/s] 50%|█████     | 310/616 [01:53<01:48,  2.83it/s] 50%|█████     | 311/616 [01:53<01:48,  2.82it/s] 51%|█████     | 312/616 [01:54<01:51,  2.74it/s] 51%|█████     | 313/616 [01:54<01:45,  2.87it/s] 51%|█████     | 314/616 [01:54<01:47,  2.82it/s] 51%|█████     | 315/616 [01:55<01:46,  2.82it/s] 51%|█████▏    | 316/616 [01:55<01:47,  2.78it/s] 51%|█████▏    | 317/616 [01:55<01:46,  2.81it/s] 52%|█████▏    | 318/616 [01:56<01:46,  2.80it/s] 52%|█████▏    | 319/616 [01:56<01:42,  2.89it/s] 52%|█████▏    | 320/616 [01:56<01:45,  2.81it/s] 52%|█████▏    | 321/616 [01:57<01:42,  2.87it/s] 52%|█████▏    | 322/616 [01:57<01:44,  2.81it/s] 52%|█████▏    | 323/616 [01:58<01:47,  2.73it/s] 53%|█████▎    | 324/616 [01:58<01:46,  2.75it/s] 53%|█████▎    | 325/616 [01:58<01:44,  2.79it/s] 53%|█████▎    | 326/616 [01:59<01:45,  2.74it/s] 53%|█████▎    | 327/616 [01:59<01:42,  2.82it/s] 53%|█████▎    | 328/616 [01:59<01:41,  2.84it/s] 53%|█████▎    | 329/616 [02:00<01:41,  2.83it/s] 54%|█████▎    | 330/616 [02:00<01:46,  2.68it/s] 54%|█████▎    | 331/616 [02:00<01:42,  2.78it/s] 54%|█████▍    | 332/616 [02:01<01:43,  2.76it/s] 54%|█████▍    | 333/616 [02:01<01:41,  2.79it/s] 54%|█████▍    | 334/616 [02:01<01:41,  2.78it/s] 54%|█████▍    | 335/616 [02:02<01:39,  2.82it/s] 55%|█████▍    | 336/616 [02:02<01:41,  2.77it/s] 55%|█████▍    | 337/616 [02:03<01:39,  2.80it/s] 55%|█████▍    | 338/616 [02:03<01:40,  2.77it/s] 55%|█████▌    | 339/616 [02:03<01:38,  2.80it/s] 55%|█████▌    | 340/616 [02:04<01:40,  2.73it/s] 55%|█████▌    | 341/616 [02:04<01:35,  2.88it/s] 56%|█████▌    | 342/616 [02:04<01:38,  2.77it/s] 56%|█████▌    | 343/616 [02:05<01:40,  2.71it/s] 56%|█████▌    | 344/616 [02:05<01:36,  2.81it/s] 56%|█████▌    | 345/616 [02:05<01:38,  2.76it/s] 56%|█████▌    | 346/616 [02:06<01:39,  2.72it/s] 56%|█████▋    | 347/616 [02:06<01:35,  2.82it/s] 56%|█████▋    | 348/616 [02:07<01:34,  2.83it/s] 57%|█████▋    | 349/616 [02:07<01:37,  2.73it/s] 57%|█████▋    | 350/616 [02:07<01:35,  2.80it/s] 57%|█████▋    | 351/616 [02:08<01:33,  2.82it/s] 57%|█████▋    | 352/616 [02:08<01:33,  2.81it/s] 57%|█████▋    | 353/616 [02:08<01:33,  2.81it/s] 57%|█████▋    | 354/616 [02:09<01:34,  2.76it/s] 58%|█████▊    | 355/616 [02:09<01:33,  2.78it/s] 58%|█████▊    | 356/616 [02:09<01:35,  2.73it/s] 58%|█████▊    | 357/616 [02:10<01:31,  2.82it/s] 58%|█████▊    | 358/616 [02:10<01:29,  2.88it/s] 58%|█████▊    | 359/616 [02:10<01:29,  2.86it/s] 58%|█████▊    | 360/616 [02:11<01:30,  2.83it/s] 59%|█████▊    | 361/616 [02:11<01:32,  2.75it/s] 59%|█████▉    | 362/616 [02:12<01:28,  2.86it/s] 59%|█████▉    | 363/616 [02:12<01:28,  2.86it/s] 59%|█████▉    | 364/616 [02:12<01:29,  2.81it/s] 59%|█████▉    | 365/616 [02:13<01:31,  2.74it/s] 59%|█████▉    | 366/616 [02:13<01:30,  2.76it/s] 60%|█████▉    | 367/616 [02:13<01:32,  2.70it/s] 60%|█████▉    | 368/616 [02:14<01:27,  2.83it/s] 60%|█████▉    | 369/616 [02:14<01:30,  2.72it/s] 60%|██████    | 370/616 [02:14<01:27,  2.83it/s] 60%|██████    | 371/616 [02:15<01:29,  2.72it/s] 60%|██████    | 372/616 [02:15<01:27,  2.78it/s] 61%|██████    | 373/616 [02:15<01:27,  2.77it/s] 61%|██████    | 374/616 [02:16<01:24,  2.85it/s] 61%|██████    | 375/616 [02:16<01:26,  2.80it/s] 61%|██████    | 376/616 [02:17<01:23,  2.88it/s] 61%|██████    | 377/616 [02:17<01:25,  2.78it/s] 61%|██████▏   | 378/616 [02:17<01:23,  2.84it/s] 62%|██████▏   | 379/616 [02:18<01:27,  2.71it/s] 62%|██████▏   | 380/616 [02:18<01:23,  2.83it/s] 62%|██████▏   | 381/616 [02:18<01:23,  2.81it/s] 62%|██████▏   | 382/616 [02:19<01:24,  2.78it/s] 62%|██████▏   | 383/616 [02:19<01:21,  2.88it/s] 62%|██████▏   | 384/616 [02:19<01:21,  2.83it/s] 62%|██████▎   | 385/616 [02:20<01:21,  2.82it/s] 63%|██████▎   | 386/616 [02:20<01:24,  2.73it/s] 63%|██████▎   | 387/616 [02:20<01:19,  2.87it/s] 63%|██████▎   | 388/616 [02:21<01:21,  2.78it/s] 63%|██████▎   | 389/616 [02:21<01:19,  2.87it/s] 63%|██████▎   | 390/616 [02:22<01:21,  2.79it/s] 63%|██████▎   | 391/616 [02:22<01:17,  2.91it/s] 64%|██████▎   | 392/616 [02:22<01:19,  2.82it/s] 64%|██████▍   | 393/616 [02:23<01:19,  2.82it/s] 64%|██████▍   | 394/616 [02:23<01:17,  2.86it/s] 64%|██████▍   | 395/616 [02:23<01:16,  2.91it/s] 64%|██████▍   | 396/616 [02:24<01:18,  2.81it/s] 64%|██████▍   | 397/616 [02:24<01:17,  2.82it/s] 65%|██████▍   | 398/616 [02:24<01:19,  2.73it/s] 65%|██████▍   | 399/616 [02:25<01:15,  2.87it/s] 65%|██████▍   | 400/616 [02:25<01:16,  2.83it/s] 65%|██████▌   | 401/616 [02:25<01:16,  2.81it/s] 65%|██████▌   | 402/616 [02:26<01:17,  2.75it/s] 65%|██████▌   | 403/616 [02:26<01:15,  2.81it/s] 66%|██████▌   | 404/616 [02:26<01:16,  2.75it/s] 66%|██████▌   | 405/616 [02:27<01:16,  2.77it/s] 66%|██████▌   | 406/616 [02:27<01:13,  2.84it/s] 66%|██████▌   | 407/616 [02:28<01:13,  2.83it/s] 66%|██████▌   | 408/616 [02:28<01:14,  2.78it/s] 66%|██████▋   | 409/616 [02:28<01:13,  2.82it/s] 67%|██████▋   | 410/616 [02:29<01:14,  2.76it/s] 67%|██████▋   | 411/616 [02:29<01:11,  2.85it/s] 67%|██████▋   | 412/616 [02:29<01:12,  2.81it/s] 67%|██████▋   | 413/616 [02:30<01:12,  2.80it/s] 67%|██████▋   | 414/616 [02:30<01:11,  2.81it/s] 67%|██████▋   | 415/616 [02:30<01:10,  2.85it/s] 68%|██████▊   | 416/616 [02:31<01:11,  2.78it/s] 68%|██████▊   | 417/616 [02:31<01:10,  2.82it/s] 68%|██████▊   | 418/616 [02:31<01:09,  2.85it/s] 68%|██████▊   | 419/616 [02:32<01:11,  2.77it/s] 68%|██████▊   | 420/616 [02:32<01:08,  2.84it/s] 68%|██████▊   | 421/616 [02:33<01:08,  2.86it/s] 69%|██████▊   | 422/616 [02:33<01:09,  2.80it/s] 69%|██████▊   | 423/616 [02:33<01:08,  2.83it/s] 69%|██████▉   | 424/616 [02:34<01:07,  2.85it/s] 69%|██████▉   | 425/616 [02:34<01:08,  2.79it/s] 69%|██████▉   | 426/616 [02:34<01:07,  2.82it/s] 69%|██████▉   | 427/616 [02:35<01:06,  2.85it/s] 69%|██████▉   | 428/616 [02:35<01:06,  2.81it/s] 70%|██████▉   | 429/616 [02:35<01:07,  2.77it/s] 70%|██████▉   | 430/616 [02:36<01:05,  2.82it/s] 70%|██████▉   | 431/616 [02:36<01:04,  2.87it/s] 70%|███████   | 432/616 [02:36<01:03,  2.89it/s] 70%|███████   | 433/616 [02:37<01:04,  2.83it/s] 70%|███████   | 434/616 [02:37<01:07,  2.69it/s] 71%|███████   | 435/616 [02:38<01:06,  2.73it/s] 71%|███████   | 436/616 [02:38<01:03,  2.84it/s] 71%|███████   | 437/616 [02:38<01:03,  2.82it/s] 71%|███████   | 438/616 [02:39<01:03,  2.80it/s] 71%|███████▏  | 439/616 [02:39<01:01,  2.87it/s] 71%|███████▏  | 440/616 [02:39<01:02,  2.84it/s] 72%|███████▏  | 441/616 [02:40<01:03,  2.74it/s] 72%|███████▏  | 442/616 [02:40<01:00,  2.87it/s] 72%|███████▏  | 443/616 [02:40<01:00,  2.85it/s] 72%|███████▏  | 444/616 [02:41<01:01,  2.80it/s] 72%|███████▏  | 445/616 [02:41<01:07,  2.53it/s] 72%|███████▏  | 446/616 [02:41<01:00,  2.79it/s] 73%|███████▎  | 447/616 [02:42<00:59,  2.83it/s] 73%|███████▎  | 448/616 [02:42<00:58,  2.86it/s] 73%|███████▎  | 449/616 [02:43<00:58,  2.83it/s] 73%|███████▎  | 450/616 [02:43<01:00,  2.75it/s] 73%|███████▎  | 451/616 [02:43<00:58,  2.84it/s] 73%|███████▎  | 452/616 [02:44<00:58,  2.80it/s] 74%|███████▎  | 453/616 [02:44<00:57,  2.85it/s] 74%|███████▎  | 454/616 [02:44<00:57,  2.80it/s] 74%|███████▍  | 455/616 [02:45<00:57,  2.80it/s] 74%|███████▍  | 456/616 [02:45<00:55,  2.86it/s] 74%|███████▍  | 457/616 [02:45<00:56,  2.80it/s] 74%|███████▍  | 458/616 [02:46<00:57,  2.76it/s] 75%|███████▍  | 459/616 [02:46<00:54,  2.86it/s] 75%|███████▍  | 460/616 [02:46<00:56,  2.77it/s] 75%|███████▍  | 461/616 [02:47<00:56,  2.75it/s] 75%|███████▌  | 462/616 [02:47<00:54,  2.84it/s] 75%|███████▌  | 463/616 [02:47<00:53,  2.83it/s] 75%|███████▌  | 464/616 [02:48<00:53,  2.83it/s] 75%|███████▌  | 465/616 [02:48<00:53,  2.82it/s] 76%|███████▌  | 466/616 [02:49<00:54,  2.77it/s] 76%|███████▌  | 467/616 [02:49<00:52,  2.85it/s] 76%|███████▌  | 468/616 [02:49<00:52,  2.82it/s] 76%|███████▌  | 469/616 [02:50<00:51,  2.85it/s] 76%|███████▋  | 470/616 [02:50<00:51,  2.85it/s] 76%|███████▋  | 471/616 [02:50<00:51,  2.84it/s] 77%|███████▋  | 472/616 [02:51<00:51,  2.77it/s] 77%|███████▋  | 473/616 [02:51<00:49,  2.87it/s] 77%|███████▋  | 474/616 [02:51<00:49,  2.84it/s] 77%|███████▋  | 475/616 [02:52<00:49,  2.85it/s] 77%|███████▋  | 476/616 [02:52<00:50,  2.75it/s] 77%|███████▋  | 477/616 [02:52<00:49,  2.83it/s] 78%|███████▊  | 478/616 [02:53<00:49,  2.80it/s] 78%|███████▊  | 479/616 [02:53<00:48,  2.84it/s] 78%|███████▊  | 480/616 [02:54<00:47,  2.84it/s] 78%|███████▊  | 481/616 [02:54<00:48,  2.81it/s] 78%|███████▊  | 482/616 [02:54<00:46,  2.85it/s] 78%|███████▊  | 483/616 [02:55<00:46,  2.85it/s] 79%|███████▊  | 484/616 [02:55<00:47,  2.77it/s] 79%|███████▊  | 485/616 [02:55<00:46,  2.81it/s] 79%|███████▉  | 486/616 [02:56<00:46,  2.79it/s] 79%|███████▉  | 487/616 [02:56<00:45,  2.83it/s] 79%|███████▉  | 488/616 [02:56<00:46,  2.78it/s] 79%|███████▉  | 489/616 [02:57<00:44,  2.83it/s] 80%|███████▉  | 490/616 [02:57<00:45,  2.78it/s] 80%|███████▉  | 491/616 [02:57<00:44,  2.81it/s] 80%|███████▉  | 492/616 [02:58<00:43,  2.84it/s] 80%|████████  | 493/616 [02:58<00:44,  2.80it/s] 80%|████████  | 494/616 [02:58<00:44,  2.74it/s] 80%|████████  | 495/616 [02:59<00:42,  2.87it/s] 81%|████████  | 496/616 [02:59<00:42,  2.81it/s] 81%|████████  | 497/616 [03:00<00:42,  2.81it/s] 81%|████████  | 498/616 [03:00<00:42,  2.78it/s] 81%|████████  | 499/616 [03:00<00:42,  2.77it/s] 81%|████████  | 500/616 [03:01<00:41,  2.83it/s] 81%|████████▏ | 501/616 [03:01<00:40,  2.83it/s] 81%|████████▏ | 502/616 [03:01<00:40,  2.84it/s] 82%|████████▏ | 503/616 [03:02<00:40,  2.82it/s] 82%|████████▏ | 504/616 [03:02<00:39,  2.83it/s] 82%|████████▏ | 505/616 [03:02<00:39,  2.80it/s] 82%|████████▏ | 506/616 [03:03<00:38,  2.83it/s] 82%|████████▏ | 507/616 [03:03<00:39,  2.76it/s] 82%|████████▏ | 508/616 [03:03<00:38,  2.81it/s] 83%|████████▎ | 509/616 [03:04<00:38,  2.78it/s] 83%|████████▎ | 510/616 [03:04<00:38,  2.76it/s] 83%|████████▎ | 511/616 [03:05<00:36,  2.88it/s] 83%|████████▎ | 512/616 [03:05<00:36,  2.83it/s] 83%|████████▎ | 513/616 [03:05<00:36,  2.86it/s] 83%|████████▎ | 514/616 [03:06<00:35,  2.84it/s] 84%|████████▎ | 515/616 [03:06<00:35,  2.83it/s] 84%|████████▍ | 516/616 [03:06<00:35,  2.78it/s] 84%|████████▍ | 517/616 [03:07<00:35,  2.82it/s] 84%|████████▍ | 518/616 [03:07<00:34,  2.81it/s] 84%|████████▍ | 519/616 [03:07<00:33,  2.87it/s] 84%|████████▍ | 520/616 [03:08<00:33,  2.84it/s] 85%|████████▍ | 521/616 [03:08<00:33,  2.82it/s] 85%|████████▍ | 522/616 [03:08<00:33,  2.81it/s] 85%|████████▍ | 523/616 [03:09<00:32,  2.82it/s] 85%|████████▌ | 524/616 [03:09<00:32,  2.84it/s] 85%|████████▌ | 525/616 [03:09<00:31,  2.90it/s] 85%|████████▌ | 526/616 [03:10<00:31,  2.85it/s] 86%|████████▌ | 527/616 [03:10<00:31,  2.86it/s] 86%|████████▌ | 528/616 [03:11<00:31,  2.80it/s] 86%|████████▌ | 529/616 [03:11<00:31,  2.80it/s] 86%|████████▌ | 530/616 [03:11<00:31,  2.77it/s] 86%|████████▌ | 531/616 [03:12<00:30,  2.82it/s] 86%|████████▋ | 532/616 [03:12<00:29,  2.84it/s] 87%|████████▋ | 533/616 [03:12<00:29,  2.83it/s] 87%|████████▋ | 534/616 [03:13<00:29,  2.80it/s] 87%|████████▋ | 535/616 [03:13<00:28,  2.88it/s] 87%|████████▋ | 536/616 [03:13<00:30,  2.65it/s] 87%|████████▋ | 537/616 [03:14<00:28,  2.76it/s] 87%|████████▋ | 538/616 [03:14<00:27,  2.79it/s] 88%|████████▊ | 539/616 [03:14<00:27,  2.83it/s] 88%|████████▊ | 540/616 [03:15<00:26,  2.85it/s] 88%|████████▊ | 541/616 [03:15<00:27,  2.77it/s] 88%|████████▊ | 542/616 [03:16<00:26,  2.83it/s] 88%|████████▊ | 543/616 [03:16<00:25,  2.90it/s] 88%|████████▊ | 544/616 [03:16<00:26,  2.75it/s] 88%|████████▊ | 545/616 [03:17<00:25,  2.80it/s] 89%|████████▊ | 546/616 [03:17<00:25,  2.75it/s] 89%|████████▉ | 547/616 [03:17<00:24,  2.81it/s] 89%|████████▉ | 548/616 [03:18<00:24,  2.83it/s] 89%|████████▉ | 549/616 [03:18<00:23,  2.83it/s] 89%|████████▉ | 550/616 [03:18<00:23,  2.84it/s] 89%|████████▉ | 551/616 [03:19<00:23,  2.81it/s] 90%|████████▉ | 552/616 [03:19<00:22,  2.86it/s] 90%|████████▉ | 553/616 [03:19<00:22,  2.79it/s] 90%|████████▉ | 554/616 [03:20<00:22,  2.79it/s] 90%|█████████ | 555/616 [03:20<00:21,  2.83it/s] 90%|█████████ | 556/616 [03:21<00:21,  2.83it/s] 90%|█████████ | 557/616 [03:21<00:21,  2.78it/s] 91%|█████████ | 558/616 [03:21<00:19,  2.91it/s] 91%|█████████ | 559/616 [03:22<00:19,  2.86it/s] 91%|█████████ | 560/616 [03:22<00:19,  2.84it/s] 91%|█████████ | 561/616 [03:22<00:19,  2.84it/s] 91%|█████████ | 562/616 [03:23<00:19,  2.83it/s] 91%|█████████▏| 563/616 [03:23<00:18,  2.88it/s] 92%|█████████▏| 564/616 [03:23<00:18,  2.82it/s] 92%|█████████▏| 565/616 [03:24<00:19,  2.66it/s] 92%|█████████▏| 566/616 [03:24<00:17,  2.81it/s] 92%|█████████▏| 567/616 [03:24<00:16,  2.88it/s] 92%|█████████▏| 568/616 [03:25<00:16,  2.84it/s] 92%|█████████▏| 569/616 [03:25<00:16,  2.90it/s] 93%|█████████▎| 570/616 [03:25<00:16,  2.83it/s] 93%|█████████▎| 571/616 [03:26<00:15,  2.89it/s] 93%|█████████▎| 572/616 [03:26<00:15,  2.82it/s] 93%|█████████▎| 573/616 [03:27<00:15,  2.84it/s] 93%|█████████▎| 574/616 [03:27<00:14,  2.82it/s] 93%|█████████▎| 575/616 [03:27<00:14,  2.89it/s] 94%|█████████▎| 576/616 [03:28<00:13,  2.89it/s] 94%|█████████▎| 577/616 [03:28<00:13,  2.92it/s] 94%|█████████▍| 578/616 [03:28<00:13,  2.76it/s] 94%|█████████▍| 579/616 [03:29<00:12,  2.87it/s] 94%|█████████▍| 580/616 [03:29<00:12,  2.88it/s] 94%|█████████▍| 581/616 [03:29<00:12,  2.84it/s] 94%|█████████▍| 582/616 [03:30<00:11,  2.84it/s] 95%|█████████▍| 583/616 [03:30<00:11,  2.87it/s] 95%|█████████▍| 584/616 [03:30<00:11,  2.76it/s] 95%|█████████▍| 585/616 [03:31<00:11,  2.78it/s] 95%|█████████▌| 586/616 [03:31<00:10,  2.86it/s] 95%|█████████▌| 587/616 [03:31<00:10,  2.87it/s] 95%|█████████▌| 588/616 [03:32<00:10,  2.73it/s] 96%|█████████▌| 589/616 [03:32<00:09,  2.81it/s] 96%|█████████▌| 590/616 [03:33<00:09,  2.77it/s] 96%|█████████▌| 591/616 [03:33<00:08,  2.85it/s] 96%|█████████▌| 592/616 [03:33<00:08,  2.85it/s] 96%|█████████▋| 593/616 [03:34<00:08,  2.82it/s] 96%|█████████▋| 594/616 [03:34<00:07,  2.84it/s] 97%|█████████▋| 595/616 [03:34<00:07,  2.89it/s] 97%|█████████▋| 596/616 [03:35<00:07,  2.79it/s] 97%|█████████▋| 597/616 [03:35<00:06,  2.77it/s] 97%|█████████▋| 598/616 [03:35<00:06,  2.80it/s] 97%|█████████▋| 599/616 [03:36<00:05,  2.84it/s] 97%|█████████▋| 600/616 [03:36<00:05,  2.80it/s] 98%|█████████▊| 601/616 [03:36<00:05,  2.81it/s] 98%|█████████▊| 602/616 [03:37<00:05,  2.77it/s] 98%|█████████▊| 603/616 [03:37<00:04,  2.78it/s] 98%|█████████▊| 604/616 [03:37<00:04,  2.83it/s] 98%|█████████▊| 605/616 [03:38<00:03,  2.76it/s] 98%|█████████▊| 606/616 [03:38<00:03,  2.79it/s] 99%|█████████▊| 607/616 [03:39<00:03,  2.87it/s] 99%|█████████▊| 608/616 [03:39<00:02,  2.83it/s] 99%|█████████▉| 609/616 [03:39<00:02,  2.80it/s] 99%|█████████▉| 610/616 [03:40<00:02,  2.77it/s] 99%|█████████▉| 611/616 [03:40<00:01,  2.90it/s] 99%|█████████▉| 612/616 [03:40<00:01,  2.80it/s]100%|█████████▉| 613/616 [03:41<00:01,  2.86it/s]100%|█████████▉| 614/616 [03:41<00:00,  2.82it/s]100%|█████████▉| 615/616 [03:41<00:00,  2.81it/s]100%|██████████| 616/616 [03:42<00:00,  3.04it/s]100%|██████████| 616/616 [03:42<00:00,  2.77it/s][2022-09-16 13:40:28,309][__main__][INFO] - Train Instance Accuracy: 0.602154
[2022-09-16 13:40:28,310][__main__][INFO] - loss: 2.178993

  0%|          | 0/155 [00:00<?, ?it/s]  1%|          | 1/155 [00:02<06:11,  2.41s/it]  1%|▏         | 2/155 [00:02<02:51,  1.12s/it]  2%|▏         | 3/155 [00:02<01:47,  1.42it/s]  3%|▎         | 4/155 [00:03<01:16,  1.96it/s]  3%|▎         | 5/155 [00:03<01:28,  1.70it/s]  4%|▍         | 6/155 [00:03<01:08,  2.17it/s]  5%|▍         | 7/155 [00:04<00:55,  2.65it/s]  5%|▌         | 8/155 [00:04<00:47,  3.10it/s]  6%|▌         | 9/155 [00:04<00:46,  3.16it/s]  6%|▋         | 10/155 [00:05<00:50,  2.86it/s]  7%|▋         | 11/155 [00:05<00:44,  3.24it/s]  8%|▊         | 12/155 [00:05<00:41,  3.43it/s]  8%|▊         | 13/155 [00:05<00:42,  3.37it/s]  9%|▉         | 14/155 [00:06<00:44,  3.20it/s] 10%|▉         | 15/155 [00:06<00:39,  3.55it/s] 10%|█         | 16/155 [00:06<00:40,  3.40it/s] 11%|█         | 17/155 [00:07<00:42,  3.21it/s] 12%|█▏        | 18/155 [00:07<00:39,  3.44it/s] 12%|█▏        | 19/155 [00:07<00:36,  3.72it/s] 13%|█▎        | 20/155 [00:07<00:37,  3.64it/s] 14%|█▎        | 21/155 [00:08<00:43,  3.08it/s] 14%|█▍        | 22/155 [00:08<00:39,  3.40it/s] 15%|█▍        | 23/155 [00:08<00:35,  3.70it/s] 15%|█▌        | 24/155 [00:08<00:33,  3.86it/s] 16%|█▌        | 25/155 [00:09<00:39,  3.33it/s] 17%|█▋        | 26/155 [00:09<00:36,  3.54it/s] 17%|█▋        | 27/155 [00:09<00:34,  3.74it/s] 18%|█▊        | 28/155 [00:10<00:32,  3.86it/s] 19%|█▊        | 29/155 [00:10<00:38,  3.31it/s] 19%|█▉        | 30/155 [00:10<00:33,  3.70it/s] 20%|██        | 31/155 [00:11<00:37,  3.27it/s] 21%|██        | 32/155 [00:11<00:33,  3.62it/s] 21%|██▏       | 33/155 [00:11<00:33,  3.61it/s] 22%|██▏       | 34/155 [00:11<00:31,  3.79it/s] 23%|██▎       | 35/155 [00:12<00:35,  3.36it/s] 23%|██▎       | 36/155 [00:12<00:33,  3.60it/s] 24%|██▍       | 37/155 [00:12<00:32,  3.68it/s] 25%|██▍       | 38/155 [00:12<00:29,  3.99it/s] 25%|██▌       | 39/155 [00:13<00:35,  3.30it/s] 26%|██▌       | 40/155 [00:13<00:31,  3.62it/s] 26%|██▋       | 41/155 [00:13<00:29,  3.81it/s] 27%|██▋       | 42/155 [00:13<00:27,  4.06it/s] 28%|██▊       | 43/155 [00:14<00:34,  3.29it/s] 28%|██▊       | 44/155 [00:14<00:31,  3.55it/s] 29%|██▉       | 45/155 [00:14<00:28,  3.87it/s] 30%|██▉       | 46/155 [00:15<00:27,  3.98it/s] 30%|███       | 47/155 [00:15<00:32,  3.33it/s] 31%|███       | 48/155 [00:15<00:30,  3.55it/s] 32%|███▏      | 49/155 [00:15<00:27,  3.82it/s] 32%|███▏      | 50/155 [00:16<00:25,  4.13it/s] 33%|███▎      | 51/155 [00:16<00:31,  3.33it/s] 34%|███▎      | 52/155 [00:16<00:28,  3.57it/s] 34%|███▍      | 53/155 [00:16<00:26,  3.91it/s] 35%|███▍      | 54/155 [00:17<00:24,  4.19it/s] 35%|███▌      | 55/155 [00:17<00:30,  3.31it/s] 36%|███▌      | 56/155 [00:17<00:29,  3.39it/s] 37%|███▋      | 57/155 [00:18<00:26,  3.69it/s] 37%|███▋      | 58/155 [00:18<00:24,  3.94it/s] 38%|███▊      | 59/155 [00:18<00:28,  3.39it/s] 39%|███▊      | 60/155 [00:19<00:27,  3.49it/s] 39%|███▉      | 61/155 [00:19<00:25,  3.73it/s] 40%|████      | 62/155 [00:19<00:23,  3.91it/s] 41%|████      | 63/155 [00:19<00:26,  3.51it/s] 41%|████▏     | 64/155 [00:20<00:26,  3.50it/s] 42%|████▏     | 65/155 [00:20<00:23,  3.83it/s] 43%|████▎     | 66/155 [00:20<00:21,  4.13it/s] 43%|████▎     | 67/155 [00:20<00:26,  3.33it/s] 44%|████▍     | 68/155 [00:21<00:24,  3.54it/s] 45%|████▍     | 69/155 [00:21<00:22,  3.88it/s] 45%|████▌     | 70/155 [00:21<00:20,  4.10it/s] 46%|████▌     | 71/155 [00:22<00:25,  3.34it/s] 46%|████▋     | 72/155 [00:22<00:22,  3.64it/s] 47%|████▋     | 73/155 [00:22<00:20,  3.92it/s] 48%|████▊     | 74/155 [00:22<00:19,  4.09it/s] 48%|████▊     | 75/155 [00:22<00:19,  4.13it/s] 49%|████▉     | 76/155 [00:23<00:23,  3.43it/s] 50%|████▉     | 77/155 [00:23<00:20,  3.74it/s] 50%|█████     | 78/155 [00:23<00:19,  4.00it/s] 51%|█████     | 79/155 [00:24<00:23,  3.18it/s] 52%|█████▏    | 80/155 [00:24<00:21,  3.52it/s] 52%|█████▏    | 81/155 [00:24<00:19,  3.84it/s] 53%|█████▎    | 82/155 [00:24<00:18,  4.03it/s] 54%|█████▎    | 83/155 [00:25<00:22,  3.26it/s] 54%|█████▍    | 84/155 [00:25<00:19,  3.65it/s] 55%|█████▍    | 85/155 [00:25<00:17,  3.91it/s] 55%|█████▌    | 86/155 [00:25<00:16,  4.18it/s] 56%|█████▌    | 87/155 [00:26<00:20,  3.29it/s] 57%|█████▋    | 88/155 [00:26<00:18,  3.68it/s] 57%|█████▋    | 89/155 [00:26<00:17,  3.84it/s] 58%|█████▊    | 90/155 [00:26<00:15,  4.09it/s] 59%|█████▊    | 91/155 [00:27<00:19,  3.23it/s] 59%|█████▉    | 92/155 [00:27<00:17,  3.59it/s] 60%|██████    | 93/155 [00:27<00:16,  3.84it/s] 61%|██████    | 94/155 [00:28<00:14,  4.12it/s] 61%|██████▏   | 95/155 [00:28<00:17,  3.35it/s] 62%|██████▏   | 96/155 [00:28<00:16,  3.66it/s] 63%|██████▎   | 97/155 [00:28<00:15,  3.72it/s] 63%|██████▎   | 98/155 [00:29<00:14,  3.96it/s] 64%|██████▍   | 99/155 [00:29<00:16,  3.40it/s] 65%|██████▍   | 100/155 [00:29<00:14,  3.76it/s] 65%|██████▌   | 101/155 [00:30<00:14,  3.73it/s] 66%|██████▌   | 102/155 [00:30<00:13,  4.04it/s] 66%|██████▋   | 103/155 [00:30<00:16,  3.22it/s] 67%|██████▋   | 104/155 [00:30<00:14,  3.54it/s] 68%|██████▊   | 105/155 [00:31<00:12,  3.86it/s] 68%|██████▊   | 106/155 [00:31<00:11,  4.13it/s] 69%|██████▉   | 107/155 [00:31<00:14,  3.35it/s] 70%|██████▉   | 108/155 [00:31<00:12,  3.62it/s] 70%|███████   | 109/155 [00:32<00:12,  3.77it/s] 71%|███████   | 110/155 [00:32<00:11,  4.05it/s] 72%|███████▏  | 111/155 [00:32<00:12,  3.42it/s] 72%|███████▏  | 112/155 [00:33<00:11,  3.70it/s] 73%|███████▎  | 113/155 [00:33<00:10,  3.92it/s] 74%|███████▎  | 114/155 [00:33<00:10,  3.90it/s] 74%|███████▍  | 115/155 [00:33<00:11,  3.57it/s] 75%|███████▍  | 116/155 [00:34<00:10,  3.81it/s] 75%|███████▌  | 117/155 [00:34<00:10,  3.70it/s] 76%|███████▌  | 118/155 [00:34<00:10,  3.70it/s] 77%|███████▋  | 119/155 [00:34<00:09,  3.86it/s] 77%|███████▋  | 120/155 [00:35<00:09,  3.74it/s] 78%|███████▊  | 121/155 [00:35<00:09,  3.66it/s] 79%|███████▊  | 122/155 [00:35<00:08,  3.75it/s] 79%|███████▉  | 123/155 [00:35<00:08,  4.00it/s] 80%|████████  | 124/155 [00:36<00:07,  3.99it/s] 81%|████████  | 125/155 [00:36<00:08,  3.48it/s] 81%|████████▏ | 126/155 [00:36<00:08,  3.53it/s] 82%|████████▏ | 127/155 [00:37<00:07,  3.81it/s] 83%|████████▎ | 128/155 [00:37<00:06,  4.00it/s] 83%|████████▎ | 129/155 [00:37<00:07,  3.36it/s] 84%|████████▍ | 130/155 [00:37<00:06,  3.60it/s] 85%|████████▍ | 131/155 [00:38<00:06,  3.91it/s] 85%|████████▌ | 132/155 [00:38<00:05,  4.16it/s] 86%|████████▌ | 133/155 [00:38<00:06,  3.34it/s] 86%|████████▋ | 134/155 [00:39<00:06,  3.41it/s] 87%|████████▋ | 135/155 [00:39<00:05,  3.73it/s] 88%|████████▊ | 136/155 [00:39<00:04,  3.97it/s] 88%|████████▊ | 137/155 [00:39<00:05,  3.41it/s] 89%|████████▉ | 138/155 [00:40<00:05,  3.30it/s] 90%|████████▉ | 139/155 [00:40<00:04,  3.63it/s] 90%|█████████ | 140/155 [00:40<00:03,  3.91it/s] 91%|█████████ | 141/155 [00:40<00:03,  3.61it/s] 92%|█████████▏| 142/155 [00:41<00:03,  3.48it/s] 92%|█████████▏| 143/155 [00:41<00:03,  3.80it/s] 93%|█████████▎| 144/155 [00:41<00:02,  3.93it/s] 94%|█████████▎| 145/155 [00:41<00:02,  3.73it/s] 94%|█████████▍| 146/155 [00:42<00:02,  3.37it/s] 95%|█████████▍| 147/155 [00:42<00:02,  3.72it/s] 95%|█████████▌| 148/155 [00:42<00:01,  4.01it/s] 96%|█████████▌| 149/155 [00:43<00:01,  3.79it/s] 97%|█████████▋| 150/155 [00:43<00:01,  3.40it/s] 97%|█████████▋| 151/155 [00:43<00:01,  3.77it/s] 98%|█████████▊| 152/155 [00:43<00:00,  4.13it/s] 99%|█████████▊| 153/155 [00:43<00:00,  4.44it/s] 99%|█████████▉| 154/155 [00:44<00:00,  4.64it/s]100%|██████████| 155/155 [00:44<00:00,  5.34it/s]100%|██████████| 155/155 [00:44<00:00,  3.49it/s][2022-09-16 13:41:13,002][__main__][INFO] - Test Instance Accuracy: 0.766532, Class Accuracy: 0.687724
[2022-09-16 13:41:13,002][__main__][INFO] - Best Instance Accuracy: 0.766532, Class Accuracy: 0.687724
[2022-09-16 13:41:13,002][tensorboardX.summary][INFO] - Summary name Test Acc is illegal; using Test_Acc instead.
[2022-09-16 13:41:13,003][__main__][INFO] - Save model...
[2022-09-16 13:41:13,004][__main__][INFO] - Saving at best_model.pth
[2022-09-16 13:41:13,270][__main__][INFO] - Epoch 7 (7/200):

  0%|          | 0/616 [00:00<?, ?it/s]  0%|          | 1/616 [00:01<20:29,  2.00s/it]  0%|          | 2/616 [00:02<08:00,  1.28it/s]  0%|          | 3/616 [00:03<04:11,  2.44it/s]  1%|          | 4/616 [00:03<04:03,  2.52it/s]  1%|          | 5/616 [00:04<07:01,  1.45it/s]  1%|          | 6/616 [00:04<03:56,  2.58it/s]  1%|          | 7/616 [00:04<03:39,  2.78it/s]  1%|▏         | 8/616 [00:05<03:37,  2.80it/s]  1%|▏         | 9/616 [00:05<03:39,  2.76it/s]  2%|▏         | 10/616 [00:05<03:38,  2.78it/s]  2%|▏         | 11/616 [00:06<03:34,  2.82it/s]  2%|▏         | 12/616 [00:06<03:34,  2.81it/s]  2%|▏         | 13/616 [00:06<03:31,  2.85it/s]  2%|▏         | 14/616 [00:07<03:36,  2.78it/s]  2%|▏         | 15/616 [00:07<03:34,  2.80it/s]  3%|▎         | 16/616 [00:08<03:31,  2.84it/s]  3%|▎         | 17/616 [00:08<03:34,  2.80it/s]  3%|▎         | 18/616 [00:08<03:32,  2.82it/s]  3%|▎         | 19/616 [00:09<03:33,  2.79it/s]  3%|▎         | 20/616 [00:09<03:31,  2.82it/s]  3%|▎         | 21/616 [00:09<03:33,  2.78it/s]  4%|▎         | 22/616 [00:10<03:33,  2.79it/s]  4%|▎         | 23/616 [00:10<03:28,  2.84it/s]  4%|▍         | 24/616 [00:10<03:26,  2.87it/s]  4%|▍         | 25/616 [00:11<03:28,  2.83it/s]  4%|▍         | 26/616 [00:11<03:30,  2.81it/s]  4%|▍         | 27/616 [00:11<03:29,  2.81it/s]  5%|▍         | 28/616 [00:12<03:28,  2.82it/s]  5%|▍         | 29/616 [00:12<03:32,  2.76it/s]  5%|▍         | 30/616 [00:13<03:27,  2.83it/s]  5%|▌         | 31/616 [00:13<03:30,  2.78it/s]  5%|▌         | 32/616 [00:13<03:27,  2.82it/s]  5%|▌         | 33/616 [00:14<03:28,  2.80it/s]  6%|▌         | 34/616 [00:14<03:27,  2.81it/s]  6%|▌         | 35/616 [00:14<03:25,  2.82it/s]  6%|▌         | 36/616 [00:15<03:25,  2.82it/s]  6%|▌         | 37/616 [00:15<03:27,  2.79it/s]  6%|▌         | 38/616 [00:15<03:28,  2.78it/s]  6%|▋         | 39/616 [00:16<03:27,  2.79it/s]  6%|▋         | 40/616 [00:16<03:23,  2.83it/s]  7%|▋         | 41/616 [00:16<03:20,  2.87it/s]  7%|▋         | 42/616 [00:17<03:23,  2.82it/s]  7%|▋         | 43/616 [00:17<03:24,  2.80it/s]  7%|▋         | 44/616 [00:18<03:19,  2.86it/s]  7%|▋         | 45/616 [00:18<03:21,  2.84it/s]  7%|▋         | 46/616 [00:18<03:25,  2.77it/s]  8%|▊         | 47/616 [00:19<03:19,  2.85it/s]  8%|▊         | 48/616 [00:19<03:18,  2.87it/s]  8%|▊         | 49/616 [00:19<03:24,  2.77it/s]  8%|▊         | 50/616 [00:20<03:22,  2.79it/s]  8%|▊         | 51/616 [00:20<03:21,  2.81it/s]  8%|▊         | 52/616 [00:20<03:23,  2.77it/s]  9%|▊         | 53/616 [00:21<03:18,  2.84it/s]  9%|▉         | 54/616 [00:21<03:19,  2.81it/s]  9%|▉         | 55/616 [00:21<03:17,  2.85it/s]  9%|▉         | 56/616 [00:22<03:15,  2.87it/s]  9%|▉         | 57/616 [00:22<03:21,  2.78it/s]  9%|▉         | 58/616 [00:23<03:22,  2.75it/s] 10%|▉         | 59/616 [00:23<03:15,  2.84it/s] 10%|▉         | 60/616 [00:23<03:19,  2.79it/s] 10%|▉         | 61/616 [00:24<03:15,  2.84it/s] 10%|█         | 62/616 [00:24<03:17,  2.81it/s] 10%|█         | 63/616 [00:24<03:16,  2.81it/s] 10%|█         | 64/616 [00:25<03:18,  2.78it/s] 11%|█         | 65/616 [00:25<03:19,  2.76it/s] 11%|█         | 66/616 [00:25<03:15,  2.81it/s] 11%|█         | 67/616 [00:26<03:15,  2.81it/s] 11%|█         | 68/616 [00:26<03:11,  2.87it/s] 11%|█         | 69/616 [00:26<03:15,  2.80it/s] 11%|█▏        | 70/616 [00:27<03:14,  2.81it/s] 12%|█▏        | 71/616 [00:27<03:11,  2.85it/s] 12%|█▏        | 72/616 [00:27<03:11,  2.84it/s] 12%|█▏        | 73/616 [00:28<03:09,  2.86it/s] 12%|█▏        | 74/616 [00:28<03:13,  2.80it/s] 12%|█▏        | 75/616 [00:29<03:11,  2.82it/s] 12%|█▏        | 76/616 [00:29<03:11,  2.82it/s] 12%|█▎        | 77/616 [00:29<03:10,  2.83it/s] 13%|█▎        | 78/616 [00:30<03:09,  2.83it/s] 13%|█▎        | 79/616 [00:30<03:08,  2.85it/s] 13%|█▎        | 80/616 [00:30<03:09,  2.83it/s] 13%|█▎        | 81/616 [00:31<03:11,  2.80it/s] 13%|█▎        | 82/616 [00:31<03:06,  2.87it/s] 13%|█▎        | 83/616 [00:31<03:10,  2.80it/s] 14%|█▎        | 84/616 [00:32<03:08,  2.82it/s] 14%|█▍        | 85/616 [00:32<03:06,  2.84it/s] 14%|█▍        | 86/616 [00:32<03:10,  2.78it/s] 14%|█▍        | 87/616 [00:33<03:07,  2.82it/s] 14%|█▍        | 88/616 [00:33<03:06,  2.83it/s] 14%|█▍        | 89/616 [00:33<03:09,  2.79it/s] 15%|█▍        | 90/616 [00:34<03:08,  2.80it/s] 15%|█▍        | 91/616 [00:34<03:03,  2.85it/s] 15%|█▍        | 92/616 [00:35<03:04,  2.83it/s] 15%|█▌        | 93/616 [00:35<03:07,  2.80it/s] 15%|█▌        | 94/616 [00:35<03:06,  2.80it/s] 15%|█▌        | 95/616 [00:36<03:05,  2.81it/s] 16%|█▌        | 96/616 [00:36<03:05,  2.81it/s] 16%|█▌        | 97/616 [00:36<03:05,  2.79it/s] 16%|█▌        | 98/616 [00:37<03:03,  2.82it/s] 16%|█▌        | 99/616 [00:37<03:04,  2.80it/s] 16%|█▌        | 100/616 [00:37<03:02,  2.83it/s] 16%|█▋        | 101/616 [00:38<03:05,  2.78it/s] 17%|█▋        | 102/616 [00:38<03:02,  2.82it/s] 17%|█▋        | 103/616 [00:38<03:00,  2.85it/s] 17%|█▋        | 104/616 [00:39<02:58,  2.87it/s] 17%|█▋        | 105/616 [00:39<03:04,  2.77it/s] 17%|█▋        | 106/616 [00:40<02:55,  2.91it/s] 17%|█▋        | 107/616 [00:40<02:57,  2.86it/s] 18%|█▊        | 108/616 [00:40<03:02,  2.79it/s] 18%|█▊        | 109/616 [00:41<02:59,  2.83it/s] 18%|█▊        | 110/616 [00:41<02:58,  2.83it/s] 18%|█▊        | 111/616 [00:41<02:58,  2.84it/s] 18%|█▊        | 112/616 [00:42<02:57,  2.83it/s] 18%|█▊        | 113/616 [00:42<03:00,  2.79it/s] 19%|█▊        | 114/616 [00:42<03:04,  2.73it/s] 19%|█▊        | 115/616 [00:43<03:01,  2.76it/s] 19%|█▉        | 116/616 [00:43<02:59,  2.79it/s] 19%|█▉        | 117/616 [00:43<02:58,  2.79it/s] 19%|█▉        | 118/616 [00:44<02:55,  2.84it/s] 19%|█▉        | 119/616 [00:44<02:57,  2.80it/s] 19%|█▉        | 120/616 [00:45<03:00,  2.75it/s] 20%|█▉        | 121/616 [00:45<02:56,  2.81it/s] 20%|█▉        | 122/616 [00:45<02:59,  2.75it/s] 20%|█▉        | 123/616 [00:46<02:57,  2.78it/s] 20%|██        | 124/616 [00:46<02:52,  2.86it/s] 20%|██        | 125/616 [00:46<02:56,  2.78it/s] 20%|██        | 126/616 [00:47<02:54,  2.80it/s] 21%|██        | 127/616 [00:47<02:50,  2.87it/s] 21%|██        | 128/616 [00:47<02:52,  2.83it/s] 21%|██        | 129/616 [00:48<02:54,  2.79it/s] 21%|██        | 130/616 [00:48<02:53,  2.79it/s] 21%|██▏       | 131/616 [00:48<02:52,  2.80it/s] 21%|██▏       | 132/616 [00:49<02:51,  2.83it/s] 22%|██▏       | 133/616 [00:49<02:51,  2.82it/s] 22%|██▏       | 134/616 [00:50<02:52,  2.79it/s] 22%|██▏       | 135/616 [00:50<02:48,  2.85it/s] 22%|██▏       | 136/616 [00:50<02:49,  2.84it/s] 22%|██▏       | 137/616 [00:51<02:56,  2.72it/s] 22%|██▏       | 138/616 [00:51<02:55,  2.73it/s] 23%|██▎       | 139/616 [00:51<02:54,  2.74it/s] 23%|██▎       | 140/616 [00:52<02:51,  2.77it/s] 23%|██▎       | 141/616 [00:52<02:50,  2.78it/s] 23%|██▎       | 142/616 [00:52<02:50,  2.77it/s] 23%|██▎       | 143/616 [00:53<02:45,  2.86it/s] 23%|██▎       | 144/616 [00:53<02:45,  2.84it/s] 24%|██▎       | 145/616 [00:53<02:51,  2.74it/s] 24%|██▎       | 146/616 [00:54<02:48,  2.79it/s] 24%|██▍       | 147/616 [00:54<02:45,  2.84it/s] 24%|██▍       | 148/616 [00:55<02:45,  2.82it/s] 24%|██▍       | 149/616 [00:55<02:51,  2.73it/s] 24%|██▍       | 150/616 [00:55<02:49,  2.75it/s] 25%|██▍       | 151/616 [00:56<02:47,  2.77it/s] 25%|██▍       | 152/616 [00:56<02:48,  2.76it/s] 25%|██▍       | 153/616 [00:56<02:45,  2.79it/s] 25%|██▌       | 154/616 [00:57<02:44,  2.81it/s] 25%|██▌       | 155/616 [00:57<02:51,  2.69it/s] 25%|██▌       | 156/616 [00:57<02:44,  2.79it/s] 25%|██▌       | 157/616 [00:58<02:44,  2.79it/s] 26%|██▌       | 158/616 [00:58<02:43,  2.80it/s] 26%|██▌       | 159/616 [00:58<02:44,  2.78it/s] 26%|██▌       | 160/616 [00:59<02:46,  2.74it/s] 26%|██▌       | 161/616 [00:59<02:42,  2.81it/s] 26%|██▋       | 162/616 [01:00<02:43,  2.77it/s] 26%|██▋       | 163/616 [01:00<02:43,  2.77it/s] 27%|██▋       | 164/616 [01:00<02:43,  2.76it/s] 27%|██▋       | 165/616 [01:01<02:43,  2.76it/s] 27%|██▋       | 166/616 [01:01<02:38,  2.83it/s] 27%|██▋       | 167/616 [01:01<02:43,  2.75it/s] 27%|██▋       | 168/616 [01:02<02:42,  2.75it/s] 27%|██▋       | 169/616 [01:02<02:43,  2.74it/s] 28%|██▊       | 170/616 [01:02<02:39,  2.80it/s] 28%|██▊       | 171/616 [01:03<02:38,  2.80it/s] 28%|██▊       | 172/616 [01:03<02:42,  2.72it/s] 28%|██▊       | 173/616 [01:04<02:38,  2.79it/s] 28%|██▊       | 174/616 [01:04<02:38,  2.78it/s] 28%|██▊       | 175/616 [01:04<02:38,  2.78it/s] 29%|██▊       | 176/616 [01:05<02:42,  2.71it/s] 29%|██▊       | 177/616 [01:05<02:40,  2.73it/s] 29%|██▉       | 178/616 [01:05<02:54,  2.52it/s] 29%|██▉       | 179/616 [01:06<02:36,  2.79it/s] 29%|██▉       | 180/616 [01:06<02:40,  2.72it/s] 29%|██▉       | 181/616 [01:06<02:34,  2.82it/s] 30%|██▉       | 182/616 [01:07<02:34,  2.81it/s] 30%|██▉       | 183/616 [01:07<02:35,  2.78it/s] 30%|██▉       | 184/616 [01:08<02:35,  2.78it/s] 30%|███       | 185/616 [01:08<02:30,  2.86it/s] 30%|███       | 186/616 [01:08<02:36,  2.76it/s] 30%|███       | 187/616 [01:09<02:34,  2.77it/s] 31%|███       | 188/616 [01:09<02:33,  2.80it/s] 31%|███       | 189/616 [01:09<02:41,  2.64it/s] 31%|███       | 190/616 [01:10<02:32,  2.79it/s] 31%|███       | 191/616 [01:10<02:30,  2.83it/s] 31%|███       | 192/616 [01:10<02:31,  2.80it/s] 31%|███▏      | 193/616 [01:11<02:35,  2.72it/s] 31%|███▏      | 194/616 [01:11<02:33,  2.75it/s] 32%|███▏      | 195/616 [01:12<02:31,  2.77it/s] 32%|███▏      | 196/616 [01:12<02:30,  2.79it/s] 32%|███▏      | 197/616 [01:12<02:32,  2.76it/s] 32%|███▏      | 198/616 [01:13<02:29,  2.80it/s] 32%|███▏      | 199/616 [01:13<02:28,  2.80it/s] 32%|███▏      | 200/616 [01:13<02:33,  2.72it/s] 33%|███▎      | 201/616 [01:14<02:27,  2.81it/s] 33%|███▎      | 202/616 [01:14<02:29,  2.77it/s] 33%|███▎      | 203/616 [01:14<02:26,  2.81it/s] 33%|███▎      | 204/616 [01:15<02:28,  2.78it/s] 33%|███▎      | 205/616 [01:15<02:28,  2.76it/s] 33%|███▎      | 206/616 [01:15<02:28,  2.77it/s] 34%|███▎      | 207/616 [01:16<02:24,  2.83it/s] 34%|███▍      | 208/616 [01:16<02:27,  2.77it/s] 34%|███▍      | 209/616 [01:17<02:24,  2.83it/s] 34%|███▍      | 210/616 [01:17<02:26,  2.77it/s] 34%|███▍      | 211/616 [01:17<02:26,  2.76it/s] 34%|███▍      | 212/616 [01:18<02:26,  2.75it/s] 35%|███▍      | 213/616 [01:18<02:20,  2.87it/s] 35%|███▍      | 214/616 [01:18<02:27,  2.72it/s] 35%|███▍      | 215/616 [01:19<02:25,  2.76it/s] 35%|███▌      | 216/616 [01:19<02:23,  2.80it/s] 35%|███▌      | 217/616 [01:19<02:25,  2.75it/s] 35%|███▌      | 218/616 [01:20<02:24,  2.76it/s] 36%|███▌      | 219/616 [01:20<02:28,  2.67it/s] 36%|███▌      | 220/616 [01:21<02:24,  2.73it/s] 36%|███▌      | 221/616 [01:21<02:25,  2.72it/s] 36%|███▌      | 222/616 [01:21<02:19,  2.82it/s] 36%|███▌      | 223/616 [01:22<02:20,  2.79it/s] 36%|███▋      | 224/616 [01:22<02:21,  2.77it/s] 37%|███▋      | 225/616 [01:22<02:21,  2.76it/s] 37%|███▋      | 226/616 [01:23<02:19,  2.80it/s] 37%|███▋      | 227/616 [01:23<02:20,  2.77it/s] 37%|███▋      | 228/616 [01:23<02:20,  2.76it/s] 37%|███▋      | 229/616 [01:24<02:17,  2.82it/s] 37%|███▋      | 230/616 [01:24<02:22,  2.72it/s] 38%|███▊      | 231/616 [01:25<02:17,  2.81it/s] 38%|███▊      | 232/616 [01:25<02:18,  2.78it/s] 38%|███▊      | 233/616 [01:25<02:18,  2.77it/s] 38%|███▊      | 234/616 [01:26<02:17,  2.78it/s] 38%|███▊      | 235/616 [01:26<02:16,  2.78it/s] 38%|███▊      | 236/616 [01:26<02:16,  2.78it/s] 38%|███▊      | 237/616 [01:27<02:12,  2.86it/s] 39%|███▊      | 238/616 [01:27<02:14,  2.80it/s] 39%|███▉      | 239/616 [01:27<02:14,  2.81it/s] 39%|███▉      | 240/616 [01:28<02:14,  2.79it/s] 39%|███▉      | 241/616 [01:28<02:14,  2.79it/s] 39%|███▉      | 242/616 [01:28<02:15,  2.76it/s] 39%|███▉      | 243/616 [01:29<02:12,  2.81it/s] 40%|███▉      | 244/616 [01:29<02:14,  2.76it/s] 40%|███▉      | 245/616 [01:30<02:12,  2.79it/s] 40%|███▉      | 246/616 [01:30<02:13,  2.78it/s] 40%|████      | 247/616 [01:30<02:13,  2.77it/s] 40%|████      | 248/616 [01:31<02:09,  2.84it/s] 40%|████      | 249/616 [01:31<02:09,  2.83it/s] 41%|████      | 250/616 [01:31<02:12,  2.77it/s] 41%|████      | 251/616 [01:32<02:09,  2.81it/s] 41%|████      | 252/616 [01:32<02:10,  2.78it/s] 41%|████      | 253/616 [01:32<02:09,  2.81it/s] 41%|████      | 254/616 [01:33<02:09,  2.79it/s] 41%|████▏     | 255/616 [01:33<02:08,  2.82it/s] 42%|████▏     | 256/616 [01:33<02:11,  2.73it/s] 42%|████▏     | 257/616 [01:34<02:07,  2.82it/s] 42%|████▏     | 258/616 [01:34<02:07,  2.81it/s] 42%|████▏     | 259/616 [01:35<02:07,  2.81it/s] 42%|████▏     | 260/616 [01:35<02:06,  2.81it/s] 42%|████▏     | 261/616 [01:35<02:10,  2.71it/s] 43%|████▎     | 262/616 [01:36<02:10,  2.72it/s] 43%|████▎     | 263/616 [01:36<02:05,  2.82it/s] 43%|████▎     | 264/616 [01:36<02:06,  2.78it/s] 43%|████▎     | 265/616 [01:37<02:03,  2.83it/s] 43%|████▎     | 266/616 [01:37<02:06,  2.76it/s] 43%|████▎     | 267/616 [01:37<02:11,  2.65it/s] 44%|████▎     | 268/616 [01:38<02:07,  2.73it/s] 44%|████▎     | 269/616 [01:38<02:19,  2.48it/s] 44%|████▍     | 270/616 [01:39<02:06,  2.74it/s] 44%|████▍     | 271/616 [01:39<02:09,  2.67it/s] 44%|████▍     | 272/616 [01:39<02:05,  2.75it/s] 44%|████▍     | 273/616 [01:40<02:04,  2.75it/s] 44%|████▍     | 274/616 [01:40<02:03,  2.78it/s] 45%|████▍     | 275/616 [01:40<02:03,  2.75it/s] 45%|████▍     | 276/616 [01:41<02:02,  2.77it/s] 45%|████▍     | 277/616 [01:41<02:03,  2.74it/s] 45%|████▌     | 278/616 [01:41<02:02,  2.76it/s] 45%|████▌     | 279/616 [01:42<02:01,  2.77it/s] 45%|████▌     | 280/616 [01:42<02:00,  2.80it/s] 46%|████▌     | 281/616 [01:43<02:00,  2.78it/s] 46%|████▌     | 282/616 [01:43<02:01,  2.75it/s] 46%|████▌     | 283/616 [01:43<01:56,  2.85it/s] 46%|████▌     | 284/616 [01:44<01:58,  2.80it/s] 46%|████▋     | 285/616 [01:44<02:02,  2.69it/s] 46%|████▋     | 286/616 [01:44<01:59,  2.75it/s] 47%|████▋     | 287/616 [01:45<01:59,  2.76it/s] 47%|████▋     | 288/616 [01:45<01:55,  2.83it/s] 47%|████▋     | 289/616 [01:45<01:57,  2.78it/s] 47%|████▋     | 290/616 [01:46<01:56,  2.81it/s] 47%|████▋     | 291/616 [01:46<01:57,  2.76it/s] 47%|████▋     | 292/616 [01:47<01:56,  2.77it/s] 48%|████▊     | 293/616 [01:47<01:56,  2.77it/s] 48%|████▊     | 294/616 [01:47<01:55,  2.78it/s] 48%|████▊     | 295/616 [01:48<01:54,  2.81it/s] 48%|████▊     | 296/616 [01:48<01:56,  2.75it/s] 48%|████▊     | 297/616 [01:48<01:54,  2.78it/s] 48%|████▊     | 298/616 [01:49<01:55,  2.76it/s] 49%|████▊     | 299/616 [01:49<01:55,  2.75it/s] 49%|████▊     | 300/616 [01:49<01:54,  2.76it/s] 49%|████▉     | 301/616 [01:50<01:51,  2.82it/s] 49%|████▉     | 302/616 [01:50<01:54,  2.74it/s] 49%|████▉     | 303/616 [01:50<01:52,  2.79it/s] 49%|████▉     | 304/616 [01:51<01:52,  2.77it/s] 50%|████▉     | 305/616 [01:51<01:53,  2.74it/s] 50%|████▉     | 306/616 [01:52<01:50,  2.80it/s] 50%|████▉     | 307/616 [01:52<01:51,  2.78it/s] 50%|█████     | 308/616 [01:52<01:53,  2.71it/s] 50%|█████     | 309/616 [01:53<01:49,  2.81it/s] 50%|█████     | 310/616 [01:53<01:50,  2.77it/s] 50%|█████     | 311/616 [01:53<01:50,  2.76it/s] 51%|█████     | 312/616 [01:54<01:49,  2.78it/s] 51%|█████     | 313/616 [01:54<01:48,  2.79it/s] 51%|█████     | 314/616 [01:54<01:50,  2.72it/s] 51%|█████     | 315/616 [01:55<01:46,  2.82it/s] 51%|█████▏    | 316/616 [01:55<01:48,  2.76it/s] 51%|█████▏    | 317/616 [01:56<01:45,  2.83it/s] 52%|█████▏    | 318/616 [01:56<01:46,  2.80it/s] 52%|█████▏    | 319/616 [01:56<01:46,  2.79it/s] 52%|█████▏    | 320/616 [01:57<01:46,  2.79it/s] 52%|█████▏    | 321/616 [01:57<01:44,  2.83it/s] 52%|█████▏    | 322/616 [01:57<01:44,  2.82it/s] 52%|█████▏    | 323/616 [01:58<01:45,  2.78it/s] 53%|█████▎    | 324/616 [01:58<01:43,  2.83it/s] 53%|█████▎    | 325/616 [01:58<01:44,  2.78it/s] 53%|█████▎    | 326/616 [01:59<01:44,  2.76it/s] 53%|█████▎    | 327/616 [01:59<01:40,  2.88it/s] 53%|█████▎    | 328/616 [01:59<01:44,  2.76it/s] 53%|█████▎    | 329/616 [02:00<01:41,  2.82it/s] 54%|█████▎    | 330/616 [02:00<01:43,  2.77it/s] 54%|█████▎    | 331/616 [02:01<01:44,  2.74it/s] 54%|█████▍    | 332/616 [02:01<01:42,  2.78it/s] 54%|█████▍    | 333/616 [02:01<01:43,  2.72it/s] 54%|█████▍    | 334/616 [02:02<01:40,  2.81it/s] 54%|█████▍    | 335/616 [02:02<01:42,  2.74it/s] 55%|█████▍    | 336/616 [02:02<01:40,  2.79it/s] 55%|█████▍    | 337/616 [02:03<01:41,  2.75it/s] 55%|█████▍    | 338/616 [02:03<01:39,  2.80it/s] 55%|█████▌    | 339/616 [02:03<01:40,  2.76it/s] 55%|█████▌    | 340/616 [02:04<01:39,  2.76it/s] 55%|█████▌    | 341/616 [02:04<01:42,  2.68it/s] 56%|█████▌    | 342/616 [02:05<01:38,  2.79it/s] 56%|█████▌    | 343/616 [02:05<01:38,  2.78it/s] 56%|█████▌    | 344/616 [02:05<01:38,  2.75it/s] 56%|█████▌    | 345/616 [02:06<01:39,  2.72it/s] 56%|█████▌    | 346/616 [02:06<01:37,  2.77it/s] 56%|█████▋    | 347/616 [02:06<01:39,  2.72it/s] 56%|█████▋    | 348/616 [02:07<01:36,  2.76it/s] 57%|█████▋    | 349/616 [02:07<01:36,  2.76it/s] 57%|█████▋    | 350/616 [02:07<01:34,  2.81it/s] 57%|█████▋    | 351/616 [02:08<01:36,  2.76it/s] 57%|█████▋    | 352/616 [02:08<01:34,  2.80it/s] 57%|█████▋    | 353/616 [02:09<01:36,  2.72it/s] 57%|█████▋    | 354/616 [02:09<01:36,  2.72it/s] 58%|█████▊    | 355/616 [02:09<01:35,  2.73it/s] 58%|█████▊    | 356/616 [02:10<01:33,  2.79it/s] 58%|█████▊    | 357/616 [02:10<01:33,  2.76it/s] 58%|█████▊    | 358/616 [02:10<01:33,  2.76it/s] 58%|█████▊    | 359/616 [02:11<01:31,  2.80it/s] 58%|█████▊    | 360/616 [02:11<01:30,  2.83it/s] 59%|█████▊    | 361/616 [02:11<01:32,  2.76it/s] 59%|█████▉    | 362/616 [02:12<01:31,  2.78it/s] 59%|█████▉    | 363/616 [02:12<01:31,  2.77it/s] 59%|█████▉    | 364/616 [02:12<01:29,  2.80it/s] 59%|█████▉    | 365/616 [02:13<01:31,  2.74it/s] 59%|█████▉    | 366/616 [02:13<01:32,  2.71it/s] 60%|█████▉    | 367/616 [02:14<01:30,  2.76it/s] 60%|█████▉    | 368/616 [02:14<01:28,  2.80it/s] 60%|█████▉    | 369/616 [02:14<01:32,  2.68it/s] 60%|██████    | 370/616 [02:15<01:28,  2.78it/s] 60%|██████    | 371/616 [02:15<01:28,  2.77it/s] 60%|██████    | 372/616 [02:15<01:29,  2.74it/s] 61%|██████    | 373/616 [02:16<01:28,  2.75it/s] 61%|██████    | 374/616 [02:16<01:27,  2.77it/s] 61%|██████    | 375/616 [02:16<01:26,  2.77it/s] 61%|██████    | 376/616 [02:17<01:24,  2.84it/s] 61%|██████    | 377/616 [02:17<01:27,  2.73it/s] 61%|██████▏   | 378/616 [02:18<01:26,  2.76it/s] 62%|██████▏   | 379/616 [02:18<01:28,  2.69it/s] 62%|██████▏   | 380/616 [02:18<01:23,  2.84it/s] 62%|██████▏   | 381/616 [02:19<01:25,  2.76it/s] 62%|██████▏   | 382/616 [02:19<01:22,  2.82it/s] 62%|██████▏   | 383/616 [02:19<01:24,  2.77it/s] 62%|██████▏   | 384/616 [02:20<01:22,  2.80it/s] 62%|██████▎   | 385/616 [02:20<01:22,  2.81it/s] 63%|██████▎   | 386/616 [02:20<01:22,  2.77it/s] 63%|██████▎   | 387/616 [02:21<01:21,  2.80it/s] 63%|██████▎   | 388/616 [02:21<01:21,  2.80it/s] 63%|██████▎   | 389/616 [02:21<01:21,  2.79it/s] 63%|██████▎   | 390/616 [02:22<01:20,  2.80it/s] 63%|██████▎   | 391/616 [02:22<01:20,  2.80it/s] 64%|██████▎   | 392/616 [02:23<01:21,  2.76it/s] 64%|██████▍   | 393/616 [02:23<01:19,  2.82it/s] 64%|██████▍   | 394/616 [02:23<01:19,  2.78it/s] 64%|██████▍   | 395/616 [02:24<01:19,  2.79it/s] 64%|██████▍   | 396/616 [02:24<01:19,  2.78it/s] 64%|██████▍   | 397/616 [02:24<01:17,  2.81it/s] 65%|██████▍   | 398/616 [02:25<01:19,  2.75it/s] 65%|██████▍   | 399/616 [02:25<01:15,  2.86it/s] 65%|██████▍   | 400/616 [02:25<01:17,  2.79it/s] 65%|██████▌   | 401/616 [02:26<01:19,  2.71it/s] 65%|██████▌   | 402/616 [02:26<01:16,  2.78it/s] 65%|██████▌   | 403/616 [02:27<01:16,  2.80it/s] 66%|██████▌   | 404/616 [02:27<01:16,  2.78it/s] 66%|██████▌   | 405/616 [02:27<01:14,  2.82it/s] 66%|██████▌   | 406/616 [02:28<01:15,  2.78it/s] 66%|██████▌   | 407/616 [02:28<01:15,  2.78it/s] 66%|██████▌   | 408/616 [02:28<01:14,  2.79it/s] 66%|██████▋   | 409/616 [02:29<01:14,  2.78it/s] 67%|██████▋   | 410/616 [02:29<01:14,  2.75it/s] 67%|██████▋   | 411/616 [02:29<01:14,  2.77it/s] 67%|██████▋   | 412/616 [02:30<01:13,  2.76it/s] 67%|██████▋   | 413/616 [02:30<01:13,  2.76it/s] 67%|██████▋   | 414/616 [02:30<01:13,  2.75it/s] 67%|██████▋   | 415/616 [02:31<01:11,  2.80it/s] 68%|██████▊   | 416/616 [02:31<01:12,  2.77it/s] 68%|██████▊   | 417/616 [02:32<01:12,  2.74it/s] 68%|██████▊   | 418/616 [02:32<01:11,  2.77it/s] 68%|██████▊   | 419/616 [02:32<01:11,  2.75it/s] 68%|██████▊   | 420/616 [02:33<01:10,  2.78it/s] 68%|██████▊   | 421/616 [02:33<01:11,  2.73it/s] 69%|██████▊   | 422/616 [02:33<01:10,  2.74it/s] 69%|██████▊   | 423/616 [02:34<01:09,  2.77it/s] 69%|██████▉   | 424/616 [02:34<01:09,  2.78it/s] 69%|██████▉   | 425/616 [02:34<01:09,  2.75it/s] 69%|██████▉   | 426/616 [02:35<01:08,  2.77it/s] 69%|██████▉   | 427/616 [02:35<01:07,  2.79it/s] 69%|██████▉   | 428/616 [02:36<01:07,  2.77it/s] 70%|██████▉   | 429/616 [02:36<01:07,  2.76it/s] 70%|██████▉   | 430/616 [02:36<01:06,  2.79it/s] 70%|██████▉   | 431/616 [02:37<01:06,  2.77it/s] 70%|███████   | 432/616 [02:37<01:05,  2.81it/s] 70%|███████   | 433/616 [02:37<01:07,  2.70it/s] 70%|███████   | 434/616 [02:38<01:05,  2.79it/s] 71%|███████   | 435/616 [02:38<01:06,  2.71it/s] 71%|███████   | 436/616 [02:38<01:05,  2.75it/s] 71%|███████   | 437/616 [02:39<01:06,  2.71it/s] 71%|███████   | 438/616 [02:39<01:03,  2.82it/s] 71%|███████▏  | 439/616 [02:40<01:04,  2.74it/s] 71%|███████▏  | 440/616 [02:40<01:01,  2.84it/s] 72%|███████▏  | 441/616 [02:40<01:02,  2.78it/s] 72%|███████▏  | 442/616 [02:41<01:03,  2.74it/s] 72%|███████▏  | 443/616 [02:41<01:10,  2.45it/s] 72%|███████▏  | 444/616 [02:41<01:06,  2.60it/s] 72%|███████▏  | 445/616 [02:42<01:02,  2.73it/s] 72%|███████▏  | 446/616 [02:42<01:00,  2.80it/s] 73%|███████▎  | 447/616 [02:42<01:00,  2.78it/s] 73%|███████▎  | 448/616 [02:43<01:00,  2.78it/s] 73%|███████▎  | 449/616 [02:43<01:00,  2.76it/s] 73%|███████▎  | 450/616 [02:44<01:00,  2.74it/s] 73%|███████▎  | 451/616 [02:44<01:00,  2.71it/s] 73%|███████▎  | 452/616 [02:44<00:58,  2.79it/s] 74%|███████▎  | 453/616 [02:45<00:59,  2.76it/s] 74%|███████▎  | 454/616 [02:45<00:58,  2.77it/s] 74%|███████▍  | 455/616 [02:45<00:59,  2.72it/s] 74%|███████▍  | 456/616 [02:46<00:57,  2.79it/s] 74%|███████▍  | 457/616 [02:46<00:58,  2.73it/s] 74%|███████▍  | 458/616 [02:46<00:56,  2.79it/s] 75%|███████▍  | 459/616 [02:47<00:57,  2.71it/s] 75%|███████▍  | 460/616 [02:47<00:56,  2.78it/s] 75%|███████▍  | 461/616 [02:48<00:56,  2.76it/s] 75%|███████▌  | 462/616 [02:48<00:55,  2.77it/s] 75%|███████▌  | 463/616 [02:48<00:55,  2.74it/s] 75%|███████▌  | 464/616 [02:49<00:54,  2.76it/s] 75%|███████▌  | 465/616 [02:49<00:55,  2.71it/s] 76%|███████▌  | 466/616 [02:49<00:54,  2.76it/s] 76%|███████▌  | 467/616 [02:50<00:54,  2.75it/s] 76%|███████▌  | 468/616 [02:50<00:52,  2.81it/s] 76%|███████▌  | 469/616 [02:50<00:52,  2.78it/s] 76%|███████▋  | 470/616 [02:51<00:52,  2.77it/s] 76%|███████▋  | 471/616 [02:51<00:52,  2.77it/s] 77%|███████▋  | 472/616 [02:52<00:51,  2.79it/s] 77%|███████▋  | 473/616 [02:52<00:52,  2.75it/s] 77%|███████▋  | 474/616 [02:52<00:51,  2.75it/s] 77%|███████▋  | 475/616 [02:53<00:51,  2.73it/s] 77%|███████▋  | 476/616 [02:53<00:50,  2.77it/s] 77%|███████▋  | 477/616 [02:53<00:51,  2.71it/s] 78%|███████▊  | 478/616 [02:54<00:49,  2.80it/s] 78%|███████▊  | 479/616 [02:54<00:49,  2.78it/s] 78%|███████▊  | 480/616 [02:54<00:47,  2.87it/s] 78%|███████▊  | 481/616 [02:55<00:51,  2.64it/s] 78%|███████▊  | 482/616 [02:55<00:47,  2.82it/s] 78%|███████▊  | 483/616 [02:56<00:48,  2.72it/s] 79%|███████▊  | 484/616 [02:56<00:47,  2.79it/s] 79%|███████▊  | 485/616 [02:56<00:47,  2.76it/s] 79%|███████▉  | 486/616 [02:57<00:46,  2.77it/s] 79%|███████▉  | 487/616 [02:57<00:47,  2.74it/s] 79%|███████▉  | 488/616 [02:57<00:45,  2.80it/s] 79%|███████▉  | 489/616 [02:58<00:46,  2.74it/s] 80%|███████▉  | 490/616 [02:58<00:45,  2.77it/s] 80%|███████▉  | 491/616 [02:58<00:45,  2.75it/s] 80%|███████▉  | 492/616 [02:59<00:43,  2.85it/s] 80%|████████  | 493/616 [02:59<00:45,  2.70it/s] 80%|████████  | 494/616 [03:00<00:44,  2.75it/s] 80%|████████  | 495/616 [03:00<00:44,  2.75it/s] 81%|████████  | 496/616 [03:00<00:42,  2.80it/s] 81%|████████  | 497/616 [03:01<00:43,  2.73it/s] 81%|████████  | 498/616 [03:01<00:41,  2.85it/s] 81%|████████  | 499/616 [03:01<00:43,  2.70it/s] 81%|████████  | 500/616 [03:02<00:41,  2.78it/s] 81%|████████▏ | 501/616 [03:02<00:43,  2.66it/s] 81%|████████▏ | 502/616 [03:02<00:40,  2.81it/s] 82%|████████▏ | 503/616 [03:03<00:40,  2.80it/s] 82%|████████▏ | 504/616 [03:03<00:40,  2.73it/s] 82%|████████▏ | 505/616 [03:04<00:41,  2.69it/s] 82%|████████▏ | 506/616 [03:04<00:40,  2.71it/s] 82%|████████▏ | 507/616 [03:04<00:39,  2.78it/s] 82%|████████▏ | 508/616 [03:05<00:38,  2.77it/s] 83%|████████▎ | 509/616 [03:05<00:38,  2.78it/s] 83%|████████▎ | 510/616 [03:05<00:38,  2.72it/s] 83%|████████▎ | 511/616 [03:06<00:38,  2.76it/s] 83%|████████▎ | 512/616 [03:06<00:36,  2.81it/s] 83%|████████▎ | 513/616 [03:06<00:37,  2.76it/s] 83%|████████▎ | 514/616 [03:07<00:35,  2.83it/s] 84%|████████▎ | 515/616 [03:07<00:36,  2.75it/s] 84%|████████▍ | 516/616 [03:07<00:36,  2.75it/s] 84%|████████▍ | 517/616 [03:08<00:36,  2.73it/s] 84%|████████▍ | 518/616 [03:08<00:35,  2.78it/s] 84%|████████▍ | 519/616 [03:09<00:35,  2.72it/s] 84%|████████▍ | 520/616 [03:09<00:34,  2.79it/s] 85%|████████▍ | 521/616 [03:09<00:34,  2.74it/s] 85%|████████▍ | 522/616 [03:10<00:33,  2.80it/s] 85%|████████▍ | 523/616 [03:10<00:34,  2.73it/s] 85%|████████▌ | 524/616 [03:10<00:33,  2.72it/s] 85%|████████▌ | 525/616 [03:11<00:32,  2.77it/s] 85%|████████▌ | 526/616 [03:11<00:32,  2.76it/s] 86%|████████▌ | 527/616 [03:11<00:32,  2.76it/s] 86%|████████▌ | 528/616 [03:12<00:31,  2.83it/s] 86%|████████▌ | 529/616 [03:12<00:31,  2.73it/s] 86%|████████▌ | 530/616 [03:13<00:30,  2.81it/s] 86%|████████▌ | 531/616 [03:13<00:31,  2.73it/s] 86%|████████▋ | 532/616 [03:13<00:30,  2.80it/s] 87%|████████▋ | 533/616 [03:14<00:30,  2.73it/s] 87%|████████▋ | 534/616 [03:14<00:32,  2.53it/s] 87%|████████▋ | 535/616 [03:14<00:30,  2.70it/s] 87%|████████▋ | 536/616 [03:15<00:28,  2.83it/s] 87%|████████▋ | 537/616 [03:15<00:29,  2.71it/s] 87%|████████▋ | 538/616 [03:16<00:28,  2.75it/s] 88%|████████▊ | 539/616 [03:16<00:28,  2.72it/s] 88%|████████▊ | 540/616 [03:16<00:27,  2.79it/s] 88%|████████▊ | 541/616 [03:17<00:28,  2.66it/s] 88%|████████▊ | 542/616 [03:17<00:26,  2.79it/s] 88%|████████▊ | 543/616 [03:17<00:26,  2.73it/s] 88%|████████▊ | 544/616 [03:18<00:25,  2.84it/s] 88%|████████▊ | 545/616 [03:18<00:25,  2.75it/s] 89%|████████▊ | 546/616 [03:18<00:25,  2.78it/s] 89%|████████▉ | 547/616 [03:19<00:25,  2.69it/s] 89%|████████▉ | 548/616 [03:19<00:23,  2.91it/s] 89%|████████▉ | 549/616 [03:19<00:24,  2.73it/s] 89%|████████▉ | 550/616 [03:20<00:23,  2.80it/s] 89%|████████▉ | 551/616 [03:20<00:23,  2.74it/s] 90%|████████▉ | 552/616 [03:21<00:22,  2.83it/s] 90%|████████▉ | 553/616 [03:21<00:22,  2.75it/s] 90%|████████▉ | 554/616 [03:21<00:22,  2.78it/s] 90%|█████████ | 555/616 [03:22<00:22,  2.71it/s] 90%|█████████ | 556/616 [03:22<00:21,  2.81it/s] 90%|█████████ | 557/616 [03:22<00:21,  2.71it/s] 91%|█████████ | 558/616 [03:23<00:20,  2.78it/s] 91%|█████████ | 559/616 [03:23<00:20,  2.78it/s] 91%|█████████ | 560/616 [03:23<00:20,  2.75it/s] 91%|█████████ | 561/616 [03:24<00:20,  2.72it/s] 91%|█████████ | 562/616 [03:24<00:19,  2.81it/s] 91%|█████████▏| 563/616 [03:25<00:19,  2.66it/s] 92%|█████████▏| 564/616 [03:25<00:18,  2.80it/s] 92%|█████████▏| 565/616 [03:25<00:18,  2.71it/s] 92%|█████████▏| 566/616 [03:26<00:18,  2.72it/s] 92%|█████████▏| 567/616 [03:26<00:17,  2.74it/s] 92%|█████████▏| 568/616 [03:26<00:17,  2.79it/s] 92%|█████████▏| 569/616 [03:27<00:17,  2.73it/s] 93%|█████████▎| 570/616 [03:27<00:16,  2.80it/s] 93%|█████████▎| 571/616 [03:27<00:16,  2.74it/s] 93%|█████████▎| 572/616 [03:28<00:16,  2.74it/s] 93%|█████████▎| 573/616 [03:28<00:15,  2.74it/s] 93%|█████████▎| 574/616 [03:29<00:15,  2.78it/s] 93%|█████████▎| 575/616 [03:29<00:14,  2.74it/s] 94%|█████████▎| 576/616 [03:29<00:14,  2.85it/s] 94%|█████████▎| 577/616 [03:30<00:14,  2.73it/s] 94%|█████████▍| 578/616 [03:30<00:13,  2.75it/s] 94%|█████████▍| 579/616 [03:30<00:13,  2.77it/s] 94%|█████████▍| 580/616 [03:31<00:12,  2.84it/s] 94%|█████████▍| 581/616 [03:31<00:12,  2.75it/s] 94%|█████████▍| 582/616 [03:31<00:12,  2.78it/s] 95%|█████████▍| 583/616 [03:32<00:12,  2.72it/s] 95%|█████████▍| 584/616 [03:32<00:11,  2.77it/s] 95%|█████████▍| 585/616 [03:33<00:11,  2.77it/s] 95%|█████████▌| 586/616 [03:33<00:10,  2.76it/s] 95%|█████████▌| 587/616 [03:33<00:10,  2.74it/s] 95%|█████████▌| 588/616 [03:34<00:10,  2.75it/s] 96%|█████████▌| 589/616 [03:34<00:09,  2.79it/s] 96%|█████████▌| 590/616 [03:34<00:09,  2.78it/s] 96%|█████████▌| 591/616 [03:35<00:09,  2.75it/s] 96%|█████████▌| 592/616 [03:35<00:08,  2.79it/s] 96%|█████████▋| 593/616 [03:35<00:08,  2.76it/s] 96%|█████████▋| 594/616 [03:36<00:07,  2.79it/s] 97%|█████████▋| 595/616 [03:36<00:07,  2.73it/s] 97%|█████████▋| 596/616 [03:37<00:07,  2.71it/s] 97%|█████████▋| 597/616 [03:37<00:06,  2.73it/s] 97%|█████████▋| 598/616 [03:37<00:06,  2.81it/s] 97%|█████████▋| 599/616 [03:38<00:06,  2.73it/s] 97%|█████████▋| 600/616 [03:38<00:05,  2.79it/s] 98%|█████████▊| 601/616 [03:38<00:05,  2.74it/s] 98%|█████████▊| 602/616 [03:39<00:05,  2.77it/s] 98%|█████████▊| 603/616 [03:39<00:04,  2.75it/s] 98%|█████████▊| 604/616 [03:39<00:04,  2.79it/s] 98%|█████████▊| 605/616 [03:40<00:03,  2.81it/s] 98%|█████████▊| 606/616 [03:40<00:03,  2.81it/s] 99%|█████████▊| 607/616 [03:40<00:03,  2.74it/s] 99%|█████████▊| 608/616 [03:41<00:02,  2.75it/s] 99%|█████████▉| 609/616 [03:41<00:02,  2.81it/s] 99%|█████████▉| 610/616 [03:42<00:02,  2.80it/s] 99%|█████████▉| 611/616 [03:42<00:01,  2.81it/s] 99%|█████████▉| 612/616 [03:42<00:01,  2.88it/s]100%|█████████▉| 613/616 [03:43<00:01,  2.81it/s]100%|█████████▉| 614/616 [03:43<00:00,  2.81it/s]100%|█████████▉| 615/616 [03:43<00:00,  2.79it/s]100%|██████████| 616/616 [03:44<00:00,  3.06it/s]100%|██████████| 616/616 [03:44<00:00,  2.75it/s][2022-09-16 13:44:57,899][__main__][INFO] - Train Instance Accuracy: 0.625237
[2022-09-16 13:44:57,900][__main__][INFO] - loss: 3.191997

  0%|          | 0/155 [00:00<?, ?it/s]  1%|          | 1/155 [00:02<05:34,  2.17s/it]  1%|▏         | 2/155 [00:02<02:35,  1.02s/it]  2%|▏         | 3/155 [00:02<01:37,  1.55it/s]  3%|▎         | 4/155 [00:02<01:12,  2.09it/s]  3%|▎         | 5/155 [00:03<01:30,  1.66it/s]  4%|▍         | 6/155 [00:03<01:10,  2.13it/s]  5%|▍         | 7/155 [00:04<00:57,  2.58it/s]  5%|▌         | 8/155 [00:04<00:49,  3.00it/s]  6%|▌         | 9/155 [00:05<01:10,  2.08it/s]  6%|▋         | 10/155 [00:05<00:57,  2.53it/s]  7%|▋         | 11/155 [00:05<00:49,  2.93it/s]  8%|▊         | 12/155 [00:05<00:42,  3.33it/s]  8%|▊         | 13/155 [00:06<00:52,  2.72it/s]  9%|▉         | 14/155 [00:06<00:44,  3.15it/s] 10%|▉         | 15/155 [00:06<00:42,  3.26it/s] 10%|█         | 16/155 [00:06<00:38,  3.59it/s] 11%|█         | 17/155 [00:07<00:48,  2.85it/s] 12%|█▏        | 18/155 [00:07<00:46,  2.97it/s] 12%|█▏        | 19/155 [00:08<00:43,  3.15it/s] 13%|█▎        | 20/155 [00:08<00:38,  3.50it/s] 14%|█▎        | 21/155 [00:08<00:42,  3.14it/s] 14%|█▍        | 22/155 [00:08<00:41,  3.18it/s] 15%|█▍        | 23/155 [00:09<00:42,  3.13it/s] 15%|█▌        | 24/155 [00:09<00:37,  3.51it/s] 16%|█▌        | 25/155 [00:09<00:38,  3.36it/s] 17%|█▋        | 26/155 [00:09<00:34,  3.71it/s] 17%|█▋        | 27/155 [00:10<00:37,  3.37it/s] 18%|█▊        | 28/155 [00:10<00:34,  3.72it/s] 19%|█▊        | 29/155 [00:10<00:39,  3.16it/s] 19%|█▉        | 30/155 [00:11<00:36,  3.47it/s] 20%|██        | 31/155 [00:11<00:39,  3.12it/s] 21%|██        | 32/155 [00:11<00:35,  3.48it/s] 21%|██▏       | 33/155 [00:12<00:36,  3.31it/s] 22%|██▏       | 34/155 [00:12<00:33,  3.61it/s] 23%|██▎       | 35/155 [00:12<00:38,  3.16it/s] 23%|██▎       | 36/155 [00:12<00:33,  3.52it/s] 24%|██▍       | 37/155 [00:13<00:35,  3.32it/s] 25%|██▍       | 38/155 [00:13<00:31,  3.67it/s] 25%|██▌       | 39/155 [00:13<00:36,  3.19it/s] 26%|██▌       | 40/155 [00:14<00:32,  3.55it/s] 26%|██▋       | 41/155 [00:14<00:33,  3.37it/s] 27%|██▋       | 42/155 [00:14<00:30,  3.72it/s] 28%|██▊       | 43/155 [00:15<00:34,  3.29it/s] 28%|██▊       | 44/155 [00:15<00:30,  3.62it/s] 29%|██▉       | 45/155 [00:15<00:31,  3.50it/s] 30%|██▉       | 46/155 [00:15<00:28,  3.76it/s] 30%|███       | 47/155 [00:16<00:33,  3.22it/s] 31%|███       | 48/155 [00:16<00:30,  3.55it/s] 32%|███▏      | 49/155 [00:16<00:30,  3.45it/s] 32%|███▏      | 50/155 [00:16<00:28,  3.74it/s] 33%|███▎      | 51/155 [00:17<00:32,  3.22it/s] 34%|███▎      | 52/155 [00:17<00:29,  3.54it/s] 34%|███▍      | 53/155 [00:17<00:28,  3.52it/s] 35%|███▍      | 54/155 [00:18<00:26,  3.79it/s] 35%|███▌      | 55/155 [00:18<00:28,  3.48it/s] 36%|███▌      | 56/155 [00:18<00:26,  3.69it/s] 37%|███▋      | 57/155 [00:19<00:29,  3.27it/s] 37%|███▋      | 58/155 [00:19<00:27,  3.54it/s] 38%|███▊      | 59/155 [00:19<00:30,  3.15it/s] 39%|███▊      | 60/155 [00:19<00:26,  3.54it/s] 39%|███▉      | 61/155 [00:20<00:27,  3.40it/s] 40%|████      | 62/155 [00:20<00:25,  3.70it/s] 41%|████      | 63/155 [00:20<00:28,  3.23it/s] 41%|████▏     | 64/155 [00:21<00:25,  3.57it/s] 42%|████▏     | 65/155 [00:21<00:25,  3.52it/s] 43%|████▎     | 66/155 [00:21<00:23,  3.82it/s] 43%|████▎     | 67/155 [00:21<00:27,  3.24it/s] 44%|████▍     | 68/155 [00:22<00:24,  3.54it/s] 45%|████▍     | 69/155 [00:22<00:24,  3.48it/s] 45%|████▌     | 70/155 [00:22<00:22,  3.78it/s] 46%|████▌     | 71/155 [00:23<00:26,  3.19it/s] 46%|████▋     | 72/155 [00:23<00:23,  3.54it/s] 47%|████▋     | 73/155 [00:23<00:23,  3.42it/s] 48%|████▊     | 74/155 [00:23<00:21,  3.72it/s] 48%|████▊     | 75/155 [00:24<00:24,  3.22it/s] 49%|████▉     | 76/155 [00:24<00:22,  3.56it/s] 50%|████▉     | 77/155 [00:24<00:21,  3.60it/s] 50%|█████     | 78/155 [00:24<00:19,  3.86it/s] 51%|█████     | 79/155 [00:25<00:23,  3.20it/s] 52%|█████▏    | 80/155 [00:25<00:21,  3.57it/s] 52%|█████▏    | 81/155 [00:25<00:20,  3.59it/s] 53%|█████▎    | 82/155 [00:26<00:18,  3.87it/s] 54%|█████▎    | 83/155 [00:26<00:20,  3.52it/s] 54%|█████▍    | 84/155 [00:26<00:18,  3.78it/s] 55%|█████▍    | 85/155 [00:26<00:18,  3.84it/s] 55%|█████▌    | 86/155 [00:27<00:17,  4.02it/s] 56%|█████▌    | 87/155 [00:27<00:20,  3.33it/s] 57%|█████▋    | 88/155 [00:27<00:18,  3.66it/s] 57%|█████▋    | 89/155 [00:28<00:19,  3.34it/s] 58%|█████▊    | 90/155 [00:28<00:17,  3.69it/s] 59%|█████▊    | 91/155 [00:28<00:19,  3.22it/s] 59%|█████▉    | 92/155 [00:28<00:17,  3.56it/s] 60%|██████    | 93/155 [00:29<00:18,  3.44it/s] 61%|██████    | 94/155 [00:29<00:16,  3.75it/s] 61%|██████▏   | 95/155 [00:29<00:17,  3.46it/s] 62%|██████▏   | 96/155 [00:30<00:15,  3.80it/s] 63%|██████▎   | 97/155 [00:30<00:16,  3.62it/s] 63%|██████▎   | 98/155 [00:30<00:14,  3.93it/s] 64%|██████▍   | 99/155 [00:30<00:16,  3.46it/s] 65%|██████▍   | 100/155 [00:31<00:15,  3.59it/s] 65%|██████▌   | 101/155 [00:31<00:14,  3.62it/s] 66%|██████▌   | 102/155 [00:31<00:13,  3.88it/s] 66%|██████▋   | 103/155 [00:31<00:14,  3.57it/s] 67%|██████▋   | 104/155 [00:32<00:13,  3.76it/s] 68%|██████▊   | 105/155 [00:32<00:15,  3.19it/s] 68%|██████▊   | 106/155 [00:32<00:13,  3.56it/s] 69%|██████▉   | 107/155 [00:33<00:13,  3.67it/s] 70%|██████▉   | 108/155 [00:33<00:12,  3.87it/s] 70%|███████   | 109/155 [00:33<00:14,  3.17it/s] 71%|███████   | 110/155 [00:33<00:12,  3.51it/s] 72%|███████▏  | 111/155 [00:34<00:11,  3.80it/s] 72%|███████▏  | 112/155 [00:34<00:10,  4.06it/s] 73%|███████▎  | 113/155 [00:34<00:12,  3.36it/s] 74%|███████▎  | 114/155 [00:35<00:11,  3.67it/s] 74%|███████▍  | 115/155 [00:35<00:11,  3.53it/s] 75%|███████▍  | 116/155 [00:35<00:10,  3.77it/s] 75%|███████▌  | 117/155 [00:36<00:12,  3.02it/s] 76%|███████▌  | 118/155 [00:36<00:11,  3.35it/s] 77%|███████▋  | 119/155 [00:36<00:09,  3.67it/s] 77%|███████▋  | 120/155 [00:36<00:08,  3.94it/s] 78%|███████▊  | 121/155 [00:36<00:08,  4.08it/s] 79%|███████▊  | 122/155 [00:37<00:09,  3.56it/s] 79%|███████▉  | 123/155 [00:37<00:09,  3.40it/s] 80%|████████  | 124/155 [00:37<00:08,  3.73it/s] 81%|████████  | 125/155 [00:38<00:10,  2.88it/s] 81%|████████▏ | 126/155 [00:38<00:08,  3.30it/s] 82%|████████▏ | 127/155 [00:38<00:07,  3.67it/s] 83%|████████▎ | 128/155 [00:38<00:06,  3.93it/s] 83%|████████▎ | 129/155 [00:39<00:08,  3.17it/s] 84%|████████▍ | 130/155 [00:39<00:07,  3.54it/s] 85%|████████▍ | 131/155 [00:39<00:06,  3.58it/s] 85%|████████▌ | 132/155 [00:40<00:05,  3.88it/s] 86%|████████▌ | 133/155 [00:40<00:05,  4.01it/s] 86%|████████▋ | 134/155 [00:40<00:05,  3.80it/s] 87%|████████▋ | 135/155 [00:41<00:06,  3.26it/s] 88%|████████▊ | 136/155 [00:41<00:05,  3.56it/s] 88%|████████▊ | 137/155 [00:41<00:05,  3.07it/s] 89%|████████▉ | 138/155 [00:41<00:04,  3.44it/s] 90%|████████▉ | 139/155 [00:42<00:04,  3.75it/s] 90%|█████████ | 140/155 [00:42<00:03,  4.01it/s] 91%|█████████ | 141/155 [00:42<00:04,  3.13it/s] 92%|█████████▏| 142/155 [00:42<00:03,  3.50it/s] 92%|█████████▏| 143/155 [00:43<00:03,  3.79it/s] 93%|█████████▎| 144/155 [00:43<00:02,  4.03it/s] 94%|█████████▎| 145/155 [00:43<00:03,  3.23it/s] 94%|█████████▍| 146/155 [00:44<00:02,  3.58it/s] 95%|█████████▍| 147/155 [00:44<00:02,  3.68it/s] 95%|█████████▌| 148/155 [00:44<00:01,  3.92it/s] 96%|█████████▌| 149/155 [00:45<00:02,  2.91it/s] 97%|█████████▋| 150/155 [00:45<00:01,  3.32it/s] 97%|█████████▋| 151/155 [00:45<00:01,  3.69it/s] 98%|█████████▊| 152/155 [00:45<00:00,  4.01it/s] 99%|█████████▊| 153/155 [00:45<00:00,  4.23it/s] 99%|█████████▉| 154/155 [00:46<00:00,  4.41it/s]100%|██████████| 155/155 [00:46<00:00,  5.04it/s]100%|██████████| 155/155 [00:46<00:00,  3.34it/s][2022-09-16 13:45:44,603][__main__][INFO] - Test Instance Accuracy: 0.759274, Class Accuracy: 0.698841
[2022-09-16 13:45:44,603][__main__][INFO] - Best Instance Accuracy: 0.766532, Class Accuracy: 0.698841
[2022-09-16 13:45:44,603][tensorboardX.summary][INFO] - Summary name Test Acc is illegal; using Test_Acc instead.
[2022-09-16 13:45:44,604][__main__][INFO] - Epoch 8 (8/200):

  0%|          | 0/616 [00:00<?, ?it/s]  0%|          | 1/616 [00:01<18:11,  1.77s/it]  0%|          | 2/616 [00:02<08:38,  1.18it/s]  0%|          | 3/616 [00:02<04:11,  2.43it/s]  1%|          | 4/616 [00:03<03:44,  2.73it/s]  1%|          | 5/616 [00:03<03:48,  2.67it/s]  1%|          | 6/616 [00:04<03:50,  2.64it/s]  1%|          | 7/616 [00:04<03:40,  2.76it/s]  1%|▏         | 8/616 [00:04<03:44,  2.70it/s]  1%|▏         | 9/616 [00:05<03:37,  2.80it/s]  2%|▏         | 10/616 [00:05<03:41,  2.73it/s]  2%|▏         | 11/616 [00:05<03:36,  2.79it/s]  2%|▏         | 12/616 [00:06<03:37,  2.78it/s]  2%|▏         | 13/616 [00:06<03:38,  2.76it/s]  2%|▏         | 14/616 [00:06<03:40,  2.73it/s]  2%|▏         | 15/616 [00:07<03:36,  2.78it/s]  3%|▎         | 16/616 [00:07<03:43,  2.68it/s]  3%|▎         | 17/616 [00:07<03:35,  2.78it/s]  3%|▎         | 18/616 [00:08<03:35,  2.77it/s]  3%|▎         | 19/616 [00:08<03:37,  2.74it/s]  3%|▎         | 20/616 [00:09<03:38,  2.72it/s]  3%|▎         | 21/616 [00:09<03:33,  2.78it/s]  4%|▎         | 22/616 [00:09<03:37,  2.74it/s]  4%|▎         | 23/616 [00:10<03:33,  2.78it/s]  4%|▍         | 24/616 [00:10<03:33,  2.78it/s]  4%|▍         | 25/616 [00:10<03:34,  2.76it/s]  4%|▍         | 26/616 [00:11<03:35,  2.73it/s]  4%|▍         | 27/616 [00:11<03:30,  2.80it/s]  5%|▍         | 28/616 [00:11<03:34,  2.74it/s]  5%|▍         | 29/616 [00:12<03:32,  2.77it/s]  5%|▍         | 30/616 [00:12<03:34,  2.73it/s]  5%|▌         | 31/616 [00:13<03:26,  2.83it/s]  5%|▌         | 32/616 [00:13<03:30,  2.77it/s]  5%|▌         | 33/616 [00:13<03:32,  2.74it/s]  6%|▌         | 34/616 [00:14<03:33,  2.73it/s]  6%|▌         | 35/616 [00:14<03:28,  2.79it/s]  6%|▌         | 36/616 [00:14<03:34,  2.71it/s]  6%|▌         | 37/616 [00:15<03:24,  2.84it/s]  6%|▌         | 38/616 [00:15<03:29,  2.76it/s]  6%|▋         | 39/616 [00:15<03:25,  2.81it/s]  6%|▋         | 40/616 [00:16<03:32,  2.71it/s]  7%|▋         | 41/616 [00:16<03:27,  2.77it/s]  7%|▋         | 42/616 [00:17<03:26,  2.78it/s]  7%|▋         | 43/616 [00:17<03:25,  2.79it/s]  7%|▋         | 44/616 [00:17<03:30,  2.72it/s]  7%|▋         | 45/616 [00:18<03:36,  2.63it/s]  7%|▋         | 46/616 [00:18<03:26,  2.75it/s]  8%|▊         | 47/616 [00:18<03:24,  2.78it/s]  8%|▊         | 48/616 [00:19<03:24,  2.78it/s]  8%|▊         | 49/616 [00:19<03:23,  2.79it/s]  8%|▊         | 50/616 [00:19<03:19,  2.83it/s]  8%|▊         | 51/616 [00:20<03:21,  2.81it/s]  8%|▊         | 52/616 [00:20<03:29,  2.70it/s]  9%|▊         | 53/616 [00:21<03:28,  2.71it/s]  9%|▉         | 54/616 [00:21<03:25,  2.73it/s]  9%|▉         | 55/616 [00:21<03:26,  2.72it/s]  9%|▉         | 56/616 [00:22<03:26,  2.71it/s]  9%|▉         | 57/616 [00:22<03:23,  2.75it/s]  9%|▉         | 58/616 [00:22<03:26,  2.71it/s] 10%|▉         | 59/616 [00:23<03:21,  2.77it/s] 10%|▉         | 60/616 [00:23<03:23,  2.73it/s] 10%|▉         | 61/616 [00:23<03:19,  2.78it/s] 10%|█         | 62/616 [00:24<03:25,  2.70it/s] 10%|█         | 63/616 [00:24<03:20,  2.76it/s] 10%|█         | 64/616 [00:25<03:23,  2.71it/s] 11%|█         | 65/616 [00:25<03:15,  2.81it/s] 11%|█         | 66/616 [00:25<03:19,  2.76it/s] 11%|█         | 67/616 [00:26<03:18,  2.77it/s] 11%|█         | 68/616 [00:26<03:23,  2.69it/s] 11%|█         | 69/616 [00:26<03:15,  2.79it/s] 11%|█▏        | 70/616 [00:27<03:18,  2.75it/s] 12%|█▏        | 71/616 [00:27<03:17,  2.76it/s] 12%|█▏        | 72/616 [00:27<03:14,  2.80it/s] 12%|█▏        | 73/616 [00:28<03:13,  2.81it/s] 12%|█▏        | 74/616 [00:28<03:15,  2.77it/s] 12%|█▏        | 75/616 [00:29<03:14,  2.79it/s] 12%|█▏        | 76/616 [00:29<03:14,  2.77it/s] 12%|█▎        | 77/616 [00:29<03:11,  2.81it/s] 13%|█▎        | 78/616 [00:30<03:22,  2.66it/s] 13%|█▎        | 79/616 [00:30<03:12,  2.79it/s] 13%|█▎        | 80/616 [00:30<03:16,  2.73it/s] 13%|█▎        | 81/616 [00:31<03:09,  2.82it/s] 13%|█▎        | 82/616 [00:31<03:14,  2.75it/s] 13%|█▎        | 83/616 [00:31<03:07,  2.84it/s] 14%|█▎        | 84/616 [00:32<03:14,  2.74it/s] 14%|█▍        | 85/616 [00:32<03:14,  2.73it/s] 14%|█▍        | 86/616 [00:33<03:12,  2.75it/s] 14%|█▍        | 87/616 [00:33<03:08,  2.80it/s] 14%|█▍        | 88/616 [00:33<03:11,  2.76it/s] 14%|█▍        | 89/616 [00:34<03:05,  2.85it/s] 15%|█▍        | 90/616 [00:34<03:12,  2.74it/s] 15%|█▍        | 91/616 [00:34<03:07,  2.80it/s] 15%|█▍        | 92/616 [00:35<03:09,  2.76it/s] 15%|█▌        | 93/616 [00:35<03:24,  2.56it/s] 15%|█▌        | 94/616 [00:35<03:09,  2.76it/s] 15%|█▌        | 95/616 [00:36<03:08,  2.77it/s] 16%|█▌        | 96/616 [00:36<03:13,  2.69it/s] 16%|█▌        | 97/616 [00:37<03:06,  2.78it/s] 16%|█▌        | 98/616 [00:37<03:07,  2.76it/s] 16%|█▌        | 99/616 [00:37<03:04,  2.80it/s] 16%|█▌        | 100/616 [00:38<03:07,  2.76it/s] 16%|█▋        | 101/616 [00:38<03:04,  2.80it/s] 17%|█▋        | 102/616 [00:38<03:06,  2.76it/s] 17%|█▋        | 103/616 [00:39<03:04,  2.78it/s] 17%|█▋        | 104/616 [00:39<03:00,  2.83it/s] 17%|█▋        | 105/616 [00:39<03:04,  2.76it/s] 17%|█▋        | 106/616 [00:40<03:00,  2.83it/s] 17%|█▋        | 107/616 [00:40<03:01,  2.80it/s] 18%|█▊        | 108/616 [00:40<03:04,  2.75it/s] 18%|█▊        | 109/616 [00:41<03:04,  2.75it/s] 18%|█▊        | 110/616 [00:41<03:03,  2.76it/s] 18%|█▊        | 111/616 [00:42<02:58,  2.83it/s] 18%|█▊        | 112/616 [00:42<02:56,  2.85it/s] 18%|█▊        | 113/616 [00:42<03:00,  2.79it/s] 19%|█▊        | 114/616 [00:43<03:04,  2.73it/s] 19%|█▊        | 115/616 [00:43<02:55,  2.86it/s] 19%|█▉        | 116/616 [00:43<02:59,  2.79it/s] 19%|█▉        | 117/616 [00:44<02:58,  2.80it/s] 19%|█▉        | 118/616 [00:44<02:59,  2.78it/s] 19%|█▉        | 119/616 [00:44<02:58,  2.79it/s] 19%|█▉        | 120/616 [00:45<02:58,  2.79it/s] 20%|█▉        | 121/616 [00:45<02:58,  2.78it/s] 20%|█▉        | 122/616 [00:45<02:55,  2.82it/s] 20%|█▉        | 123/616 [00:46<02:55,  2.81it/s] 20%|██        | 124/616 [00:46<03:00,  2.72it/s] 20%|██        | 125/616 [00:47<02:56,  2.78it/s] 20%|██        | 126/616 [00:47<02:51,  2.86it/s] 21%|██        | 127/616 [00:47<02:54,  2.81it/s] 21%|██        | 128/616 [00:48<02:54,  2.79it/s] 21%|██        | 129/616 [00:48<02:53,  2.80it/s] 21%|██        | 130/616 [00:48<02:53,  2.81it/s] 21%|██▏       | 131/616 [00:49<02:55,  2.77it/s] 21%|██▏       | 132/616 [00:49<02:53,  2.79it/s] 22%|██▏       | 133/616 [00:49<02:53,  2.79it/s] 22%|██▏       | 134/616 [00:50<02:54,  2.76it/s] 22%|██▏       | 135/616 [00:50<02:53,  2.77it/s] 22%|██▏       | 136/616 [00:51<02:51,  2.80it/s] 22%|██▏       | 137/616 [00:51<02:53,  2.76it/s] 22%|██▏       | 138/616 [00:51<02:52,  2.77it/s] 23%|██▎       | 139/616 [00:52<02:49,  2.81it/s] 23%|██▎       | 140/616 [00:52<02:50,  2.79it/s] 23%|██▎       | 141/616 [00:52<02:52,  2.76it/s] 23%|██▎       | 142/616 [00:53<02:50,  2.78it/s] 23%|██▎       | 143/616 [00:53<02:49,  2.79it/s] 23%|██▎       | 144/616 [00:53<02:47,  2.82it/s] 24%|██▎       | 145/616 [00:54<02:48,  2.80it/s] 24%|██▎       | 146/616 [00:54<02:49,  2.78it/s] 24%|██▍       | 147/616 [00:54<02:46,  2.81it/s] 24%|██▍       | 148/616 [00:55<02:46,  2.81it/s] 24%|██▍       | 149/616 [00:55<02:52,  2.71it/s] 24%|██▍       | 150/616 [00:56<02:50,  2.73it/s] 25%|██▍       | 151/616 [00:56<02:45,  2.82it/s] 25%|██▍       | 152/616 [00:56<02:47,  2.77it/s] 25%|██▍       | 153/616 [00:57<02:44,  2.81it/s] 25%|██▌       | 154/616 [00:57<02:47,  2.77it/s] 25%|██▌       | 155/616 [00:57<02:47,  2.74it/s] 25%|██▌       | 156/616 [00:58<02:48,  2.74it/s] 25%|██▌       | 157/616 [00:58<02:43,  2.81it/s] 26%|██▌       | 158/616 [00:58<02:48,  2.71it/s] 26%|██▌       | 159/616 [00:59<02:42,  2.81it/s] 26%|██▌       | 160/616 [00:59<02:46,  2.74it/s] 26%|██▌       | 161/616 [01:00<02:43,  2.78it/s] 26%|██▋       | 162/616 [01:00<02:46,  2.73it/s] 26%|██▋       | 163/616 [01:00<02:43,  2.78it/s] 27%|██▋       | 164/616 [01:01<02:42,  2.78it/s] 27%|██▋       | 165/616 [01:01<02:43,  2.75it/s] 27%|██▋       | 166/616 [01:01<02:43,  2.74it/s] 27%|██▋       | 167/616 [01:02<02:38,  2.84it/s] 27%|██▋       | 168/616 [01:02<02:43,  2.73it/s] 27%|██▋       | 169/616 [01:02<02:41,  2.77it/s] 28%|██▊       | 170/616 [01:03<02:44,  2.72it/s] 28%|██▊       | 171/616 [01:03<02:38,  2.80it/s] 28%|██▊       | 172/616 [01:03<02:43,  2.72it/s] 28%|██▊       | 173/616 [01:04<02:37,  2.81it/s] 28%|██▊       | 174/616 [01:04<02:40,  2.76it/s] 28%|██▊       | 175/616 [01:05<02:37,  2.81it/s] 29%|██▊       | 176/616 [01:05<02:38,  2.77it/s] 29%|██▊       | 177/616 [01:05<02:37,  2.79it/s] 29%|██▉       | 178/616 [01:06<02:37,  2.78it/s] 29%|██▉       | 179/616 [01:06<02:38,  2.75it/s] 29%|██▉       | 180/616 [01:06<02:40,  2.71it/s] 29%|██▉       | 181/616 [01:07<02:38,  2.74it/s] 30%|██▉       | 182/616 [01:07<02:39,  2.72it/s] 30%|██▉       | 183/616 [01:07<02:33,  2.82it/s] 30%|██▉       | 184/616 [01:08<02:34,  2.80it/s] 30%|███       | 185/616 [01:08<02:35,  2.77it/s] 30%|███       | 186/616 [01:09<02:36,  2.75it/s] 30%|███       | 187/616 [01:09<02:36,  2.74it/s] 31%|███       | 188/616 [01:09<02:36,  2.73it/s] 31%|███       | 189/616 [01:10<02:31,  2.83it/s] 31%|███       | 190/616 [01:10<02:35,  2.75it/s] 31%|███       | 191/616 [01:10<02:35,  2.74it/s] 31%|███       | 192/616 [01:11<02:36,  2.71it/s] 31%|███▏      | 193/616 [01:11<02:33,  2.76it/s] 31%|███▏      | 194/616 [01:11<02:36,  2.69it/s] 32%|███▏      | 195/616 [01:12<02:37,  2.67it/s] 32%|███▏      | 196/616 [01:12<02:35,  2.70it/s] 32%|███▏      | 197/616 [01:13<02:31,  2.77it/s] 32%|███▏      | 198/616 [01:13<02:33,  2.73it/s] 32%|███▏      | 199/616 [01:13<02:28,  2.82it/s] 32%|███▏      | 200/616 [01:14<02:32,  2.73it/s] 33%|███▎      | 201/616 [01:14<02:31,  2.75it/s] 33%|███▎      | 202/616 [01:14<02:32,  2.72it/s] 33%|███▎      | 203/616 [01:15<02:28,  2.78it/s] 33%|███▎      | 204/616 [01:15<02:32,  2.70it/s] 33%|███▎      | 205/616 [01:15<02:24,  2.84it/s] 33%|███▎      | 206/616 [01:16<02:29,  2.74it/s] 34%|███▎      | 207/616 [01:16<02:29,  2.73it/s] 34%|███▍      | 208/616 [01:17<02:30,  2.71it/s] 34%|███▍      | 209/616 [01:17<02:25,  2.79it/s] 34%|███▍      | 210/616 [01:17<02:28,  2.74it/s] 34%|███▍      | 211/616 [01:18<02:25,  2.78it/s] 34%|███▍      | 212/616 [01:18<02:27,  2.74it/s] 35%|███▍      | 213/616 [01:18<02:27,  2.72it/s] 35%|███▍      | 214/616 [01:19<02:27,  2.73it/s] 35%|███▍      | 215/616 [01:19<02:26,  2.73it/s] 35%|███▌      | 216/616 [01:19<02:25,  2.74it/s] 35%|███▌      | 217/616 [01:20<02:24,  2.75it/s] 35%|███▌      | 218/616 [01:20<02:24,  2.75it/s] 36%|███▌      | 219/616 [01:21<02:23,  2.76it/s] 36%|███▌      | 220/616 [01:21<02:21,  2.80it/s] 36%|███▌      | 221/616 [01:21<02:24,  2.73it/s] 36%|███▌      | 222/616 [01:22<02:23,  2.75it/s] 36%|███▌      | 223/616 [01:22<02:21,  2.78it/s] 36%|███▋      | 224/616 [01:22<02:20,  2.79it/s] 37%|███▋      | 225/616 [01:23<02:19,  2.81it/s] 37%|███▋      | 226/616 [01:23<02:20,  2.78it/s] 37%|███▋      | 227/616 [01:23<02:22,  2.73it/s] 37%|███▋      | 228/616 [01:24<02:17,  2.81it/s] 37%|███▋      | 229/616 [01:24<02:19,  2.77it/s] 37%|███▋      | 230/616 [01:25<02:19,  2.76it/s] 38%|███▊      | 231/616 [01:25<02:20,  2.74it/s] 38%|███▊      | 232/616 [01:25<02:18,  2.78it/s] 38%|███▊      | 233/616 [01:26<02:21,  2.71it/s] 38%|███▊      | 234/616 [01:26<02:18,  2.77it/s] 38%|███▊      | 235/616 [01:26<02:19,  2.73it/s] 38%|███▊      | 236/616 [01:27<02:19,  2.72it/s] 38%|███▊      | 237/616 [01:27<02:16,  2.77it/s] 39%|███▊      | 238/616 [01:27<02:20,  2.69it/s] 39%|███▉      | 239/616 [01:28<02:15,  2.78it/s] 39%|███▉      | 240/616 [01:28<02:15,  2.77it/s] 39%|███▉      | 241/616 [01:29<02:14,  2.78it/s] 39%|███▉      | 242/616 [01:29<02:16,  2.73it/s] 39%|███▉      | 243/616 [01:29<02:17,  2.71it/s] 40%|███▉      | 244/616 [01:30<02:18,  2.68it/s] 40%|███▉      | 245/616 [01:30<02:14,  2.76it/s] 40%|███▉      | 246/616 [01:30<02:17,  2.68it/s] 40%|████      | 247/616 [01:31<02:10,  2.82it/s] 40%|████      | 248/616 [01:31<02:13,  2.76it/s] 40%|████      | 249/616 [01:31<02:10,  2.81it/s] 41%|████      | 250/616 [01:32<02:10,  2.80it/s] 41%|████      | 251/616 [01:32<02:10,  2.81it/s] 41%|████      | 252/616 [01:33<02:14,  2.70it/s] 41%|████      | 253/616 [01:33<02:10,  2.77it/s] 41%|████      | 254/616 [01:33<02:11,  2.74it/s] 41%|████▏     | 255/616 [01:34<02:10,  2.77it/s] 42%|████▏     | 256/616 [01:34<02:09,  2.77it/s] 42%|████▏     | 257/616 [01:34<02:08,  2.79it/s] 42%|████▏     | 258/616 [01:35<02:06,  2.84it/s] 42%|████▏     | 259/616 [01:35<02:08,  2.78it/s] 42%|████▏     | 260/616 [01:35<02:06,  2.81it/s] 42%|████▏     | 261/616 [01:36<02:11,  2.70it/s] 43%|████▎     | 262/616 [01:36<02:08,  2.76it/s] 43%|████▎     | 263/616 [01:37<02:05,  2.81it/s] 43%|████▎     | 264/616 [01:37<02:04,  2.83it/s] 43%|████▎     | 265/616 [01:37<02:06,  2.77it/s] 43%|████▎     | 266/616 [01:38<02:03,  2.83it/s] 43%|████▎     | 267/616 [01:38<02:20,  2.48it/s] 44%|████▎     | 268/616 [01:38<02:07,  2.72it/s] 44%|████▎     | 269/616 [01:39<02:05,  2.76it/s] 44%|████▍     | 270/616 [01:39<02:04,  2.78it/s] 44%|████▍     | 271/616 [01:39<02:02,  2.82it/s] 44%|████▍     | 272/616 [01:40<02:01,  2.84it/s] 44%|████▍     | 273/616 [01:40<02:06,  2.71it/s] 44%|████▍     | 274/616 [01:41<02:02,  2.78it/s] 45%|████▍     | 275/616 [01:41<02:04,  2.75it/s] 45%|████▍     | 276/616 [01:41<02:04,  2.74it/s] 45%|████▍     | 277/616 [01:42<02:03,  2.75it/s] 45%|████▌     | 278/616 [01:42<02:03,  2.73it/s] 45%|████▌     | 279/616 [01:42<01:59,  2.82it/s] 45%|████▌     | 280/616 [01:43<02:04,  2.70it/s] 46%|████▌     | 281/616 [01:43<02:01,  2.76it/s] 46%|████▌     | 282/616 [01:43<02:01,  2.75it/s] 46%|████▌     | 283/616 [01:44<02:01,  2.75it/s] 46%|████▌     | 284/616 [01:44<02:04,  2.67it/s] 46%|████▋     | 285/616 [01:45<02:00,  2.74it/s] 46%|████▋     | 286/616 [01:45<01:59,  2.75it/s] 47%|████▋     | 287/616 [01:45<02:01,  2.71it/s] 47%|████▋     | 288/616 [01:46<01:59,  2.74it/s] 47%|████▋     | 289/616 [01:46<01:57,  2.77it/s] 47%|████▋     | 290/616 [01:46<02:00,  2.70it/s] 47%|████▋     | 291/616 [01:47<01:58,  2.75it/s] 47%|████▋     | 292/616 [01:47<01:54,  2.82it/s] 48%|████▊     | 293/616 [01:47<01:57,  2.75it/s] 48%|████▊     | 294/616 [01:48<01:54,  2.81it/s] 48%|████▊     | 295/616 [01:48<01:58,  2.72it/s] 48%|████▊     | 296/616 [01:49<01:53,  2.82it/s] 48%|████▊     | 297/616 [01:49<01:56,  2.74it/s] 48%|████▊     | 298/616 [01:49<01:55,  2.76it/s] 49%|████▊     | 299/616 [01:50<01:55,  2.75it/s] 49%|████▊     | 300/616 [01:50<01:53,  2.80it/s] 49%|████▉     | 301/616 [01:50<01:53,  2.77it/s] 49%|████▉     | 302/616 [01:51<01:53,  2.77it/s] 49%|████▉     | 303/616 [01:51<01:53,  2.75it/s] 49%|████▉     | 304/616 [01:51<01:49,  2.86it/s] 50%|████▉     | 305/616 [01:52<01:52,  2.75it/s] 50%|████▉     | 306/616 [01:52<01:51,  2.79it/s] 50%|████▉     | 307/616 [01:52<01:51,  2.78it/s] 50%|█████     | 308/616 [01:53<01:51,  2.77it/s] 50%|█████     | 309/616 [01:53<01:52,  2.72it/s] 50%|█████     | 310/616 [01:54<01:49,  2.80it/s] 50%|█████     | 311/616 [01:54<01:49,  2.79it/s] 51%|█████     | 312/616 [01:54<01:48,  2.80it/s] 51%|█████     | 313/616 [01:55<01:48,  2.80it/s] 51%|█████     | 314/616 [01:55<01:49,  2.75it/s] 51%|█████     | 315/616 [01:55<01:48,  2.77it/s] 51%|█████▏    | 316/616 [01:56<01:47,  2.79it/s] 51%|█████▏    | 317/616 [01:56<01:47,  2.79it/s] 52%|█████▏    | 318/616 [01:56<01:46,  2.80it/s] 52%|█████▏    | 319/616 [01:57<01:46,  2.78it/s] 52%|█████▏    | 320/616 [01:57<01:46,  2.78it/s] 52%|█████▏    | 321/616 [01:58<01:43,  2.85it/s] 52%|█████▏    | 322/616 [01:58<01:45,  2.79it/s] 52%|█████▏    | 323/616 [01:58<01:44,  2.80it/s] 53%|█████▎    | 324/616 [01:59<01:41,  2.86it/s] 53%|█████▎    | 325/616 [01:59<01:44,  2.77it/s] 53%|█████▎    | 326/616 [01:59<01:44,  2.78it/s] 53%|█████▎    | 327/616 [02:00<01:43,  2.80it/s] 53%|█████▎    | 328/616 [02:00<01:46,  2.70it/s] 53%|█████▎    | 329/616 [02:00<01:43,  2.76it/s] 54%|█████▎    | 330/616 [02:01<01:44,  2.74it/s] 54%|█████▎    | 331/616 [02:01<01:43,  2.76it/s] 54%|█████▍    | 332/616 [02:01<01:40,  2.82it/s] 54%|█████▍    | 333/616 [02:02<01:40,  2.82it/s] 54%|█████▍    | 334/616 [02:02<01:44,  2.71it/s] 54%|█████▍    | 335/616 [02:03<01:40,  2.81it/s] 55%|█████▍    | 336/616 [02:03<01:38,  2.85it/s] 55%|█████▍    | 337/616 [02:03<01:41,  2.76it/s] 55%|█████▍    | 338/616 [02:04<01:39,  2.79it/s] 55%|█████▌    | 339/616 [02:04<01:37,  2.84it/s] 55%|█████▌    | 340/616 [02:04<01:41,  2.73it/s] 55%|█████▌    | 341/616 [02:05<01:38,  2.79it/s] 56%|█████▌    | 342/616 [02:05<01:37,  2.80it/s] 56%|█████▌    | 343/616 [02:05<01:38,  2.77it/s] 56%|█████▌    | 344/616 [02:06<01:36,  2.83it/s] 56%|█████▌    | 345/616 [02:06<01:37,  2.79it/s] 56%|█████▌    | 346/616 [02:06<01:37,  2.78it/s] 56%|█████▋    | 347/616 [02:07<01:38,  2.74it/s] 56%|█████▋    | 348/616 [02:07<01:35,  2.82it/s] 57%|█████▋    | 349/616 [02:08<01:37,  2.74it/s] 57%|█████▋    | 350/616 [02:08<01:35,  2.79it/s] 57%|█████▋    | 351/616 [02:08<01:36,  2.74it/s] 57%|█████▋    | 352/616 [02:09<01:34,  2.81it/s] 57%|█████▋    | 353/616 [02:09<01:36,  2.73it/s] 57%|█████▋    | 354/616 [02:09<01:34,  2.78it/s] 58%|█████▊    | 355/616 [02:10<01:32,  2.82it/s] 58%|█████▊    | 356/616 [02:10<01:34,  2.77it/s] 58%|█████▊    | 357/616 [02:10<01:34,  2.75it/s] 58%|█████▊    | 358/616 [02:11<01:41,  2.54it/s] 58%|█████▊    | 359/616 [02:11<01:32,  2.78it/s] 58%|█████▊    | 360/616 [02:12<01:32,  2.77it/s] 59%|█████▊    | 361/616 [02:12<01:32,  2.77it/s] 59%|█████▉    | 362/616 [02:12<01:33,  2.73it/s] 59%|█████▉    | 363/616 [02:13<01:32,  2.74it/s] 59%|█████▉    | 364/616 [02:13<01:29,  2.81it/s] 59%|█████▉    | 365/616 [02:13<01:31,  2.73it/s] 59%|█████▉    | 366/616 [02:14<01:30,  2.76it/s] 60%|█████▉    | 367/616 [02:14<01:29,  2.77it/s] 60%|█████▉    | 368/616 [02:14<01:29,  2.77it/s] 60%|█████▉    | 369/616 [02:15<01:29,  2.75it/s] 60%|██████    | 370/616 [02:15<01:28,  2.77it/s] 60%|██████    | 371/616 [02:16<01:27,  2.81it/s] 60%|██████    | 372/616 [02:16<01:26,  2.81it/s] 61%|██████    | 373/616 [02:16<01:29,  2.73it/s] 61%|██████    | 374/616 [02:17<01:25,  2.84it/s] 61%|██████    | 375/616 [02:17<01:26,  2.79it/s] 61%|██████    | 376/616 [02:17<01:25,  2.81it/s] 61%|██████    | 377/616 [02:18<01:30,  2.64it/s] 61%|██████▏   | 378/616 [02:18<01:23,  2.85it/s] 62%|██████▏   | 379/616 [02:18<01:25,  2.76it/s] 62%|██████▏   | 380/616 [02:19<01:23,  2.82it/s] 62%|██████▏   | 381/616 [02:19<01:24,  2.77it/s] 62%|██████▏   | 382/616 [02:19<01:25,  2.75it/s] 62%|██████▏   | 383/616 [02:20<01:23,  2.79it/s] 62%|██████▏   | 384/616 [02:20<01:22,  2.82it/s] 62%|██████▎   | 385/616 [02:21<01:23,  2.78it/s] 63%|██████▎   | 386/616 [02:21<01:23,  2.74it/s] 63%|██████▎   | 387/616 [02:21<01:21,  2.81it/s] 63%|██████▎   | 388/616 [02:22<01:21,  2.78it/s] 63%|██████▎   | 389/616 [02:22<01:20,  2.81it/s] 63%|██████▎   | 390/616 [02:22<01:20,  2.79it/s] 63%|██████▎   | 391/616 [02:23<01:21,  2.74it/s] 64%|██████▎   | 392/616 [02:23<01:19,  2.82it/s] 64%|██████▍   | 393/616 [02:23<01:18,  2.83it/s] 64%|██████▍   | 394/616 [02:24<01:21,  2.73it/s] 64%|██████▍   | 395/616 [02:24<01:20,  2.74it/s] 64%|██████▍   | 396/616 [02:25<01:18,  2.78it/s] 64%|██████▍   | 397/616 [02:25<01:17,  2.81it/s] 65%|██████▍   | 398/616 [02:25<01:18,  2.78it/s] 65%|██████▍   | 399/616 [02:26<01:17,  2.82it/s] 65%|██████▍   | 400/616 [02:26<01:18,  2.76it/s] 65%|██████▌   | 401/616 [02:26<01:17,  2.77it/s] 65%|██████▌   | 402/616 [02:27<01:16,  2.80it/s] 65%|██████▌   | 403/616 [02:27<01:16,  2.80it/s] 66%|██████▌   | 404/616 [02:27<01:16,  2.78it/s] 66%|██████▌   | 405/616 [02:28<01:15,  2.80it/s] 66%|██████▌   | 406/616 [02:28<01:17,  2.69it/s] 66%|██████▌   | 407/616 [02:28<01:12,  2.87it/s] 66%|██████▌   | 408/616 [02:29<01:13,  2.82it/s] 66%|██████▋   | 409/616 [02:29<01:15,  2.75it/s] 67%|██████▋   | 410/616 [02:30<01:13,  2.79it/s] 67%|██████▋   | 411/616 [02:30<01:13,  2.78it/s] 67%|██████▋   | 412/616 [02:30<01:14,  2.74it/s] 67%|██████▋   | 413/616 [02:31<01:11,  2.82it/s] 67%|██████▋   | 414/616 [02:31<01:12,  2.78it/s] 67%|██████▋   | 415/616 [02:31<01:13,  2.75it/s] 68%|██████▊   | 416/616 [02:32<01:11,  2.80it/s] 68%|██████▊   | 417/616 [02:32<01:11,  2.76it/s] 68%|██████▊   | 418/616 [02:32<01:10,  2.80it/s] 68%|██████▊   | 419/616 [02:33<01:10,  2.81it/s] 68%|██████▊   | 420/616 [02:33<01:09,  2.82it/s] 68%|██████▊   | 421/616 [02:33<01:09,  2.80it/s] 69%|██████▊   | 422/616 [02:34<01:11,  2.71it/s] 69%|██████▊   | 423/616 [02:34<01:09,  2.79it/s] 69%|██████▉   | 424/616 [02:35<01:08,  2.80it/s] 69%|██████▉   | 425/616 [02:35<01:08,  2.77it/s] 69%|██████▉   | 426/616 [02:35<01:08,  2.78it/s] 69%|██████▉   | 427/616 [02:36<01:08,  2.74it/s] 69%|██████▉   | 428/616 [02:36<01:09,  2.72it/s] 70%|██████▉   | 429/616 [02:36<01:06,  2.81it/s] 70%|██████▉   | 430/616 [02:37<01:07,  2.76it/s] 70%|██████▉   | 431/616 [02:37<01:05,  2.82it/s] 70%|███████   | 432/616 [02:37<01:04,  2.84it/s] 70%|███████   | 433/616 [02:38<01:06,  2.74it/s] 70%|███████   | 434/616 [02:38<01:04,  2.80it/s] 71%|███████   | 435/616 [02:39<01:05,  2.77it/s] 71%|███████   | 436/616 [02:39<01:05,  2.76it/s] 71%|███████   | 437/616 [02:39<01:03,  2.80it/s] 71%|███████   | 438/616 [02:40<01:05,  2.73it/s] 71%|███████▏  | 439/616 [02:40<01:03,  2.78it/s] 71%|███████▏  | 440/616 [02:40<01:02,  2.80it/s] 72%|███████▏  | 441/616 [02:41<01:02,  2.80it/s] 72%|███████▏  | 442/616 [02:41<01:01,  2.81it/s] 72%|███████▏  | 443/616 [02:41<01:02,  2.76it/s] 72%|███████▏  | 444/616 [02:42<01:02,  2.74it/s] 72%|███████▏  | 445/616 [02:42<01:01,  2.80it/s] 72%|███████▏  | 446/616 [02:43<01:01,  2.76it/s] 73%|███████▎  | 447/616 [02:43<01:01,  2.76it/s] 73%|███████▎  | 448/616 [02:43<00:59,  2.80it/s] 73%|███████▎  | 449/616 [02:44<01:00,  2.78it/s] 73%|███████▎  | 450/616 [02:44<01:00,  2.75it/s] 73%|███████▎  | 451/616 [02:44<00:59,  2.77it/s] 73%|███████▎  | 452/616 [02:45<01:00,  2.72it/s] 74%|███████▎  | 453/616 [02:45<00:59,  2.76it/s] 74%|███████▎  | 454/616 [02:45<00:57,  2.82it/s] 74%|███████▍  | 455/616 [02:46<00:57,  2.78it/s] 74%|███████▍  | 456/616 [02:46<00:58,  2.76it/s] 74%|███████▍  | 457/616 [02:46<00:57,  2.77it/s] 74%|███████▍  | 458/616 [02:47<00:55,  2.82it/s] 75%|███████▍  | 459/616 [02:47<00:57,  2.71it/s] 75%|███████▍  | 460/616 [02:48<00:55,  2.81it/s] 75%|███████▍  | 461/616 [02:48<00:54,  2.84it/s] 75%|███████▌  | 462/616 [02:48<00:55,  2.77it/s] 75%|███████▌  | 463/616 [02:49<00:54,  2.82it/s] 75%|███████▌  | 464/616 [02:49<00:54,  2.78it/s] 75%|███████▌  | 465/616 [02:49<00:54,  2.76it/s] 76%|███████▌  | 466/616 [02:50<00:54,  2.76it/s] 76%|███████▌  | 467/616 [02:50<00:52,  2.83it/s] 76%|███████▌  | 468/616 [02:50<00:52,  2.81it/s] 76%|███████▌  | 469/616 [02:51<00:52,  2.83it/s] 76%|███████▋  | 470/616 [02:51<00:52,  2.81it/s] 76%|███████▋  | 471/616 [02:51<00:51,  2.83it/s] 77%|███████▋  | 472/616 [02:52<00:51,  2.79it/s] 77%|███████▋  | 473/616 [02:52<00:52,  2.74it/s] 77%|███████▋  | 474/616 [02:53<00:52,  2.73it/s] 77%|███████▋  | 475/616 [02:53<00:50,  2.79it/s] 77%|███████▋  | 476/616 [02:53<00:50,  2.79it/s] 77%|███████▋  | 477/616 [02:54<00:50,  2.74it/s] 78%|███████▊  | 478/616 [02:54<00:48,  2.82it/s] 78%|███████▊  | 479/616 [02:54<00:50,  2.71it/s] 78%|███████▊  | 480/616 [02:55<00:47,  2.86it/s] 78%|███████▊  | 481/616 [02:55<00:48,  2.80it/s] 78%|███████▊  | 482/616 [02:55<00:49,  2.69it/s] 78%|███████▊  | 483/616 [02:56<00:47,  2.79it/s] 79%|███████▊  | 484/616 [02:56<00:47,  2.79it/s] 79%|███████▊  | 485/616 [02:57<00:47,  2.77it/s] 79%|███████▉  | 486/616 [02:57<00:46,  2.77it/s] 79%|███████▉  | 487/616 [02:57<00:46,  2.77it/s] 79%|███████▉  | 488/616 [02:58<00:45,  2.83it/s] 79%|███████▉  | 489/616 [02:58<00:44,  2.83it/s] 80%|███████▉  | 490/616 [02:58<00:44,  2.84it/s] 80%|███████▉  | 491/616 [02:59<00:44,  2.78it/s] 80%|███████▉  | 492/616 [02:59<00:43,  2.82it/s] 80%|████████  | 493/616 [02:59<00:43,  2.81it/s] 80%|████████  | 494/616 [03:00<00:43,  2.81it/s] 80%|████████  | 495/616 [03:00<00:42,  2.84it/s] 81%|████████  | 496/616 [03:00<00:42,  2.85it/s] 81%|████████  | 497/616 [03:01<00:42,  2.83it/s] 81%|████████  | 498/616 [03:01<00:41,  2.82it/s] 81%|████████  | 499/616 [03:02<00:41,  2.84it/s] 81%|████████  | 500/616 [03:02<00:41,  2.79it/s] 81%|████████▏ | 501/616 [03:02<00:41,  2.76it/s] 81%|████████▏ | 502/616 [03:03<00:40,  2.84it/s] 82%|████████▏ | 503/616 [03:03<00:40,  2.77it/s] 82%|████████▏ | 504/616 [03:03<00:40,  2.80it/s] 82%|████████▏ | 505/616 [03:04<00:39,  2.78it/s] 82%|████████▏ | 506/616 [03:04<00:39,  2.79it/s] 82%|████████▏ | 507/616 [03:04<00:39,  2.79it/s] 82%|████████▏ | 508/616 [03:05<00:38,  2.78it/s] 83%|████████▎ | 509/616 [03:05<00:38,  2.80it/s] 83%|████████▎ | 510/616 [03:05<00:37,  2.79it/s] 83%|████████▎ | 511/616 [03:06<00:37,  2.79it/s] 83%|████████▎ | 512/616 [03:06<00:37,  2.77it/s] 83%|████████▎ | 513/616 [03:07<00:36,  2.83it/s] 83%|████████▎ | 514/616 [03:07<00:37,  2.74it/s] 84%|████████▎ | 515/616 [03:07<00:36,  2.79it/s] 84%|████████▍ | 516/616 [03:08<00:35,  2.78it/s] 84%|████████▍ | 517/616 [03:08<00:35,  2.77it/s] 84%|████████▍ | 518/616 [03:08<00:35,  2.77it/s] 84%|████████▍ | 519/616 [03:09<00:34,  2.83it/s] 84%|████████▍ | 520/616 [03:09<00:34,  2.76it/s] 85%|████████▍ | 521/616 [03:09<00:33,  2.80it/s] 85%|████████▍ | 522/616 [03:10<00:35,  2.65it/s] 85%|████████▍ | 523/616 [03:10<00:33,  2.77it/s] 85%|████████▌ | 524/616 [03:10<00:33,  2.77it/s] 85%|████████▌ | 525/616 [03:11<00:32,  2.76it/s] 85%|████████▌ | 526/616 [03:11<00:35,  2.51it/s] 86%|████████▌ | 527/616 [03:12<00:31,  2.79it/s] 86%|████████▌ | 528/616 [03:12<00:31,  2.83it/s] 86%|████████▌ | 529/616 [03:12<00:31,  2.79it/s] 86%|████████▌ | 530/616 [03:13<00:31,  2.70it/s] 86%|████████▌ | 531/616 [03:13<00:30,  2.79it/s] 86%|████████▋ | 532/616 [03:13<00:30,  2.78it/s] 87%|████████▋ | 533/616 [03:14<00:30,  2.75it/s] 87%|████████▋ | 534/616 [03:14<00:29,  2.77it/s] 87%|████████▋ | 535/616 [03:14<00:28,  2.80it/s] 87%|████████▋ | 536/616 [03:15<00:29,  2.74it/s] 87%|████████▋ | 537/616 [03:15<00:29,  2.68it/s] 87%|████████▋ | 538/616 [03:16<00:27,  2.85it/s] 88%|████████▊ | 539/616 [03:16<00:27,  2.82it/s] 88%|████████▊ | 540/616 [03:16<00:27,  2.76it/s] 88%|████████▊ | 541/616 [03:17<00:27,  2.72it/s] 88%|████████▊ | 542/616 [03:17<00:26,  2.76it/s] 88%|████████▊ | 543/616 [03:17<00:26,  2.75it/s] 88%|████████▊ | 544/616 [03:18<00:25,  2.77it/s] 88%|████████▊ | 545/616 [03:18<00:25,  2.80it/s] 89%|████████▊ | 546/616 [03:18<00:25,  2.78it/s] 89%|████████▉ | 547/616 [03:19<00:24,  2.76it/s] 89%|████████▉ | 548/616 [03:19<00:24,  2.82it/s] 89%|████████▉ | 549/616 [03:20<00:24,  2.72it/s] 89%|████████▉ | 550/616 [03:20<00:23,  2.85it/s] 89%|████████▉ | 551/616 [03:20<00:23,  2.78it/s] 90%|████████▉ | 552/616 [03:21<00:22,  2.81it/s] 90%|████████▉ | 553/616 [03:21<00:22,  2.78it/s] 90%|████████▉ | 554/616 [03:21<00:22,  2.80it/s] 90%|█████████ | 555/616 [03:22<00:22,  2.75it/s] 90%|█████████ | 556/616 [03:22<00:21,  2.78it/s] 90%|█████████ | 557/616 [03:22<00:20,  2.83it/s] 91%|█████████ | 558/616 [03:23<00:20,  2.83it/s] 91%|█████████ | 559/616 [03:23<00:20,  2.79it/s] 91%|█████████ | 560/616 [03:23<00:20,  2.77it/s] 91%|█████████ | 561/616 [03:24<00:20,  2.75it/s] 91%|█████████ | 562/616 [03:24<00:19,  2.83it/s] 91%|█████████▏| 563/616 [03:25<00:18,  2.80it/s] 92%|█████████▏| 564/616 [03:25<00:18,  2.81it/s] 92%|█████████▏| 565/616 [03:25<00:18,  2.76it/s] 92%|█████████▏| 566/616 [03:26<00:17,  2.84it/s] 92%|█████████▏| 567/616 [03:26<00:17,  2.77it/s] 92%|█████████▏| 568/616 [03:26<00:17,  2.82it/s] 92%|█████████▏| 569/616 [03:27<00:16,  2.77it/s] 93%|█████████▎| 570/616 [03:27<00:16,  2.82it/s] 93%|█████████▎| 571/616 [03:27<00:16,  2.77it/s] 93%|█████████▎| 572/616 [03:28<00:15,  2.78it/s] 93%|█████████▎| 573/616 [03:28<00:15,  2.79it/s] 93%|█████████▎| 574/616 [03:29<00:15,  2.78it/s] 93%|█████████▎| 575/616 [03:29<00:15,  2.72it/s] 94%|█████████▎| 576/616 [03:29<00:14,  2.81it/s] 94%|█████████▎| 577/616 [03:30<00:13,  2.79it/s] 94%|█████████▍| 578/616 [03:30<00:13,  2.81it/s] 94%|█████████▍| 579/616 [03:30<00:13,  2.76it/s] 94%|█████████▍| 580/616 [03:31<00:12,  2.79it/s] 94%|█████████▍| 581/616 [03:31<00:12,  2.76it/s] 94%|█████████▍| 582/616 [03:31<00:12,  2.77it/s] 95%|█████████▍| 583/616 [03:32<00:11,  2.81it/s] 95%|█████████▍| 584/616 [03:32<00:11,  2.85it/s] 95%|█████████▍| 585/616 [03:32<00:11,  2.73it/s] 95%|█████████▌| 586/616 [03:33<00:11,  2.66it/s] 95%|█████████▌| 587/616 [03:33<00:10,  2.76it/s] 95%|█████████▌| 588/616 [03:34<00:10,  2.77it/s] 96%|█████████▌| 589/616 [03:34<00:09,  2.76it/s] 96%|█████████▌| 590/616 [03:34<00:09,  2.76it/s] 96%|█████████▌| 591/616 [03:35<00:08,  2.81it/s] 96%|█████████▌| 592/616 [03:35<00:08,  2.76it/s] 96%|█████████▋| 593/616 [03:35<00:08,  2.77it/s] 96%|█████████▋| 594/616 [03:36<00:07,  2.78it/s] 97%|█████████▋| 595/616 [03:36<00:07,  2.82it/s] 97%|█████████▋| 596/616 [03:36<00:07,  2.77it/s] 97%|█████████▋| 597/616 [03:37<00:06,  2.73it/s] 97%|█████████▋| 598/616 [03:37<00:06,  2.76it/s] 97%|█████████▋| 599/616 [03:38<00:06,  2.69it/s] 97%|█████████▋| 600/616 [03:38<00:05,  2.77it/s] 98%|█████████▊| 601/616 [03:38<00:05,  2.70it/s] 98%|█████████▊| 602/616 [03:39<00:04,  2.82it/s] 98%|█████████▊| 603/616 [03:39<00:04,  2.79it/s] 98%|█████████▊| 604/616 [03:39<00:04,  2.74it/s] 98%|█████████▊| 605/616 [03:40<00:03,  2.77it/s] 98%|█████████▊| 606/616 [03:40<00:03,  2.75it/s] 99%|█████████▊| 607/616 [03:40<00:03,  2.77it/s] 99%|█████████▊| 608/616 [03:41<00:02,  2.75it/s] 99%|█████████▉| 609/616 [03:41<00:02,  2.78it/s] 99%|█████████▉| 610/616 [03:42<00:02,  2.75it/s] 99%|█████████▉| 611/616 [03:42<00:01,  2.81it/s] 99%|█████████▉| 612/616 [03:42<00:01,  2.84it/s]100%|█████████▉| 613/616 [03:43<00:01,  2.74it/s]100%|█████████▉| 614/616 [03:43<00:00,  2.76it/s]100%|█████████▉| 615/616 [03:43<00:00,  2.85it/s]100%|██████████| 616/616 [03:44<00:00,  2.95it/s]100%|██████████| 616/616 [03:44<00:00,  2.75it/s][2022-09-16 13:49:29,266][__main__][INFO] - Train Instance Accuracy: 0.645673
[2022-09-16 13:49:29,267][__main__][INFO] - loss: 3.067818

  0%|          | 0/155 [00:00<?, ?it/s]  1%|          | 1/155 [00:02<05:40,  2.21s/it]  1%|▏         | 2/155 [00:02<02:48,  1.10s/it]  2%|▏         | 3/155 [00:02<01:45,  1.45it/s]  3%|▎         | 4/155 [00:02<01:14,  2.02it/s]  3%|▎         | 5/155 [00:03<01:06,  2.26it/s]  4%|▍         | 6/155 [00:03<01:15,  1.97it/s]  5%|▍         | 7/155 [00:04<01:00,  2.46it/s]  5%|▌         | 8/155 [00:04<00:50,  2.94it/s]  6%|▌         | 9/155 [00:04<00:46,  3.17it/s]  6%|▋         | 10/155 [00:04<00:44,  3.26it/s]  7%|▋         | 11/155 [00:05<00:47,  3.05it/s]  8%|▊         | 12/155 [00:05<00:41,  3.42it/s]  8%|▊         | 13/155 [00:05<00:38,  3.65it/s]  9%|▉         | 14/155 [00:06<00:40,  3.47it/s] 10%|▉         | 15/155 [00:06<00:42,  3.27it/s] 10%|█         | 16/155 [00:06<00:38,  3.61it/s] 11%|█         | 17/155 [00:06<00:38,  3.62it/s] 12%|█▏        | 18/155 [00:07<00:38,  3.54it/s] 12%|█▏        | 19/155 [00:07<00:43,  3.13it/s] 13%|█▎        | 20/155 [00:07<00:38,  3.51it/s] 14%|█▎        | 21/155 [00:07<00:35,  3.80it/s] 14%|█▍        | 22/155 [00:08<00:38,  3.45it/s] 15%|█▍        | 23/155 [00:08<00:41,  3.17it/s] 15%|█▌        | 24/155 [00:08<00:37,  3.52it/s] 16%|█▌        | 25/155 [00:09<00:34,  3.79it/s] 17%|█▋        | 26/155 [00:09<00:35,  3.67it/s] 17%|█▋        | 27/155 [00:09<00:37,  3.38it/s] 18%|█▊        | 28/155 [00:10<00:36,  3.52it/s] 19%|█▊        | 29/155 [00:10<00:32,  3.83it/s] 19%|█▉        | 30/155 [00:10<00:35,  3.48it/s] 20%|██        | 31/155 [00:10<00:35,  3.51it/s] 21%|██        | 32/155 [00:11<00:34,  3.54it/s] 21%|██▏       | 33/155 [00:11<00:31,  3.83it/s] 22%|██▏       | 34/155 [00:11<00:35,  3.37it/s] 23%|██▎       | 35/155 [00:11<00:32,  3.69it/s] 23%|██▎       | 36/155 [00:12<00:33,  3.51it/s] 24%|██▍       | 37/155 [00:12<00:30,  3.81it/s] 25%|██▍       | 38/155 [00:12<00:36,  3.21it/s] 25%|██▌       | 39/155 [00:13<00:32,  3.58it/s] 26%|██▌       | 40/155 [00:13<00:31,  3.64it/s] 26%|██▋       | 41/155 [00:13<00:28,  3.96it/s] 27%|██▋       | 42/155 [00:13<00:27,  4.10it/s] 28%|██▊       | 43/155 [00:14<00:33,  3.39it/s] 28%|██▊       | 44/155 [00:14<00:31,  3.57it/s] 29%|██▉       | 45/155 [00:14<00:28,  3.88it/s] 30%|██▉       | 46/155 [00:15<00:33,  3.26it/s] 30%|███       | 47/155 [00:15<00:29,  3.64it/s] 31%|███       | 48/155 [00:15<00:31,  3.40it/s] 32%|███▏      | 49/155 [00:15<00:28,  3.74it/s] 32%|███▏      | 50/155 [00:16<00:26,  3.91it/s] 33%|███▎      | 51/155 [00:16<00:28,  3.65it/s] 34%|███▎      | 52/155 [00:16<00:31,  3.24it/s] 34%|███▍      | 53/155 [00:16<00:27,  3.68it/s] 35%|███▍      | 54/155 [00:17<00:28,  3.60it/s] 35%|███▌      | 55/155 [00:17<00:25,  3.92it/s] 36%|███▌      | 56/155 [00:17<00:30,  3.24it/s] 37%|███▋      | 57/155 [00:18<00:27,  3.57it/s] 37%|███▋      | 58/155 [00:18<00:26,  3.60it/s] 38%|███▊      | 59/155 [00:18<00:24,  3.91it/s] 39%|███▊      | 60/155 [00:18<00:28,  3.30it/s] 39%|███▉      | 61/155 [00:19<00:25,  3.64it/s] 40%|████      | 62/155 [00:19<00:26,  3.47it/s] 41%|████      | 63/155 [00:19<00:24,  3.80it/s] 41%|████▏     | 64/155 [00:20<00:27,  3.32it/s] 42%|████▏     | 65/155 [00:20<00:24,  3.66it/s] 43%|████▎     | 66/155 [00:20<00:23,  3.73it/s] 43%|████▎     | 67/155 [00:20<00:22,  3.98it/s] 44%|████▍     | 68/155 [00:21<00:26,  3.34it/s] 45%|████▍     | 69/155 [00:21<00:23,  3.63it/s] 45%|████▌     | 70/155 [00:21<00:24,  3.50it/s] 46%|████▌     | 71/155 [00:21<00:22,  3.80it/s] 46%|████▋     | 72/155 [00:22<00:24,  3.45it/s] 47%|████▋     | 73/155 [00:22<00:21,  3.74it/s] 48%|████▊     | 74/155 [00:22<00:23,  3.44it/s] 48%|████▊     | 75/155 [00:23<00:21,  3.80it/s] 49%|████▉     | 76/155 [00:23<00:22,  3.47it/s] 50%|████▉     | 77/155 [00:23<00:20,  3.80it/s] 50%|█████     | 78/155 [00:23<00:22,  3.44it/s] 51%|█████     | 79/155 [00:24<00:19,  3.80it/s] 52%|█████▏    | 80/155 [00:24<00:21,  3.53it/s] 52%|█████▏    | 81/155 [00:24<00:19,  3.85it/s] 53%|█████▎    | 82/155 [00:25<00:21,  3.42it/s] 54%|█████▎    | 83/155 [00:25<00:19,  3.78it/s] 54%|█████▍    | 84/155 [00:25<00:20,  3.47it/s] 55%|█████▍    | 85/155 [00:25<00:18,  3.80it/s] 55%|█████▌    | 86/155 [00:26<00:20,  3.38it/s] 56%|█████▌    | 87/155 [00:26<00:18,  3.76it/s] 57%|█████▋    | 88/155 [00:26<00:18,  3.57it/s] 57%|█████▋    | 89/155 [00:26<00:17,  3.87it/s] 58%|█████▊    | 90/155 [00:27<00:18,  3.45it/s] 59%|█████▊    | 91/155 [00:27<00:17,  3.70it/s] 59%|█████▉    | 92/155 [00:27<00:17,  3.58it/s] 60%|██████    | 93/155 [00:27<00:16,  3.85it/s] 61%|██████    | 94/155 [00:28<00:17,  3.42it/s] 61%|██████▏   | 95/155 [00:28<00:15,  3.76it/s] 62%|██████▏   | 96/155 [00:28<00:16,  3.67it/s] 63%|██████▎   | 97/155 [00:29<00:16,  3.58it/s] 63%|██████▎   | 98/155 [00:29<00:14,  3.80it/s] 64%|██████▍   | 99/155 [00:29<00:16,  3.44it/s] 65%|██████▍   | 100/155 [00:29<00:14,  3.74it/s] 65%|██████▌   | 101/155 [00:30<00:15,  3.42it/s] 66%|██████▌   | 102/155 [00:30<00:14,  3.69it/s] 66%|██████▋   | 103/155 [00:30<00:14,  3.49it/s] 67%|██████▋   | 104/155 [00:31<00:13,  3.79it/s] 68%|██████▊   | 105/155 [00:31<00:14,  3.41it/s] 68%|██████▊   | 106/155 [00:31<00:13,  3.72it/s] 69%|██████▉   | 107/155 [00:31<00:14,  3.37it/s] 70%|██████▉   | 108/155 [00:32<00:12,  3.70it/s] 70%|███████   | 109/155 [00:32<00:13,  3.35it/s] 71%|███████   | 110/155 [00:32<00:12,  3.68it/s] 72%|███████▏  | 111/155 [00:33<00:12,  3.41it/s] 72%|███████▏  | 112/155 [00:33<00:11,  3.71it/s] 73%|███████▎  | 113/155 [00:33<00:12,  3.32it/s] 74%|███████▎  | 114/155 [00:33<00:11,  3.66it/s] 74%|███████▍  | 115/155 [00:34<00:11,  3.52it/s] 75%|███████▍  | 116/155 [00:34<00:10,  3.81it/s] 75%|███████▌  | 117/155 [00:34<00:11,  3.37it/s] 76%|███████▌  | 118/155 [00:34<00:10,  3.64it/s] 77%|███████▋  | 119/155 [00:35<00:10,  3.49it/s] 77%|███████▋  | 120/155 [00:35<00:09,  3.74it/s] 78%|███████▊  | 121/155 [00:35<00:10,  3.33it/s] 79%|███████▊  | 122/155 [00:36<00:09,  3.66it/s] 79%|███████▉  | 123/155 [00:36<00:09,  3.49it/s] 80%|████████  | 124/155 [00:36<00:08,  3.82it/s] 81%|████████  | 125/155 [00:37<00:08,  3.35it/s] 81%|████████▏ | 126/155 [00:37<00:07,  3.65it/s] 82%|████████▏ | 127/155 [00:37<00:07,  3.60it/s] 83%|████████▎ | 128/155 [00:37<00:06,  3.86it/s] 83%|████████▎ | 129/155 [00:38<00:07,  3.36it/s] 84%|████████▍ | 130/155 [00:38<00:06,  3.69it/s] 85%|████████▍ | 131/155 [00:38<00:06,  3.53it/s] 85%|████████▌ | 132/155 [00:38<00:05,  3.85it/s] 86%|████████▌ | 133/155 [00:39<00:06,  3.31it/s] 86%|████████▋ | 134/155 [00:39<00:05,  3.65it/s] 87%|████████▋ | 135/155 [00:39<00:05,  3.56it/s] 88%|████████▊ | 136/155 [00:39<00:04,  3.86it/s] 88%|████████▊ | 137/155 [00:40<00:05,  3.38it/s] 89%|████████▉ | 138/155 [00:40<00:04,  3.70it/s] 90%|████████▉ | 139/155 [00:40<00:04,  3.51it/s] 90%|█████████ | 140/155 [00:41<00:03,  3.77it/s] 91%|█████████ | 141/155 [00:41<00:04,  3.32it/s] 92%|█████████▏| 142/155 [00:41<00:03,  3.64it/s] 92%|█████████▏| 143/155 [00:41<00:03,  3.58it/s] 93%|█████████▎| 144/155 [00:42<00:02,  3.86it/s] 94%|█████████▎| 145/155 [00:42<00:02,  3.34it/s] 94%|█████████▍| 146/155 [00:42<00:02,  3.62it/s] 95%|█████████▍| 147/155 [00:43<00:02,  3.69it/s] 95%|█████████▌| 148/155 [00:43<00:01,  3.91it/s] 96%|█████████▌| 149/155 [00:43<00:01,  3.38it/s] 97%|█████████▋| 150/155 [00:43<00:01,  3.70it/s] 97%|█████████▋| 151/155 [00:44<00:01,  3.99it/s] 98%|█████████▊| 152/155 [00:44<00:00,  4.18it/s] 99%|█████████▊| 153/155 [00:44<00:00,  4.44it/s] 99%|█████████▉| 154/155 [00:44<00:00,  4.58it/s]100%|██████████| 155/155 [00:44<00:00,  5.24it/s]100%|██████████| 155/155 [00:44<00:00,  3.45it/s][2022-09-16 13:50:14,543][__main__][INFO] - Test Instance Accuracy: 0.773790, Class Accuracy: 0.688255
[2022-09-16 13:50:14,544][__main__][INFO] - Best Instance Accuracy: 0.773790, Class Accuracy: 0.698841
[2022-09-16 13:50:14,545][tensorboardX.summary][INFO] - Summary name Test Acc is illegal; using Test_Acc instead.
[2022-09-16 13:50:14,546][__main__][INFO] - Save model...
[2022-09-16 13:50:14,547][__main__][INFO] - Saving at best_model.pth
[2022-09-16 13:50:14,797][__main__][INFO] - Epoch 9 (9/200):

  0%|          | 0/616 [00:00<?, ?it/s]  0%|          | 1/616 [00:01<16:46,  1.64s/it]  0%|          | 2/616 [00:02<05:57,  1.72it/s]  0%|          | 3/616 [00:02<04:58,  2.05it/s]  1%|          | 4/616 [00:02<03:50,  2.66it/s]  1%|          | 5/616 [00:03<04:42,  2.17it/s]  1%|          | 6/616 [00:03<04:42,  2.16it/s]  1%|          | 7/616 [00:04<03:47,  2.67it/s]  1%|▏         | 8/616 [00:04<03:42,  2.74it/s]  1%|▏         | 9/616 [00:04<03:37,  2.79it/s]  2%|▏         | 10/616 [00:05<03:35,  2.81it/s]  2%|▏         | 11/616 [00:05<03:40,  2.74it/s]  2%|▏         | 12/616 [00:06<03:37,  2.77it/s]  2%|▏         | 13/616 [00:06<03:33,  2.82it/s]  2%|▏         | 14/616 [00:06<03:42,  2.70it/s]  2%|▏         | 15/616 [00:07<03:38,  2.74it/s]  3%|▎         | 16/616 [00:07<03:34,  2.80it/s]  3%|▎         | 17/616 [00:07<03:43,  2.68it/s]  3%|▎         | 18/616 [00:08<03:34,  2.79it/s]  3%|▎         | 19/616 [00:08<03:34,  2.78it/s]  3%|▎         | 20/616 [00:08<03:34,  2.78it/s]  3%|▎         | 21/616 [00:09<03:38,  2.73it/s]  4%|▎         | 22/616 [00:09<03:33,  2.78it/s]  4%|▎         | 23/616 [00:10<03:35,  2.75it/s]  4%|▍         | 24/616 [00:10<03:35,  2.75it/s]  4%|▍         | 25/616 [00:10<03:42,  2.66it/s]  4%|▍         | 26/616 [00:11<03:34,  2.75it/s]  4%|▍         | 27/616 [00:11<03:30,  2.80it/s]  5%|▍         | 28/616 [00:11<03:35,  2.73it/s]  5%|▍         | 29/616 [00:12<03:28,  2.82it/s]  5%|▍         | 30/616 [00:12<03:29,  2.79it/s]  5%|▌         | 31/616 [00:12<03:31,  2.76it/s]  5%|▌         | 32/616 [00:13<03:27,  2.82it/s]  5%|▌         | 33/616 [00:13<03:31,  2.76it/s]  6%|▌         | 34/616 [00:14<03:29,  2.78it/s]  6%|▌         | 35/616 [00:14<03:28,  2.79it/s]  6%|▌         | 36/616 [00:14<03:31,  2.75it/s]  6%|▌         | 37/616 [00:15<03:29,  2.77it/s]  6%|▌         | 38/616 [00:15<03:31,  2.74it/s]  6%|▋         | 39/616 [00:15<03:28,  2.77it/s]  6%|▋         | 40/616 [00:16<03:25,  2.81it/s]  7%|▋         | 41/616 [00:16<03:38,  2.64it/s]  7%|▋         | 42/616 [00:16<03:21,  2.85it/s]  7%|▋         | 43/616 [00:17<03:26,  2.78it/s]  7%|▋         | 44/616 [00:17<03:25,  2.79it/s]  7%|▋         | 45/616 [00:18<03:25,  2.78it/s]  7%|▋         | 46/616 [00:18<03:22,  2.81it/s]  8%|▊         | 47/616 [00:18<03:25,  2.77it/s]  8%|▊         | 48/616 [00:19<03:24,  2.77it/s]  8%|▊         | 49/616 [00:19<03:45,  2.52it/s]  8%|▊         | 50/616 [00:19<03:27,  2.73it/s]  8%|▊         | 51/616 [00:20<03:21,  2.80it/s]  8%|▊         | 52/616 [00:20<03:27,  2.72it/s]  9%|▊         | 53/616 [00:20<03:21,  2.80it/s]  9%|▉         | 54/616 [00:21<03:23,  2.76it/s]  9%|▉         | 55/616 [00:21<03:21,  2.78it/s]  9%|▉         | 56/616 [00:22<03:21,  2.78it/s]  9%|▉         | 57/616 [00:22<03:18,  2.81it/s]  9%|▉         | 58/616 [00:22<03:20,  2.78it/s] 10%|▉         | 59/616 [00:23<03:21,  2.76it/s] 10%|▉         | 60/616 [00:23<03:20,  2.78it/s] 10%|▉         | 61/616 [00:23<03:18,  2.80it/s] 10%|█         | 62/616 [00:24<03:16,  2.82it/s] 10%|█         | 63/616 [00:24<03:18,  2.79it/s] 10%|█         | 64/616 [00:24<03:16,  2.81it/s] 11%|█         | 65/616 [00:25<03:19,  2.76it/s] 11%|█         | 66/616 [00:25<03:20,  2.75it/s] 11%|█         | 67/616 [00:25<03:16,  2.79it/s] 11%|█         | 68/616 [00:26<03:13,  2.83it/s] 11%|█         | 69/616 [00:26<03:16,  2.78it/s] 11%|█▏        | 70/616 [00:27<03:17,  2.76it/s] 12%|█▏        | 71/616 [00:27<03:09,  2.88it/s] 12%|█▏        | 72/616 [00:27<03:13,  2.82it/s] 12%|█▏        | 73/616 [00:28<03:12,  2.82it/s] 12%|█▏        | 74/616 [00:28<03:08,  2.87it/s] 12%|█▏        | 75/616 [00:28<03:11,  2.82it/s] 12%|█▏        | 76/616 [00:29<03:11,  2.82it/s] 12%|█▎        | 77/616 [00:29<03:11,  2.81it/s] 13%|█▎        | 78/616 [00:29<03:13,  2.78it/s] 13%|█▎        | 79/616 [00:30<03:08,  2.85it/s] 13%|█▎        | 80/616 [00:30<03:08,  2.85it/s] 13%|█▎        | 81/616 [00:30<03:13,  2.76it/s] 13%|█▎        | 82/616 [00:31<03:10,  2.80it/s] 13%|█▎        | 83/616 [00:31<03:07,  2.85it/s] 14%|█▎        | 84/616 [00:31<03:07,  2.84it/s] 14%|█▍        | 85/616 [00:32<03:09,  2.80it/s] 14%|█▍        | 86/616 [00:32<03:09,  2.79it/s] 14%|█▍        | 87/616 [00:33<03:10,  2.78it/s] 14%|█▍        | 88/616 [00:33<03:06,  2.83it/s] 14%|█▍        | 89/616 [00:33<03:06,  2.82it/s] 15%|█▍        | 90/616 [00:34<03:08,  2.79it/s] 15%|█▍        | 91/616 [00:34<03:05,  2.82it/s] 15%|█▍        | 92/616 [00:34<03:06,  2.81it/s] 15%|█▌        | 93/616 [00:35<03:06,  2.81it/s] 15%|█▌        | 94/616 [00:35<03:05,  2.82it/s] 15%|█▌        | 95/616 [00:35<03:05,  2.82it/s] 16%|█▌        | 96/616 [00:36<03:01,  2.87it/s] 16%|█▌        | 97/616 [00:36<03:02,  2.84it/s] 16%|█▌        | 98/616 [00:36<03:06,  2.78it/s] 16%|█▌        | 99/616 [00:37<03:05,  2.79it/s] 16%|█▌        | 100/616 [00:37<03:01,  2.84it/s] 16%|█▋        | 101/616 [00:38<03:08,  2.74it/s] 17%|█▋        | 102/616 [00:38<03:01,  2.83it/s] 17%|█▋        | 103/616 [00:38<03:03,  2.80it/s] 17%|█▋        | 104/616 [00:39<03:03,  2.79it/s] 17%|█▋        | 105/616 [00:39<03:04,  2.77it/s] 17%|█▋        | 106/616 [00:39<03:00,  2.82it/s] 17%|█▋        | 107/616 [00:40<03:04,  2.76it/s] 18%|█▊        | 108/616 [00:40<03:00,  2.82it/s] 18%|█▊        | 109/616 [00:40<03:01,  2.80it/s] 18%|█▊        | 110/616 [00:41<02:58,  2.83it/s] 18%|█▊        | 111/616 [00:41<02:58,  2.84it/s] 18%|█▊        | 112/616 [00:41<03:01,  2.77it/s] 18%|█▊        | 113/616 [00:42<02:59,  2.81it/s] 19%|█▊        | 114/616 [00:42<03:00,  2.79it/s] 19%|█▊        | 115/616 [00:43<02:58,  2.80it/s] 19%|█▉        | 116/616 [00:43<02:59,  2.79it/s] 19%|█▉        | 117/616 [00:43<02:59,  2.78it/s] 19%|█▉        | 118/616 [00:44<02:54,  2.85it/s] 19%|█▉        | 119/616 [00:44<02:59,  2.77it/s] 19%|█▉        | 120/616 [00:44<02:55,  2.82it/s] 20%|█▉        | 121/616 [00:45<02:59,  2.75it/s] 20%|█▉        | 122/616 [00:45<02:58,  2.77it/s] 20%|█▉        | 123/616 [00:45<02:59,  2.74it/s] 20%|██        | 124/616 [00:46<03:00,  2.73it/s] 20%|██        | 125/616 [00:46<02:58,  2.75it/s] 20%|██        | 126/616 [00:46<02:56,  2.77it/s] 21%|██        | 127/616 [00:47<02:57,  2.75it/s] 21%|██        | 128/616 [00:47<02:54,  2.80it/s] 21%|██        | 129/616 [00:48<02:57,  2.74it/s] 21%|██        | 130/616 [00:48<02:54,  2.79it/s] 21%|██▏       | 131/616 [00:48<02:55,  2.76it/s] 21%|██▏       | 132/616 [00:49<02:54,  2.78it/s] 22%|██▏       | 133/616 [00:49<02:54,  2.77it/s] 22%|██▏       | 134/616 [00:49<02:53,  2.78it/s] 22%|██▏       | 135/616 [00:50<02:52,  2.79it/s] 22%|██▏       | 136/616 [00:50<02:52,  2.78it/s] 22%|██▏       | 137/616 [00:50<02:55,  2.72it/s] 22%|██▏       | 138/616 [00:51<02:56,  2.70it/s] 23%|██▎       | 139/616 [00:51<02:50,  2.79it/s] 23%|██▎       | 140/616 [00:52<02:50,  2.79it/s] 23%|██▎       | 141/616 [00:52<02:51,  2.77it/s] 23%|██▎       | 142/616 [00:52<02:49,  2.80it/s] 23%|██▎       | 143/616 [00:53<02:47,  2.82it/s] 23%|██▎       | 144/616 [00:53<02:48,  2.80it/s] 24%|██▎       | 145/616 [00:53<02:47,  2.80it/s] 24%|██▎       | 146/616 [00:54<02:52,  2.73it/s] 24%|██▍       | 147/616 [00:54<02:45,  2.84it/s] 24%|██▍       | 148/616 [00:54<02:46,  2.82it/s] 24%|██▍       | 149/616 [00:55<02:49,  2.76it/s] 24%|██▍       | 150/616 [00:55<02:45,  2.81it/s] 25%|██▍       | 151/616 [00:55<02:45,  2.81it/s] 25%|██▍       | 152/616 [00:56<02:45,  2.80it/s] 25%|██▍       | 153/616 [00:56<02:46,  2.78it/s] 25%|██▌       | 154/616 [00:57<02:46,  2.77it/s] 25%|██▌       | 155/616 [00:57<02:45,  2.79it/s] 25%|██▌       | 156/616 [00:57<02:41,  2.85it/s] 25%|██▌       | 157/616 [00:58<02:45,  2.77it/s] 26%|██▌       | 158/616 [00:58<02:42,  2.81it/s] 26%|██▌       | 159/616 [00:58<02:43,  2.80it/s] 26%|██▌       | 160/616 [00:59<02:42,  2.80it/s] 26%|██▌       | 161/616 [00:59<02:43,  2.78it/s] 26%|██▋       | 162/616 [00:59<02:41,  2.81it/s] 26%|██▋       | 163/616 [01:00<02:46,  2.71it/s] 27%|██▋       | 164/616 [01:00<02:43,  2.77it/s] 27%|██▋       | 165/616 [01:01<02:41,  2.78it/s] 27%|██▋       | 166/616 [01:01<02:41,  2.79it/s] 27%|██▋       | 167/616 [01:01<02:41,  2.77it/s] 27%|██▋       | 168/616 [01:02<02:39,  2.81it/s] 27%|██▋       | 169/616 [01:02<02:39,  2.79it/s] 28%|██▊       | 170/616 [01:02<02:42,  2.75it/s] 28%|██▊       | 171/616 [01:03<02:40,  2.77it/s] 28%|██▊       | 172/616 [01:03<02:36,  2.83it/s] 28%|██▊       | 173/616 [01:03<02:40,  2.77it/s] 28%|██▊       | 174/616 [01:04<02:36,  2.83it/s] 28%|██▊       | 175/616 [01:04<02:37,  2.80it/s] 29%|██▊       | 176/616 [01:04<02:37,  2.79it/s] 29%|██▊       | 177/616 [01:05<02:37,  2.78it/s] 29%|██▉       | 178/616 [01:05<02:34,  2.83it/s] 29%|██▉       | 179/616 [01:06<02:35,  2.80it/s] 29%|██▉       | 180/616 [01:06<02:39,  2.73it/s] 29%|██▉       | 181/616 [01:06<02:40,  2.71it/s] 30%|██▉       | 182/616 [01:07<02:31,  2.86it/s] 30%|██▉       | 183/616 [01:07<02:35,  2.78it/s] 30%|██▉       | 184/616 [01:07<02:33,  2.82it/s] 30%|███       | 185/616 [01:08<02:35,  2.78it/s] 30%|███       | 186/616 [01:08<02:32,  2.82it/s] 30%|███       | 187/616 [01:08<02:37,  2.73it/s] 31%|███       | 188/616 [01:09<02:31,  2.82it/s] 31%|███       | 189/616 [01:09<02:33,  2.79it/s] 31%|███       | 190/616 [01:09<02:31,  2.81it/s] 31%|███       | 191/616 [01:10<02:32,  2.79it/s] 31%|███       | 192/616 [01:10<02:29,  2.84it/s] 31%|███▏      | 193/616 [01:11<02:33,  2.76it/s] 31%|███▏      | 194/616 [01:11<02:30,  2.80it/s] 32%|███▏      | 195/616 [01:11<02:32,  2.77it/s] 32%|███▏      | 196/616 [01:12<02:28,  2.82it/s] 32%|███▏      | 197/616 [01:12<02:29,  2.79it/s] 32%|███▏      | 198/616 [01:12<02:28,  2.82it/s] 32%|███▏      | 199/616 [01:13<02:32,  2.73it/s] 32%|███▏      | 200/616 [01:13<02:27,  2.81it/s] 33%|███▎      | 201/616 [01:13<02:28,  2.79it/s] 33%|███▎      | 202/616 [01:14<02:27,  2.81it/s] 33%|███▎      | 203/616 [01:14<02:26,  2.82it/s] 33%|███▎      | 204/616 [01:14<02:26,  2.81it/s] 33%|███▎      | 205/616 [01:15<02:27,  2.79it/s] 33%|███▎      | 206/616 [01:15<02:27,  2.78it/s] 34%|███▎      | 207/616 [01:16<02:21,  2.89it/s] 34%|███▍      | 208/616 [01:16<02:28,  2.75it/s] 34%|███▍      | 209/616 [01:16<02:26,  2.78it/s] 34%|███▍      | 210/616 [01:17<02:27,  2.76it/s] 34%|███▍      | 211/616 [01:17<02:24,  2.81it/s] 34%|███▍      | 212/616 [01:17<02:24,  2.80it/s] 35%|███▍      | 213/616 [01:18<02:23,  2.81it/s] 35%|███▍      | 214/616 [01:18<02:22,  2.83it/s] 35%|███▍      | 215/616 [01:18<02:24,  2.78it/s] 35%|███▌      | 216/616 [01:19<02:24,  2.76it/s] 35%|███▌      | 217/616 [01:19<02:23,  2.78it/s] 35%|███▌      | 218/616 [01:19<02:21,  2.81it/s] 36%|███▌      | 219/616 [01:20<02:21,  2.80it/s] 36%|███▌      | 220/616 [01:20<02:22,  2.78it/s] 36%|███▌      | 221/616 [01:21<02:24,  2.74it/s] 36%|███▌      | 222/616 [01:21<02:19,  2.82it/s] 36%|███▌      | 223/616 [01:21<02:39,  2.46it/s] 36%|███▋      | 224/616 [01:22<02:19,  2.81it/s] 37%|███▋      | 225/616 [01:22<02:21,  2.75it/s] 37%|███▋      | 226/616 [01:22<02:20,  2.78it/s] 37%|███▋      | 227/616 [01:23<02:17,  2.82it/s] 37%|███▋      | 228/616 [01:23<02:17,  2.82it/s] 37%|███▋      | 229/616 [01:23<02:17,  2.81it/s] 37%|███▋      | 230/616 [01:24<02:16,  2.82it/s] 38%|███▊      | 231/616 [01:24<02:16,  2.83it/s] 38%|███▊      | 232/616 [01:25<02:17,  2.79it/s] 38%|███▊      | 233/616 [01:25<02:16,  2.80it/s] 38%|███▊      | 234/616 [01:25<02:15,  2.81it/s] 38%|███▊      | 235/616 [01:26<02:19,  2.74it/s] 38%|███▊      | 236/616 [01:26<02:16,  2.79it/s] 38%|███▊      | 237/616 [01:26<02:15,  2.79it/s] 39%|███▊      | 238/616 [01:27<02:17,  2.76it/s] 39%|███▉      | 239/616 [01:27<02:13,  2.83it/s] 39%|███▉      | 240/616 [01:27<02:13,  2.81it/s] 39%|███▉      | 241/616 [01:28<02:13,  2.81it/s] 39%|███▉      | 242/616 [01:28<02:10,  2.87it/s] 39%|███▉      | 243/616 [01:28<02:16,  2.74it/s] 40%|███▉      | 244/616 [01:29<02:13,  2.78it/s] 40%|███▉      | 245/616 [01:29<02:15,  2.73it/s] 40%|███▉      | 246/616 [01:30<02:10,  2.83it/s] 40%|████      | 247/616 [01:30<02:10,  2.83it/s] 40%|████      | 248/616 [01:30<02:11,  2.80it/s] 40%|████      | 249/616 [01:31<02:12,  2.77it/s] 41%|████      | 250/616 [01:31<02:08,  2.84it/s] 41%|████      | 251/616 [01:31<02:11,  2.79it/s] 41%|████      | 252/616 [01:32<02:08,  2.84it/s] 41%|████      | 253/616 [01:32<02:09,  2.80it/s] 41%|████      | 254/616 [01:32<02:11,  2.76it/s] 41%|████▏     | 255/616 [01:33<02:07,  2.84it/s] 42%|████▏     | 256/616 [01:33<02:07,  2.83it/s] 42%|████▏     | 257/616 [01:33<02:09,  2.77it/s] 42%|████▏     | 258/616 [01:34<02:05,  2.85it/s] 42%|████▏     | 259/616 [01:34<02:06,  2.83it/s] 42%|████▏     | 260/616 [01:35<02:09,  2.75it/s] 42%|████▏     | 261/616 [01:35<02:05,  2.84it/s] 43%|████▎     | 262/616 [01:35<02:06,  2.80it/s] 43%|████▎     | 263/616 [01:36<02:03,  2.85it/s] 43%|████▎     | 264/616 [01:36<02:04,  2.82it/s] 43%|████▎     | 265/616 [01:36<02:06,  2.78it/s] 43%|████▎     | 266/616 [01:37<02:02,  2.87it/s] 43%|████▎     | 267/616 [01:37<02:02,  2.85it/s] 44%|████▎     | 268/616 [01:37<02:05,  2.78it/s] 44%|████▎     | 269/616 [01:38<02:04,  2.78it/s] 44%|████▍     | 270/616 [01:38<02:01,  2.86it/s] 44%|████▍     | 271/616 [01:38<02:02,  2.83it/s] 44%|████▍     | 272/616 [01:39<02:01,  2.82it/s] 44%|████▍     | 273/616 [01:39<02:01,  2.83it/s] 44%|████▍     | 274/616 [01:40<02:00,  2.83it/s] 45%|████▍     | 275/616 [01:40<02:01,  2.80it/s] 45%|████▍     | 276/616 [01:40<02:03,  2.75it/s] 45%|████▍     | 277/616 [01:41<01:58,  2.86it/s] 45%|████▌     | 278/616 [01:41<02:00,  2.80it/s] 45%|████▌     | 279/616 [01:41<01:59,  2.81it/s] 45%|████▌     | 280/616 [01:42<02:00,  2.80it/s] 46%|████▌     | 281/616 [01:42<01:58,  2.84it/s] 46%|████▌     | 282/616 [01:42<01:58,  2.83it/s] 46%|████▌     | 283/616 [01:43<02:00,  2.77it/s] 46%|████▌     | 284/616 [01:43<01:57,  2.82it/s] 46%|████▋     | 285/616 [01:43<01:57,  2.81it/s] 46%|████▋     | 286/616 [01:44<01:56,  2.82it/s] 47%|████▋     | 287/616 [01:44<01:57,  2.80it/s] 47%|████▋     | 288/616 [01:44<01:56,  2.83it/s] 47%|████▋     | 289/616 [01:45<01:56,  2.81it/s] 47%|████▋     | 290/616 [01:45<01:56,  2.80it/s] 47%|████▋     | 291/616 [01:46<01:56,  2.80it/s] 47%|████▋     | 292/616 [01:46<01:58,  2.73it/s] 48%|████▊     | 293/616 [01:46<01:55,  2.79it/s] 48%|████▊     | 294/616 [01:47<01:55,  2.79it/s] 48%|████▊     | 295/616 [01:47<01:54,  2.80it/s] 48%|████▊     | 296/616 [01:47<01:52,  2.85it/s] 48%|████▊     | 297/616 [01:48<01:52,  2.82it/s] 48%|████▊     | 298/616 [01:48<01:54,  2.78it/s] 49%|████▊     | 299/616 [01:48<01:51,  2.85it/s] 49%|████▊     | 300/616 [01:49<01:53,  2.79it/s] 49%|████▉     | 301/616 [01:49<01:54,  2.76it/s] 49%|████▉     | 302/616 [01:49<01:51,  2.81it/s] 49%|████▉     | 303/616 [01:50<01:50,  2.84it/s] 49%|████▉     | 304/616 [01:50<01:48,  2.87it/s] 50%|████▉     | 305/616 [01:51<01:49,  2.83it/s] 50%|████▉     | 306/616 [01:51<01:53,  2.73it/s] 50%|████▉     | 307/616 [01:51<01:51,  2.78it/s] 50%|█████     | 308/616 [01:52<01:49,  2.82it/s] 50%|█████     | 309/616 [01:52<01:48,  2.84it/s] 50%|█████     | 310/616 [01:52<01:50,  2.78it/s] 50%|█████     | 311/616 [01:53<01:46,  2.86it/s] 51%|█████     | 312/616 [01:53<01:47,  2.82it/s] 51%|█████     | 313/616 [01:53<01:48,  2.78it/s] 51%|█████     | 314/616 [01:54<01:57,  2.57it/s] 51%|█████     | 315/616 [01:54<01:48,  2.77it/s] 51%|█████▏    | 316/616 [01:55<01:47,  2.79it/s] 51%|█████▏    | 317/616 [01:55<01:47,  2.79it/s] 52%|█████▏    | 318/616 [01:55<01:47,  2.76it/s] 52%|█████▏    | 319/616 [01:56<01:44,  2.83it/s] 52%|█████▏    | 320/616 [01:56<01:43,  2.86it/s] 52%|█████▏    | 321/616 [01:56<01:43,  2.84it/s] 52%|█████▏    | 322/616 [01:57<01:44,  2.81it/s] 52%|█████▏    | 323/616 [01:57<01:43,  2.83it/s] 53%|█████▎    | 324/616 [01:57<01:44,  2.79it/s] 53%|█████▎    | 325/616 [01:58<01:44,  2.79it/s] 53%|█████▎    | 326/616 [01:58<01:43,  2.81it/s] 53%|█████▎    | 327/616 [01:58<01:44,  2.78it/s] 53%|█████▎    | 328/616 [01:59<01:41,  2.83it/s] 53%|█████▎    | 329/616 [01:59<01:43,  2.77it/s] 54%|█████▎    | 330/616 [02:00<01:42,  2.79it/s] 54%|█████▎    | 331/616 [02:00<01:41,  2.81it/s] 54%|█████▍    | 332/616 [02:00<01:40,  2.82it/s] 54%|█████▍    | 333/616 [02:01<01:41,  2.78it/s] 54%|█████▍    | 334/616 [02:01<01:41,  2.77it/s] 54%|█████▍    | 335/616 [02:01<01:41,  2.78it/s] 55%|█████▍    | 336/616 [02:02<01:38,  2.83it/s] 55%|█████▍    | 337/616 [02:02<01:39,  2.81it/s] 55%|█████▍    | 338/616 [02:02<01:38,  2.82it/s] 55%|█████▌    | 339/616 [02:03<01:39,  2.78it/s] 55%|█████▌    | 340/616 [02:03<01:37,  2.83it/s] 55%|█████▌    | 341/616 [02:03<01:37,  2.82it/s] 56%|█████▌    | 342/616 [02:04<01:38,  2.78it/s] 56%|█████▌    | 343/616 [02:04<01:37,  2.79it/s] 56%|█████▌    | 344/616 [02:04<01:35,  2.85it/s] 56%|█████▌    | 345/616 [02:05<01:35,  2.83it/s] 56%|█████▌    | 346/616 [02:05<01:36,  2.80it/s] 56%|█████▋    | 347/616 [02:06<01:35,  2.83it/s] 56%|█████▋    | 348/616 [02:06<01:34,  2.82it/s] 57%|█████▋    | 349/616 [02:06<01:36,  2.77it/s] 57%|█████▋    | 350/616 [02:07<01:33,  2.84it/s] 57%|█████▋    | 351/616 [02:07<01:34,  2.81it/s] 57%|█████▋    | 352/616 [02:07<01:34,  2.80it/s] 57%|█████▋    | 353/616 [02:08<01:33,  2.82it/s] 57%|█████▋    | 354/616 [02:08<01:32,  2.84it/s] 58%|█████▊    | 355/616 [02:08<01:31,  2.85it/s] 58%|█████▊    | 356/616 [02:09<01:33,  2.78it/s] 58%|█████▊    | 357/616 [02:09<01:32,  2.80it/s] 58%|█████▊    | 358/616 [02:09<01:32,  2.80it/s] 58%|█████▊    | 359/616 [02:10<01:31,  2.82it/s] 58%|█████▊    | 360/616 [02:10<01:30,  2.84it/s] 59%|█████▊    | 361/616 [02:11<01:30,  2.81it/s] 59%|█████▉    | 362/616 [02:11<01:31,  2.77it/s] 59%|█████▉    | 363/616 [02:11<01:31,  2.77it/s] 59%|█████▉    | 364/616 [02:12<01:28,  2.85it/s] 59%|█████▉    | 365/616 [02:12<01:28,  2.83it/s] 59%|█████▉    | 366/616 [02:12<01:30,  2.76it/s] 60%|█████▉    | 367/616 [02:13<01:29,  2.80it/s] 60%|█████▉    | 368/616 [02:13<01:29,  2.76it/s] 60%|█████▉    | 369/616 [02:13<01:29,  2.76it/s] 60%|██████    | 370/616 [02:14<01:27,  2.80it/s] 60%|██████    | 371/616 [02:14<01:28,  2.78it/s] 60%|██████    | 372/616 [02:14<01:26,  2.82it/s] 61%|██████    | 373/616 [02:15<01:25,  2.83it/s] 61%|██████    | 374/616 [02:15<01:25,  2.83it/s] 61%|██████    | 375/616 [02:16<01:25,  2.83it/s] 61%|██████    | 376/616 [02:16<01:25,  2.80it/s] 61%|██████    | 377/616 [02:16<01:24,  2.83it/s] 61%|██████▏   | 378/616 [02:17<01:23,  2.85it/s] 62%|██████▏   | 379/616 [02:17<01:25,  2.76it/s] 62%|██████▏   | 380/616 [02:17<01:24,  2.79it/s] 62%|██████▏   | 381/616 [02:18<01:25,  2.76it/s] 62%|██████▏   | 382/616 [02:18<01:23,  2.80it/s] 62%|██████▏   | 383/616 [02:18<01:23,  2.80it/s] 62%|██████▏   | 384/616 [02:19<01:22,  2.80it/s] 62%|██████▎   | 385/616 [02:19<01:21,  2.83it/s] 63%|██████▎   | 386/616 [02:19<01:22,  2.78it/s] 63%|██████▎   | 387/616 [02:20<01:20,  2.85it/s] 63%|██████▎   | 388/616 [02:20<01:19,  2.85it/s] 63%|██████▎   | 389/616 [02:21<01:21,  2.78it/s] 63%|██████▎   | 390/616 [02:21<01:21,  2.79it/s] 63%|██████▎   | 391/616 [02:21<01:20,  2.78it/s] 64%|██████▎   | 392/616 [02:22<01:21,  2.75it/s] 64%|██████▍   | 393/616 [02:22<01:19,  2.80it/s] 64%|██████▍   | 394/616 [02:22<01:19,  2.80it/s] 64%|██████▍   | 395/616 [02:23<01:19,  2.77it/s] 64%|██████▍   | 396/616 [02:23<01:17,  2.82it/s] 64%|██████▍   | 397/616 [02:23<01:20,  2.72it/s] 65%|██████▍   | 398/616 [02:24<01:15,  2.87it/s] 65%|██████▍   | 399/616 [02:24<01:19,  2.72it/s] 65%|██████▍   | 400/616 [02:24<01:16,  2.81it/s] 65%|██████▌   | 401/616 [02:25<01:16,  2.80it/s] 65%|██████▌   | 402/616 [02:25<01:16,  2.79it/s] 65%|██████▌   | 403/616 [02:26<01:15,  2.82it/s] 66%|██████▌   | 404/616 [02:26<01:15,  2.80it/s] 66%|██████▌   | 405/616 [02:26<01:14,  2.83it/s] 66%|██████▌   | 406/616 [02:27<01:13,  2.84it/s] 66%|██████▌   | 407/616 [02:27<01:13,  2.84it/s] 66%|██████▌   | 408/616 [02:27<01:13,  2.82it/s] 66%|██████▋   | 409/616 [02:28<01:14,  2.79it/s] 67%|██████▋   | 410/616 [02:28<01:13,  2.82it/s] 67%|██████▋   | 411/616 [02:28<01:13,  2.78it/s] 67%|██████▋   | 412/616 [02:29<01:12,  2.81it/s] 67%|██████▋   | 413/616 [02:29<01:12,  2.79it/s] 67%|██████▋   | 414/616 [02:29<01:11,  2.84it/s] 67%|██████▋   | 415/616 [02:30<01:10,  2.84it/s] 68%|██████▊   | 416/616 [02:30<01:11,  2.78it/s] 68%|██████▊   | 417/616 [02:31<01:11,  2.78it/s] 68%|██████▊   | 418/616 [02:31<01:11,  2.78it/s] 68%|██████▊   | 419/616 [02:31<01:09,  2.83it/s] 68%|██████▊   | 420/616 [02:32<01:09,  2.83it/s] 68%|██████▊   | 421/616 [02:32<01:10,  2.78it/s] 69%|██████▊   | 422/616 [02:32<01:08,  2.83it/s] 69%|██████▊   | 423/616 [02:33<01:09,  2.78it/s] 69%|██████▉   | 424/616 [02:33<01:07,  2.83it/s] 69%|██████▉   | 425/616 [02:33<01:08,  2.77it/s] 69%|██████▉   | 426/616 [02:34<01:07,  2.83it/s] 69%|██████▉   | 427/616 [02:34<01:08,  2.76it/s] 69%|██████▉   | 428/616 [02:34<01:06,  2.83it/s] 70%|██████▉   | 429/616 [02:35<01:06,  2.82it/s] 70%|██████▉   | 430/616 [02:35<01:07,  2.77it/s] 70%|██████▉   | 431/616 [02:36<01:05,  2.81it/s] 70%|███████   | 432/616 [02:36<01:06,  2.79it/s] 70%|███████   | 433/616 [02:36<01:07,  2.71it/s] 70%|███████   | 434/616 [02:37<01:03,  2.88it/s] 71%|███████   | 435/616 [02:37<01:05,  2.77it/s] 71%|███████   | 436/616 [02:37<01:04,  2.80it/s] 71%|███████   | 437/616 [02:38<01:03,  2.80it/s] 71%|███████   | 438/616 [02:38<01:03,  2.78it/s] 71%|███████▏  | 439/616 [02:38<01:03,  2.79it/s] 71%|███████▏  | 440/616 [02:39<01:02,  2.81it/s] 72%|███████▏  | 441/616 [02:39<01:03,  2.77it/s] 72%|███████▏  | 442/616 [02:39<01:03,  2.74it/s] 72%|███████▏  | 443/616 [02:40<01:02,  2.76it/s] 72%|███████▏  | 444/616 [02:40<01:02,  2.77it/s] 72%|███████▏  | 445/616 [02:41<01:01,  2.77it/s] 72%|███████▏  | 446/616 [02:41<01:00,  2.80it/s] 73%|███████▎  | 447/616 [02:41<01:00,  2.80it/s] 73%|███████▎  | 448/616 [02:42<01:00,  2.78it/s] 73%|███████▎  | 449/616 [02:42<00:59,  2.80it/s] 73%|███████▎  | 450/616 [02:42<00:59,  2.80it/s] 73%|███████▎  | 451/616 [02:43<00:59,  2.78it/s] 73%|███████▎  | 452/616 [02:43<00:59,  2.78it/s] 74%|███████▎  | 453/616 [02:43<00:58,  2.77it/s] 74%|███████▎  | 454/616 [02:44<00:57,  2.82it/s] 74%|███████▍  | 455/616 [02:44<00:57,  2.78it/s] 74%|███████▍  | 456/616 [02:44<00:56,  2.82it/s] 74%|███████▍  | 457/616 [02:45<00:57,  2.78it/s] 74%|███████▍  | 458/616 [02:45<00:57,  2.75it/s] 75%|███████▍  | 459/616 [02:46<00:57,  2.72it/s] 75%|███████▍  | 460/616 [02:46<00:55,  2.79it/s] 75%|███████▍  | 461/616 [02:46<00:55,  2.79it/s] 75%|███████▌  | 462/616 [02:47<00:57,  2.69it/s] 75%|███████▌  | 463/616 [02:47<00:54,  2.81it/s] 75%|███████▌  | 464/616 [02:47<00:53,  2.83it/s] 75%|███████▌  | 465/616 [02:48<00:54,  2.77it/s] 76%|███████▌  | 466/616 [02:48<00:53,  2.82it/s] 76%|███████▌  | 467/616 [02:48<00:54,  2.74it/s] 76%|███████▌  | 468/616 [02:49<00:52,  2.80it/s] 76%|███████▌  | 469/616 [02:49<00:52,  2.79it/s] 76%|███████▋  | 470/616 [02:50<00:52,  2.80it/s] 76%|███████▋  | 471/616 [02:50<00:52,  2.77it/s] 77%|███████▋  | 472/616 [02:50<00:51,  2.78it/s] 77%|███████▋  | 473/616 [02:51<00:50,  2.84it/s] 77%|███████▋  | 474/616 [02:51<00:50,  2.81it/s] 77%|███████▋  | 475/616 [02:51<00:50,  2.79it/s] 77%|███████▋  | 476/616 [02:52<00:50,  2.79it/s] 77%|███████▋  | 477/616 [02:52<00:49,  2.79it/s] 78%|███████▊  | 478/616 [02:52<00:48,  2.83it/s] 78%|███████▊  | 479/616 [02:53<00:49,  2.78it/s] 78%|███████▊  | 480/616 [02:53<00:48,  2.82it/s] 78%|███████▊  | 481/616 [02:53<00:49,  2.75it/s] 78%|███████▊  | 482/616 [02:54<00:53,  2.52it/s] 78%|███████▊  | 483/616 [02:54<00:48,  2.75it/s] 79%|███████▊  | 484/616 [02:55<00:47,  2.76it/s] 79%|███████▊  | 485/616 [02:55<00:47,  2.77it/s] 79%|███████▉  | 486/616 [02:55<00:47,  2.75it/s] 79%|███████▉  | 487/616 [02:56<00:46,  2.76it/s] 79%|███████▉  | 488/616 [02:56<00:45,  2.83it/s] 79%|███████▉  | 489/616 [02:56<00:46,  2.75it/s] 80%|███████▉  | 490/616 [02:57<00:45,  2.78it/s] 80%|███████▉  | 491/616 [02:57<00:46,  2.69it/s] 80%|███████▉  | 492/616 [02:57<00:43,  2.82it/s] 80%|████████  | 493/616 [02:58<00:44,  2.79it/s] 80%|████████  | 494/616 [02:58<00:43,  2.79it/s] 80%|████████  | 495/616 [02:59<00:43,  2.80it/s] 81%|████████  | 496/616 [02:59<00:42,  2.82it/s] 81%|████████  | 497/616 [02:59<00:42,  2.78it/s] 81%|████████  | 498/616 [03:00<00:42,  2.79it/s] 81%|████████  | 499/616 [03:00<00:41,  2.82it/s] 81%|████████  | 500/616 [03:00<00:41,  2.82it/s] 81%|████████▏ | 501/616 [03:01<00:41,  2.77it/s] 81%|████████▏ | 502/616 [03:01<00:40,  2.81it/s] 82%|████████▏ | 503/616 [03:01<00:40,  2.77it/s] 82%|████████▏ | 504/616 [03:02<00:39,  2.85it/s] 82%|████████▏ | 505/616 [03:02<00:39,  2.78it/s] 82%|████████▏ | 506/616 [03:02<00:39,  2.80it/s] 82%|████████▏ | 507/616 [03:03<00:39,  2.78it/s] 82%|████████▏ | 508/616 [03:03<00:38,  2.79it/s] 83%|████████▎ | 509/616 [03:04<00:39,  2.74it/s] 83%|████████▎ | 510/616 [03:04<00:37,  2.84it/s] 83%|████████▎ | 511/616 [03:04<00:37,  2.77it/s] 83%|████████▎ | 512/616 [03:05<00:36,  2.83it/s] 83%|████████▎ | 513/616 [03:05<00:36,  2.83it/s] 83%|████████▎ | 514/616 [03:05<00:36,  2.77it/s] 84%|████████▎ | 515/616 [03:06<00:36,  2.77it/s] 84%|████████▍ | 516/616 [03:06<00:35,  2.84it/s] 84%|████████▍ | 517/616 [03:06<00:35,  2.77it/s] 84%|████████▍ | 518/616 [03:07<00:34,  2.83it/s] 84%|████████▍ | 519/616 [03:07<00:34,  2.79it/s] 84%|████████▍ | 520/616 [03:07<00:34,  2.80it/s] 85%|████████▍ | 521/616 [03:08<00:34,  2.79it/s] 85%|████████▍ | 522/616 [03:08<00:33,  2.81it/s] 85%|████████▍ | 523/616 [03:09<00:32,  2.83it/s] 85%|████████▌ | 524/616 [03:09<00:33,  2.79it/s] 85%|████████▌ | 525/616 [03:09<00:32,  2.76it/s] 85%|████████▌ | 526/616 [03:10<00:31,  2.85it/s] 86%|████████▌ | 527/616 [03:10<00:32,  2.76it/s] 86%|████████▌ | 528/616 [03:10<00:31,  2.82it/s] 86%|████████▌ | 529/616 [03:11<00:31,  2.77it/s] 86%|████████▌ | 530/616 [03:11<00:31,  2.76it/s] 86%|████████▌ | 531/616 [03:11<00:30,  2.78it/s] 86%|████████▋ | 532/616 [03:12<00:30,  2.79it/s] 87%|████████▋ | 533/616 [03:12<00:29,  2.82it/s] 87%|████████▋ | 534/616 [03:13<00:29,  2.75it/s] 87%|████████▋ | 535/616 [03:13<00:29,  2.79it/s] 87%|████████▋ | 536/616 [03:13<00:28,  2.85it/s] 87%|████████▋ | 537/616 [03:14<00:28,  2.79it/s] 87%|████████▋ | 538/616 [03:14<00:27,  2.82it/s] 88%|████████▊ | 539/616 [03:14<00:27,  2.77it/s] 88%|████████▊ | 540/616 [03:15<00:26,  2.84it/s] 88%|████████▊ | 541/616 [03:15<00:26,  2.81it/s] 88%|████████▊ | 542/616 [03:15<00:26,  2.81it/s] 88%|████████▊ | 543/616 [03:16<00:25,  2.81it/s] 88%|████████▊ | 544/616 [03:16<00:25,  2.84it/s] 88%|████████▊ | 545/616 [03:16<00:25,  2.84it/s] 89%|████████▊ | 546/616 [03:17<00:24,  2.83it/s] 89%|████████▉ | 547/616 [03:17<00:24,  2.82it/s] 89%|████████▉ | 548/616 [03:17<00:24,  2.82it/s] 89%|████████▉ | 549/616 [03:18<00:23,  2.85it/s] 89%|████████▉ | 550/616 [03:18<00:23,  2.82it/s] 89%|████████▉ | 551/616 [03:19<00:23,  2.82it/s] 90%|████████▉ | 552/616 [03:19<00:22,  2.83it/s] 90%|████████▉ | 553/616 [03:19<00:22,  2.81it/s] 90%|████████▉ | 554/616 [03:20<00:22,  2.81it/s] 90%|█████████ | 555/616 [03:20<00:21,  2.83it/s] 90%|█████████ | 556/616 [03:20<00:21,  2.74it/s] 90%|█████████ | 557/616 [03:21<00:20,  2.87it/s] 91%|█████████ | 558/616 [03:21<00:21,  2.71it/s] 91%|█████████ | 559/616 [03:21<00:20,  2.84it/s] 91%|█████████ | 560/616 [03:22<00:20,  2.80it/s] 91%|█████████ | 561/616 [03:22<00:19,  2.84it/s] 91%|█████████ | 562/616 [03:22<00:19,  2.80it/s] 91%|█████████▏| 563/616 [03:23<00:18,  2.80it/s] 92%|█████████▏| 564/616 [03:23<00:18,  2.83it/s] 92%|█████████▏| 565/616 [03:24<00:18,  2.79it/s] 92%|█████████▏| 566/616 [03:24<00:17,  2.84it/s] 92%|█████████▏| 567/616 [03:24<00:17,  2.82it/s] 92%|█████████▏| 568/616 [03:25<00:17,  2.82it/s] 92%|█████████▏| 569/616 [03:25<00:16,  2.79it/s] 93%|█████████▎| 570/616 [03:25<00:16,  2.83it/s] 93%|█████████▎| 571/616 [03:26<00:16,  2.77it/s] 93%|█████████▎| 572/616 [03:26<00:15,  2.83it/s] 93%|█████████▎| 573/616 [03:26<00:16,  2.58it/s] 93%|█████████▎| 574/616 [03:27<00:15,  2.75it/s] 93%|█████████▎| 575/616 [03:27<00:14,  2.81it/s] 94%|█████████▎| 576/616 [03:27<00:14,  2.77it/s] 94%|█████████▎| 577/616 [03:28<00:14,  2.77it/s] 94%|█████████▍| 578/616 [03:28<00:13,  2.81it/s] 94%|█████████▍| 579/616 [03:29<00:13,  2.78it/s] 94%|█████████▍| 580/616 [03:29<00:12,  2.83it/s] 94%|█████████▍| 581/616 [03:29<00:12,  2.77it/s] 94%|█████████▍| 582/616 [03:30<00:12,  2.74it/s] 95%|█████████▍| 583/616 [03:30<00:11,  2.78it/s] 95%|█████████▍| 584/616 [03:30<00:11,  2.83it/s] 95%|█████████▍| 585/616 [03:31<00:11,  2.81it/s] 95%|█████████▌| 586/616 [03:31<00:10,  2.77it/s] 95%|█████████▌| 587/616 [03:31<00:10,  2.74it/s] 95%|█████████▌| 588/616 [03:32<00:09,  2.81it/s] 96%|█████████▌| 589/616 [03:32<00:09,  2.83it/s] 96%|█████████▌| 590/616 [03:32<00:09,  2.79it/s] 96%|█████████▌| 591/616 [03:33<00:08,  2.82it/s] 96%|█████████▌| 592/616 [03:33<00:08,  2.85it/s] 96%|█████████▋| 593/616 [03:34<00:08,  2.82it/s] 96%|█████████▋| 594/616 [03:34<00:07,  2.80it/s] 97%|█████████▋| 595/616 [03:34<00:07,  2.82it/s] 97%|█████████▋| 596/616 [03:35<00:07,  2.81it/s] 97%|█████████▋| 597/616 [03:35<00:06,  2.80it/s] 97%|█████████▋| 598/616 [03:35<00:06,  2.76it/s] 97%|█████████▋| 599/616 [03:36<00:06,  2.80it/s] 97%|█████████▋| 600/616 [03:36<00:05,  2.83it/s] 98%|█████████▊| 601/616 [03:36<00:05,  2.79it/s] 98%|█████████▊| 602/616 [03:37<00:04,  2.81it/s] 98%|█████████▊| 603/616 [03:37<00:04,  2.83it/s] 98%|█████████▊| 604/616 [03:37<00:04,  2.80it/s] 98%|█████████▊| 605/616 [03:38<00:03,  2.80it/s] 98%|█████████▊| 606/616 [03:38<00:03,  2.83it/s] 99%|█████████▊| 607/616 [03:39<00:03,  2.80it/s] 99%|█████████▊| 608/616 [03:39<00:02,  2.81it/s] 99%|█████████▉| 609/616 [03:39<00:02,  2.77it/s] 99%|█████████▉| 610/616 [03:40<00:02,  2.86it/s] 99%|█████████▉| 611/616 [03:40<00:01,  2.82it/s] 99%|█████████▉| 612/616 [03:40<00:01,  2.83it/s]100%|█████████▉| 613/616 [03:41<00:01,  2.88it/s]100%|█████████▉| 614/616 [03:41<00:00,  2.81it/s]100%|█████████▉| 615/616 [03:41<00:00,  2.82it/s]100%|██████████| 616/616 [03:42<00:00,  3.06it/s]100%|██████████| 616/616 [03:42<00:00,  2.77it/s][2022-09-16 13:53:57,501][__main__][INFO] - Train Instance Accuracy: 0.662759
[2022-09-16 13:53:57,502][__main__][INFO] - loss: 1.192316

  0%|          | 0/155 [00:00<?, ?it/s]  1%|          | 1/155 [00:02<05:56,  2.32s/it]  1%|▏         | 2/155 [00:02<02:44,  1.08s/it]  2%|▏         | 3/155 [00:02<01:43,  1.47it/s]  3%|▎         | 4/155 [00:02<01:14,  2.03it/s]  3%|▎         | 5/155 [00:03<01:05,  2.30it/s]  4%|▍         | 6/155 [00:04<01:21,  1.83it/s]  5%|▍         | 7/155 [00:04<01:05,  2.27it/s]  5%|▌         | 8/155 [00:04<00:54,  2.69it/s]  6%|▌         | 9/155 [00:04<00:46,  3.11it/s]  6%|▋         | 10/155 [00:05<00:49,  2.91it/s]  7%|▋         | 11/155 [00:05<00:49,  2.92it/s]  8%|▊         | 12/155 [00:05<00:44,  3.19it/s]  8%|▊         | 13/155 [00:05<00:40,  3.54it/s]  9%|▉         | 14/155 [00:06<00:45,  3.11it/s] 10%|▉         | 15/155 [00:06<00:45,  3.05it/s] 10%|█         | 16/155 [00:06<00:43,  3.22it/s] 11%|█         | 17/155 [00:07<00:39,  3.53it/s] 12%|█▏        | 18/155 [00:07<00:44,  3.10it/s] 12%|█▏        | 19/155 [00:07<00:40,  3.33it/s] 13%|█▎        | 20/155 [00:08<00:38,  3.50it/s] 14%|█▎        | 21/155 [00:08<00:35,  3.81it/s] 14%|█▍        | 22/155 [00:08<00:44,  2.98it/s] 15%|█▍        | 23/155 [00:08<00:39,  3.33it/s] 15%|█▌        | 24/155 [00:09<00:35,  3.65it/s] 16%|█▌        | 25/155 [00:09<00:33,  3.93it/s] 17%|█▋        | 26/155 [00:09<00:36,  3.51it/s] 17%|█▋        | 27/155 [00:10<00:38,  3.31it/s] 18%|█▊        | 28/155 [00:10<00:37,  3.42it/s] 19%|█▊        | 29/155 [00:10<00:33,  3.72it/s] 19%|█▉        | 30/155 [00:11<00:39,  3.18it/s] 20%|██        | 31/155 [00:11<00:41,  2.99it/s] 21%|██        | 32/155 [00:11<00:36,  3.36it/s] 21%|██▏       | 33/155 [00:11<00:33,  3.67it/s] 22%|██▏       | 34/155 [00:12<00:38,  3.12it/s] 23%|██▎       | 35/155 [00:12<00:40,  2.98it/s] 23%|██▎       | 36/155 [00:12<00:35,  3.33it/s] 24%|██▍       | 37/155 [00:13<00:32,  3.62it/s] 25%|██▍       | 38/155 [00:13<00:39,  2.99it/s] 25%|██▌       | 39/155 [00:13<00:34,  3.40it/s] 26%|██▌       | 40/155 [00:13<00:31,  3.63it/s] 26%|██▋       | 41/155 [00:14<00:29,  3.92it/s] 27%|██▋       | 42/155 [00:14<00:34,  3.28it/s] 28%|██▊       | 43/155 [00:14<00:32,  3.43it/s] 28%|██▊       | 44/155 [00:15<00:29,  3.76it/s] 29%|██▉       | 45/155 [00:15<00:27,  3.95it/s] 30%|██▉       | 46/155 [00:15<00:32,  3.31it/s] 30%|███       | 47/155 [00:15<00:32,  3.33it/s] 31%|███       | 48/155 [00:16<00:28,  3.72it/s] 32%|███▏      | 49/155 [00:16<00:26,  3.99it/s] 32%|███▏      | 50/155 [00:16<00:32,  3.19it/s] 33%|███▎      | 51/155 [00:17<00:30,  3.41it/s] 34%|███▎      | 52/155 [00:17<00:27,  3.69it/s] 34%|███▍      | 53/155 [00:17<00:25,  3.97it/s] 35%|███▍      | 54/155 [00:17<00:30,  3.35it/s] 35%|███▌      | 55/155 [00:18<00:27,  3.63it/s] 36%|███▌      | 56/155 [00:18<00:26,  3.71it/s] 37%|███▋      | 57/155 [00:18<00:25,  3.91it/s] 37%|███▋      | 58/155 [00:19<00:30,  3.22it/s] 38%|███▊      | 59/155 [00:19<00:27,  3.51it/s] 39%|███▊      | 60/155 [00:19<00:25,  3.74it/s] 39%|███▉      | 61/155 [00:19<00:23,  3.95it/s] 40%|████      | 62/155 [00:20<00:30,  3.09it/s] 41%|████      | 63/155 [00:20<00:26,  3.43it/s] 41%|████▏     | 64/155 [00:20<00:24,  3.77it/s] 42%|████▏     | 65/155 [00:20<00:22,  4.08it/s] 43%|████▎     | 66/155 [00:21<00:27,  3.27it/s] 43%|████▎     | 67/155 [00:21<00:25,  3.47it/s] 44%|████▍     | 68/155 [00:21<00:22,  3.81it/s] 45%|████▍     | 69/155 [00:21<00:21,  3.97it/s] 45%|████▌     | 70/155 [00:22<00:25,  3.29it/s] 46%|████▌     | 71/155 [00:22<00:23,  3.63it/s] 46%|████▋     | 72/155 [00:22<00:21,  3.86it/s] 47%|████▋     | 73/155 [00:23<00:20,  3.95it/s] 48%|████▊     | 74/155 [00:23<00:25,  3.13it/s] 48%|████▊     | 75/155 [00:23<00:22,  3.54it/s] 49%|████▉     | 76/155 [00:23<00:20,  3.88it/s] 50%|████▉     | 77/155 [00:24<00:19,  4.09it/s] 50%|█████     | 78/155 [00:24<00:23,  3.31it/s] 51%|█████     | 79/155 [00:24<00:21,  3.47it/s] 52%|█████▏    | 80/155 [00:25<00:19,  3.79it/s] 52%|█████▏    | 81/155 [00:25<00:18,  3.96it/s] 53%|█████▎    | 82/155 [00:25<00:22,  3.26it/s] 54%|█████▎    | 83/155 [00:25<00:19,  3.65it/s] 54%|█████▍    | 84/155 [00:26<00:17,  3.95it/s] 55%|█████▍    | 85/155 [00:26<00:17,  4.03it/s] 55%|█████▌    | 86/155 [00:26<00:20,  3.41it/s] 56%|█████▌    | 87/155 [00:27<00:19,  3.41it/s] 57%|█████▋    | 88/155 [00:27<00:18,  3.72it/s] 57%|█████▋    | 89/155 [00:27<00:16,  3.98it/s] 58%|█████▊    | 90/155 [00:27<00:18,  3.45it/s] 59%|█████▊    | 91/155 [00:28<00:19,  3.36it/s] 59%|█████▉    | 92/155 [00:28<00:17,  3.70it/s] 60%|██████    | 93/155 [00:28<00:15,  3.99it/s] 61%|██████    | 94/155 [00:28<00:18,  3.37it/s] 61%|██████▏   | 95/155 [00:29<00:17,  3.41it/s] 62%|██████▏   | 96/155 [00:29<00:15,  3.76it/s] 63%|██████▎   | 97/155 [00:29<00:14,  4.03it/s] 63%|██████▎   | 98/155 [00:30<00:17,  3.26it/s] 64%|██████▍   | 99/155 [00:30<00:16,  3.48it/s] 65%|██████▍   | 100/155 [00:30<00:14,  3.83it/s] 65%|██████▌   | 101/155 [00:30<00:13,  3.92it/s] 66%|██████▌   | 102/155 [00:31<00:15,  3.43it/s] 66%|██████▋   | 103/155 [00:31<00:15,  3.29it/s] 67%|██████▋   | 104/155 [00:31<00:13,  3.69it/s] 68%|██████▊   | 105/155 [00:31<00:12,  3.98it/s] 68%|██████▊   | 106/155 [00:32<00:14,  3.30it/s] 69%|██████▉   | 107/155 [00:32<00:14,  3.35it/s] 70%|██████▉   | 108/155 [00:32<00:13,  3.62it/s] 70%|███████   | 109/155 [00:33<00:12,  3.64it/s] 71%|███████   | 110/155 [00:33<00:12,  3.54it/s] 72%|███████▏  | 111/155 [00:33<00:12,  3.46it/s] 72%|███████▏  | 112/155 [00:33<00:11,  3.72it/s] 73%|███████▎  | 113/155 [00:34<00:12,  3.50it/s] 74%|███████▎  | 114/155 [00:34<00:11,  3.62it/s] 74%|███████▍  | 115/155 [00:34<00:11,  3.46it/s] 75%|███████▍  | 116/155 [00:35<00:10,  3.71it/s] 75%|███████▌  | 117/155 [00:35<00:09,  3.94it/s] 76%|███████▌  | 118/155 [00:35<00:10,  3.60it/s] 77%|███████▋  | 119/155 [00:35<00:10,  3.49it/s] 77%|███████▋  | 120/155 [00:36<00:09,  3.80it/s] 78%|███████▊  | 121/155 [00:36<00:09,  3.46it/s] 79%|███████▊  | 122/155 [00:36<00:08,  3.78it/s] 79%|███████▉  | 123/155 [00:36<00:08,  3.57it/s] 80%|████████  | 124/155 [00:37<00:08,  3.86it/s] 81%|████████  | 125/155 [00:37<00:08,  3.58it/s] 81%|████████▏ | 126/155 [00:37<00:07,  3.83it/s] 82%|████████▏ | 127/155 [00:38<00:07,  3.51it/s] 83%|████████▎ | 128/155 [00:38<00:07,  3.81it/s] 83%|████████▎ | 129/155 [00:38<00:07,  3.42it/s] 84%|████████▍ | 130/155 [00:38<00:07,  3.43it/s] 85%|████████▍ | 131/155 [00:39<00:06,  3.77it/s] 85%|████████▌ | 132/155 [00:39<00:05,  3.91it/s] 86%|████████▌ | 133/155 [00:39<00:06,  3.18it/s] 86%|████████▋ | 134/155 [00:40<00:05,  3.52it/s] 87%|████████▋ | 135/155 [00:40<00:05,  3.80it/s] 88%|████████▊ | 136/155 [00:40<00:04,  4.04it/s] 88%|████████▊ | 137/155 [00:40<00:05,  3.30it/s] 89%|████████▉ | 138/155 [00:41<00:04,  3.50it/s] 90%|████████▉ | 139/155 [00:41<00:04,  3.83it/s] 90%|█████████ | 140/155 [00:41<00:03,  4.08it/s] 91%|█████████ | 141/155 [00:41<00:04,  3.34it/s] 92%|█████████▏| 142/155 [00:42<00:03,  3.58it/s] 92%|█████████▏| 143/155 [00:42<00:03,  3.72it/s] 93%|█████████▎| 144/155 [00:42<00:02,  4.04it/s] 94%|█████████▎| 145/155 [00:43<00:02,  3.53it/s] 94%|█████████▍| 146/155 [00:43<00:02,  3.31it/s] 95%|█████████▍| 147/155 [00:43<00:02,  3.68it/s] 95%|█████████▌| 148/155 [00:43<00:01,  4.01it/s] 96%|█████████▌| 149/155 [00:44<00:01,  3.74it/s] 97%|█████████▋| 150/155 [00:44<00:01,  3.42it/s] 97%|█████████▋| 151/155 [00:44<00:01,  3.72it/s] 98%|█████████▊| 152/155 [00:44<00:00,  3.97it/s] 99%|█████████▊| 153/155 [00:45<00:00,  4.23it/s] 99%|█████████▉| 154/155 [00:45<00:00,  4.45it/s]100%|██████████| 155/155 [00:45<00:00,  5.23it/s]100%|██████████| 155/155 [00:45<00:00,  3.41it/s][2022-09-16 13:54:43,290][__main__][INFO] - Test Instance Accuracy: 0.821774, Class Accuracy: 0.750550
[2022-09-16 13:54:43,290][__main__][INFO] - Best Instance Accuracy: 0.821774, Class Accuracy: 0.750550
[2022-09-16 13:54:43,291][tensorboardX.summary][INFO] - Summary name Test Acc is illegal; using Test_Acc instead.
[2022-09-16 13:54:43,291][__main__][INFO] - Save model...
[2022-09-16 13:54:43,292][__main__][INFO] - Saving at best_model.pth
[2022-09-16 13:54:43,609][__main__][INFO] - Epoch 10 (10/200):

  0%|          | 0/616 [00:00<?, ?it/s]  0%|          | 1/616 [00:01<20:16,  1.98s/it]  0%|          | 2/616 [00:02<07:11,  1.42it/s]  0%|          | 3/616 [00:02<03:58,  2.57it/s]  1%|          | 4/616 [00:03<03:49,  2.67it/s]  1%|          | 5/616 [00:03<05:36,  1.81it/s]  1%|          | 6/616 [00:04<04:25,  2.30it/s]  1%|          | 7/616 [00:04<03:45,  2.70it/s]  1%|▏         | 8/616 [00:04<03:40,  2.76it/s]  1%|▏         | 9/616 [00:05<03:39,  2.77it/s]  2%|▏         | 10/616 [00:05<03:39,  2.76it/s]  2%|▏         | 11/616 [00:06<03:37,  2.78it/s]  2%|▏         | 12/616 [00:06<03:39,  2.76it/s]  2%|▏         | 13/616 [00:06<03:39,  2.74it/s]  2%|▏         | 14/616 [00:07<03:34,  2.81it/s]  2%|▏         | 15/616 [00:07<03:34,  2.81it/s]  3%|▎         | 16/616 [00:07<03:40,  2.72it/s]  3%|▎         | 17/616 [00:08<03:35,  2.78it/s]  3%|▎         | 18/616 [00:08<03:31,  2.82it/s]  3%|▎         | 19/616 [00:08<03:35,  2.77it/s]  3%|▎         | 20/616 [00:09<03:35,  2.77it/s]  3%|▎         | 21/616 [00:09<03:35,  2.76it/s]  4%|▎         | 22/616 [00:10<03:34,  2.77it/s]  4%|▎         | 23/616 [00:10<03:53,  2.54it/s]  4%|▍         | 24/616 [00:10<03:33,  2.77it/s]  4%|▍         | 25/616 [00:11<03:33,  2.77it/s]  4%|▍         | 26/616 [00:11<03:36,  2.73it/s]  4%|▍         | 27/616 [00:11<03:29,  2.81it/s]  5%|▍         | 28/616 [00:12<03:34,  2.75it/s]  5%|▍         | 29/616 [00:12<03:35,  2.73it/s]  5%|▍         | 30/616 [00:12<03:35,  2.72it/s]  5%|▌         | 31/616 [00:13<03:32,  2.75it/s]  5%|▌         | 32/616 [00:13<03:28,  2.80it/s]  5%|▌         | 33/616 [00:14<03:27,  2.81it/s]  6%|▌         | 34/616 [00:14<03:32,  2.74it/s]  6%|▌         | 35/616 [00:14<03:28,  2.79it/s]  6%|▌         | 36/616 [00:15<03:31,  2.74it/s]  6%|▌         | 37/616 [00:15<03:23,  2.84it/s]  6%|▌         | 38/616 [00:15<03:27,  2.79it/s]  6%|▋         | 39/616 [00:16<03:24,  2.82it/s]  6%|▋         | 40/616 [00:16<03:23,  2.83it/s]  7%|▋         | 41/616 [00:16<03:24,  2.81it/s]  7%|▋         | 42/616 [00:17<03:26,  2.78it/s]  7%|▋         | 43/616 [00:17<03:26,  2.78it/s]  7%|▋         | 44/616 [00:17<03:23,  2.82it/s]  7%|▋         | 45/616 [00:18<03:22,  2.82it/s]  7%|▋         | 46/616 [00:18<03:23,  2.80it/s]  8%|▊         | 47/616 [00:19<03:24,  2.78it/s]  8%|▊         | 48/616 [00:19<03:21,  2.82it/s]  8%|▊         | 49/616 [00:19<03:22,  2.80it/s]  8%|▊         | 50/616 [00:20<03:22,  2.79it/s]  8%|▊         | 51/616 [00:20<03:20,  2.81it/s]  8%|▊         | 52/616 [00:20<03:22,  2.79it/s]  9%|▊         | 53/616 [00:21<03:19,  2.82it/s]  9%|▉         | 54/616 [00:21<03:17,  2.85it/s]  9%|▉         | 55/616 [00:21<03:18,  2.82it/s]  9%|▉         | 56/616 [00:22<03:21,  2.78it/s]  9%|▉         | 57/616 [00:22<03:17,  2.83it/s]  9%|▉         | 58/616 [00:22<03:17,  2.82it/s] 10%|▉         | 59/616 [00:23<03:20,  2.78it/s] 10%|▉         | 60/616 [00:23<03:17,  2.82it/s] 10%|▉         | 61/616 [00:24<03:19,  2.78it/s] 10%|█         | 62/616 [00:24<03:18,  2.79it/s] 10%|█         | 63/616 [00:24<03:15,  2.83it/s] 10%|█         | 64/616 [00:25<03:19,  2.76it/s] 11%|█         | 65/616 [00:25<03:12,  2.87it/s] 11%|█         | 66/616 [00:25<03:17,  2.79it/s] 11%|█         | 67/616 [00:26<03:17,  2.78it/s] 11%|█         | 68/616 [00:26<03:15,  2.80it/s] 11%|█         | 69/616 [00:26<03:14,  2.81it/s] 11%|█▏        | 70/616 [00:27<03:17,  2.77it/s] 12%|█▏        | 71/616 [00:27<03:13,  2.82it/s] 12%|█▏        | 72/616 [00:27<03:11,  2.84it/s] 12%|█▏        | 73/616 [00:28<03:13,  2.80it/s] 12%|█▏        | 74/616 [00:28<03:13,  2.81it/s] 12%|█▏        | 75/616 [00:29<03:14,  2.78it/s] 12%|█▏        | 76/616 [00:29<03:11,  2.81it/s] 12%|█▎        | 77/616 [00:29<03:09,  2.85it/s] 13%|█▎        | 78/616 [00:30<03:15,  2.75it/s] 13%|█▎        | 79/616 [00:30<03:12,  2.80it/s] 13%|█▎        | 80/616 [00:30<03:09,  2.82it/s] 13%|█▎        | 81/616 [00:31<03:09,  2.82it/s] 13%|█▎        | 82/616 [00:31<03:11,  2.79it/s] 13%|█▎        | 83/616 [00:31<03:09,  2.82it/s] 14%|█▎        | 84/616 [00:32<03:12,  2.76it/s] 14%|█▍        | 85/616 [00:32<03:07,  2.83it/s] 14%|█▍        | 86/616 [00:32<03:10,  2.79it/s] 14%|█▍        | 87/616 [00:33<03:12,  2.76it/s] 14%|█▍        | 88/616 [00:33<03:06,  2.83it/s] 14%|█▍        | 89/616 [00:34<03:08,  2.79it/s] 15%|█▍        | 90/616 [00:34<03:06,  2.82it/s] 15%|█▍        | 91/616 [00:34<03:09,  2.77it/s] 15%|█▍        | 92/616 [00:35<03:04,  2.84it/s] 15%|█▌        | 93/616 [00:35<03:11,  2.73it/s] 15%|█▌        | 94/616 [00:35<03:02,  2.86it/s] 15%|█▌        | 95/616 [00:36<03:08,  2.76it/s] 16%|█▌        | 96/616 [00:36<03:04,  2.83it/s] 16%|█▌        | 97/616 [00:36<03:09,  2.74it/s] 16%|█▌        | 98/616 [00:37<03:07,  2.76it/s] 16%|█▌        | 99/616 [00:37<03:05,  2.79it/s] 16%|█▌        | 100/616 [00:37<03:04,  2.80it/s] 16%|█▋        | 101/616 [00:38<03:03,  2.80it/s] 17%|█▋        | 102/616 [00:38<03:05,  2.77it/s] 17%|█▋        | 103/616 [00:39<03:05,  2.77it/s] 17%|█▋        | 104/616 [00:39<03:00,  2.83it/s] 17%|█▋        | 105/616 [00:39<03:03,  2.79it/s] 17%|█▋        | 106/616 [00:40<03:02,  2.80it/s] 17%|█▋        | 107/616 [00:40<03:05,  2.75it/s] 18%|█▊        | 108/616 [00:40<03:02,  2.79it/s] 18%|█▊        | 109/616 [00:41<02:59,  2.83it/s] 18%|█▊        | 110/616 [00:41<03:03,  2.75it/s] 18%|█▊        | 111/616 [00:41<03:04,  2.74it/s] 18%|█▊        | 112/616 [00:42<02:58,  2.82it/s] 18%|█▊        | 113/616 [00:42<02:57,  2.84it/s] 19%|█▊        | 114/616 [00:43<02:59,  2.79it/s] 19%|█▊        | 115/616 [00:43<03:00,  2.77it/s] 19%|█▉        | 116/616 [00:43<02:59,  2.79it/s] 19%|█▉        | 117/616 [00:44<02:56,  2.82it/s] 19%|█▉        | 118/616 [00:44<02:57,  2.81it/s] 19%|█▉        | 119/616 [00:44<03:00,  2.75it/s] 19%|█▉        | 120/616 [00:45<02:55,  2.82it/s] 20%|█▉        | 121/616 [00:45<02:53,  2.86it/s] 20%|█▉        | 122/616 [00:45<02:59,  2.75it/s] 20%|█▉        | 123/616 [00:46<03:01,  2.72it/s] 20%|██        | 124/616 [00:46<02:56,  2.78it/s] 20%|██        | 125/616 [00:46<02:52,  2.85it/s] 20%|██        | 126/616 [00:47<02:58,  2.75it/s] 21%|██        | 127/616 [00:47<02:55,  2.79it/s] 21%|██        | 128/616 [00:48<02:52,  2.82it/s] 21%|██        | 129/616 [00:48<02:54,  2.80it/s] 21%|██        | 130/616 [00:48<02:54,  2.78it/s] 21%|██▏       | 131/616 [00:49<02:56,  2.74it/s] 21%|██▏       | 132/616 [00:49<02:54,  2.78it/s] 22%|██▏       | 133/616 [00:49<02:50,  2.83it/s] 22%|██▏       | 134/616 [00:50<02:53,  2.78it/s] 22%|██▏       | 135/616 [00:50<02:50,  2.83it/s] 22%|██▏       | 136/616 [00:50<02:48,  2.84it/s] 22%|██▏       | 137/616 [00:51<02:51,  2.79it/s] 22%|██▏       | 138/616 [00:51<02:49,  2.82it/s] 23%|██▎       | 139/616 [00:51<02:50,  2.80it/s] 23%|██▎       | 140/616 [00:52<02:51,  2.77it/s] 23%|██▎       | 141/616 [00:52<02:53,  2.73it/s] 23%|██▎       | 142/616 [00:53<02:49,  2.80it/s] 23%|██▎       | 143/616 [00:53<02:50,  2.77it/s] 23%|██▎       | 144/616 [00:53<02:48,  2.80it/s] 24%|██▎       | 145/616 [00:54<02:50,  2.77it/s] 24%|██▎       | 146/616 [00:54<02:50,  2.76it/s] 24%|██▍       | 147/616 [00:54<02:53,  2.71it/s] 24%|██▍       | 148/616 [00:55<02:50,  2.74it/s] 24%|██▍       | 149/616 [00:55<02:51,  2.72it/s] 24%|██▍       | 150/616 [00:55<02:50,  2.74it/s] 25%|██▍       | 151/616 [00:56<02:45,  2.82it/s] 25%|██▍       | 152/616 [00:56<02:51,  2.71it/s] 25%|██▍       | 153/616 [00:57<02:47,  2.76it/s] 25%|██▌       | 154/616 [00:57<02:45,  2.79it/s] 25%|██▌       | 155/616 [00:57<02:46,  2.77it/s] 25%|██▌       | 156/616 [00:58<02:52,  2.66it/s] 25%|██▌       | 157/616 [00:58<02:49,  2.71it/s] 26%|██▌       | 158/616 [00:58<02:45,  2.77it/s] 26%|██▌       | 159/616 [00:59<02:44,  2.78it/s] 26%|██▌       | 160/616 [00:59<02:46,  2.74it/s] 26%|██▌       | 161/616 [00:59<02:45,  2.74it/s] 26%|██▋       | 162/616 [01:00<02:44,  2.76it/s] 26%|██▋       | 163/616 [01:00<02:42,  2.78it/s] 27%|██▋       | 164/616 [01:01<02:44,  2.75it/s] 27%|██▋       | 165/616 [01:01<02:44,  2.74it/s] 27%|██▋       | 166/616 [01:01<02:41,  2.79it/s] 27%|██▋       | 167/616 [01:02<02:42,  2.77it/s] 27%|██▋       | 168/616 [01:02<02:41,  2.78it/s] 27%|██▋       | 169/616 [01:02<02:42,  2.76it/s] 28%|██▊       | 170/616 [01:03<02:41,  2.75it/s] 28%|██▊       | 171/616 [01:03<02:41,  2.75it/s] 28%|██▊       | 172/616 [01:03<02:45,  2.68it/s] 28%|██▊       | 173/616 [01:04<02:43,  2.71it/s] 28%|██▊       | 174/616 [01:04<02:39,  2.78it/s] 28%|██▊       | 175/616 [01:05<02:38,  2.79it/s] 29%|██▊       | 176/616 [01:05<02:43,  2.70it/s] 29%|██▊       | 177/616 [01:05<02:40,  2.73it/s] 29%|██▉       | 178/616 [01:06<02:40,  2.73it/s] 29%|██▉       | 179/616 [01:06<02:38,  2.76it/s] 29%|██▉       | 180/616 [01:06<02:41,  2.69it/s] 29%|██▉       | 181/616 [01:07<02:39,  2.73it/s] 30%|██▉       | 182/616 [01:07<02:37,  2.75it/s] 30%|██▉       | 183/616 [01:07<02:30,  2.88it/s] 30%|██▉       | 184/616 [01:08<02:37,  2.74it/s] 30%|███       | 185/616 [01:08<02:34,  2.80it/s] 30%|███       | 186/616 [01:09<02:35,  2.76it/s] 30%|███       | 187/616 [01:09<02:33,  2.80it/s] 31%|███       | 188/616 [01:09<02:36,  2.73it/s] 31%|███       | 189/616 [01:10<02:35,  2.74it/s] 31%|███       | 190/616 [01:10<02:33,  2.77it/s] 31%|███       | 191/616 [01:10<02:33,  2.76it/s] 31%|███       | 192/616 [01:11<02:33,  2.77it/s] 31%|███▏      | 193/616 [01:11<02:35,  2.72it/s] 31%|███▏      | 194/616 [01:11<02:32,  2.77it/s] 32%|███▏      | 195/616 [01:12<02:34,  2.72it/s] 32%|███▏      | 196/616 [01:12<02:32,  2.75it/s] 32%|███▏      | 197/616 [01:13<02:53,  2.41it/s] 32%|███▏      | 198/616 [01:13<02:30,  2.77it/s] 32%|███▏      | 199/616 [01:13<02:32,  2.73it/s] 32%|███▏      | 200/616 [01:14<02:29,  2.78it/s] 33%|███▎      | 201/616 [01:14<02:27,  2.82it/s] 33%|███▎      | 202/616 [01:14<02:27,  2.80it/s] 33%|███▎      | 203/616 [01:15<02:28,  2.78it/s] 33%|███▎      | 204/616 [01:15<02:28,  2.78it/s] 33%|███▎      | 205/616 [01:15<02:25,  2.82it/s] 33%|███▎      | 206/616 [01:16<02:27,  2.77it/s] 34%|███▎      | 207/616 [01:16<02:26,  2.80it/s] 34%|███▍      | 208/616 [01:17<02:29,  2.72it/s] 34%|███▍      | 209/616 [01:17<02:26,  2.78it/s] 34%|███▍      | 210/616 [01:17<02:25,  2.80it/s] 34%|███▍      | 211/616 [01:18<02:26,  2.77it/s] 34%|███▍      | 212/616 [01:18<02:29,  2.70it/s] 35%|███▍      | 213/616 [01:18<02:21,  2.86it/s] 35%|███▍      | 214/616 [01:19<02:24,  2.79it/s] 35%|███▍      | 215/616 [01:19<02:24,  2.77it/s] 35%|███▌      | 216/616 [01:19<02:24,  2.77it/s] 35%|███▌      | 217/616 [01:20<02:24,  2.75it/s] 35%|███▌      | 218/616 [01:20<02:23,  2.77it/s] 36%|███▌      | 219/616 [01:20<02:20,  2.83it/s] 36%|███▌      | 220/616 [01:21<02:22,  2.77it/s] 36%|███▌      | 221/616 [01:21<02:22,  2.77it/s] 36%|███▌      | 222/616 [01:22<02:21,  2.79it/s] 36%|███▌      | 223/616 [01:22<02:24,  2.72it/s] 36%|███▋      | 224/616 [01:22<02:24,  2.72it/s] 37%|███▋      | 225/616 [01:23<02:22,  2.74it/s] 37%|███▋      | 226/616 [01:23<02:19,  2.79it/s] 37%|███▋      | 227/616 [01:23<02:22,  2.74it/s] 37%|███▋      | 228/616 [01:24<02:20,  2.76it/s] 37%|███▋      | 229/616 [01:24<02:18,  2.79it/s] 37%|███▋      | 230/616 [01:24<02:17,  2.80it/s] 38%|███▊      | 231/616 [01:25<02:16,  2.82it/s] 38%|███▊      | 232/616 [01:25<02:16,  2.81it/s] 38%|███▊      | 233/616 [01:26<02:18,  2.76it/s] 38%|███▊      | 234/616 [01:26<02:16,  2.80it/s] 38%|███▊      | 235/616 [01:26<02:19,  2.73it/s] 38%|███▊      | 236/616 [01:27<02:15,  2.80it/s] 38%|███▊      | 237/616 [01:27<02:16,  2.77it/s] 39%|███▊      | 238/616 [01:27<02:14,  2.80it/s] 39%|███▉      | 239/616 [01:28<02:16,  2.77it/s] 39%|███▉      | 240/616 [01:28<02:16,  2.75it/s] 39%|███▉      | 241/616 [01:28<02:15,  2.78it/s] 39%|███▉      | 242/616 [01:29<02:15,  2.76it/s] 39%|███▉      | 243/616 [01:29<02:16,  2.74it/s] 40%|███▉      | 244/616 [01:30<02:16,  2.73it/s] 40%|███▉      | 245/616 [01:30<02:14,  2.76it/s] 40%|███▉      | 246/616 [01:30<02:14,  2.75it/s] 40%|████      | 247/616 [01:31<02:11,  2.81it/s] 40%|████      | 248/616 [01:31<02:15,  2.71it/s] 40%|████      | 249/616 [01:31<02:12,  2.77it/s] 41%|████      | 250/616 [01:32<02:17,  2.66it/s] 41%|████      | 251/616 [01:32<02:11,  2.78it/s] 41%|████      | 252/616 [01:32<02:13,  2.73it/s] 41%|████      | 253/616 [01:33<02:13,  2.71it/s] 41%|████      | 254/616 [01:33<02:12,  2.73it/s] 41%|████▏     | 255/616 [01:34<02:10,  2.77it/s] 42%|████▏     | 256/616 [01:34<02:12,  2.72it/s] 42%|████▏     | 257/616 [01:34<02:10,  2.76it/s] 42%|████▏     | 258/616 [01:35<02:10,  2.73it/s] 42%|████▏     | 259/616 [01:35<02:07,  2.79it/s] 42%|████▏     | 260/616 [01:35<02:12,  2.69it/s] 42%|████▏     | 261/616 [01:36<02:09,  2.74it/s] 43%|████▎     | 262/616 [01:36<02:05,  2.82it/s] 43%|████▎     | 263/616 [01:36<02:04,  2.84it/s] 43%|████▎     | 264/616 [01:37<02:06,  2.78it/s] 43%|████▎     | 265/616 [01:37<02:09,  2.71it/s] 43%|████▎     | 266/616 [01:38<02:06,  2.77it/s] 43%|████▎     | 267/616 [01:38<02:06,  2.76it/s] 44%|████▎     | 268/616 [01:38<02:03,  2.81it/s] 44%|████▎     | 269/616 [01:39<02:01,  2.86it/s] 44%|████▍     | 270/616 [01:39<02:05,  2.76it/s] 44%|████▍     | 271/616 [01:39<02:02,  2.81it/s] 44%|████▍     | 272/616 [01:40<02:03,  2.79it/s] 44%|████▍     | 273/616 [01:40<02:03,  2.77it/s] 44%|████▍     | 274/616 [01:40<02:00,  2.83it/s] 45%|████▍     | 275/616 [01:41<02:03,  2.77it/s] 45%|████▍     | 276/616 [01:41<02:00,  2.83it/s] 45%|████▍     | 277/616 [01:41<01:59,  2.84it/s] 45%|████▌     | 278/616 [01:42<02:01,  2.77it/s] 45%|████▌     | 279/616 [01:42<01:58,  2.84it/s] 45%|████▌     | 280/616 [01:43<02:02,  2.75it/s] 46%|████▌     | 281/616 [01:43<02:01,  2.75it/s] 46%|████▌     | 282/616 [01:43<02:01,  2.76it/s] 46%|████▌     | 283/616 [01:44<02:01,  2.75it/s] 46%|████▌     | 284/616 [01:44<02:00,  2.75it/s] 46%|████▋     | 285/616 [01:44<02:01,  2.73it/s] 46%|████▋     | 286/616 [01:45<02:00,  2.74it/s] 47%|████▋     | 287/616 [01:45<01:57,  2.80it/s] 47%|████▋     | 288/616 [01:45<02:13,  2.45it/s] 47%|████▋     | 289/616 [01:46<01:59,  2.74it/s] 47%|████▋     | 290/616 [01:46<02:01,  2.69it/s] 47%|████▋     | 291/616 [01:47<01:58,  2.74it/s] 47%|████▋     | 292/616 [01:47<01:58,  2.72it/s] 48%|████▊     | 293/616 [01:47<01:58,  2.73it/s] 48%|████▊     | 294/616 [01:48<01:57,  2.74it/s] 48%|████▊     | 295/616 [01:48<01:56,  2.75it/s] 48%|████▊     | 296/616 [01:48<01:56,  2.75it/s] 48%|████▊     | 297/616 [01:49<01:58,  2.70it/s] 48%|████▊     | 298/616 [01:49<01:54,  2.79it/s] 49%|████▊     | 299/616 [01:49<01:53,  2.79it/s] 49%|████▊     | 300/616 [01:50<01:56,  2.71it/s] 49%|████▉     | 301/616 [01:50<01:54,  2.74it/s] 49%|████▉     | 302/616 [01:51<01:54,  2.75it/s] 49%|████▉     | 303/616 [01:51<01:54,  2.74it/s] 49%|████▉     | 304/616 [01:51<01:56,  2.68it/s] 50%|████▉     | 305/616 [01:52<01:49,  2.83it/s] 50%|████▉     | 306/616 [01:52<01:50,  2.79it/s] 50%|████▉     | 307/616 [01:52<01:51,  2.78it/s] 50%|█████     | 308/616 [01:53<01:53,  2.71it/s] 50%|█████     | 309/616 [01:53<01:49,  2.79it/s] 50%|█████     | 310/616 [01:53<01:51,  2.74it/s] 50%|█████     | 311/616 [01:54<01:47,  2.84it/s] 51%|█████     | 312/616 [01:54<01:50,  2.74it/s] 51%|█████     | 313/616 [01:55<01:48,  2.80it/s] 51%|█████     | 314/616 [01:55<01:49,  2.76it/s] 51%|█████     | 315/616 [01:55<01:47,  2.79it/s] 51%|█████▏    | 316/616 [01:56<01:46,  2.81it/s] 51%|█████▏    | 317/616 [01:56<01:45,  2.83it/s] 52%|█████▏    | 318/616 [01:56<01:45,  2.82it/s] 52%|█████▏    | 319/616 [01:57<01:49,  2.71it/s] 52%|█████▏    | 320/616 [01:57<01:45,  2.81it/s] 52%|█████▏    | 321/616 [01:57<01:42,  2.86it/s] 52%|█████▏    | 322/616 [01:58<01:46,  2.75it/s] 52%|█████▏    | 323/616 [01:58<01:45,  2.78it/s] 53%|█████▎    | 324/616 [01:58<01:43,  2.81it/s] 53%|█████▎    | 325/616 [01:59<01:44,  2.77it/s] 53%|█████▎    | 326/616 [01:59<01:44,  2.79it/s] 53%|█████▎    | 327/616 [02:00<01:41,  2.84it/s] 53%|█████▎    | 328/616 [02:00<01:48,  2.66it/s] 53%|█████▎    | 329/616 [02:00<01:42,  2.79it/s] 54%|█████▎    | 330/616 [02:01<01:42,  2.80it/s] 54%|█████▎    | 331/616 [02:01<01:40,  2.83it/s] 54%|█████▍    | 332/616 [02:01<01:42,  2.76it/s] 54%|█████▍    | 333/616 [02:02<01:43,  2.72it/s] 54%|█████▍    | 334/616 [02:02<01:40,  2.81it/s] 54%|█████▍    | 335/616 [02:02<01:40,  2.79it/s] 55%|█████▍    | 336/616 [02:03<01:41,  2.76it/s] 55%|█████▍    | 337/616 [02:03<01:37,  2.86it/s] 55%|█████▍    | 338/616 [02:04<01:38,  2.82it/s] 55%|█████▌    | 339/616 [02:04<01:40,  2.75it/s] 55%|█████▌    | 340/616 [02:04<01:38,  2.81it/s] 55%|█████▌    | 341/616 [02:05<01:36,  2.85it/s] 56%|█████▌    | 342/616 [02:05<01:39,  2.75it/s] 56%|█████▌    | 343/616 [02:05<01:37,  2.80it/s] 56%|█████▌    | 344/616 [02:06<01:36,  2.81it/s] 56%|█████▌    | 345/616 [02:06<01:35,  2.83it/s] 56%|█████▌    | 346/616 [02:06<01:37,  2.78it/s] 56%|█████▋    | 347/616 [02:07<01:38,  2.74it/s] 56%|█████▋    | 348/616 [02:07<01:34,  2.83it/s] 57%|█████▋    | 349/616 [02:07<01:33,  2.85it/s] 57%|█████▋    | 350/616 [02:08<01:37,  2.72it/s] 57%|█████▋    | 351/616 [02:08<01:35,  2.78it/s] 57%|█████▋    | 352/616 [02:09<01:36,  2.73it/s] 57%|█████▋    | 353/616 [02:09<01:35,  2.76it/s] 57%|█████▋    | 354/616 [02:09<01:34,  2.77it/s] 58%|█████▊    | 355/616 [02:10<01:33,  2.78it/s] 58%|█████▊    | 356/616 [02:10<01:33,  2.79it/s] 58%|█████▊    | 357/616 [02:10<01:31,  2.83it/s] 58%|█████▊    | 358/616 [02:11<01:33,  2.76it/s] 58%|█████▊    | 359/616 [02:11<01:32,  2.79it/s] 58%|█████▊    | 360/616 [02:11<01:30,  2.82it/s] 59%|█████▊    | 361/616 [02:12<01:31,  2.79it/s] 59%|█████▉    | 362/616 [02:12<01:29,  2.83it/s] 59%|█████▉    | 363/616 [02:12<01:31,  2.76it/s] 59%|█████▉    | 364/616 [02:13<01:33,  2.70it/s] 59%|█████▉    | 365/616 [02:13<01:29,  2.81it/s] 59%|█████▉    | 366/616 [02:14<01:30,  2.77it/s] 60%|█████▉    | 367/616 [02:14<01:29,  2.77it/s] 60%|█████▉    | 368/616 [02:14<01:28,  2.82it/s] 60%|█████▉    | 369/616 [02:15<01:27,  2.84it/s] 60%|██████    | 370/616 [02:15<01:28,  2.79it/s] 60%|██████    | 371/616 [02:15<01:28,  2.77it/s] 60%|██████    | 372/616 [02:16<01:27,  2.79it/s] 61%|██████    | 373/616 [02:16<01:27,  2.79it/s] 61%|██████    | 374/616 [02:16<01:29,  2.70it/s] 61%|██████    | 375/616 [02:17<01:25,  2.81it/s] 61%|██████    | 376/616 [02:17<01:24,  2.84it/s] 61%|██████    | 377/616 [02:18<01:25,  2.81it/s] 61%|██████▏   | 378/616 [02:18<01:29,  2.67it/s] 62%|██████▏   | 379/616 [02:18<01:25,  2.76it/s] 62%|██████▏   | 380/616 [02:19<01:23,  2.82it/s] 62%|██████▏   | 381/616 [02:19<01:24,  2.79it/s] 62%|██████▏   | 382/616 [02:19<01:23,  2.81it/s] 62%|██████▏   | 383/616 [02:20<01:23,  2.80it/s] 62%|██████▏   | 384/616 [02:20<01:23,  2.78it/s] 62%|██████▎   | 385/616 [02:20<01:22,  2.81it/s] 63%|██████▎   | 386/616 [02:21<01:22,  2.79it/s] 63%|██████▎   | 387/616 [02:21<01:20,  2.84it/s] 63%|██████▎   | 388/616 [02:21<01:21,  2.79it/s] 63%|██████▎   | 389/616 [02:22<01:21,  2.79it/s] 63%|██████▎   | 390/616 [02:22<01:20,  2.80it/s] 63%|██████▎   | 391/616 [02:23<01:19,  2.84it/s] 64%|██████▎   | 392/616 [02:23<01:21,  2.73it/s] 64%|██████▍   | 393/616 [02:23<01:17,  2.88it/s] 64%|██████▍   | 394/616 [02:24<01:19,  2.78it/s] 64%|██████▍   | 395/616 [02:24<01:20,  2.76it/s] 64%|██████▍   | 396/616 [02:24<01:22,  2.68it/s] 64%|██████▍   | 397/616 [02:25<01:19,  2.75it/s] 65%|██████▍   | 398/616 [02:25<01:17,  2.80it/s] 65%|██████▍   | 399/616 [02:25<01:18,  2.75it/s] 65%|██████▍   | 400/616 [02:26<01:20,  2.69it/s] 65%|██████▌   | 401/616 [02:26<01:18,  2.72it/s] 65%|██████▌   | 402/616 [02:27<01:17,  2.77it/s] 65%|██████▌   | 403/616 [02:27<01:16,  2.78it/s] 66%|██████▌   | 404/616 [02:27<01:16,  2.75it/s] 66%|██████▌   | 405/616 [02:28<01:14,  2.82it/s] 66%|██████▌   | 406/616 [02:28<01:16,  2.73it/s] 66%|██████▌   | 407/616 [02:28<01:15,  2.75it/s] 66%|██████▌   | 408/616 [02:29<01:16,  2.73it/s] 66%|██████▋   | 409/616 [02:29<01:14,  2.76it/s] 67%|██████▋   | 410/616 [02:29<01:13,  2.80it/s] 67%|██████▋   | 411/616 [02:30<01:14,  2.77it/s] 67%|██████▋   | 412/616 [02:30<01:13,  2.76it/s] 67%|██████▋   | 413/616 [02:31<01:12,  2.79it/s] 67%|██████▋   | 414/616 [02:31<01:12,  2.77it/s] 67%|██████▋   | 415/616 [02:31<01:12,  2.77it/s] 68%|██████▊   | 416/616 [02:32<01:13,  2.73it/s] 68%|██████▊   | 417/616 [02:32<01:13,  2.70it/s] 68%|██████▊   | 418/616 [02:32<01:13,  2.70it/s] 68%|██████▊   | 419/616 [02:33<01:10,  2.79it/s] 68%|██████▊   | 420/616 [02:33<01:10,  2.77it/s] 68%|██████▊   | 421/616 [02:33<01:11,  2.74it/s] 69%|██████▊   | 422/616 [02:34<01:13,  2.65it/s] 69%|██████▊   | 423/616 [02:34<01:09,  2.79it/s] 69%|██████▉   | 424/616 [02:35<01:11,  2.70it/s] 69%|██████▉   | 425/616 [02:35<01:09,  2.73it/s] 69%|██████▉   | 426/616 [02:35<01:08,  2.78it/s] 69%|██████▉   | 427/616 [02:36<01:07,  2.81it/s] 69%|██████▉   | 428/616 [02:36<01:07,  2.78it/s] 70%|██████▉   | 429/616 [02:36<01:07,  2.76it/s] 70%|██████▉   | 430/616 [02:37<01:07,  2.75it/s] 70%|██████▉   | 431/616 [02:37<01:06,  2.77it/s] 70%|███████   | 432/616 [02:37<01:07,  2.71it/s] 70%|███████   | 433/616 [02:38<01:07,  2.70it/s] 70%|███████   | 434/616 [02:38<01:06,  2.73it/s] 71%|███████   | 435/616 [02:39<01:04,  2.80it/s] 71%|███████   | 436/616 [02:39<01:06,  2.73it/s] 71%|███████   | 437/616 [02:39<01:04,  2.76it/s] 71%|███████   | 438/616 [02:40<01:06,  2.68it/s] 71%|███████▏  | 439/616 [02:40<01:03,  2.77it/s] 71%|███████▏  | 440/616 [02:40<01:04,  2.75it/s] 72%|███████▏  | 441/616 [02:41<01:03,  2.74it/s] 72%|███████▏  | 442/616 [02:41<01:02,  2.78it/s] 72%|███████▏  | 443/616 [02:41<01:02,  2.77it/s] 72%|███████▏  | 444/616 [02:42<01:05,  2.64it/s] 72%|███████▏  | 445/616 [02:42<01:03,  2.71it/s] 72%|███████▏  | 446/616 [02:43<01:01,  2.76it/s] 73%|███████▎  | 447/616 [02:43<01:00,  2.81it/s] 73%|███████▎  | 448/616 [02:43<01:01,  2.74it/s] 73%|███████▎  | 449/616 [02:44<01:02,  2.67it/s] 73%|███████▎  | 450/616 [02:44<00:59,  2.79it/s] 73%|███████▎  | 451/616 [02:44<00:59,  2.76it/s] 73%|███████▎  | 452/616 [02:45<01:00,  2.70it/s] 74%|███████▎  | 453/616 [02:45<00:59,  2.74it/s] 74%|███████▎  | 454/616 [02:45<00:59,  2.71it/s] 74%|███████▍  | 455/616 [02:46<00:58,  2.75it/s] 74%|███████▍  | 456/616 [02:46<01:05,  2.44it/s] 74%|███████▍  | 457/616 [02:47<00:59,  2.68it/s] 74%|███████▍  | 458/616 [02:47<00:58,  2.71it/s] 75%|███████▍  | 459/616 [02:47<00:55,  2.80it/s] 75%|███████▍  | 460/616 [02:48<00:57,  2.69it/s] 75%|███████▍  | 461/616 [02:48<00:56,  2.76it/s] 75%|███████▌  | 462/616 [02:48<00:56,  2.75it/s] 75%|███████▌  | 463/616 [02:49<00:55,  2.75it/s] 75%|███████▌  | 464/616 [02:49<00:55,  2.74it/s] 75%|███████▌  | 465/616 [02:50<00:55,  2.74it/s] 76%|███████▌  | 466/616 [02:50<00:55,  2.72it/s] 76%|███████▌  | 467/616 [02:50<00:53,  2.77it/s] 76%|███████▌  | 468/616 [02:51<00:53,  2.74it/s] 76%|███████▌  | 469/616 [02:51<00:53,  2.72it/s] 76%|███████▋  | 470/616 [02:51<00:53,  2.73it/s] 76%|███████▋  | 471/616 [02:52<00:52,  2.77it/s] 77%|███████▋  | 472/616 [02:52<00:53,  2.70it/s] 77%|███████▋  | 473/616 [02:52<00:51,  2.75it/s] 77%|███████▋  | 474/616 [02:53<00:51,  2.76it/s] 77%|███████▋  | 475/616 [02:53<00:50,  2.77it/s] 77%|███████▋  | 476/616 [02:54<00:50,  2.76it/s] 77%|███████▋  | 477/616 [02:54<00:50,  2.74it/s] 78%|███████▊  | 478/616 [02:54<00:49,  2.77it/s] 78%|███████▊  | 479/616 [02:55<00:47,  2.86it/s] 78%|███████▊  | 480/616 [02:55<00:50,  2.71it/s] 78%|███████▊  | 481/616 [02:55<00:49,  2.72it/s] 78%|███████▊  | 482/616 [02:56<00:48,  2.77it/s] 78%|███████▊  | 483/616 [02:56<00:47,  2.78it/s] 79%|███████▊  | 484/616 [02:56<00:47,  2.76it/s] 79%|███████▊  | 485/616 [02:57<00:47,  2.73it/s] 79%|███████▉  | 486/616 [02:57<00:46,  2.79it/s] 79%|███████▉  | 487/616 [02:58<00:45,  2.81it/s] 79%|███████▉  | 488/616 [02:58<00:46,  2.74it/s] 79%|███████▉  | 489/616 [02:58<00:46,  2.72it/s] 80%|███████▉  | 490/616 [02:59<00:45,  2.76it/s] 80%|███████▉  | 491/616 [02:59<00:44,  2.80it/s] 80%|███████▉  | 492/616 [02:59<00:45,  2.73it/s] 80%|████████  | 493/616 [03:00<00:44,  2.76it/s] 80%|████████  | 494/616 [03:00<00:43,  2.78it/s] 80%|████████  | 495/616 [03:00<00:44,  2.75it/s] 81%|████████  | 496/616 [03:01<00:44,  2.72it/s] 81%|████████  | 497/616 [03:01<00:42,  2.80it/s] 81%|████████  | 498/616 [03:01<00:42,  2.78it/s] 81%|████████  | 499/616 [03:02<00:41,  2.79it/s] 81%|████████  | 500/616 [03:02<00:42,  2.75it/s] 81%|████████▏ | 501/616 [03:03<00:42,  2.73it/s] 81%|████████▏ | 502/616 [03:03<00:40,  2.79it/s] 82%|████████▏ | 503/616 [03:03<00:40,  2.78it/s] 82%|████████▏ | 504/616 [03:04<00:41,  2.73it/s] 82%|████████▏ | 505/616 [03:04<00:40,  2.71it/s] 82%|████████▏ | 506/616 [03:04<00:39,  2.77it/s] 82%|████████▏ | 507/616 [03:05<00:39,  2.73it/s] 82%|████████▏ | 508/616 [03:05<00:39,  2.74it/s] 83%|████████▎ | 509/616 [03:05<00:39,  2.73it/s] 83%|████████▎ | 510/616 [03:06<00:37,  2.81it/s] 83%|████████▎ | 511/616 [03:06<00:38,  2.75it/s] 83%|████████▎ | 512/616 [03:07<00:37,  2.75it/s] 83%|████████▎ | 513/616 [03:07<00:38,  2.68it/s] 83%|████████▎ | 514/616 [03:07<00:36,  2.82it/s] 84%|████████▎ | 515/616 [03:08<00:36,  2.74it/s] 84%|████████▍ | 516/616 [03:08<00:36,  2.76it/s] 84%|████████▍ | 517/616 [03:08<00:36,  2.73it/s] 84%|████████▍ | 518/616 [03:09<00:35,  2.77it/s] 84%|████████▍ | 519/616 [03:09<00:34,  2.82it/s] 84%|████████▍ | 520/616 [03:09<00:34,  2.80it/s] 85%|████████▍ | 521/616 [03:10<00:34,  2.75it/s] 85%|████████▍ | 522/616 [03:10<00:34,  2.72it/s] 85%|████████▍ | 523/616 [03:11<00:33,  2.80it/s] 85%|████████▌ | 524/616 [03:11<00:33,  2.73it/s] 85%|████████▌ | 525/616 [03:11<00:32,  2.76it/s] 85%|████████▌ | 526/616 [03:12<00:32,  2.78it/s] 86%|████████▌ | 527/616 [03:12<00:31,  2.78it/s] 86%|████████▌ | 528/616 [03:12<00:32,  2.70it/s] 86%|████████▌ | 529/616 [03:13<00:31,  2.75it/s] 86%|████████▌ | 530/616 [03:13<00:31,  2.77it/s] 86%|████████▌ | 531/616 [03:13<00:29,  2.84it/s] 86%|████████▋ | 532/616 [03:14<00:31,  2.71it/s] 87%|████████▋ | 533/616 [03:14<00:30,  2.69it/s] 87%|████████▋ | 534/616 [03:15<00:29,  2.78it/s] 87%|████████▋ | 535/616 [03:15<00:28,  2.80it/s] 87%|████████▋ | 536/616 [03:15<00:29,  2.71it/s] 87%|████████▋ | 537/616 [03:16<00:28,  2.73it/s] 87%|████████▋ | 538/616 [03:16<00:28,  2.78it/s] 88%|████████▊ | 539/616 [03:16<00:26,  2.88it/s] 88%|████████▊ | 540/616 [03:17<00:27,  2.77it/s] 88%|████████▊ | 541/616 [03:17<00:27,  2.71it/s] 88%|████████▊ | 542/616 [03:17<00:26,  2.80it/s] 88%|████████▊ | 543/616 [03:18<00:26,  2.81it/s] 88%|████████▊ | 544/616 [03:18<00:26,  2.74it/s] 88%|████████▊ | 545/616 [03:19<00:25,  2.74it/s] 89%|████████▊ | 546/616 [03:19<00:25,  2.74it/s] 89%|████████▉ | 547/616 [03:19<00:26,  2.57it/s] 89%|████████▉ | 548/616 [03:20<00:24,  2.74it/s] 89%|████████▉ | 549/616 [03:20<00:25,  2.68it/s] 89%|████████▉ | 550/616 [03:20<00:23,  2.77it/s] 89%|████████▉ | 551/616 [03:21<00:23,  2.81it/s] 90%|████████▉ | 552/616 [03:21<00:23,  2.78it/s] 90%|████████▉ | 553/616 [03:21<00:22,  2.75it/s] 90%|████████▉ | 554/616 [03:22<00:21,  2.83it/s] 90%|█████████ | 555/616 [03:22<00:22,  2.77it/s] 90%|█████████ | 556/616 [03:23<00:21,  2.74it/s] 90%|█████████ | 557/616 [03:23<00:21,  2.69it/s] 91%|█████████ | 558/616 [03:23<00:20,  2.77it/s] 91%|█████████ | 559/616 [03:24<00:20,  2.77it/s] 91%|█████████ | 560/616 [03:24<00:20,  2.75it/s] 91%|█████████ | 561/616 [03:24<00:19,  2.76it/s] 91%|█████████ | 562/616 [03:25<00:19,  2.78it/s] 91%|█████████▏| 563/616 [03:25<00:19,  2.76it/s] 92%|█████████▏| 564/616 [03:25<00:19,  2.72it/s] 92%|█████████▏| 565/616 [03:26<00:18,  2.73it/s] 92%|█████████▏| 566/616 [03:26<00:17,  2.78it/s] 92%|█████████▏| 567/616 [03:27<00:17,  2.83it/s] 92%|█████████▏| 568/616 [03:27<00:17,  2.72it/s] 92%|█████████▏| 569/616 [03:27<00:17,  2.74it/s] 93%|█████████▎| 570/616 [03:28<00:16,  2.81it/s] 93%|█████████▎| 571/616 [03:28<00:16,  2.76it/s] 93%|█████████▎| 572/616 [03:28<00:15,  2.76it/s] 93%|█████████▎| 573/616 [03:29<00:15,  2.78it/s] 93%|█████████▎| 574/616 [03:29<00:15,  2.75it/s] 93%|█████████▎| 575/616 [03:29<00:14,  2.86it/s] 94%|█████████▎| 576/616 [03:30<00:14,  2.74it/s] 94%|█████████▎| 577/616 [03:30<00:14,  2.75it/s] 94%|█████████▍| 578/616 [03:31<00:13,  2.73it/s] 94%|█████████▍| 579/616 [03:31<00:13,  2.75it/s] 94%|█████████▍| 580/616 [03:31<00:13,  2.76it/s] 94%|█████████▍| 581/616 [03:32<00:12,  2.77it/s] 94%|█████████▍| 582/616 [03:32<00:12,  2.77it/s] 95%|█████████▍| 583/616 [03:32<00:11,  2.79it/s] 95%|█████████▍| 584/616 [03:33<00:11,  2.72it/s] 95%|█████████▍| 585/616 [03:33<00:11,  2.72it/s] 95%|█████████▌| 586/616 [03:33<00:10,  2.77it/s] 95%|█████████▌| 587/616 [03:34<00:10,  2.78it/s] 95%|█████████▌| 588/616 [03:34<00:10,  2.75it/s] 96%|█████████▌| 589/616 [03:34<00:09,  2.77it/s] 96%|█████████▌| 590/616 [03:35<00:09,  2.70it/s] 96%|█████████▌| 591/616 [03:35<00:08,  2.88it/s] 96%|█████████▌| 592/616 [03:36<00:08,  2.77it/s] 96%|█████████▋| 593/616 [03:36<00:08,  2.82it/s] 96%|█████████▋| 594/616 [03:36<00:07,  2.76it/s] 97%|█████████▋| 595/616 [03:37<00:07,  2.75it/s] 97%|█████████▋| 596/616 [03:37<00:07,  2.76it/s] 97%|█████████▋| 597/616 [03:37<00:06,  2.76it/s] 97%|█████████▋| 598/616 [03:38<00:06,  2.81it/s] 97%|█████████▋| 599/616 [03:38<00:06,  2.79it/s] 97%|█████████▋| 600/616 [03:38<00:05,  2.78it/s] 98%|█████████▊| 601/616 [03:39<00:05,  2.72it/s] 98%|█████████▊| 602/616 [03:39<00:04,  2.80it/s] 98%|█████████▊| 603/616 [03:40<00:04,  2.84it/s] 98%|█████████▊| 604/616 [03:40<00:04,  2.76it/s] 98%|█████████▊| 605/616 [03:40<00:04,  2.69it/s] 98%|█████████▊| 606/616 [03:41<00:03,  2.72it/s] 99%|█████████▊| 607/616 [03:41<00:03,  2.78it/s] 99%|█████████▊| 608/616 [03:41<00:02,  2.74it/s] 99%|█████████▉| 609/616 [03:42<00:02,  2.81it/s] 99%|█████████▉| 610/616 [03:42<00:02,  2.75it/s] 99%|█████████▉| 611/616 [03:42<00:01,  2.78it/s] 99%|█████████▉| 612/616 [03:43<00:01,  2.82it/s]100%|█████████▉| 613/616 [03:43<00:01,  2.77it/s]100%|█████████▉| 614/616 [03:43<00:00,  2.83it/s]100%|█████████▉| 615/616 [03:44<00:00,  2.85it/s]100%|██████████| 616/616 [03:44<00:00,  3.02it/s]100%|██████████| 616/616 [03:44<00:00,  2.74it/s][2022-09-16 13:58:28,800][__main__][INFO] - Train Instance Accuracy: 0.677100
[2022-09-16 13:58:28,801][__main__][INFO] - loss: 0.915986

  0%|          | 0/155 [00:00<?, ?it/s]  1%|          | 1/155 [00:02<05:12,  2.03s/it]  1%|▏         | 2/155 [00:02<02:26,  1.05it/s]  2%|▏         | 3/155 [00:02<01:42,  1.48it/s]  3%|▎         | 4/155 [00:02<01:14,  2.03it/s]  3%|▎         | 5/155 [00:03<01:27,  1.72it/s]  4%|▍         | 6/155 [00:03<01:08,  2.19it/s]  5%|▍         | 7/155 [00:03<00:55,  2.67it/s]  5%|▌         | 8/155 [00:04<00:47,  3.10it/s]  6%|▌         | 9/155 [00:04<00:57,  2.54it/s]  6%|▋         | 10/155 [00:04<00:49,  2.93it/s]  7%|▋         | 11/155 [00:05<00:44,  3.22it/s]  8%|▊         | 12/155 [00:05<00:41,  3.44it/s]  8%|▊         | 13/155 [00:06<01:00,  2.34it/s]  9%|▉         | 14/155 [00:06<00:51,  2.76it/s] 10%|▉         | 15/155 [00:06<00:44,  3.18it/s] 10%|█         | 16/155 [00:06<00:39,  3.53it/s] 11%|█         | 17/155 [00:07<00:52,  2.64it/s] 12%|█▏        | 18/155 [00:07<00:45,  3.04it/s] 12%|█▏        | 19/155 [00:07<00:39,  3.40it/s] 13%|█▎        | 20/155 [00:08<00:36,  3.70it/s] 14%|█▎        | 21/155 [00:08<00:40,  3.29it/s] 14%|█▍        | 22/155 [00:08<00:37,  3.56it/s] 15%|█▍        | 23/155 [00:09<00:43,  3.06it/s] 15%|█▌        | 24/155 [00:09<00:39,  3.34it/s] 16%|█▌        | 25/155 [00:09<00:45,  2.83it/s] 17%|█▋        | 26/155 [00:09<00:40,  3.22it/s] 17%|█▋        | 27/155 [00:10<00:39,  3.27it/s] 18%|█▊        | 28/155 [00:10<00:36,  3.45it/s] 19%|█▊        | 29/155 [00:11<00:47,  2.66it/s] 19%|█▉        | 30/155 [00:11<00:40,  3.06it/s] 20%|██        | 31/155 [00:11<00:44,  2.80it/s] 21%|██        | 32/155 [00:11<00:38,  3.23it/s] 21%|██▏       | 33/155 [00:12<00:43,  2.82it/s] 22%|██▏       | 34/155 [00:12<00:37,  3.20it/s] 23%|██▎       | 35/155 [00:12<00:36,  3.26it/s] 23%|██▎       | 36/155 [00:13<00:33,  3.58it/s] 24%|██▍       | 37/155 [00:13<00:33,  3.55it/s] 25%|██▍       | 38/155 [00:13<00:31,  3.75it/s] 25%|██▌       | 39/155 [00:14<00:33,  3.42it/s] 26%|██▌       | 40/155 [00:14<00:32,  3.59it/s] 26%|██▋       | 41/155 [00:14<00:31,  3.67it/s] 27%|██▋       | 42/155 [00:14<00:30,  3.75it/s] 28%|██▊       | 43/155 [00:15<00:35,  3.16it/s] 28%|██▊       | 44/155 [00:15<00:31,  3.50it/s] 29%|██▉       | 45/155 [00:15<00:28,  3.80it/s] 30%|██▉       | 46/155 [00:15<00:27,  3.95it/s] 30%|███       | 47/155 [00:16<00:32,  3.29it/s] 31%|███       | 48/155 [00:16<00:31,  3.36it/s] 32%|███▏      | 49/155 [00:16<00:29,  3.65it/s] 32%|███▏      | 50/155 [00:16<00:26,  3.91it/s] 33%|███▎      | 51/155 [00:17<00:33,  3.14it/s] 34%|███▎      | 52/155 [00:17<00:29,  3.47it/s] 34%|███▍      | 53/155 [00:17<00:26,  3.78it/s] 35%|███▍      | 54/155 [00:18<00:25,  3.96it/s] 35%|███▌      | 55/155 [00:18<00:30,  3.29it/s] 36%|███▌      | 56/155 [00:18<00:28,  3.53it/s] 37%|███▋      | 57/155 [00:18<00:25,  3.78it/s] 37%|███▋      | 58/155 [00:19<00:24,  4.02it/s] 38%|███▊      | 59/155 [00:19<00:30,  3.18it/s] 39%|███▊      | 60/155 [00:19<00:28,  3.34it/s] 39%|███▉      | 61/155 [00:20<00:25,  3.63it/s] 40%|████      | 62/155 [00:20<00:23,  3.94it/s] 41%|████      | 63/155 [00:20<00:26,  3.49it/s] 41%|████▏     | 64/155 [00:21<00:27,  3.26it/s] 42%|████▏     | 65/155 [00:21<00:25,  3.57it/s] 43%|████▎     | 66/155 [00:21<00:23,  3.85it/s] 43%|████▎     | 67/155 [00:22<00:29,  3.03it/s] 44%|████▍     | 68/155 [00:22<00:25,  3.37it/s] 45%|████▍     | 69/155 [00:22<00:23,  3.70it/s] 45%|████▌     | 70/155 [00:22<00:21,  3.94it/s] 46%|████▌     | 71/155 [00:23<00:25,  3.23it/s] 46%|████▋     | 72/155 [00:23<00:23,  3.51it/s] 47%|████▋     | 73/155 [00:23<00:21,  3.82it/s] 48%|████▊     | 74/155 [00:23<00:20,  3.98it/s] 48%|████▊     | 75/155 [00:24<00:24,  3.25it/s] 49%|████▉     | 76/155 [00:24<00:22,  3.45it/s] 50%|████▉     | 77/155 [00:24<00:20,  3.74it/s] 50%|█████     | 78/155 [00:24<00:19,  4.05it/s] 51%|█████     | 79/155 [00:25<00:23,  3.23it/s] 52%|█████▏    | 80/155 [00:25<00:22,  3.40it/s] 52%|█████▏    | 81/155 [00:25<00:20,  3.69it/s] 53%|█████▎    | 82/155 [00:25<00:18,  3.97it/s] 54%|█████▎    | 83/155 [00:26<00:22,  3.20it/s] 54%|█████▍    | 84/155 [00:26<00:20,  3.53it/s] 55%|█████▍    | 85/155 [00:26<00:18,  3.79it/s] 55%|█████▌    | 86/155 [00:27<00:17,  4.03it/s] 56%|█████▌    | 87/155 [00:27<00:22,  3.08it/s] 57%|█████▋    | 88/155 [00:27<00:19,  3.45it/s] 57%|█████▋    | 89/155 [00:28<00:17,  3.74it/s] 58%|█████▊    | 90/155 [00:28<00:16,  4.00it/s] 59%|█████▊    | 91/155 [00:28<00:20,  3.15it/s] 59%|█████▉    | 92/155 [00:28<00:18,  3.39it/s] 60%|██████    | 93/155 [00:29<00:16,  3.69it/s] 61%|██████    | 94/155 [00:29<00:15,  4.02it/s] 61%|██████▏   | 95/155 [00:29<00:18,  3.26it/s] 62%|██████▏   | 96/155 [00:30<00:17,  3.47it/s] 63%|██████▎   | 97/155 [00:30<00:15,  3.77it/s] 63%|██████▎   | 98/155 [00:30<00:14,  4.00it/s] 64%|██████▍   | 99/155 [00:30<00:17,  3.17it/s] 65%|██████▍   | 100/155 [00:31<00:16,  3.36it/s] 65%|██████▌   | 101/155 [00:31<00:14,  3.71it/s] 66%|██████▌   | 102/155 [00:31<00:13,  3.98it/s] 66%|██████▋   | 103/155 [00:32<00:16,  3.18it/s] 67%|██████▋   | 104/155 [00:32<00:15,  3.39it/s] 68%|██████▊   | 105/155 [00:32<00:13,  3.70it/s] 68%|██████▊   | 106/155 [00:32<00:12,  4.02it/s] 69%|██████▉   | 107/155 [00:33<00:14,  3.21it/s] 70%|██████▉   | 108/155 [00:33<00:13,  3.49it/s] 70%|███████   | 109/155 [00:33<00:11,  3.84it/s] 71%|███████   | 110/155 [00:33<00:11,  4.06it/s] 72%|███████▏  | 111/155 [00:34<00:12,  3.39it/s] 72%|███████▏  | 112/155 [00:34<00:12,  3.38it/s] 73%|███████▎  | 113/155 [00:34<00:11,  3.70it/s] 74%|███████▎  | 114/155 [00:34<00:10,  3.97it/s] 74%|███████▍  | 115/155 [00:35<00:12,  3.10it/s] 75%|███████▍  | 116/155 [00:35<00:11,  3.46it/s] 75%|███████▌  | 117/155 [00:35<00:10,  3.76it/s] 76%|███████▌  | 118/155 [00:36<00:09,  4.04it/s] 77%|███████▋  | 119/155 [00:36<00:11,  3.14it/s] 77%|███████▋  | 120/155 [00:36<00:09,  3.53it/s] 78%|███████▊  | 121/155 [00:36<00:09,  3.77it/s] 79%|███████▊  | 122/155 [00:37<00:08,  4.04it/s] 79%|███████▉  | 123/155 [00:37<00:08,  3.59it/s] 80%|████████  | 124/155 [00:37<00:09,  3.27it/s] 81%|████████  | 125/155 [00:38<00:08,  3.61it/s] 81%|████████▏ | 126/155 [00:38<00:07,  3.88it/s] 82%|████████▏ | 127/155 [00:38<00:08,  3.13it/s] 83%|████████▎ | 128/155 [00:38<00:07,  3.49it/s] 83%|████████▎ | 129/155 [00:39<00:06,  3.84it/s] 84%|████████▍ | 130/155 [00:39<00:06,  4.10it/s] 85%|████████▍ | 131/155 [00:39<00:07,  3.14it/s] 85%|████████▌ | 132/155 [00:40<00:06,  3.46it/s] 86%|████████▌ | 133/155 [00:40<00:05,  3.72it/s] 86%|████████▋ | 134/155 [00:40<00:05,  3.98it/s] 87%|████████▋ | 135/155 [00:40<00:06,  3.24it/s] 88%|████████▊ | 136/155 [00:41<00:05,  3.59it/s] 88%|████████▊ | 137/155 [00:41<00:04,  3.86it/s] 89%|████████▉ | 138/155 [00:41<00:04,  4.08it/s] 90%|████████▉ | 139/155 [00:42<00:04,  3.33it/s] 90%|█████████ | 140/155 [00:42<00:04,  3.45it/s] 91%|█████████ | 141/155 [00:42<00:03,  3.74it/s] 92%|█████████▏| 142/155 [00:42<00:03,  3.99it/s] 92%|█████████▏| 143/155 [00:43<00:03,  3.09it/s] 93%|█████████▎| 144/155 [00:43<00:03,  3.45it/s] 94%|█████████▎| 145/155 [00:43<00:02,  3.78it/s] 94%|█████████▍| 146/155 [00:43<00:02,  4.04it/s] 95%|█████████▍| 147/155 [00:44<00:02,  3.24it/s] 95%|█████████▌| 148/155 [00:44<00:02,  3.38it/s] 96%|█████████▌| 149/155 [00:44<00:01,  3.70it/s] 97%|█████████▋| 150/155 [00:44<00:01,  3.97it/s] 97%|█████████▋| 151/155 [00:45<00:00,  4.19it/s] 98%|█████████▊| 152/155 [00:45<00:00,  4.32it/s] 99%|█████████▊| 153/155 [00:45<00:00,  4.44it/s] 99%|█████████▉| 154/155 [00:45<00:00,  4.49it/s]100%|██████████| 155/155 [00:45<00:00,  5.13it/s]100%|██████████| 155/155 [00:46<00:00,  3.36it/s][2022-09-16 13:59:15,242][__main__][INFO] - Test Instance Accuracy: 0.800000, Class Accuracy: 0.748478
[2022-09-16 13:59:15,242][__main__][INFO] - Best Instance Accuracy: 0.821774, Class Accuracy: 0.750550
[2022-09-16 13:59:15,243][tensorboardX.summary][INFO] - Summary name Test Acc is illegal; using Test_Acc instead.
[2022-09-16 13:59:15,244][__main__][INFO] - Epoch 11 (11/200):

  0%|          | 0/616 [00:00<?, ?it/s]  0%|          | 1/616 [00:01<18:02,  1.76s/it]  0%|          | 2/616 [00:02<05:02,  2.03it/s]  0%|          | 3/616 [00:02<05:07,  1.99it/s]  1%|          | 4/616 [00:02<03:48,  2.67it/s]  1%|          | 5/616 [00:03<06:20,  1.61it/s]  1%|          | 6/616 [00:04<04:00,  2.54it/s]  1%|          | 7/616 [00:04<03:41,  2.74it/s]  1%|▏         | 8/616 [00:04<03:45,  2.70it/s]  1%|▏         | 9/616 [00:05<06:47,  1.49it/s]  2%|▏         | 10/616 [00:05<04:00,  2.52it/s]  2%|▏         | 11/616 [00:06<03:38,  2.76it/s]  2%|▏         | 12/616 [00:06<03:39,  2.75it/s]  2%|▏         | 13/616 [00:06<03:35,  2.80it/s]  2%|▏         | 14/616 [00:07<03:36,  2.79it/s]  2%|▏         | 15/616 [00:07<03:57,  2.53it/s]  3%|▎         | 16/616 [00:08<03:40,  2.72it/s]  3%|▎         | 17/616 [00:08<03:39,  2.73it/s]  3%|▎         | 18/616 [00:08<03:36,  2.76it/s]  3%|▎         | 19/616 [00:09<03:39,  2.72it/s]  3%|▎         | 20/616 [00:09<03:32,  2.81it/s]  3%|▎         | 21/616 [00:09<03:40,  2.70it/s]  4%|▎         | 22/616 [00:10<03:35,  2.75it/s]  4%|▎         | 23/616 [00:10<03:31,  2.80it/s]  4%|▍         | 24/616 [00:10<03:33,  2.77it/s]  4%|▍         | 25/616 [00:11<03:34,  2.76it/s]  4%|▍         | 26/616 [00:11<03:32,  2.78it/s]  4%|▍         | 27/616 [00:12<03:34,  2.75it/s]  5%|▍         | 28/616 [00:12<03:31,  2.78it/s]  5%|▍         | 29/616 [00:12<03:32,  2.76it/s]  5%|▍         | 30/616 [00:13<03:29,  2.79it/s]  5%|▌         | 31/616 [00:13<03:28,  2.81it/s]  5%|▌         | 32/616 [00:13<03:30,  2.78it/s]  5%|▌         | 33/616 [00:14<03:30,  2.77it/s]  6%|▌         | 34/616 [00:14<03:30,  2.76it/s]  6%|▌         | 35/616 [00:14<03:30,  2.76it/s]  6%|▌         | 36/616 [00:15<03:30,  2.76it/s]  6%|▌         | 37/616 [00:15<03:25,  2.82it/s]  6%|▌         | 38/616 [00:15<03:30,  2.74it/s]  6%|▋         | 39/616 [00:16<03:28,  2.77it/s]  6%|▋         | 40/616 [00:16<03:25,  2.80it/s]  7%|▋         | 41/616 [00:17<03:31,  2.72it/s]  7%|▋         | 42/616 [00:17<03:28,  2.75it/s]  7%|▋         | 43/616 [00:17<03:25,  2.78it/s]  7%|▋         | 44/616 [00:18<03:28,  2.74it/s]  7%|▋         | 45/616 [00:18<03:29,  2.72it/s]  7%|▋         | 46/616 [00:18<03:26,  2.76it/s]  8%|▊         | 47/616 [00:19<03:22,  2.81it/s]  8%|▊         | 48/616 [00:19<03:25,  2.76it/s]  8%|▊         | 49/616 [00:19<03:27,  2.74it/s]  8%|▊         | 50/616 [00:20<03:29,  2.70it/s]  8%|▊         | 51/616 [00:20<03:23,  2.77it/s]  8%|▊         | 52/616 [00:21<03:22,  2.78it/s]  9%|▊         | 53/616 [00:21<03:26,  2.73it/s]  9%|▉         | 54/616 [00:21<03:26,  2.73it/s]  9%|▉         | 55/616 [00:22<03:21,  2.79it/s]  9%|▉         | 56/616 [00:22<03:19,  2.80it/s]  9%|▉         | 57/616 [00:22<03:25,  2.71it/s]  9%|▉         | 58/616 [00:23<03:25,  2.71it/s] 10%|▉         | 59/616 [00:23<03:20,  2.78it/s] 10%|▉         | 60/616 [00:23<03:22,  2.75it/s] 10%|▉         | 61/616 [00:24<03:21,  2.76it/s] 10%|█         | 62/616 [00:24<03:24,  2.70it/s] 10%|█         | 63/616 [00:25<03:18,  2.79it/s] 10%|█         | 64/616 [00:25<03:19,  2.76it/s] 11%|█         | 65/616 [00:25<03:22,  2.72it/s] 11%|█         | 66/616 [00:26<03:19,  2.76it/s] 11%|█         | 67/616 [00:26<03:19,  2.76it/s] 11%|█         | 68/616 [00:26<03:18,  2.76it/s] 11%|█         | 69/616 [00:27<03:18,  2.75it/s] 11%|█▏        | 70/616 [00:27<03:17,  2.76it/s] 12%|█▏        | 71/616 [00:27<03:20,  2.72it/s] 12%|█▏        | 72/616 [00:28<03:15,  2.78it/s] 12%|█▏        | 73/616 [00:28<03:18,  2.74it/s] 12%|█▏        | 74/616 [00:29<03:17,  2.75it/s] 12%|█▏        | 75/616 [00:29<03:14,  2.79it/s] 12%|█▏        | 76/616 [00:29<03:14,  2.77it/s] 12%|█▎        | 77/616 [00:30<03:15,  2.76it/s] 13%|█▎        | 78/616 [00:30<03:18,  2.71it/s] 13%|█▎        | 79/616 [00:30<03:11,  2.80it/s] 13%|█▎        | 80/616 [00:31<03:13,  2.77it/s] 13%|█▎        | 81/616 [00:31<03:11,  2.80it/s] 13%|█▎        | 82/616 [00:31<03:11,  2.79it/s] 13%|█▎        | 83/616 [00:32<03:19,  2.67it/s] 14%|█▎        | 84/616 [00:32<03:12,  2.76it/s] 14%|█▍        | 85/616 [00:33<03:15,  2.72it/s] 14%|█▍        | 86/616 [00:33<03:12,  2.76it/s] 14%|█▍        | 87/616 [00:33<03:14,  2.72it/s] 14%|█▍        | 88/616 [00:34<03:11,  2.76it/s] 14%|█▍        | 89/616 [00:34<03:10,  2.77it/s] 15%|█▍        | 90/616 [00:34<03:10,  2.76it/s] 15%|█▍        | 91/616 [00:35<03:08,  2.78it/s] 15%|█▍        | 92/616 [00:35<03:08,  2.77it/s] 15%|█▌        | 93/616 [00:35<03:10,  2.75it/s] 15%|█▌        | 94/616 [00:36<03:09,  2.75it/s] 15%|█▌        | 95/616 [00:36<03:09,  2.74it/s] 16%|█▌        | 96/616 [00:37<03:11,  2.72it/s] 16%|█▌        | 97/616 [00:37<03:08,  2.75it/s] 16%|█▌        | 98/616 [00:37<03:12,  2.69it/s] 16%|█▌        | 99/616 [00:38<03:05,  2.79it/s] 16%|█▌        | 100/616 [00:38<03:08,  2.74it/s] 16%|█▋        | 101/616 [00:38<03:06,  2.76it/s] 17%|█▋        | 102/616 [00:39<03:05,  2.77it/s] 17%|█▋        | 103/616 [00:39<03:02,  2.82it/s] 17%|█▋        | 104/616 [00:39<03:05,  2.76it/s] 17%|█▋        | 105/616 [00:40<03:03,  2.79it/s] 17%|█▋        | 106/616 [00:40<03:25,  2.48it/s] 17%|█▋        | 107/616 [00:41<03:09,  2.69it/s] 18%|█▊        | 108/616 [00:41<03:04,  2.75it/s] 18%|█▊        | 109/616 [00:41<03:01,  2.79it/s] 18%|█▊        | 110/616 [00:42<02:59,  2.83it/s] 18%|█▊        | 111/616 [00:42<03:00,  2.80it/s] 18%|█▊        | 112/616 [00:42<03:02,  2.77it/s] 18%|█▊        | 113/616 [00:43<02:59,  2.81it/s] 19%|█▊        | 114/616 [00:43<02:59,  2.80it/s] 19%|█▊        | 115/616 [00:43<03:00,  2.77it/s] 19%|█▉        | 116/616 [00:44<03:03,  2.73it/s] 19%|█▉        | 117/616 [00:44<03:00,  2.76it/s] 19%|█▉        | 118/616 [00:45<03:00,  2.76it/s] 19%|█▉        | 119/616 [00:45<03:00,  2.76it/s] 19%|█▉        | 120/616 [00:45<02:56,  2.81it/s] 20%|█▉        | 121/616 [00:46<02:59,  2.75it/s] 20%|█▉        | 122/616 [00:46<03:04,  2.68it/s] 20%|█▉        | 123/616 [00:46<03:03,  2.68it/s] 20%|██        | 124/616 [00:47<02:56,  2.78it/s] 20%|██        | 125/616 [00:47<03:04,  2.67it/s] 20%|██        | 126/616 [00:47<02:56,  2.77it/s] 21%|██        | 127/616 [00:48<02:56,  2.77it/s] 21%|██        | 128/616 [00:48<02:50,  2.87it/s] 21%|██        | 129/616 [00:49<02:54,  2.78it/s] 21%|██        | 130/616 [00:49<03:00,  2.70it/s] 21%|██▏       | 131/616 [00:49<02:57,  2.74it/s] 21%|██▏       | 132/616 [00:50<02:53,  2.80it/s] 22%|██▏       | 133/616 [00:50<02:56,  2.74it/s] 22%|██▏       | 134/616 [00:50<02:56,  2.73it/s] 22%|██▏       | 135/616 [00:51<02:58,  2.70it/s] 22%|██▏       | 136/616 [00:51<02:51,  2.80it/s] 22%|██▏       | 137/616 [00:51<02:53,  2.77it/s] 22%|██▏       | 138/616 [00:52<02:51,  2.79it/s] 23%|██▎       | 139/616 [00:52<02:54,  2.74it/s] 23%|██▎       | 140/616 [00:53<02:51,  2.78it/s] 23%|██▎       | 141/616 [00:53<02:51,  2.77it/s] 23%|██▎       | 142/616 [00:53<02:51,  2.77it/s] 23%|██▎       | 143/616 [00:54<02:56,  2.69it/s] 23%|██▎       | 144/616 [00:54<02:48,  2.80it/s] 24%|██▎       | 145/616 [00:54<02:50,  2.77it/s] 24%|██▎       | 146/616 [00:55<02:50,  2.75it/s] 24%|██▍       | 147/616 [00:55<02:48,  2.78it/s] 24%|██▍       | 148/616 [00:55<02:49,  2.76it/s] 24%|██▍       | 149/616 [00:56<02:49,  2.75it/s] 24%|██▍       | 150/616 [00:56<02:49,  2.75it/s] 25%|██▍       | 151/616 [00:56<02:44,  2.83it/s] 25%|██▍       | 152/616 [00:57<02:45,  2.80it/s] 25%|██▍       | 153/616 [00:57<02:47,  2.77it/s] 25%|██▌       | 154/616 [00:58<02:47,  2.76it/s] 25%|██▌       | 155/616 [00:58<02:50,  2.70it/s] 25%|██▌       | 156/616 [00:58<02:43,  2.81it/s] 25%|██▌       | 157/616 [00:59<02:47,  2.73it/s] 26%|██▌       | 158/616 [00:59<02:44,  2.78it/s] 26%|██▌       | 159/616 [00:59<02:50,  2.68it/s] 26%|██▌       | 160/616 [01:00<02:39,  2.85it/s] 26%|██▌       | 161/616 [01:00<02:40,  2.83it/s] 26%|██▋       | 162/616 [01:00<02:44,  2.76it/s] 26%|██▋       | 163/616 [01:01<02:44,  2.76it/s] 27%|██▋       | 164/616 [01:01<02:40,  2.82it/s] 27%|██▋       | 165/616 [01:02<02:45,  2.72it/s] 27%|██▋       | 166/616 [01:02<02:40,  2.80it/s] 27%|██▋       | 167/616 [01:02<02:37,  2.85it/s] 27%|██▋       | 168/616 [01:03<02:41,  2.78it/s] 27%|██▋       | 169/616 [01:03<02:39,  2.80it/s] 28%|██▊       | 170/616 [01:03<02:41,  2.76it/s] 28%|██▊       | 171/616 [01:04<02:41,  2.75it/s] 28%|██▊       | 172/616 [01:04<02:38,  2.80it/s] 28%|██▊       | 173/616 [01:04<02:41,  2.73it/s] 28%|██▊       | 174/616 [01:05<02:41,  2.73it/s] 28%|██▊       | 175/616 [01:05<02:40,  2.75it/s] 29%|██▊       | 176/616 [01:06<02:39,  2.75it/s] 29%|██▊       | 177/616 [01:06<02:40,  2.73it/s] 29%|██▉       | 178/616 [01:06<02:37,  2.78it/s] 29%|██▉       | 179/616 [01:07<02:43,  2.67it/s] 29%|██▉       | 180/616 [01:07<02:33,  2.83it/s] 29%|██▉       | 181/616 [01:07<02:38,  2.74it/s] 30%|██▉       | 182/616 [01:08<02:36,  2.77it/s] 30%|██▉       | 183/616 [01:08<02:33,  2.82it/s] 30%|██▉       | 184/616 [01:08<02:33,  2.81it/s] 30%|███       | 185/616 [01:09<02:40,  2.69it/s] 30%|███       | 186/616 [01:09<02:35,  2.76it/s] 30%|███       | 187/616 [01:09<02:35,  2.76it/s] 31%|███       | 188/616 [01:10<02:36,  2.74it/s] 31%|███       | 189/616 [01:10<02:37,  2.71it/s] 31%|███       | 190/616 [01:11<02:33,  2.78it/s] 31%|███       | 191/616 [01:11<02:37,  2.71it/s] 31%|███       | 192/616 [01:11<02:34,  2.74it/s] 31%|███▏      | 193/616 [01:12<02:33,  2.75it/s] 31%|███▏      | 194/616 [01:12<02:33,  2.75it/s] 32%|███▏      | 195/616 [01:12<02:31,  2.78it/s] 32%|███▏      | 196/616 [01:13<02:30,  2.79it/s] 32%|███▏      | 197/616 [01:13<02:32,  2.74it/s] 32%|███▏      | 198/616 [01:13<02:31,  2.75it/s] 32%|███▏      | 199/616 [01:14<02:28,  2.80it/s] 32%|███▏      | 200/616 [01:14<02:24,  2.87it/s] 33%|███▎      | 201/616 [01:15<02:31,  2.73it/s] 33%|███▎      | 202/616 [01:15<02:30,  2.75it/s] 33%|███▎      | 203/616 [01:15<02:30,  2.74it/s] 33%|███▎      | 204/616 [01:16<02:26,  2.81it/s] 33%|███▎      | 205/616 [01:16<02:28,  2.77it/s] 33%|███▎      | 206/616 [01:16<02:30,  2.72it/s] 34%|███▎      | 207/616 [01:17<02:26,  2.80it/s] 34%|███▍      | 208/616 [01:17<02:27,  2.77it/s] 34%|███▍      | 209/616 [01:17<02:31,  2.68it/s] 34%|███▍      | 210/616 [01:18<02:27,  2.76it/s] 34%|███▍      | 211/616 [01:18<02:27,  2.75it/s] 34%|███▍      | 212/616 [01:19<02:26,  2.76it/s] 35%|███▍      | 213/616 [01:19<02:27,  2.73it/s] 35%|███▍      | 214/616 [01:19<02:25,  2.76it/s] 35%|███▍      | 215/616 [01:20<02:24,  2.77it/s] 35%|███▌      | 216/616 [01:20<02:23,  2.79it/s] 35%|███▌      | 217/616 [01:20<02:25,  2.75it/s] 35%|███▌      | 218/616 [01:21<02:24,  2.76it/s] 36%|███▌      | 219/616 [01:21<02:23,  2.78it/s] 36%|███▌      | 220/616 [01:21<02:24,  2.74it/s] 36%|███▌      | 221/616 [01:22<02:23,  2.75it/s] 36%|███▌      | 222/616 [01:22<02:21,  2.78it/s] 36%|███▌      | 223/616 [01:23<02:22,  2.77it/s] 36%|███▋      | 224/616 [01:23<02:19,  2.80it/s] 37%|███▋      | 225/616 [01:23<02:22,  2.75it/s] 37%|███▋      | 226/616 [01:24<02:24,  2.71it/s] 37%|███▋      | 227/616 [01:24<02:20,  2.76it/s] 37%|███▋      | 228/616 [01:24<02:21,  2.74it/s] 37%|███▋      | 229/616 [01:25<02:18,  2.80it/s] 37%|███▋      | 230/616 [01:25<02:19,  2.76it/s] 38%|███▊      | 231/616 [01:25<02:19,  2.76it/s] 38%|███▊      | 232/616 [01:26<02:16,  2.81it/s] 38%|███▊      | 233/616 [01:26<02:16,  2.80it/s] 38%|███▊      | 234/616 [01:27<02:21,  2.70it/s] 38%|███▊      | 235/616 [01:27<02:16,  2.80it/s] 38%|███▊      | 236/616 [01:27<02:15,  2.80it/s] 38%|███▊      | 237/616 [01:28<02:19,  2.72it/s] 39%|███▊      | 238/616 [01:28<02:16,  2.77it/s] 39%|███▉      | 239/616 [01:28<02:16,  2.76it/s] 39%|███▉      | 240/616 [01:29<02:14,  2.79it/s] 39%|███▉      | 241/616 [01:29<02:17,  2.73it/s] 39%|███▉      | 242/616 [01:29<02:15,  2.75it/s] 39%|███▉      | 243/616 [01:30<02:11,  2.83it/s] 40%|███▉      | 244/616 [01:30<02:15,  2.74it/s] 40%|███▉      | 245/616 [01:31<02:16,  2.71it/s] 40%|███▉      | 246/616 [01:31<02:14,  2.75it/s] 40%|████      | 247/616 [01:31<02:11,  2.81it/s] 40%|████      | 248/616 [01:32<02:11,  2.79it/s] 40%|████      | 249/616 [01:32<02:14,  2.73it/s] 41%|████      | 250/616 [01:32<02:13,  2.75it/s] 41%|████      | 251/616 [01:33<02:10,  2.80it/s] 41%|████      | 252/616 [01:33<02:10,  2.79it/s] 41%|████      | 253/616 [01:33<02:12,  2.74it/s] 41%|████      | 254/616 [01:34<02:10,  2.78it/s] 41%|████▏     | 255/616 [01:34<02:09,  2.79it/s] 42%|████▏     | 256/616 [01:34<02:07,  2.82it/s] 42%|████▏     | 257/616 [01:35<02:11,  2.73it/s] 42%|████▏     | 258/616 [01:35<02:09,  2.77it/s] 42%|████▏     | 259/616 [01:36<02:04,  2.87it/s] 42%|████▏     | 260/616 [01:36<02:10,  2.73it/s] 42%|████▏     | 261/616 [01:36<02:09,  2.75it/s] 43%|████▎     | 262/616 [01:37<02:08,  2.76it/s] 43%|████▎     | 263/616 [01:37<02:08,  2.74it/s] 43%|████▎     | 264/616 [01:37<02:06,  2.78it/s] 43%|████▎     | 265/616 [01:38<02:06,  2.78it/s] 43%|████▎     | 266/616 [01:38<02:07,  2.75it/s] 43%|████▎     | 267/616 [01:38<02:07,  2.75it/s] 44%|████▎     | 268/616 [01:39<02:06,  2.74it/s] 44%|████▎     | 269/616 [01:39<02:06,  2.74it/s] 44%|████▍     | 270/616 [01:40<02:07,  2.72it/s] 44%|████▍     | 271/616 [01:40<02:03,  2.80it/s] 44%|████▍     | 272/616 [01:40<02:02,  2.80it/s] 44%|████▍     | 273/616 [01:41<02:05,  2.74it/s] 44%|████▍     | 274/616 [01:41<02:04,  2.74it/s] 45%|████▍     | 275/616 [01:41<02:03,  2.77it/s] 45%|████▍     | 276/616 [01:42<02:01,  2.80it/s] 45%|████▍     | 277/616 [01:42<02:00,  2.80it/s] 45%|████▌     | 278/616 [01:42<02:00,  2.80it/s] 45%|████▌     | 279/616 [01:43<01:58,  2.84it/s] 45%|████▌     | 280/616 [01:43<02:16,  2.45it/s] 46%|████▌     | 281/616 [01:44<02:01,  2.75it/s] 46%|████▌     | 282/616 [01:44<01:58,  2.83it/s] 46%|████▌     | 283/616 [01:44<01:58,  2.80it/s] 46%|████▌     | 284/616 [01:45<01:58,  2.80it/s] 46%|████▋     | 285/616 [01:45<01:56,  2.84it/s] 46%|████▋     | 286/616 [01:45<02:01,  2.72it/s] 47%|████▋     | 287/616 [01:46<01:57,  2.81it/s] 47%|████▋     | 288/616 [01:46<01:57,  2.79it/s] 47%|████▋     | 289/616 [01:46<02:00,  2.72it/s] 47%|████▋     | 290/616 [01:47<01:54,  2.84it/s] 47%|████▋     | 291/616 [01:47<01:56,  2.78it/s] 47%|████▋     | 292/616 [01:48<02:00,  2.68it/s] 48%|████▊     | 293/616 [01:48<01:56,  2.78it/s] 48%|████▊     | 294/616 [01:48<01:53,  2.84it/s] 48%|████▊     | 295/616 [01:49<01:54,  2.80it/s] 48%|████▊     | 296/616 [01:49<01:53,  2.81it/s] 48%|████▊     | 297/616 [01:49<01:54,  2.80it/s] 48%|████▊     | 298/616 [01:50<01:54,  2.78it/s] 49%|████▊     | 299/616 [01:50<01:55,  2.75it/s] 49%|████▊     | 300/616 [01:50<01:54,  2.76it/s] 49%|████▉     | 301/616 [01:51<01:52,  2.80it/s] 49%|████▉     | 302/616 [01:51<01:51,  2.81it/s] 49%|████▉     | 303/616 [01:51<01:53,  2.76it/s] 49%|████▉     | 304/616 [01:52<01:52,  2.76it/s] 50%|████▉     | 305/616 [01:52<01:51,  2.79it/s] 50%|████▉     | 306/616 [01:53<01:50,  2.82it/s] 50%|████▉     | 307/616 [01:53<01:51,  2.78it/s] 50%|█████     | 308/616 [01:53<01:51,  2.75it/s] 50%|█████     | 309/616 [01:54<01:49,  2.80it/s] 50%|█████     | 310/616 [01:54<01:50,  2.76it/s] 50%|█████     | 311/616 [01:54<01:47,  2.84it/s] 51%|█████     | 312/616 [01:55<01:48,  2.80it/s] 51%|█████     | 313/616 [01:55<01:46,  2.83it/s] 51%|█████     | 314/616 [01:55<01:47,  2.82it/s] 51%|█████     | 315/616 [01:56<01:47,  2.79it/s] 51%|█████▏    | 316/616 [01:56<01:48,  2.76it/s] 51%|█████▏    | 317/616 [01:56<01:49,  2.72it/s] 52%|█████▏    | 318/616 [01:57<01:45,  2.82it/s] 52%|█████▏    | 319/616 [01:57<01:44,  2.84it/s] 52%|█████▏    | 320/616 [01:58<01:46,  2.77it/s] 52%|█████▏    | 321/616 [01:58<01:44,  2.81it/s] 52%|█████▏    | 322/616 [01:58<01:44,  2.80it/s] 52%|█████▏    | 323/616 [01:59<01:45,  2.78it/s] 53%|█████▎    | 324/616 [01:59<01:47,  2.73it/s] 53%|█████▎    | 325/616 [01:59<01:44,  2.79it/s] 53%|█████▎    | 326/616 [02:00<01:40,  2.88it/s] 53%|█████▎    | 327/616 [02:00<01:42,  2.83it/s] 53%|█████▎    | 328/616 [02:00<01:42,  2.81it/s] 53%|█████▎    | 329/616 [02:01<01:44,  2.75it/s] 54%|█████▎    | 330/616 [02:01<01:42,  2.80it/s] 54%|█████▎    | 331/616 [02:01<01:42,  2.77it/s] 54%|█████▍    | 332/616 [02:02<01:42,  2.76it/s] 54%|█████▍    | 333/616 [02:02<01:41,  2.78it/s] 54%|█████▍    | 334/616 [02:03<01:41,  2.78it/s] 54%|█████▍    | 335/616 [02:03<01:39,  2.81it/s] 55%|█████▍    | 336/616 [02:03<01:42,  2.73it/s] 55%|█████▍    | 337/616 [02:04<01:39,  2.79it/s] 55%|█████▍    | 338/616 [02:04<01:38,  2.81it/s] 55%|█████▌    | 339/616 [02:04<01:40,  2.74it/s] 55%|█████▌    | 340/616 [02:05<01:41,  2.72it/s] 55%|█████▌    | 341/616 [02:05<01:37,  2.83it/s] 56%|█████▌    | 342/616 [02:05<01:41,  2.70it/s] 56%|█████▌    | 343/616 [02:06<01:38,  2.76it/s] 56%|█████▌    | 344/616 [02:06<01:36,  2.83it/s] 56%|█████▌    | 345/616 [02:07<01:38,  2.76it/s] 56%|█████▌    | 346/616 [02:07<01:37,  2.78it/s] 56%|█████▋    | 347/616 [02:07<01:37,  2.76it/s] 56%|█████▋    | 348/616 [02:08<01:38,  2.73it/s] 57%|█████▋    | 349/616 [02:08<01:35,  2.79it/s] 57%|█████▋    | 350/616 [02:08<01:34,  2.82it/s] 57%|█████▋    | 351/616 [02:09<01:37,  2.71it/s] 57%|█████▋    | 352/616 [02:09<01:33,  2.81it/s] 57%|█████▋    | 353/616 [02:09<01:31,  2.86it/s] 57%|█████▋    | 354/616 [02:10<01:35,  2.75it/s] 58%|█████▊    | 355/616 [02:10<01:33,  2.78it/s] 58%|█████▊    | 356/616 [02:10<01:34,  2.75it/s] 58%|█████▊    | 357/616 [02:11<01:32,  2.81it/s] 58%|█████▊    | 358/616 [02:11<01:31,  2.82it/s] 58%|█████▊    | 359/616 [02:12<01:32,  2.77it/s] 58%|█████▊    | 360/616 [02:12<01:33,  2.75it/s] 59%|█████▊    | 361/616 [02:12<01:31,  2.77it/s] 59%|█████▉    | 362/616 [02:13<01:30,  2.80it/s] 59%|█████▉    | 363/616 [02:13<01:29,  2.83it/s] 59%|█████▉    | 364/616 [02:13<01:29,  2.83it/s] 59%|█████▉    | 365/616 [02:14<01:30,  2.77it/s] 59%|█████▉    | 366/616 [02:14<01:29,  2.79it/s] 60%|█████▉    | 367/616 [02:14<01:28,  2.81it/s] 60%|█████▉    | 368/616 [02:15<01:29,  2.78it/s] 60%|█████▉    | 369/616 [02:15<01:27,  2.83it/s] 60%|██████    | 370/616 [02:15<01:29,  2.74it/s] 60%|██████    | 371/616 [02:16<01:37,  2.53it/s] 60%|██████    | 372/616 [02:16<01:31,  2.66it/s] 61%|██████    | 373/616 [02:17<01:29,  2.73it/s] 61%|██████    | 374/616 [02:17<01:24,  2.85it/s] 61%|██████    | 375/616 [02:17<01:25,  2.81it/s] 61%|██████    | 376/616 [02:18<01:27,  2.73it/s] 61%|██████    | 377/616 [02:18<01:23,  2.87it/s] 61%|██████▏   | 378/616 [02:18<01:25,  2.78it/s] 62%|██████▏   | 379/616 [02:19<01:24,  2.81it/s] 62%|██████▏   | 380/616 [02:19<01:25,  2.76it/s] 62%|██████▏   | 381/616 [02:19<01:22,  2.86it/s] 62%|██████▏   | 382/616 [02:20<01:23,  2.79it/s] 62%|██████▏   | 383/616 [02:20<01:22,  2.83it/s] 62%|██████▏   | 384/616 [02:21<01:25,  2.70it/s] 62%|██████▎   | 385/616 [02:21<01:22,  2.81it/s] 63%|██████▎   | 386/616 [02:21<01:21,  2.82it/s] 63%|██████▎   | 387/616 [02:22<01:25,  2.67it/s] 63%|██████▎   | 388/616 [02:22<01:22,  2.76it/s] 63%|██████▎   | 389/616 [02:22<01:22,  2.75it/s] 63%|██████▎   | 390/616 [02:23<01:20,  2.81it/s] 63%|██████▎   | 391/616 [02:23<01:20,  2.80it/s] 64%|██████▎   | 392/616 [02:23<01:19,  2.81it/s] 64%|██████▍   | 393/616 [02:24<01:20,  2.78it/s] 64%|██████▍   | 394/616 [02:24<01:18,  2.82it/s] 64%|██████▍   | 395/616 [02:25<01:19,  2.79it/s] 64%|██████▍   | 396/616 [02:25<01:18,  2.81it/s] 64%|██████▍   | 397/616 [02:25<01:20,  2.71it/s] 65%|██████▍   | 398/616 [02:26<01:17,  2.80it/s] 65%|██████▍   | 399/616 [02:26<01:16,  2.83it/s] 65%|██████▍   | 400/616 [02:26<01:18,  2.76it/s] 65%|██████▌   | 401/616 [02:27<01:18,  2.74it/s] 65%|██████▌   | 402/616 [02:27<01:17,  2.75it/s] 65%|██████▌   | 403/616 [02:27<01:18,  2.73it/s] 66%|██████▌   | 404/616 [02:28<01:17,  2.73it/s] 66%|██████▌   | 405/616 [02:28<01:16,  2.75it/s] 66%|██████▌   | 406/616 [02:28<01:14,  2.80it/s] 66%|██████▌   | 407/616 [02:29<01:13,  2.83it/s] 66%|██████▌   | 408/616 [02:29<01:16,  2.73it/s] 66%|██████▋   | 409/616 [02:30<01:13,  2.82it/s] 67%|██████▋   | 410/616 [02:30<01:12,  2.83it/s] 67%|██████▋   | 411/616 [02:30<01:14,  2.77it/s] 67%|██████▋   | 412/616 [02:31<01:13,  2.78it/s] 67%|██████▋   | 413/616 [02:31<01:12,  2.78it/s] 67%|██████▋   | 414/616 [02:31<01:12,  2.79it/s] 67%|██████▋   | 415/616 [02:32<01:13,  2.73it/s] 68%|██████▊   | 416/616 [02:32<01:12,  2.76it/s] 68%|██████▊   | 417/616 [02:32<01:12,  2.75it/s] 68%|██████▊   | 418/616 [02:33<01:10,  2.80it/s] 68%|██████▊   | 419/616 [02:33<01:09,  2.82it/s] 68%|██████▊   | 420/616 [02:34<01:10,  2.79it/s] 68%|██████▊   | 421/616 [02:34<01:11,  2.72it/s] 69%|██████▊   | 422/616 [02:34<01:10,  2.75it/s] 69%|██████▊   | 423/616 [02:35<01:08,  2.82it/s] 69%|██████▉   | 424/616 [02:35<01:09,  2.75it/s] 69%|██████▉   | 425/616 [02:35<01:09,  2.75it/s] 69%|██████▉   | 426/616 [02:36<01:07,  2.81it/s] 69%|██████▉   | 427/616 [02:36<01:08,  2.76it/s] 69%|██████▉   | 428/616 [02:36<01:08,  2.75it/s] 70%|██████▉   | 429/616 [02:37<01:07,  2.79it/s] 70%|██████▉   | 430/616 [02:37<01:07,  2.77it/s] 70%|██████▉   | 431/616 [02:37<01:05,  2.82it/s] 70%|███████   | 432/616 [02:38<01:05,  2.81it/s] 70%|███████   | 433/616 [02:38<01:05,  2.80it/s] 70%|███████   | 434/616 [02:39<01:05,  2.78it/s] 71%|███████   | 435/616 [02:39<01:04,  2.80it/s] 71%|███████   | 436/616 [02:39<01:04,  2.78it/s] 71%|███████   | 437/616 [02:40<01:07,  2.64it/s] 71%|███████   | 438/616 [02:40<01:02,  2.85it/s] 71%|███████▏  | 439/616 [02:40<01:03,  2.79it/s] 71%|███████▏  | 440/616 [02:41<01:03,  2.78it/s] 72%|███████▏  | 441/616 [02:41<01:02,  2.80it/s] 72%|███████▏  | 442/616 [02:41<01:02,  2.79it/s] 72%|███████▏  | 443/616 [02:42<01:01,  2.80it/s] 72%|███████▏  | 444/616 [02:42<01:01,  2.79it/s] 72%|███████▏  | 445/616 [02:43<01:02,  2.75it/s] 72%|███████▏  | 446/616 [02:43<01:01,  2.77it/s] 73%|███████▎  | 447/616 [02:43<01:00,  2.79it/s] 73%|███████▎  | 448/616 [02:44<00:59,  2.81it/s] 73%|███████▎  | 449/616 [02:44<01:00,  2.76it/s] 73%|███████▎  | 450/616 [02:44<00:58,  2.84it/s] 73%|███████▎  | 451/616 [02:45<00:59,  2.78it/s] 73%|███████▎  | 452/616 [02:45<00:59,  2.75it/s] 74%|███████▎  | 453/616 [02:45<00:59,  2.74it/s] 74%|███████▎  | 454/616 [02:46<00:56,  2.88it/s] 74%|███████▍  | 455/616 [02:46<00:57,  2.81it/s] 74%|███████▍  | 456/616 [02:46<00:57,  2.77it/s] 74%|███████▍  | 457/616 [02:47<00:56,  2.82it/s] 74%|███████▍  | 458/616 [02:47<00:57,  2.74it/s] 75%|███████▍  | 459/616 [02:48<00:55,  2.85it/s] 75%|███████▍  | 460/616 [02:48<00:55,  2.80it/s] 75%|███████▍  | 461/616 [02:48<00:55,  2.78it/s] 75%|███████▌  | 462/616 [02:49<00:54,  2.80it/s] 75%|███████▌  | 463/616 [02:49<00:55,  2.78it/s] 75%|███████▌  | 464/616 [02:49<00:54,  2.77it/s] 75%|███████▌  | 465/616 [02:50<00:54,  2.79it/s] 76%|███████▌  | 466/616 [02:50<00:54,  2.74it/s] 76%|███████▌  | 467/616 [02:50<00:53,  2.78it/s] 76%|███████▌  | 468/616 [02:51<00:52,  2.80it/s] 76%|███████▌  | 469/616 [02:51<00:53,  2.75it/s] 76%|███████▋  | 470/616 [02:52<00:53,  2.71it/s] 76%|███████▋  | 471/616 [02:52<00:51,  2.80it/s] 77%|███████▋  | 472/616 [02:52<00:51,  2.81it/s] 77%|███████▋  | 473/616 [02:53<00:52,  2.73it/s] 77%|███████▋  | 474/616 [02:53<00:51,  2.77it/s] 77%|███████▋  | 475/616 [02:53<00:51,  2.76it/s] 77%|███████▋  | 476/616 [02:54<00:50,  2.75it/s] 77%|███████▋  | 477/616 [02:54<00:51,  2.70it/s] 78%|███████▊  | 478/616 [02:54<00:49,  2.79it/s] 78%|███████▊  | 479/616 [02:55<00:47,  2.87it/s] 78%|███████▊  | 480/616 [02:55<00:47,  2.87it/s] 78%|███████▊  | 481/616 [02:55<00:48,  2.79it/s] 78%|███████▊  | 482/616 [02:56<00:47,  2.80it/s] 78%|███████▊  | 483/616 [02:56<00:46,  2.85it/s] 79%|███████▊  | 484/616 [02:57<00:46,  2.81it/s] 79%|███████▊  | 485/616 [02:57<00:46,  2.84it/s] 79%|███████▉  | 486/616 [02:57<00:45,  2.83it/s] 79%|███████▉  | 487/616 [02:58<00:45,  2.84it/s] 79%|███████▉  | 488/616 [02:58<00:44,  2.85it/s] 79%|███████▉  | 489/616 [02:58<00:45,  2.76it/s] 80%|███████▉  | 490/616 [02:59<00:44,  2.82it/s] 80%|███████▉  | 491/616 [02:59<00:43,  2.85it/s] 80%|███████▉  | 492/616 [02:59<00:43,  2.85it/s] 80%|████████  | 493/616 [03:00<00:44,  2.76it/s] 80%|████████  | 494/616 [03:00<00:43,  2.78it/s] 80%|████████  | 495/616 [03:00<00:43,  2.81it/s] 81%|████████  | 496/616 [03:01<00:44,  2.71it/s] 81%|████████  | 497/616 [03:01<00:43,  2.74it/s] 81%|████████  | 498/616 [03:02<00:42,  2.77it/s] 81%|████████  | 499/616 [03:02<00:41,  2.84it/s] 81%|████████  | 500/616 [03:02<00:41,  2.77it/s] 81%|████████▏ | 501/616 [03:03<00:41,  2.78it/s] 81%|████████▏ | 502/616 [03:03<00:40,  2.82it/s] 82%|████████▏ | 503/616 [03:03<00:38,  2.91it/s] 82%|████████▏ | 504/616 [03:04<00:39,  2.84it/s] 82%|████████▏ | 505/616 [03:04<00:40,  2.77it/s] 82%|████████▏ | 506/616 [03:04<00:38,  2.84it/s] 82%|████████▏ | 507/616 [03:05<00:39,  2.73it/s] 82%|████████▏ | 508/616 [03:05<00:38,  2.82it/s] 83%|████████▎ | 509/616 [03:05<00:38,  2.81it/s] 83%|████████▎ | 510/616 [03:06<00:38,  2.76it/s] 83%|████████▎ | 511/616 [03:06<00:36,  2.87it/s] 83%|████████▎ | 512/616 [03:06<00:37,  2.78it/s] 83%|████████▎ | 513/616 [03:07<00:38,  2.65it/s] 83%|████████▎ | 514/616 [03:07<00:36,  2.82it/s] 84%|████████▎ | 515/616 [03:08<00:36,  2.76it/s] 84%|████████▍ | 516/616 [03:08<00:35,  2.83it/s] 84%|████████▍ | 517/616 [03:08<00:35,  2.81it/s] 84%|████████▍ | 518/616 [03:09<00:34,  2.82it/s] 84%|████████▍ | 519/616 [03:09<00:34,  2.80it/s] 84%|████████▍ | 520/616 [03:09<00:34,  2.75it/s] 85%|████████▍ | 521/616 [03:10<00:33,  2.82it/s] 85%|████████▍ | 522/616 [03:10<00:34,  2.73it/s] 85%|████████▍ | 523/616 [03:10<00:33,  2.77it/s] 85%|████████▌ | 524/616 [03:11<00:32,  2.83it/s] 85%|████████▌ | 525/616 [03:11<00:33,  2.73it/s] 85%|████████▌ | 526/616 [03:12<00:32,  2.80it/s] 86%|████████▌ | 527/616 [03:12<00:31,  2.84it/s] 86%|████████▌ | 528/616 [03:12<00:30,  2.87it/s] 86%|████████▌ | 529/616 [03:13<00:31,  2.79it/s] 86%|████████▌ | 530/616 [03:13<00:30,  2.81it/s] 86%|████████▌ | 531/616 [03:13<00:30,  2.80it/s] 86%|████████▋ | 532/616 [03:14<00:31,  2.70it/s] 87%|████████▋ | 533/616 [03:14<00:29,  2.78it/s] 87%|████████▋ | 534/616 [03:14<00:29,  2.82it/s] 87%|████████▋ | 535/616 [03:15<00:28,  2.86it/s] 87%|████████▋ | 536/616 [03:15<00:29,  2.71it/s] 87%|████████▋ | 537/616 [03:15<00:28,  2.81it/s] 87%|████████▋ | 538/616 [03:16<00:28,  2.77it/s] 88%|████████▊ | 539/616 [03:16<00:27,  2.81it/s] 88%|████████▊ | 540/616 [03:17<00:27,  2.80it/s] 88%|████████▊ | 541/616 [03:17<00:26,  2.80it/s] 88%|████████▊ | 542/616 [03:17<00:26,  2.81it/s] 88%|████████▊ | 543/616 [03:18<00:25,  2.82it/s] 88%|████████▊ | 544/616 [03:18<00:25,  2.84it/s] 88%|████████▊ | 545/616 [03:18<00:27,  2.55it/s] 89%|████████▊ | 546/616 [03:19<00:25,  2.78it/s] 89%|████████▉ | 547/616 [03:19<00:24,  2.81it/s] 89%|████████▉ | 548/616 [03:19<00:25,  2.72it/s] 89%|████████▉ | 549/616 [03:20<00:24,  2.73it/s] 89%|████████▉ | 550/616 [03:20<00:23,  2.76it/s] 89%|████████▉ | 551/616 [03:21<00:22,  2.87it/s] 90%|████████▉ | 552/616 [03:21<00:22,  2.83it/s] 90%|████████▉ | 553/616 [03:21<00:22,  2.77it/s] 90%|████████▉ | 554/616 [03:22<00:22,  2.76it/s] 90%|█████████ | 555/616 [03:22<00:21,  2.79it/s] 90%|█████████ | 556/616 [03:22<00:21,  2.76it/s] 90%|█████████ | 557/616 [03:23<00:21,  2.75it/s] 91%|█████████ | 558/616 [03:23<00:20,  2.83it/s] 91%|█████████ | 559/616 [03:23<00:20,  2.79it/s] 91%|█████████ | 560/616 [03:24<00:19,  2.84it/s] 91%|█████████ | 561/616 [03:24<00:19,  2.76it/s] 91%|█████████ | 562/616 [03:24<00:19,  2.74it/s] 91%|█████████▏| 563/616 [03:25<00:18,  2.87it/s] 92%|█████████▏| 564/616 [03:25<00:18,  2.77it/s] 92%|█████████▏| 565/616 [03:26<00:18,  2.72it/s] 92%|█████████▏| 566/616 [03:26<00:17,  2.84it/s] 92%|█████████▏| 567/616 [03:26<00:17,  2.84it/s] 92%|█████████▏| 568/616 [03:27<00:17,  2.81it/s] 92%|█████████▏| 569/616 [03:27<00:17,  2.72it/s] 93%|█████████▎| 570/616 [03:27<00:16,  2.76it/s] 93%|█████████▎| 571/616 [03:28<00:16,  2.78it/s] 93%|█████████▎| 572/616 [03:28<00:15,  2.80it/s] 93%|█████████▎| 573/616 [03:28<00:15,  2.78it/s] 93%|█████████▎| 574/616 [03:29<00:15,  2.74it/s] 93%|█████████▎| 575/616 [03:29<00:14,  2.82it/s] 94%|█████████▎| 576/616 [03:29<00:14,  2.77it/s] 94%|█████████▎| 577/616 [03:30<00:14,  2.77it/s] 94%|█████████▍| 578/616 [03:30<00:13,  2.82it/s] 94%|█████████▍| 579/616 [03:31<00:13,  2.83it/s] 94%|█████████▍| 580/616 [03:31<00:13,  2.75it/s] 94%|█████████▍| 581/616 [03:31<00:12,  2.77it/s] 94%|█████████▍| 582/616 [03:32<00:12,  2.78it/s] 95%|█████████▍| 583/616 [03:32<00:11,  2.85it/s] 95%|█████████▍| 584/616 [03:32<00:11,  2.83it/s] 95%|█████████▍| 585/616 [03:33<00:11,  2.75it/s] 95%|█████████▌| 586/616 [03:33<00:10,  2.80it/s] 95%|█████████▌| 587/616 [03:33<00:10,  2.83it/s] 95%|█████████▌| 588/616 [03:34<00:09,  2.83it/s] 96%|█████████▌| 589/616 [03:34<00:09,  2.81it/s] 96%|█████████▌| 590/616 [03:34<00:09,  2.77it/s] 96%|█████████▌| 591/616 [03:35<00:08,  2.91it/s] 96%|█████████▌| 592/616 [03:35<00:08,  2.76it/s] 96%|█████████▋| 593/616 [03:36<00:08,  2.70it/s] 96%|█████████▋| 594/616 [03:36<00:07,  2.82it/s] 97%|█████████▋| 595/616 [03:36<00:07,  2.77it/s] 97%|█████████▋| 596/616 [03:37<00:07,  2.78it/s] 97%|█████████▋| 597/616 [03:37<00:06,  2.77it/s] 97%|█████████▋| 598/616 [03:37<00:06,  2.75it/s] 97%|█████████▋| 599/616 [03:38<00:06,  2.75it/s] 97%|█████████▋| 600/616 [03:38<00:05,  2.82it/s] 98%|█████████▊| 601/616 [03:38<00:05,  2.76it/s] 98%|█████████▊| 602/616 [03:39<00:04,  2.88it/s] 98%|█████████▊| 603/616 [03:39<00:04,  2.81it/s] 98%|█████████▊| 604/616 [03:40<00:04,  2.74it/s] 98%|█████████▊| 605/616 [03:40<00:03,  2.76it/s] 98%|█████████▊| 606/616 [03:40<00:03,  2.72it/s] 99%|█████████▊| 607/616 [03:41<00:03,  2.73it/s] 99%|█████████▊| 608/616 [03:41<00:02,  2.82it/s] 99%|█████████▉| 609/616 [03:41<00:02,  2.74it/s] 99%|█████████▉| 610/616 [03:42<00:02,  2.69it/s] 99%|█████████▉| 611/616 [03:42<00:01,  2.82it/s] 99%|█████████▉| 612/616 [03:42<00:01,  2.69it/s]100%|█████████▉| 613/616 [03:43<00:01,  2.92it/s]100%|█████████▉| 614/616 [03:43<00:00,  2.85it/s]100%|█████████▉| 615/616 [03:43<00:00,  2.78it/s]100%|██████████| 616/616 [03:44<00:00,  3.08it/s]100%|██████████| 616/616 [03:44<00:00,  2.74it/s][2022-09-16 14:03:00,077][__main__][INFO] - Train Instance Accuracy: 0.689917
[2022-09-16 14:03:00,078][__main__][INFO] - loss: 0.154233

  0%|          | 0/155 [00:00<?, ?it/s]  1%|          | 1/155 [00:01<04:44,  1.85s/it]  1%|▏         | 2/155 [00:02<03:00,  1.18s/it]  2%|▏         | 3/155 [00:02<01:51,  1.36it/s]  3%|▎         | 4/155 [00:02<01:20,  1.88it/s]  3%|▎         | 5/155 [00:03<01:13,  2.04it/s]  4%|▍         | 6/155 [00:03<01:06,  2.24it/s]  5%|▍         | 7/155 [00:03<00:54,  2.72it/s]  5%|▌         | 8/155 [00:04<00:47,  3.08it/s]  6%|▌         | 9/155 [00:04<00:52,  2.79it/s]  6%|▋         | 10/155 [00:04<00:49,  2.92it/s]  7%|▋         | 11/155 [00:05<00:43,  3.30it/s]  8%|▊         | 12/155 [00:05<00:40,  3.53it/s]  8%|▊         | 13/155 [00:05<00:40,  3.51it/s]  9%|▉         | 14/155 [00:06<00:42,  3.30it/s] 10%|▉         | 15/155 [00:06<00:44,  3.18it/s] 10%|█         | 16/155 [00:06<00:39,  3.52it/s] 11%|█         | 17/155 [00:06<00:36,  3.76it/s] 12%|█▏        | 18/155 [00:07<00:38,  3.58it/s] 12%|█▏        | 19/155 [00:07<00:44,  3.07it/s] 13%|█▎        | 20/155 [00:07<00:40,  3.34it/s] 14%|█▎        | 21/155 [00:08<00:37,  3.61it/s] 14%|█▍        | 22/155 [00:08<00:42,  3.16it/s] 15%|█▍        | 23/155 [00:08<00:39,  3.38it/s] 15%|█▌        | 24/155 [00:08<00:36,  3.63it/s] 16%|█▌        | 25/155 [00:09<00:33,  3.92it/s] 17%|█▋        | 26/155 [00:09<00:37,  3.48it/s] 17%|█▋        | 27/155 [00:09<00:38,  3.33it/s] 18%|█▊        | 28/155 [00:10<00:34,  3.66it/s] 19%|█▊        | 29/155 [00:10<00:32,  3.92it/s] 19%|█▉        | 30/155 [00:10<00:37,  3.29it/s] 20%|██        | 31/155 [00:10<00:37,  3.33it/s] 21%|██        | 32/155 [00:11<00:33,  3.64it/s] 21%|██▏       | 33/155 [00:11<00:30,  3.94it/s] 22%|██▏       | 34/155 [00:11<00:34,  3.51it/s] 23%|██▎       | 35/155 [00:12<00:35,  3.36it/s] 23%|██▎       | 36/155 [00:12<00:32,  3.71it/s] 24%|██▍       | 37/155 [00:12<00:29,  3.97it/s] 25%|██▍       | 38/155 [00:12<00:29,  3.96it/s] 25%|██▌       | 39/155 [00:13<00:35,  3.29it/s] 26%|██▌       | 40/155 [00:13<00:33,  3.48it/s] 26%|██▋       | 41/155 [00:13<00:29,  3.82it/s] 27%|██▋       | 42/155 [00:13<00:30,  3.69it/s] 28%|██▊       | 43/155 [00:14<00:32,  3.45it/s] 28%|██▊       | 44/155 [00:14<00:31,  3.57it/s] 29%|██▉       | 45/155 [00:14<00:28,  3.90it/s] 30%|██▉       | 46/155 [00:14<00:29,  3.71it/s] 30%|███       | 47/155 [00:15<00:35,  3.07it/s] 31%|███       | 48/155 [00:15<00:30,  3.49it/s] 32%|███▏      | 49/155 [00:15<00:27,  3.82it/s] 32%|███▏      | 50/155 [00:16<00:26,  4.04it/s] 33%|███▎      | 51/155 [00:16<00:30,  3.41it/s] 34%|███▎      | 52/155 [00:16<00:29,  3.47it/s] 34%|███▍      | 53/155 [00:16<00:26,  3.85it/s] 35%|███▍      | 54/155 [00:17<00:24,  4.04it/s] 35%|███▌      | 55/155 [00:17<00:29,  3.35it/s] 36%|███▌      | 56/155 [00:17<00:28,  3.43it/s] 37%|███▋      | 57/155 [00:18<00:26,  3.73it/s] 37%|███▋      | 58/155 [00:18<00:24,  3.93it/s] 38%|███▊      | 59/155 [00:18<00:27,  3.49it/s] 39%|███▊      | 60/155 [00:18<00:27,  3.44it/s] 39%|███▉      | 61/155 [00:19<00:24,  3.77it/s] 40%|████      | 62/155 [00:19<00:23,  3.99it/s] 41%|████      | 63/155 [00:19<00:29,  3.13it/s] 41%|████▏     | 64/155 [00:20<00:25,  3.51it/s] 42%|████▏     | 65/155 [00:20<00:23,  3.79it/s] 43%|████▎     | 66/155 [00:20<00:22,  4.04it/s] 43%|████▎     | 67/155 [00:20<00:27,  3.23it/s] 44%|████▍     | 68/155 [00:21<00:25,  3.43it/s] 45%|████▍     | 69/155 [00:21<00:23,  3.72it/s] 45%|████▌     | 70/155 [00:21<00:21,  3.95it/s] 46%|████▌     | 71/155 [00:21<00:23,  3.58it/s] 46%|████▋     | 72/155 [00:22<00:25,  3.31it/s] 47%|████▋     | 73/155 [00:22<00:22,  3.61it/s] 48%|████▊     | 74/155 [00:22<00:21,  3.73it/s] 48%|████▊     | 75/155 [00:23<00:23,  3.38it/s] 49%|████▉     | 76/155 [00:23<00:21,  3.61it/s] 50%|████▉     | 77/155 [00:23<00:20,  3.74it/s] 50%|█████     | 78/155 [00:23<00:19,  3.88it/s] 51%|█████     | 79/155 [00:24<00:22,  3.35it/s] 52%|█████▏    | 80/155 [00:24<00:21,  3.55it/s] 52%|█████▏    | 81/155 [00:24<00:19,  3.82it/s] 53%|█████▎    | 82/155 [00:24<00:18,  4.01it/s] 54%|█████▎    | 83/155 [00:25<00:22,  3.27it/s] 54%|█████▍    | 84/155 [00:25<00:19,  3.60it/s] 55%|█████▍    | 85/155 [00:25<00:17,  3.89it/s] 55%|█████▌    | 86/155 [00:25<00:17,  4.02it/s] 56%|█████▌    | 87/155 [00:26<00:21,  3.15it/s] 57%|█████▋    | 88/155 [00:26<00:18,  3.54it/s] 57%|█████▋    | 89/155 [00:26<00:17,  3.88it/s] 58%|█████▊    | 90/155 [00:27<00:16,  3.94it/s] 59%|█████▊    | 91/155 [00:27<00:19,  3.33it/s] 59%|█████▉    | 92/155 [00:27<00:17,  3.69it/s] 60%|██████    | 93/155 [00:27<00:16,  3.75it/s] 61%|██████    | 94/155 [00:28<00:15,  4.04it/s] 61%|██████▏   | 95/155 [00:28<00:17,  3.52it/s] 62%|██████▏   | 96/155 [00:28<00:17,  3.44it/s] 63%|██████▎   | 97/155 [00:29<00:16,  3.48it/s] 63%|██████▎   | 98/155 [00:29<00:15,  3.65it/s] 64%|██████▍   | 99/155 [00:29<00:16,  3.44it/s] 65%|██████▍   | 100/155 [00:29<00:14,  3.71it/s] 65%|██████▌   | 101/155 [00:30<00:15,  3.54it/s] 66%|██████▌   | 102/155 [00:30<00:14,  3.73it/s] 66%|██████▋   | 103/155 [00:30<00:15,  3.34it/s] 67%|██████▋   | 104/155 [00:31<00:13,  3.66it/s] 68%|██████▊   | 105/155 [00:31<00:14,  3.52it/s] 68%|██████▊   | 106/155 [00:31<00:13,  3.74it/s] 69%|██████▉   | 107/155 [00:31<00:13,  3.46it/s] 70%|██████▉   | 108/155 [00:32<00:13,  3.61it/s] 70%|███████   | 109/155 [00:32<00:13,  3.50it/s] 71%|███████   | 110/155 [00:32<00:11,  3.83it/s] 72%|███████▏  | 111/155 [00:33<00:12,  3.49it/s] 72%|███████▏  | 112/155 [00:33<00:11,  3.81it/s] 73%|███████▎  | 113/155 [00:33<00:12,  3.45it/s] 74%|███████▎  | 114/155 [00:33<00:10,  3.81it/s] 74%|███████▍  | 115/155 [00:34<00:11,  3.60it/s] 75%|███████▍  | 116/155 [00:34<00:10,  3.69it/s] 75%|███████▌  | 117/155 [00:34<00:10,  3.55it/s] 76%|███████▌  | 118/155 [00:34<00:09,  3.83it/s] 77%|███████▋  | 119/155 [00:35<00:10,  3.41it/s] 77%|███████▋  | 120/155 [00:35<00:09,  3.71it/s] 78%|███████▊  | 121/155 [00:35<00:09,  3.49it/s] 79%|███████▊  | 122/155 [00:35<00:08,  3.80it/s] 79%|███████▉  | 123/155 [00:36<00:08,  3.58it/s] 80%|████████  | 124/155 [00:36<00:08,  3.76it/s] 81%|████████  | 125/155 [00:36<00:08,  3.73it/s] 81%|████████▏ | 126/155 [00:37<00:07,  3.93it/s] 82%|████████▏ | 127/155 [00:37<00:07,  3.51it/s] 83%|████████▎ | 128/155 [00:37<00:07,  3.64it/s] 83%|████████▎ | 129/155 [00:37<00:07,  3.63it/s] 84%|████████▍ | 130/155 [00:38<00:06,  3.90it/s] 85%|████████▍ | 131/155 [00:38<00:06,  3.51it/s] 85%|████████▌ | 132/155 [00:38<00:06,  3.79it/s] 86%|████████▌ | 133/155 [00:39<00:06,  3.61it/s] 86%|████████▋ | 134/155 [00:39<00:05,  3.88it/s] 87%|████████▋ | 135/155 [00:39<00:05,  3.52it/s] 88%|████████▊ | 136/155 [00:39<00:05,  3.70it/s] 88%|████████▊ | 137/155 [00:40<00:04,  3.67it/s] 89%|████████▉ | 138/155 [00:40<00:04,  3.81it/s] 90%|████████▉ | 139/155 [00:40<00:04,  3.57it/s] 90%|█████████ | 140/155 [00:40<00:04,  3.72it/s] 91%|█████████ | 141/155 [00:41<00:03,  3.79it/s] 92%|█████████▏| 142/155 [00:41<00:03,  3.76it/s] 92%|█████████▏| 143/155 [00:41<00:03,  3.49it/s] 93%|█████████▎| 144/155 [00:41<00:02,  3.82it/s] 94%|█████████▎| 145/155 [00:42<00:02,  3.92it/s] 94%|█████████▍| 146/155 [00:42<00:02,  3.84it/s] 95%|█████████▍| 147/155 [00:42<00:02,  3.54it/s] 95%|█████████▌| 148/155 [00:43<00:01,  3.73it/s] 96%|█████████▌| 149/155 [00:43<00:01,  3.77it/s] 97%|█████████▋| 150/155 [00:43<00:01,  3.79it/s] 97%|█████████▋| 151/155 [00:43<00:00,  4.04it/s] 98%|█████████▊| 152/155 [00:43<00:00,  4.29it/s] 99%|█████████▊| 153/155 [00:44<00:00,  4.54it/s] 99%|█████████▉| 154/155 [00:44<00:00,  4.72it/s]100%|██████████| 155/155 [00:44<00:00,  5.36it/s]100%|██████████| 155/155 [00:44<00:00,  3.48it/s][2022-09-16 14:03:44,950][__main__][INFO] - Test Instance Accuracy: 0.808871, Class Accuracy: 0.720857
[2022-09-16 14:03:44,950][__main__][INFO] - Best Instance Accuracy: 0.821774, Class Accuracy: 0.750550
[2022-09-16 14:03:44,950][tensorboardX.summary][INFO] - Summary name Test Acc is illegal; using Test_Acc instead.
[2022-09-16 14:03:44,951][__main__][INFO] - Epoch 12 (12/200):

  0%|          | 0/616 [00:00<?, ?it/s]  0%|          | 1/616 [00:01<17:21,  1.69s/it]  0%|          | 2/616 [00:02<08:56,  1.14it/s]  0%|          | 3/616 [00:02<04:09,  2.46it/s]  1%|          | 4/616 [00:03<03:49,  2.67it/s]  1%|          | 5/616 [00:03<04:35,  2.22it/s]  1%|          | 6/616 [00:04<05:28,  1.86it/s]  1%|          | 7/616 [00:04<03:46,  2.69it/s]  1%|▏         | 8/616 [00:04<03:52,  2.61it/s]  1%|▏         | 9/616 [00:05<03:36,  2.80it/s]  2%|▏         | 10/616 [00:05<03:40,  2.75it/s]  2%|▏         | 11/616 [00:06<03:34,  2.82it/s]  2%|▏         | 12/616 [00:06<03:42,  2.72it/s]  2%|▏         | 13/616 [00:06<03:35,  2.80it/s]  2%|▏         | 14/616 [00:07<03:35,  2.79it/s]  2%|▏         | 15/616 [00:07<03:36,  2.78it/s]  3%|▎         | 16/616 [00:07<03:40,  2.72it/s]  3%|▎         | 17/616 [00:08<03:36,  2.77it/s]  3%|▎         | 18/616 [00:08<03:32,  2.81it/s]  3%|▎         | 19/616 [00:08<03:33,  2.80it/s]  3%|▎         | 20/616 [00:09<03:34,  2.77it/s]  3%|▎         | 21/616 [00:09<03:30,  2.83it/s]  4%|▎         | 22/616 [00:09<03:40,  2.70it/s]  4%|▎         | 23/616 [00:10<03:37,  2.73it/s]  4%|▍         | 24/616 [00:10<03:35,  2.75it/s]  4%|▍         | 25/616 [00:11<03:33,  2.77it/s]  4%|▍         | 26/616 [00:11<03:31,  2.80it/s]  4%|▍         | 27/616 [00:11<03:30,  2.79it/s]  5%|▍         | 28/616 [00:12<03:38,  2.69it/s]  5%|▍         | 29/616 [00:12<03:29,  2.81it/s]  5%|▍         | 30/616 [00:12<03:30,  2.78it/s]  5%|▌         | 31/616 [00:13<03:34,  2.73it/s]  5%|▌         | 32/616 [00:13<03:30,  2.77it/s]  5%|▌         | 33/616 [00:13<03:31,  2.76it/s]  6%|▌         | 34/616 [00:14<03:29,  2.77it/s]  6%|▌         | 35/616 [00:14<03:30,  2.76it/s]  6%|▌         | 36/616 [00:15<03:33,  2.72it/s]  6%|▌         | 37/616 [00:15<03:25,  2.82it/s]  6%|▌         | 38/616 [00:15<03:26,  2.80it/s]  6%|▋         | 39/616 [00:16<03:37,  2.65it/s]  6%|▋         | 40/616 [00:16<03:33,  2.70it/s]  7%|▋         | 41/616 [00:16<03:25,  2.79it/s]  7%|▋         | 42/616 [00:17<03:26,  2.78it/s]  7%|▋         | 43/616 [00:17<03:37,  2.64it/s]  7%|▋         | 44/616 [00:18<03:32,  2.69it/s]  7%|▋         | 45/616 [00:18<03:25,  2.78it/s]  7%|▋         | 46/616 [00:18<03:19,  2.86it/s]  8%|▊         | 47/616 [00:19<03:29,  2.72it/s]  8%|▊         | 48/616 [00:19<03:29,  2.71it/s]  8%|▊         | 49/616 [00:19<03:27,  2.74it/s]  8%|▊         | 50/616 [00:20<03:21,  2.81it/s]  8%|▊         | 51/616 [00:20<03:20,  2.81it/s]  8%|▊         | 52/616 [00:20<03:22,  2.79it/s]  9%|▊         | 53/616 [00:21<03:20,  2.81it/s]  9%|▉         | 54/616 [00:21<03:21,  2.79it/s]  9%|▉         | 55/616 [00:21<03:20,  2.79it/s]  9%|▉         | 56/616 [00:22<03:22,  2.77it/s]  9%|▉         | 57/616 [00:22<03:17,  2.83it/s]  9%|▉         | 58/616 [00:23<03:23,  2.74it/s] 10%|▉         | 59/616 [00:23<03:23,  2.73it/s] 10%|▉         | 60/616 [00:23<03:18,  2.80it/s] 10%|▉         | 61/616 [00:24<03:18,  2.80it/s] 10%|█         | 62/616 [00:24<03:19,  2.78it/s] 10%|█         | 63/616 [00:24<03:18,  2.79it/s] 10%|█         | 64/616 [00:25<03:17,  2.79it/s] 11%|█         | 65/616 [00:25<03:18,  2.77it/s] 11%|█         | 66/616 [00:25<03:21,  2.73it/s] 11%|█         | 67/616 [00:26<03:18,  2.76it/s] 11%|█         | 68/616 [00:26<03:36,  2.53it/s] 11%|█         | 69/616 [00:27<03:16,  2.79it/s] 11%|█▏        | 70/616 [00:27<03:18,  2.75it/s] 12%|█▏        | 71/616 [00:27<03:18,  2.75it/s] 12%|█▏        | 72/616 [00:28<03:14,  2.80it/s] 12%|█▏        | 73/616 [00:28<03:15,  2.78it/s] 12%|█▏        | 74/616 [00:28<03:13,  2.80it/s] 12%|█▏        | 75/616 [00:29<03:15,  2.76it/s] 12%|█▏        | 76/616 [00:29<03:19,  2.71it/s] 12%|█▎        | 77/616 [00:29<03:13,  2.79it/s] 13%|█▎        | 78/616 [00:30<03:12,  2.80it/s] 13%|█▎        | 79/616 [00:30<03:11,  2.81it/s] 13%|█▎        | 80/616 [00:30<03:09,  2.82it/s] 13%|█▎        | 81/616 [00:31<03:08,  2.84it/s] 13%|█▎        | 82/616 [00:31<03:09,  2.82it/s] 13%|█▎        | 83/616 [00:32<03:13,  2.76it/s] 14%|█▎        | 84/616 [00:32<03:15,  2.72it/s] 14%|█▍        | 85/616 [00:32<03:11,  2.77it/s] 14%|█▍        | 86/616 [00:33<03:07,  2.82it/s] 14%|█▍        | 87/616 [00:33<03:08,  2.81it/s] 14%|█▍        | 88/616 [00:33<03:08,  2.80it/s] 14%|█▍        | 89/616 [00:34<03:09,  2.78it/s] 15%|█▍        | 90/616 [00:34<03:06,  2.82it/s] 15%|█▍        | 91/616 [00:34<03:07,  2.80it/s] 15%|█▍        | 92/616 [00:35<03:12,  2.73it/s] 15%|█▌        | 93/616 [00:35<03:01,  2.88it/s] 15%|█▌        | 94/616 [00:36<03:07,  2.78it/s] 15%|█▌        | 95/616 [00:36<03:14,  2.67it/s] 16%|█▌        | 96/616 [00:36<03:03,  2.83it/s] 16%|█▌        | 97/616 [00:37<03:04,  2.82it/s] 16%|█▌        | 98/616 [00:37<03:06,  2.78it/s] 16%|█▌        | 99/616 [00:37<03:10,  2.71it/s] 16%|█▌        | 100/616 [00:38<03:05,  2.79it/s] 16%|█▋        | 101/616 [00:38<03:07,  2.74it/s] 17%|█▋        | 102/616 [00:38<03:05,  2.77it/s] 17%|█▋        | 103/616 [00:39<03:03,  2.79it/s] 17%|█▋        | 104/616 [00:39<03:03,  2.79it/s] 17%|█▋        | 105/616 [00:39<03:02,  2.81it/s] 17%|█▋        | 106/616 [00:40<03:03,  2.78it/s] 17%|█▋        | 107/616 [00:40<03:01,  2.80it/s] 18%|█▊        | 108/616 [00:41<03:02,  2.78it/s] 18%|█▊        | 109/616 [00:41<03:06,  2.71it/s] 18%|█▊        | 110/616 [00:41<02:59,  2.81it/s] 18%|█▊        | 111/616 [00:42<02:59,  2.82it/s] 18%|█▊        | 112/616 [00:42<02:57,  2.84it/s] 18%|█▊        | 113/616 [00:42<03:01,  2.78it/s] 19%|█▊        | 114/616 [00:43<02:56,  2.85it/s] 19%|█▊        | 115/616 [00:43<03:03,  2.74it/s] 19%|█▉        | 116/616 [00:43<02:59,  2.78it/s] 19%|█▉        | 117/616 [00:44<02:59,  2.78it/s] 19%|█▉        | 118/616 [00:44<02:56,  2.82it/s] 19%|█▉        | 119/616 [00:44<02:57,  2.80it/s] 19%|█▉        | 120/616 [00:45<02:59,  2.77it/s] 20%|█▉        | 121/616 [00:45<02:54,  2.83it/s] 20%|█▉        | 122/616 [00:46<02:54,  2.82it/s] 20%|█▉        | 123/616 [00:46<03:00,  2.73it/s] 20%|██        | 124/616 [00:46<02:58,  2.75it/s] 20%|██        | 125/616 [00:47<02:56,  2.78it/s] 20%|██        | 126/616 [00:47<02:54,  2.80it/s] 21%|██        | 127/616 [00:47<02:54,  2.81it/s] 21%|██        | 128/616 [00:48<02:55,  2.79it/s] 21%|██        | 129/616 [00:48<02:53,  2.81it/s] 21%|██        | 130/616 [00:48<02:53,  2.80it/s] 21%|██▏       | 131/616 [00:49<02:52,  2.81it/s] 21%|██▏       | 132/616 [00:49<02:57,  2.73it/s] 22%|██▏       | 133/616 [00:50<02:50,  2.83it/s] 22%|██▏       | 134/616 [00:50<02:53,  2.78it/s] 22%|██▏       | 135/616 [00:50<02:57,  2.71it/s] 22%|██▏       | 136/616 [00:51<02:49,  2.82it/s] 22%|██▏       | 137/616 [00:51<02:50,  2.81it/s] 22%|██▏       | 138/616 [00:51<02:53,  2.75it/s] 23%|██▎       | 139/616 [00:52<02:51,  2.78it/s] 23%|██▎       | 140/616 [00:52<02:51,  2.77it/s] 23%|██▎       | 141/616 [00:52<02:52,  2.76it/s] 23%|██▎       | 142/616 [00:53<02:46,  2.85it/s] 23%|██▎       | 143/616 [00:53<02:48,  2.80it/s] 23%|██▎       | 144/616 [00:53<02:52,  2.74it/s] 24%|██▎       | 145/616 [00:54<02:43,  2.88it/s] 24%|██▎       | 146/616 [00:54<02:44,  2.86it/s] 24%|██▍       | 147/616 [00:55<02:52,  2.72it/s] 24%|██▍       | 148/616 [00:55<02:50,  2.75it/s] 24%|██▍       | 149/616 [00:55<02:44,  2.83it/s] 24%|██▍       | 150/616 [00:56<02:48,  2.77it/s] 25%|██▍       | 151/616 [00:56<02:48,  2.76it/s] 25%|██▍       | 152/616 [00:56<02:48,  2.76it/s] 25%|██▍       | 153/616 [00:57<02:44,  2.82it/s] 25%|██▌       | 154/616 [00:57<02:43,  2.83it/s] 25%|██▌       | 155/616 [00:57<02:47,  2.75it/s] 25%|██▌       | 156/616 [00:58<02:45,  2.78it/s] 25%|██▌       | 157/616 [00:58<02:48,  2.72it/s] 26%|██▌       | 158/616 [00:59<02:48,  2.72it/s] 26%|██▌       | 159/616 [00:59<02:44,  2.79it/s] 26%|██▌       | 160/616 [00:59<02:46,  2.74it/s] 26%|██▌       | 161/616 [01:00<02:47,  2.72it/s] 26%|██▋       | 162/616 [01:00<02:49,  2.68it/s] 26%|██▋       | 163/616 [01:00<02:48,  2.69it/s] 27%|██▋       | 164/616 [01:01<02:39,  2.83it/s] 27%|██▋       | 165/616 [01:01<02:48,  2.68it/s] 27%|██▋       | 166/616 [01:01<02:46,  2.70it/s] 27%|██▋       | 167/616 [01:02<02:36,  2.86it/s] 27%|██▋       | 168/616 [01:02<02:41,  2.78it/s] 27%|██▋       | 169/616 [01:03<02:45,  2.71it/s] 28%|██▊       | 170/616 [01:03<02:43,  2.73it/s] 28%|██▊       | 171/616 [01:03<02:41,  2.76it/s] 28%|██▊       | 172/616 [01:04<02:46,  2.67it/s] 28%|██▊       | 173/616 [01:04<02:39,  2.77it/s] 28%|██▊       | 174/616 [01:04<02:40,  2.76it/s] 28%|██▊       | 175/616 [01:05<02:37,  2.80it/s] 29%|██▊       | 176/616 [01:05<02:40,  2.74it/s] 29%|██▊       | 177/616 [01:05<02:43,  2.68it/s] 29%|██▉       | 178/616 [01:06<02:37,  2.78it/s] 29%|██▉       | 179/616 [01:06<02:35,  2.80it/s] 29%|██▉       | 180/616 [01:07<02:39,  2.74it/s] 29%|██▉       | 181/616 [01:07<02:38,  2.75it/s] 30%|██▉       | 182/616 [01:07<02:37,  2.76it/s] 30%|██▉       | 183/616 [01:08<02:34,  2.81it/s] 30%|██▉       | 184/616 [01:08<02:34,  2.80it/s] 30%|███       | 185/616 [01:08<02:36,  2.76it/s] 30%|███       | 186/616 [01:09<02:34,  2.79it/s] 30%|███       | 187/616 [01:09<02:36,  2.75it/s] 31%|███       | 188/616 [01:09<02:32,  2.81it/s] 31%|███       | 189/616 [01:10<02:30,  2.85it/s] 31%|███       | 190/616 [01:10<02:30,  2.82it/s] 31%|███       | 191/616 [01:10<02:29,  2.84it/s] 31%|███       | 192/616 [01:11<02:30,  2.82it/s] 31%|███▏      | 193/616 [01:11<02:32,  2.77it/s] 31%|███▏      | 194/616 [01:12<02:32,  2.77it/s] 32%|███▏      | 195/616 [01:12<02:32,  2.77it/s] 32%|███▏      | 196/616 [01:12<02:29,  2.82it/s] 32%|███▏      | 197/616 [01:13<02:26,  2.86it/s] 32%|███▏      | 198/616 [01:13<02:31,  2.76it/s] 32%|███▏      | 199/616 [01:13<02:33,  2.71it/s] 32%|███▏      | 200/616 [01:14<02:28,  2.81it/s] 33%|███▎      | 201/616 [01:14<02:29,  2.77it/s] 33%|███▎      | 202/616 [01:14<02:29,  2.78it/s] 33%|███▎      | 203/616 [01:15<02:28,  2.78it/s] 33%|███▎      | 204/616 [01:15<02:27,  2.79it/s] 33%|███▎      | 205/616 [01:15<02:31,  2.71it/s] 33%|███▎      | 206/616 [01:16<02:27,  2.79it/s] 34%|███▎      | 207/616 [01:16<02:30,  2.73it/s] 34%|███▍      | 208/616 [01:17<02:28,  2.75it/s] 34%|███▍      | 209/616 [01:17<02:27,  2.75it/s] 34%|███▍      | 210/616 [01:17<02:26,  2.77it/s] 34%|███▍      | 211/616 [01:18<02:26,  2.76it/s] 34%|███▍      | 212/616 [01:18<02:22,  2.83it/s] 35%|███▍      | 213/616 [01:18<02:22,  2.82it/s] 35%|███▍      | 214/616 [01:19<02:22,  2.81it/s] 35%|███▍      | 215/616 [01:19<02:24,  2.77it/s] 35%|███▌      | 216/616 [01:19<02:23,  2.80it/s] 35%|███▌      | 217/616 [01:20<02:20,  2.83it/s] 35%|███▌      | 218/616 [01:20<02:22,  2.80it/s] 36%|███▌      | 219/616 [01:21<02:24,  2.75it/s] 36%|███▌      | 220/616 [01:21<02:22,  2.77it/s] 36%|███▌      | 221/616 [01:21<02:19,  2.83it/s] 36%|███▌      | 222/616 [01:22<02:21,  2.78it/s] 36%|███▌      | 223/616 [01:22<02:21,  2.77it/s] 36%|███▋      | 224/616 [01:22<02:21,  2.77it/s] 37%|███▋      | 225/616 [01:23<02:18,  2.83it/s] 37%|███▋      | 226/616 [01:23<02:20,  2.78it/s] 37%|███▋      | 227/616 [01:23<02:20,  2.77it/s] 37%|███▋      | 228/616 [01:24<02:20,  2.76it/s] 37%|███▋      | 229/616 [01:24<02:19,  2.76it/s] 37%|███▋      | 230/616 [01:24<02:17,  2.80it/s] 38%|███▊      | 231/616 [01:25<02:24,  2.66it/s] 38%|███▊      | 232/616 [01:25<02:16,  2.82it/s] 38%|███▊      | 233/616 [01:26<02:17,  2.79it/s] 38%|███▊      | 234/616 [01:26<02:25,  2.62it/s] 38%|███▊      | 235/616 [01:26<02:17,  2.77it/s] 38%|███▊      | 236/616 [01:27<02:15,  2.81it/s] 38%|███▊      | 237/616 [01:27<02:18,  2.73it/s] 39%|███▊      | 238/616 [01:27<02:16,  2.78it/s] 39%|███▉      | 239/616 [01:28<02:16,  2.77it/s] 39%|███▉      | 240/616 [01:28<02:17,  2.73it/s] 39%|███▉      | 241/616 [01:28<02:17,  2.73it/s] 39%|███▉      | 242/616 [01:29<02:34,  2.42it/s] 39%|███▉      | 243/616 [01:29<02:16,  2.73it/s] 40%|███▉      | 244/616 [01:30<02:07,  2.91it/s] 40%|███▉      | 245/616 [01:30<02:12,  2.80it/s] 40%|███▉      | 246/616 [01:30<02:14,  2.75it/s] 40%|████      | 247/616 [01:31<02:14,  2.75it/s] 40%|████      | 248/616 [01:31<02:10,  2.82it/s] 40%|████      | 249/616 [01:31<02:10,  2.81it/s] 41%|████      | 250/616 [01:32<02:13,  2.75it/s] 41%|████      | 251/616 [01:32<02:14,  2.71it/s] 41%|████      | 252/616 [01:32<02:06,  2.88it/s] 41%|████      | 253/616 [01:33<02:08,  2.81it/s] 41%|████      | 254/616 [01:33<02:12,  2.74it/s] 41%|████▏     | 255/616 [01:34<02:08,  2.80it/s] 42%|████▏     | 256/616 [01:34<02:03,  2.90it/s] 42%|████▏     | 257/616 [01:34<02:09,  2.77it/s] 42%|████▏     | 258/616 [01:35<02:08,  2.78it/s] 42%|████▏     | 259/616 [01:35<02:08,  2.77it/s] 42%|████▏     | 260/616 [01:35<02:07,  2.80it/s] 42%|████▏     | 261/616 [01:36<02:05,  2.83it/s] 43%|████▎     | 262/616 [01:36<02:06,  2.80it/s] 43%|████▎     | 263/616 [01:36<02:06,  2.79it/s] 43%|████▎     | 264/616 [01:37<02:03,  2.85it/s] 43%|████▎     | 265/616 [01:37<02:03,  2.83it/s] 43%|████▎     | 266/616 [01:37<02:06,  2.78it/s] 43%|████▎     | 267/616 [01:38<02:04,  2.80it/s] 44%|████▎     | 268/616 [01:38<02:03,  2.83it/s] 44%|████▎     | 269/616 [01:39<02:02,  2.84it/s] 44%|████▍     | 270/616 [01:39<02:00,  2.86it/s] 44%|████▍     | 271/616 [01:39<02:04,  2.78it/s] 44%|████▍     | 272/616 [01:40<02:03,  2.78it/s] 44%|████▍     | 273/616 [01:40<02:00,  2.84it/s] 44%|████▍     | 274/616 [01:40<02:04,  2.74it/s] 45%|████▍     | 275/616 [01:41<02:02,  2.78it/s] 45%|████▍     | 276/616 [01:41<02:03,  2.74it/s] 45%|████▍     | 277/616 [01:41<01:59,  2.83it/s] 45%|████▌     | 278/616 [01:42<01:58,  2.85it/s] 45%|████▌     | 279/616 [01:42<02:01,  2.78it/s] 45%|████▌     | 280/616 [01:42<01:58,  2.83it/s] 46%|████▌     | 281/616 [01:43<01:56,  2.87it/s] 46%|████▌     | 282/616 [01:43<02:01,  2.75it/s] 46%|████▌     | 283/616 [01:44<02:00,  2.76it/s] 46%|████▌     | 284/616 [01:44<01:57,  2.83it/s] 46%|████▋     | 285/616 [01:44<01:55,  2.86it/s] 46%|████▋     | 286/616 [01:45<01:59,  2.76it/s] 47%|████▋     | 287/616 [01:45<02:00,  2.74it/s] 47%|████▋     | 288/616 [01:45<01:56,  2.81it/s] 47%|████▋     | 289/616 [01:46<01:56,  2.81it/s] 47%|████▋     | 290/616 [01:46<01:55,  2.83it/s] 47%|████▋     | 291/616 [01:46<02:00,  2.69it/s] 47%|████▋     | 292/616 [01:47<01:55,  2.81it/s] 48%|████▊     | 293/616 [01:47<01:55,  2.81it/s] 48%|████▊     | 294/616 [01:47<01:56,  2.76it/s] 48%|████▊     | 295/616 [01:48<01:56,  2.75it/s] 48%|████▊     | 296/616 [01:48<01:53,  2.82it/s] 48%|████▊     | 297/616 [01:49<01:54,  2.79it/s] 48%|████▊     | 298/616 [01:49<01:56,  2.74it/s] 49%|████▊     | 299/616 [01:49<01:53,  2.79it/s] 49%|████▊     | 300/616 [01:50<01:52,  2.80it/s] 49%|████▉     | 301/616 [01:50<01:53,  2.78it/s] 49%|████▉     | 302/616 [01:50<01:54,  2.75it/s] 49%|████▉     | 303/616 [01:51<01:53,  2.75it/s] 49%|████▉     | 304/616 [01:51<01:56,  2.69it/s] 50%|████▉     | 305/616 [01:51<01:51,  2.78it/s] 50%|████▉     | 306/616 [01:52<01:52,  2.76it/s] 50%|████▉     | 307/616 [01:52<01:51,  2.77it/s] 50%|█████     | 308/616 [01:53<01:49,  2.81it/s] 50%|█████     | 309/616 [01:53<01:50,  2.77it/s] 50%|█████     | 310/616 [01:53<01:52,  2.72it/s] 50%|█████     | 311/616 [01:54<01:49,  2.80it/s] 51%|█████     | 312/616 [01:54<01:49,  2.79it/s] 51%|█████     | 313/616 [01:54<01:48,  2.80it/s] 51%|█████     | 314/616 [01:55<01:49,  2.77it/s] 51%|█████     | 315/616 [01:55<01:48,  2.78it/s] 51%|█████▏    | 316/616 [01:55<01:46,  2.82it/s] 51%|█████▏    | 317/616 [01:56<01:44,  2.85it/s] 52%|█████▏    | 318/616 [01:56<01:47,  2.78it/s] 52%|█████▏    | 319/616 [01:56<01:45,  2.81it/s] 52%|█████▏    | 320/616 [01:57<01:44,  2.84it/s] 52%|█████▏    | 321/616 [01:57<01:46,  2.77it/s] 52%|█████▏    | 322/616 [01:58<01:44,  2.80it/s] 52%|█████▏    | 323/616 [01:58<01:45,  2.78it/s] 53%|█████▎    | 324/616 [01:58<01:44,  2.80it/s] 53%|█████▎    | 325/616 [01:59<01:43,  2.82it/s] 53%|█████▎    | 326/616 [01:59<01:43,  2.80it/s] 53%|█████▎    | 327/616 [01:59<01:45,  2.74it/s] 53%|█████▎    | 328/616 [02:00<01:40,  2.87it/s] 53%|█████▎    | 329/616 [02:00<01:42,  2.79it/s] 54%|█████▎    | 330/616 [02:00<01:43,  2.76it/s] 54%|█████▎    | 331/616 [02:01<01:42,  2.77it/s] 54%|█████▍    | 332/616 [02:01<01:41,  2.80it/s] 54%|█████▍    | 333/616 [02:02<01:52,  2.52it/s] 54%|█████▍    | 334/616 [02:02<01:40,  2.79it/s] 54%|█████▍    | 335/616 [02:02<01:39,  2.82it/s] 55%|█████▍    | 336/616 [02:03<01:39,  2.81it/s] 55%|█████▍    | 337/616 [02:03<01:39,  2.80it/s] 55%|█████▍    | 338/616 [02:03<01:39,  2.79it/s] 55%|█████▌    | 339/616 [02:04<01:39,  2.78it/s] 55%|█████▌    | 340/616 [02:04<01:38,  2.80it/s] 55%|█████▌    | 341/616 [02:04<01:37,  2.82it/s] 56%|█████▌    | 342/616 [02:05<01:41,  2.70it/s] 56%|█████▌    | 343/616 [02:05<01:37,  2.80it/s] 56%|█████▌    | 344/616 [02:05<01:35,  2.84it/s] 56%|█████▌    | 345/616 [02:06<01:36,  2.82it/s] 56%|█████▌    | 346/616 [02:06<01:39,  2.72it/s] 56%|█████▋    | 347/616 [02:07<01:37,  2.75it/s] 56%|█████▋    | 348/616 [02:07<01:34,  2.82it/s] 57%|█████▋    | 349/616 [02:07<01:34,  2.81it/s] 57%|█████▋    | 350/616 [02:08<01:34,  2.80it/s] 57%|█████▋    | 351/616 [02:08<01:37,  2.71it/s] 57%|█████▋    | 352/616 [02:08<01:33,  2.84it/s] 57%|█████▋    | 353/616 [02:09<01:32,  2.83it/s] 57%|█████▋    | 354/616 [02:09<01:34,  2.76it/s] 58%|█████▊    | 355/616 [02:09<01:34,  2.77it/s] 58%|█████▊    | 356/616 [02:10<01:30,  2.86it/s] 58%|█████▊    | 357/616 [02:10<01:32,  2.80it/s] 58%|█████▊    | 358/616 [02:10<01:34,  2.74it/s] 58%|█████▊    | 359/616 [02:11<01:32,  2.79it/s] 58%|█████▊    | 360/616 [02:11<01:31,  2.79it/s] 59%|█████▊    | 361/616 [02:12<01:30,  2.82it/s] 59%|█████▉    | 362/616 [02:12<01:34,  2.69it/s] 59%|█████▉    | 363/616 [02:12<01:33,  2.72it/s] 59%|█████▉    | 364/616 [02:13<01:28,  2.84it/s] 59%|█████▉    | 365/616 [02:13<01:33,  2.69it/s] 59%|█████▉    | 366/616 [02:13<01:30,  2.77it/s] 60%|█████▉    | 367/616 [02:14<01:28,  2.82it/s] 60%|█████▉    | 368/616 [02:14<01:29,  2.77it/s] 60%|█████▉    | 369/616 [02:14<01:27,  2.83it/s] 60%|██████    | 370/616 [02:15<01:29,  2.75it/s] 60%|██████    | 371/616 [02:15<01:27,  2.81it/s] 60%|██████    | 372/616 [02:16<01:28,  2.76it/s] 61%|██████    | 373/616 [02:16<01:27,  2.78it/s] 61%|██████    | 374/616 [02:16<01:26,  2.79it/s] 61%|██████    | 375/616 [02:17<01:25,  2.83it/s] 61%|██████    | 376/616 [02:17<01:25,  2.81it/s] 61%|██████    | 377/616 [02:17<01:25,  2.81it/s] 61%|██████▏   | 378/616 [02:18<01:24,  2.82it/s] 62%|██████▏   | 379/616 [02:18<01:24,  2.82it/s] 62%|██████▏   | 380/616 [02:18<01:24,  2.80it/s] 62%|██████▏   | 381/616 [02:19<01:23,  2.83it/s] 62%|██████▏   | 382/616 [02:19<01:25,  2.74it/s] 62%|██████▏   | 383/616 [02:19<01:22,  2.84it/s] 62%|██████▏   | 384/616 [02:20<01:21,  2.84it/s] 62%|██████▎   | 385/616 [02:20<01:21,  2.83it/s] 63%|██████▎   | 386/616 [02:21<01:22,  2.80it/s] 63%|██████▎   | 387/616 [02:21<01:21,  2.80it/s] 63%|██████▎   | 388/616 [02:21<01:22,  2.77it/s] 63%|██████▎   | 389/616 [02:22<01:20,  2.81it/s] 63%|██████▎   | 390/616 [02:22<01:20,  2.82it/s] 63%|██████▎   | 391/616 [02:22<01:20,  2.79it/s] 64%|██████▎   | 392/616 [02:23<01:18,  2.85it/s] 64%|██████▍   | 393/616 [02:23<01:19,  2.79it/s] 64%|██████▍   | 394/616 [02:23<01:19,  2.80it/s] 64%|██████▍   | 395/616 [02:24<01:18,  2.82it/s] 64%|██████▍   | 396/616 [02:24<01:18,  2.80it/s] 64%|██████▍   | 397/616 [02:24<01:17,  2.82it/s] 65%|██████▍   | 398/616 [02:25<01:17,  2.80it/s] 65%|██████▍   | 399/616 [02:25<01:17,  2.81it/s] 65%|██████▍   | 400/616 [02:26<01:17,  2.80it/s] 65%|██████▌   | 401/616 [02:26<01:16,  2.81it/s] 65%|██████▌   | 402/616 [02:26<01:17,  2.77it/s] 65%|██████▌   | 403/616 [02:27<01:17,  2.73it/s] 66%|██████▌   | 404/616 [02:27<01:14,  2.85it/s] 66%|██████▌   | 405/616 [02:27<01:15,  2.78it/s] 66%|██████▌   | 406/616 [02:28<01:16,  2.75it/s] 66%|██████▌   | 407/616 [02:28<01:15,  2.76it/s] 66%|██████▌   | 408/616 [02:28<01:13,  2.84it/s] 66%|██████▋   | 409/616 [02:29<01:14,  2.78it/s] 67%|██████▋   | 410/616 [02:29<01:14,  2.78it/s] 67%|██████▋   | 411/616 [02:29<01:13,  2.79it/s] 67%|██████▋   | 412/616 [02:30<01:12,  2.83it/s] 67%|██████▋   | 413/616 [02:30<01:13,  2.76it/s] 67%|██████▋   | 414/616 [02:31<01:12,  2.80it/s] 67%|██████▋   | 415/616 [02:31<01:12,  2.78it/s] 68%|██████▊   | 416/616 [02:31<01:11,  2.81it/s] 68%|██████▊   | 417/616 [02:32<01:11,  2.79it/s] 68%|██████▊   | 418/616 [02:32<01:11,  2.77it/s] 68%|██████▊   | 419/616 [02:32<01:11,  2.74it/s] 68%|██████▊   | 420/616 [02:33<01:08,  2.88it/s] 68%|██████▊   | 421/616 [02:33<01:11,  2.74it/s] 69%|██████▊   | 422/616 [02:33<01:10,  2.77it/s] 69%|██████▊   | 423/616 [02:34<01:09,  2.78it/s] 69%|██████▉   | 424/616 [02:34<01:08,  2.80it/s] 69%|██████▉   | 425/616 [02:34<01:07,  2.83it/s] 69%|██████▉   | 426/616 [02:35<01:08,  2.77it/s] 69%|██████▉   | 427/616 [02:35<01:07,  2.78it/s] 69%|██████▉   | 428/616 [02:36<01:05,  2.85it/s] 70%|██████▉   | 429/616 [02:36<01:06,  2.79it/s] 70%|██████▉   | 430/616 [02:36<01:07,  2.75it/s] 70%|██████▉   | 431/616 [02:37<01:06,  2.77it/s] 70%|███████   | 432/616 [02:37<01:06,  2.77it/s] 70%|███████   | 433/616 [02:37<01:04,  2.82it/s] 70%|███████   | 434/616 [02:38<01:05,  2.76it/s] 71%|███████   | 435/616 [02:38<01:06,  2.72it/s] 71%|███████   | 436/616 [02:38<01:03,  2.83it/s] 71%|███████   | 437/616 [02:39<01:05,  2.75it/s] 71%|███████   | 438/616 [02:39<01:05,  2.71it/s] 71%|███████▏  | 439/616 [02:40<01:03,  2.78it/s] 71%|███████▏  | 440/616 [02:40<01:02,  2.83it/s] 72%|███████▏  | 441/616 [02:40<01:02,  2.79it/s] 72%|███████▏  | 442/616 [02:41<01:03,  2.76it/s] 72%|███████▏  | 443/616 [02:41<01:02,  2.78it/s] 72%|███████▏  | 444/616 [02:41<01:02,  2.74it/s] 72%|███████▏  | 445/616 [02:42<01:01,  2.76it/s] 72%|███████▏  | 446/616 [02:42<01:02,  2.71it/s] 73%|███████▎  | 447/616 [02:42<01:00,  2.80it/s] 73%|███████▎  | 448/616 [02:43<01:00,  2.80it/s] 73%|███████▎  | 449/616 [02:43<01:00,  2.75it/s] 73%|███████▎  | 450/616 [02:43<01:00,  2.73it/s] 73%|███████▎  | 451/616 [02:44<00:59,  2.79it/s] 73%|███████▎  | 452/616 [02:44<00:59,  2.74it/s] 74%|███████▎  | 453/616 [02:45<00:56,  2.86it/s] 74%|███████▎  | 454/616 [02:45<00:57,  2.80it/s] 74%|███████▍  | 455/616 [02:45<01:00,  2.65it/s] 74%|███████▍  | 456/616 [02:46<00:55,  2.88it/s] 74%|███████▍  | 457/616 [02:46<00:58,  2.74it/s] 74%|███████▍  | 458/616 [02:46<00:57,  2.76it/s] 75%|███████▍  | 459/616 [02:47<00:56,  2.80it/s] 75%|███████▍  | 460/616 [02:47<00:54,  2.84it/s] 75%|███████▍  | 461/616 [02:47<00:55,  2.78it/s] 75%|███████▌  | 462/616 [02:48<00:54,  2.82it/s] 75%|███████▌  | 463/616 [02:48<00:55,  2.75it/s] 75%|███████▌  | 464/616 [02:49<00:54,  2.79it/s] 75%|███████▌  | 465/616 [02:49<00:54,  2.78it/s] 76%|███████▌  | 466/616 [02:49<00:54,  2.77it/s] 76%|███████▌  | 467/616 [02:50<00:53,  2.77it/s] 76%|███████▌  | 468/616 [02:50<00:53,  2.75it/s] 76%|███████▌  | 469/616 [02:50<00:52,  2.79it/s] 76%|███████▋  | 470/616 [02:51<00:52,  2.77it/s] 76%|███████▋  | 471/616 [02:51<00:52,  2.75it/s] 77%|███████▋  | 472/616 [02:51<00:51,  2.82it/s] 77%|███████▋  | 473/616 [02:52<00:51,  2.78it/s] 77%|███████▋  | 474/616 [02:52<00:52,  2.71it/s] 77%|███████▋  | 475/616 [02:52<00:49,  2.82it/s] 77%|███████▋  | 476/616 [02:53<00:49,  2.82it/s] 77%|███████▋  | 477/616 [02:53<00:49,  2.82it/s] 78%|███████▊  | 478/616 [02:54<00:49,  2.76it/s] 78%|███████▊  | 479/616 [02:54<00:48,  2.80it/s] 78%|███████▊  | 480/616 [02:54<00:48,  2.83it/s] 78%|███████▊  | 481/616 [02:55<00:49,  2.73it/s] 78%|███████▊  | 482/616 [02:55<00:47,  2.79it/s] 78%|███████▊  | 483/616 [02:55<00:47,  2.81it/s] 79%|███████▊  | 484/616 [02:56<00:46,  2.83it/s] 79%|███████▊  | 485/616 [02:56<00:47,  2.73it/s] 79%|███████▉  | 486/616 [02:56<00:46,  2.79it/s] 79%|███████▉  | 487/616 [02:57<00:46,  2.76it/s] 79%|███████▉  | 488/616 [02:57<00:44,  2.85it/s] 79%|███████▉  | 489/616 [02:58<00:46,  2.74it/s] 80%|███████▉  | 490/616 [02:58<00:47,  2.66it/s] 80%|███████▉  | 491/616 [02:58<00:45,  2.73it/s] 80%|███████▉  | 492/616 [02:59<00:44,  2.80it/s] 80%|████████  | 493/616 [02:59<00:44,  2.76it/s] 80%|████████  | 494/616 [02:59<00:44,  2.75it/s] 80%|████████  | 495/616 [03:00<00:43,  2.77it/s] 81%|████████  | 496/616 [03:00<00:43,  2.76it/s] 81%|████████  | 497/616 [03:00<00:43,  2.75it/s] 81%|████████  | 498/616 [03:01<00:42,  2.78it/s] 81%|████████  | 499/616 [03:01<00:42,  2.76it/s] 81%|████████  | 500/616 [03:01<00:41,  2.81it/s] 81%|████████▏ | 501/616 [03:02<00:40,  2.82it/s] 81%|████████▏ | 502/616 [03:02<00:41,  2.73it/s] 82%|████████▏ | 503/616 [03:03<00:40,  2.77it/s] 82%|████████▏ | 504/616 [03:03<00:38,  2.88it/s] 82%|████████▏ | 505/616 [03:03<00:39,  2.78it/s] 82%|████████▏ | 506/616 [03:04<00:39,  2.81it/s] 82%|████████▏ | 507/616 [03:04<00:44,  2.44it/s] 82%|████████▏ | 508/616 [03:04<00:38,  2.83it/s] 83%|████████▎ | 509/616 [03:05<00:38,  2.81it/s] 83%|████████▎ | 510/616 [03:05<00:38,  2.77it/s] 83%|████████▎ | 511/616 [03:05<00:37,  2.83it/s] 83%|████████▎ | 512/616 [03:06<00:36,  2.83it/s] 83%|████████▎ | 513/616 [03:06<00:36,  2.80it/s] 83%|████████▎ | 514/616 [03:07<00:37,  2.75it/s] 84%|████████▎ | 515/616 [03:07<00:36,  2.79it/s] 84%|████████▍ | 516/616 [03:07<00:35,  2.79it/s] 84%|████████▍ | 517/616 [03:08<00:35,  2.80it/s] 84%|████████▍ | 518/616 [03:08<00:36,  2.68it/s] 84%|████████▍ | 519/616 [03:08<00:35,  2.71it/s] 84%|████████▍ | 520/616 [03:09<00:34,  2.81it/s] 85%|████████▍ | 521/616 [03:09<00:34,  2.77it/s] 85%|████████▍ | 522/616 [03:09<00:34,  2.75it/s] 85%|████████▍ | 523/616 [03:10<00:33,  2.75it/s] 85%|████████▌ | 524/616 [03:10<00:32,  2.80it/s] 85%|████████▌ | 525/616 [03:11<00:33,  2.74it/s] 85%|████████▌ | 526/616 [03:11<00:32,  2.77it/s] 86%|████████▌ | 527/616 [03:11<00:31,  2.79it/s] 86%|████████▌ | 528/616 [03:12<00:31,  2.82it/s] 86%|████████▌ | 529/616 [03:12<00:31,  2.78it/s] 86%|████████▌ | 530/616 [03:12<00:30,  2.79it/s] 86%|████████▌ | 531/616 [03:13<00:30,  2.78it/s] 86%|████████▋ | 532/616 [03:13<00:29,  2.83it/s] 87%|████████▋ | 533/616 [03:13<00:29,  2.79it/s] 87%|████████▋ | 534/616 [03:14<00:29,  2.81it/s] 87%|████████▋ | 535/616 [03:14<00:29,  2.74it/s] 87%|████████▋ | 536/616 [03:14<00:29,  2.72it/s] 87%|████████▋ | 537/616 [03:15<00:28,  2.81it/s] 87%|████████▋ | 538/616 [03:15<00:27,  2.82it/s] 88%|████████▊ | 539/616 [03:16<00:27,  2.77it/s] 88%|████████▊ | 540/616 [03:16<00:27,  2.81it/s] 88%|████████▊ | 541/616 [03:16<00:27,  2.75it/s] 88%|████████▊ | 542/616 [03:17<00:27,  2.74it/s] 88%|████████▊ | 543/616 [03:17<00:26,  2.78it/s] 88%|████████▊ | 544/616 [03:17<00:25,  2.83it/s] 88%|████████▊ | 545/616 [03:18<00:25,  2.77it/s] 89%|████████▊ | 546/616 [03:18<00:25,  2.75it/s] 89%|████████▉ | 547/616 [03:18<00:24,  2.81it/s] 89%|████████▉ | 548/616 [03:19<00:24,  2.80it/s] 89%|████████▉ | 549/616 [03:19<00:23,  2.81it/s] 89%|████████▉ | 550/616 [03:20<00:23,  2.78it/s] 89%|████████▉ | 551/616 [03:20<00:22,  2.85it/s] 90%|████████▉ | 552/616 [03:20<00:22,  2.80it/s] 90%|████████▉ | 553/616 [03:21<00:22,  2.80it/s] 90%|████████▉ | 554/616 [03:21<00:22,  2.76it/s] 90%|█████████ | 555/616 [03:21<00:21,  2.79it/s] 90%|█████████ | 556/616 [03:22<00:21,  2.79it/s] 90%|█████████ | 557/616 [03:22<00:21,  2.79it/s] 91%|█████████ | 558/616 [03:22<00:20,  2.80it/s] 91%|█████████ | 559/616 [03:23<00:20,  2.79it/s] 91%|█████████ | 560/616 [03:23<00:20,  2.75it/s] 91%|█████████ | 561/616 [03:23<00:19,  2.77it/s] 91%|█████████ | 562/616 [03:24<00:18,  2.84it/s] 91%|█████████▏| 563/616 [03:24<00:19,  2.70it/s] 92%|█████████▏| 564/616 [03:25<00:18,  2.79it/s] 92%|█████████▏| 565/616 [03:25<00:18,  2.78it/s] 92%|█████████▏| 566/616 [03:25<00:18,  2.77it/s] 92%|█████████▏| 567/616 [03:26<00:17,  2.76it/s] 92%|█████████▏| 568/616 [03:26<00:16,  2.83it/s] 92%|█████████▏| 569/616 [03:26<00:16,  2.78it/s] 93%|█████████▎| 570/616 [03:27<00:16,  2.78it/s] 93%|█████████▎| 571/616 [03:27<00:16,  2.70it/s] 93%|█████████▎| 572/616 [03:27<00:15,  2.83it/s] 93%|█████████▎| 573/616 [03:28<00:15,  2.86it/s] 93%|█████████▎| 574/616 [03:28<00:15,  2.77it/s] 93%|█████████▎| 575/616 [03:28<00:15,  2.69it/s] 94%|█████████▎| 576/616 [03:29<00:14,  2.82it/s] 94%|█████████▎| 577/616 [03:29<00:14,  2.74it/s] 94%|█████████▍| 578/616 [03:30<00:13,  2.77it/s] 94%|█████████▍| 579/616 [03:30<00:13,  2.78it/s] 94%|█████████▍| 580/616 [03:30<00:12,  2.85it/s] 94%|█████████▍| 581/616 [03:31<00:12,  2.75it/s] 94%|█████████▍| 582/616 [03:31<00:12,  2.80it/s] 95%|█████████▍| 583/616 [03:31<00:11,  2.81it/s] 95%|█████████▍| 584/616 [03:32<00:11,  2.83it/s] 95%|█████████▍| 585/616 [03:32<00:11,  2.75it/s] 95%|█████████▌| 586/616 [03:32<00:10,  2.77it/s] 95%|█████████▌| 587/616 [03:33<00:10,  2.78it/s] 95%|█████████▌| 588/616 [03:33<00:09,  2.81it/s] 96%|█████████▌| 589/616 [03:34<00:09,  2.72it/s] 96%|█████████▌| 590/616 [03:34<00:09,  2.80it/s] 96%|█████████▌| 591/616 [03:34<00:09,  2.76it/s] 96%|█████████▌| 592/616 [03:35<00:08,  2.79it/s] 96%|█████████▋| 593/616 [03:35<00:08,  2.77it/s] 96%|█████████▋| 594/616 [03:35<00:07,  2.80it/s] 97%|█████████▋| 595/616 [03:36<00:07,  2.74it/s] 97%|█████████▋| 596/616 [03:36<00:07,  2.79it/s] 97%|█████████▋| 597/616 [03:36<00:07,  2.70it/s] 97%|█████████▋| 598/616 [03:37<00:07,  2.55it/s] 97%|█████████▋| 599/616 [03:37<00:06,  2.73it/s] 97%|█████████▋| 600/616 [03:38<00:05,  2.76it/s] 98%|█████████▊| 601/616 [03:38<00:05,  2.78it/s] 98%|█████████▊| 602/616 [03:38<00:04,  2.82it/s] 98%|█████████▊| 603/616 [03:39<00:04,  2.76it/s] 98%|█████████▊| 604/616 [03:39<00:04,  2.79it/s] 98%|█████████▊| 605/616 [03:39<00:03,  2.80it/s] 98%|█████████▊| 606/616 [03:40<00:03,  2.73it/s] 99%|█████████▊| 607/616 [03:40<00:03,  2.80it/s] 99%|█████████▊| 608/616 [03:40<00:02,  2.78it/s] 99%|█████████▉| 609/616 [03:41<00:02,  2.75it/s] 99%|█████████▉| 610/616 [03:41<00:02,  2.78it/s] 99%|█████████▉| 611/616 [03:41<00:01,  2.78it/s] 99%|█████████▉| 612/616 [03:42<00:01,  2.79it/s]100%|█████████▉| 613/616 [03:42<00:01,  2.78it/s]100%|█████████▉| 614/616 [03:43<00:00,  2.82it/s]100%|█████████▉| 615/616 [03:43<00:00,  2.78it/s]100%|██████████| 616/616 [03:43<00:00,  2.98it/s]100%|██████████| 616/616 [03:43<00:00,  2.75it/s][2022-09-16 14:07:29,179][__main__][INFO] - Train Instance Accuracy: 0.701372
[2022-09-16 14:07:29,180][__main__][INFO] - loss: 1.890813

  0%|          | 0/155 [00:00<?, ?it/s]  1%|          | 1/155 [00:01<04:58,  1.94s/it]  1%|▏         | 2/155 [00:02<02:20,  1.09it/s]  2%|▏         | 3/155 [00:02<01:37,  1.57it/s]  3%|▎         | 4/155 [00:02<01:10,  2.13it/s]  3%|▎         | 5/155 [00:03<01:33,  1.60it/s]  4%|▍         | 6/155 [00:03<01:11,  2.07it/s]  5%|▍         | 7/155 [00:03<00:58,  2.54it/s]  5%|▌         | 8/155 [00:04<00:49,  3.00it/s]  6%|▌         | 9/155 [00:04<01:02,  2.33it/s]  6%|▋         | 10/155 [00:05<00:52,  2.77it/s]  7%|▋         | 11/155 [00:05<00:45,  3.19it/s]  8%|▊         | 12/155 [00:05<00:40,  3.55it/s]  8%|▊         | 13/155 [00:05<00:48,  2.93it/s]  9%|▉         | 14/155 [00:06<00:43,  3.27it/s] 10%|▉         | 15/155 [00:06<00:39,  3.54it/s] 10%|█         | 16/155 [00:06<00:35,  3.87it/s] 11%|█         | 17/155 [00:06<00:41,  3.35it/s] 12%|█▏        | 18/155 [00:07<00:38,  3.53it/s] 12%|█▏        | 19/155 [00:07<00:38,  3.56it/s] 13%|█▎        | 20/155 [00:07<00:34,  3.86it/s] 14%|█▎        | 21/155 [00:08<00:38,  3.47it/s] 14%|█▍        | 22/155 [00:08<00:36,  3.62it/s] 15%|█▍        | 23/155 [00:08<00:37,  3.48it/s] 15%|█▌        | 24/155 [00:08<00:34,  3.80it/s] 16%|█▌        | 25/155 [00:09<00:37,  3.48it/s] 17%|█▋        | 26/155 [00:09<00:35,  3.61it/s] 17%|█▋        | 27/155 [00:09<00:36,  3.55it/s] 18%|█▊        | 28/155 [00:09<00:32,  3.88it/s] 19%|█▊        | 29/155 [00:10<00:34,  3.65it/s] 19%|█▉        | 30/155 [00:10<00:34,  3.58it/s] 20%|██        | 31/155 [00:10<00:36,  3.41it/s] 21%|██        | 32/155 [00:11<00:32,  3.75it/s] 21%|██▏       | 33/155 [00:11<00:33,  3.66it/s] 22%|██▏       | 34/155 [00:11<00:33,  3.64it/s] 23%|██▎       | 35/155 [00:11<00:35,  3.37it/s] 23%|██▎       | 36/155 [00:12<00:32,  3.68it/s] 24%|██▍       | 37/155 [00:12<00:31,  3.78it/s] 25%|██▍       | 38/155 [00:12<00:32,  3.62it/s] 25%|██▌       | 39/155 [00:13<00:34,  3.37it/s] 26%|██▌       | 40/155 [00:13<00:31,  3.68it/s] 26%|██▋       | 41/155 [00:13<00:30,  3.78it/s] 27%|██▋       | 42/155 [00:13<00:31,  3.60it/s] 28%|██▊       | 43/155 [00:14<00:36,  3.10it/s] 28%|██▊       | 44/155 [00:14<00:32,  3.38it/s] 29%|██▉       | 45/155 [00:14<00:29,  3.70it/s] 30%|██▉       | 46/155 [00:14<00:29,  3.74it/s] 30%|███       | 47/155 [00:15<00:30,  3.50it/s] 31%|███       | 48/155 [00:15<00:31,  3.35it/s] 32%|███▏      | 49/155 [00:15<00:28,  3.68it/s] 32%|███▏      | 50/155 [00:16<00:29,  3.58it/s] 33%|███▎      | 51/155 [00:16<00:28,  3.70it/s] 34%|███▎      | 52/155 [00:16<00:28,  3.55it/s] 34%|███▍      | 53/155 [00:17<00:31,  3.29it/s] 35%|███▍      | 54/155 [00:17<00:28,  3.55it/s] 35%|███▌      | 55/155 [00:17<00:27,  3.68it/s] 36%|███▌      | 56/155 [00:17<00:27,  3.64it/s] 37%|███▋      | 57/155 [00:18<00:27,  3.53it/s] 37%|███▋      | 58/155 [00:18<00:26,  3.62it/s] 38%|███▊      | 59/155 [00:18<00:24,  3.86it/s] 39%|███▊      | 60/155 [00:18<00:26,  3.60it/s] 39%|███▉      | 61/155 [00:19<00:26,  3.50it/s] 40%|████      | 62/155 [00:19<00:26,  3.54it/s] 41%|████      | 63/155 [00:19<00:23,  3.87it/s] 41%|████▏     | 64/155 [00:20<00:25,  3.56it/s] 42%|████▏     | 65/155 [00:20<00:25,  3.57it/s] 43%|████▎     | 66/155 [00:20<00:25,  3.54it/s] 43%|████▎     | 67/155 [00:20<00:22,  3.84it/s] 44%|████▍     | 68/155 [00:21<00:24,  3.54it/s] 45%|████▍     | 69/155 [00:21<00:24,  3.48it/s] 45%|████▌     | 70/155 [00:21<00:24,  3.51it/s] 46%|████▌     | 71/155 [00:21<00:21,  3.85it/s] 46%|████▋     | 72/155 [00:22<00:23,  3.55it/s] 47%|████▋     | 73/155 [00:22<00:24,  3.37it/s] 48%|████▊     | 74/155 [00:22<00:22,  3.67it/s] 48%|████▊     | 75/155 [00:23<00:20,  3.93it/s] 49%|████▉     | 76/155 [00:23<00:23,  3.31it/s] 50%|████▉     | 77/155 [00:23<00:21,  3.55it/s] 50%|█████     | 78/155 [00:23<00:20,  3.73it/s] 51%|█████     | 79/155 [00:24<00:19,  3.97it/s] 52%|█████▏    | 80/155 [00:24<00:21,  3.53it/s] 52%|█████▏    | 81/155 [00:24<00:21,  3.39it/s] 53%|█████▎    | 82/155 [00:25<00:20,  3.55it/s] 54%|█████▎    | 83/155 [00:25<00:19,  3.78it/s] 54%|█████▍    | 84/155 [00:25<00:20,  3.39it/s] 55%|█████▍    | 85/155 [00:25<00:20,  3.43it/s] 55%|█████▌    | 86/155 [00:26<00:18,  3.74it/s] 56%|█████▌    | 87/155 [00:26<00:18,  3.62it/s] 57%|█████▋    | 88/155 [00:26<00:19,  3.47it/s] 57%|█████▋    | 89/155 [00:26<00:18,  3.65it/s] 58%|█████▊    | 90/155 [00:27<00:17,  3.64it/s] 59%|█████▊    | 91/155 [00:27<00:16,  3.84it/s] 59%|█████▉    | 92/155 [00:27<00:19,  3.24it/s] 60%|██████    | 93/155 [00:28<00:17,  3.56it/s] 61%|██████    | 94/155 [00:28<00:16,  3.69it/s] 61%|██████▏   | 95/155 [00:28<00:15,  3.87it/s] 62%|██████▏   | 96/155 [00:28<00:17,  3.38it/s] 63%|██████▎   | 97/155 [00:29<00:16,  3.51it/s] 63%|██████▎   | 98/155 [00:29<00:15,  3.73it/s] 64%|██████▍   | 99/155 [00:29<00:14,  3.96it/s] 65%|██████▍   | 100/155 [00:30<00:16,  3.31it/s] 65%|██████▌   | 101/155 [00:30<00:16,  3.33it/s] 66%|██████▌   | 102/155 [00:30<00:14,  3.66it/s] 66%|██████▋   | 103/155 [00:30<00:13,  3.94it/s] 67%|██████▋   | 104/155 [00:31<00:14,  3.55it/s] 68%|██████▊   | 105/155 [00:31<00:14,  3.37it/s] 68%|██████▊   | 106/155 [00:31<00:13,  3.72it/s] 69%|██████▉   | 107/155 [00:31<00:11,  4.00it/s] 70%|██████▉   | 108/155 [00:32<00:14,  3.26it/s] 70%|███████   | 109/155 [00:32<00:13,  3.38it/s] 71%|███████   | 110/155 [00:32<00:12,  3.71it/s] 72%|███████▏  | 111/155 [00:33<00:11,  3.97it/s] 72%|███████▏  | 112/155 [00:33<00:12,  3.43it/s] 73%|███████▎  | 113/155 [00:33<00:12,  3.41it/s] 74%|███████▎  | 114/155 [00:33<00:10,  3.73it/s] 74%|███████▍  | 115/155 [00:34<00:09,  4.02it/s] 75%|███████▍  | 116/155 [00:34<00:11,  3.37it/s] 75%|███████▌  | 117/155 [00:34<00:12,  3.08it/s] 76%|███████▌  | 118/155 [00:35<00:10,  3.44it/s] 77%|███████▋  | 119/155 [00:35<00:09,  3.79it/s] 77%|███████▋  | 120/155 [00:35<00:09,  3.83it/s] 78%|███████▊  | 121/155 [00:36<00:10,  3.15it/s] 79%|███████▊  | 122/155 [00:36<00:09,  3.55it/s] 79%|███████▉  | 123/155 [00:36<00:08,  3.84it/s] 80%|████████  | 124/155 [00:36<00:07,  4.05it/s] 81%|████████  | 125/155 [00:37<00:09,  3.17it/s] 81%|████████▏ | 126/155 [00:37<00:08,  3.51it/s] 82%|████████▏ | 127/155 [00:37<00:07,  3.78it/s] 83%|████████▎ | 128/155 [00:37<00:06,  4.02it/s] 83%|████████▎ | 129/155 [00:38<00:07,  3.26it/s] 84%|████████▍ | 130/155 [00:38<00:06,  3.65it/s] 85%|████████▍ | 131/155 [00:38<00:06,  3.91it/s] 85%|████████▌ | 132/155 [00:38<00:06,  3.81it/s] 86%|████████▌ | 133/155 [00:39<00:06,  3.29it/s] 86%|████████▋ | 134/155 [00:39<00:05,  3.53it/s] 87%|████████▋ | 135/155 [00:39<00:05,  3.79it/s] 88%|████████▊ | 136/155 [00:40<00:04,  3.80it/s] 88%|████████▊ | 137/155 [00:40<00:05,  3.36it/s] 89%|████████▉ | 138/155 [00:40<00:04,  3.50it/s] 90%|████████▉ | 139/155 [00:40<00:04,  3.81it/s] 90%|█████████ | 140/155 [00:41<00:04,  3.75it/s] 91%|█████████ | 141/155 [00:41<00:04,  3.49it/s] 92%|█████████▏| 142/155 [00:41<00:03,  3.60it/s] 92%|█████████▏| 143/155 [00:41<00:03,  3.94it/s] 93%|█████████▎| 144/155 [00:42<00:03,  3.65it/s] 94%|█████████▎| 145/155 [00:42<00:02,  3.46it/s] 94%|█████████▍| 146/155 [00:42<00:02,  3.56it/s] 95%|█████████▍| 147/155 [00:43<00:02,  3.91it/s] 95%|█████████▌| 148/155 [00:43<00:01,  3.55it/s] 96%|█████████▌| 149/155 [00:43<00:01,  3.64it/s] 97%|█████████▋| 150/155 [00:43<00:01,  3.59it/s] 97%|█████████▋| 151/155 [00:44<00:01,  3.94it/s] 98%|█████████▊| 152/155 [00:44<00:00,  4.19it/s] 99%|█████████▊| 153/155 [00:44<00:00,  4.35it/s] 99%|█████████▉| 154/155 [00:44<00:00,  4.54it/s]100%|██████████| 155/155 [00:44<00:00,  5.19it/s]100%|██████████| 155/155 [00:44<00:00,  3.45it/s][2022-09-16 14:08:14,492][__main__][INFO] - Test Instance Accuracy: 0.821774, Class Accuracy: 0.752468
[2022-09-16 14:08:14,492][__main__][INFO] - Best Instance Accuracy: 0.821774, Class Accuracy: 0.752468
[2022-09-16 14:08:14,493][tensorboardX.summary][INFO] - Summary name Test Acc is illegal; using Test_Acc instead.
[2022-09-16 14:08:14,494][__main__][INFO] - Save model...
[2022-09-16 14:08:14,495][__main__][INFO] - Saving at best_model.pth
[2022-09-16 14:08:14,721][__main__][INFO] - Epoch 13 (13/200):

  0%|          | 0/616 [00:00<?, ?it/s]  0%|          | 1/616 [00:02<22:40,  2.21s/it]  0%|          | 2/616 [00:02<05:44,  1.78it/s]  0%|          | 3/616 [00:02<03:55,  2.61it/s]  1%|          | 4/616 [00:03<03:45,  2.71it/s]  1%|          | 5/616 [00:03<05:35,  1.82it/s]  1%|          | 6/616 [00:04<03:56,  2.58it/s]  1%|          | 7/616 [00:04<03:53,  2.61it/s]  1%|▏         | 8/616 [00:05<03:46,  2.69it/s]  1%|▏         | 9/616 [00:05<03:49,  2.65it/s]  2%|▏         | 10/616 [00:05<03:48,  2.65it/s]  2%|▏         | 11/616 [00:06<03:42,  2.71it/s]  2%|▏         | 12/616 [00:06<03:43,  2.71it/s]  2%|▏         | 13/616 [00:06<03:44,  2.68it/s]  2%|▏         | 14/616 [00:07<03:38,  2.75it/s]  2%|▏         | 15/616 [00:07<03:41,  2.72it/s]  3%|▎         | 16/616 [00:07<03:40,  2.72it/s]  3%|▎         | 17/616 [00:08<03:38,  2.74it/s]  3%|▎         | 18/616 [00:08<03:35,  2.77it/s]  3%|▎         | 19/616 [00:09<03:39,  2.72it/s]  3%|▎         | 20/616 [00:09<03:39,  2.72it/s]  3%|▎         | 21/616 [00:09<03:37,  2.73it/s]  4%|▎         | 22/616 [00:10<03:37,  2.74it/s]  4%|▎         | 23/616 [00:10<03:35,  2.75it/s]  4%|▍         | 24/616 [00:10<03:36,  2.73it/s]  4%|▍         | 25/616 [00:11<03:35,  2.74it/s]  4%|▍         | 26/616 [00:11<03:35,  2.74it/s]  4%|▍         | 27/616 [00:12<03:40,  2.68it/s]  5%|▍         | 28/616 [00:12<03:31,  2.77it/s]  5%|▍         | 29/616 [00:12<03:32,  2.76it/s]  5%|▍         | 30/616 [00:13<03:37,  2.69it/s]  5%|▌         | 31/616 [00:13<03:33,  2.74it/s]  5%|▌         | 32/616 [00:13<03:36,  2.70it/s]  5%|▌         | 33/616 [00:14<03:27,  2.81it/s]  6%|▌         | 34/616 [00:14<03:25,  2.83it/s]  6%|▌         | 35/616 [00:14<03:27,  2.80it/s]  6%|▌         | 36/616 [00:15<03:53,  2.48it/s]  6%|▌         | 37/616 [00:15<03:28,  2.78it/s]  6%|▌         | 38/616 [00:16<03:30,  2.74it/s]  6%|▋         | 39/616 [00:16<03:23,  2.83it/s]  6%|▋         | 40/616 [00:16<03:22,  2.84it/s]  7%|▋         | 41/616 [00:17<03:21,  2.85it/s]  7%|▋         | 42/616 [00:17<03:28,  2.75it/s]  7%|▋         | 43/616 [00:17<03:21,  2.85it/s]  7%|▋         | 44/616 [00:18<03:16,  2.91it/s]  7%|▋         | 45/616 [00:18<03:22,  2.83it/s]  7%|▋         | 46/616 [00:18<03:29,  2.72it/s]  8%|▊         | 47/616 [00:19<03:20,  2.83it/s]  8%|▊         | 48/616 [00:19<03:22,  2.80it/s]  8%|▊         | 49/616 [00:19<03:23,  2.79it/s]  8%|▊         | 50/616 [00:20<03:19,  2.83it/s]  8%|▊         | 51/616 [00:20<03:22,  2.79it/s]  8%|▊         | 52/616 [00:21<03:22,  2.79it/s]  9%|▊         | 53/616 [00:21<03:18,  2.83it/s]  9%|▉         | 54/616 [00:21<03:26,  2.72it/s]  9%|▉         | 55/616 [00:22<03:20,  2.80it/s]  9%|▉         | 56/616 [00:22<03:17,  2.84it/s]  9%|▉         | 57/616 [00:22<03:20,  2.79it/s]  9%|▉         | 58/616 [00:23<03:18,  2.81it/s] 10%|▉         | 59/616 [00:23<03:20,  2.78it/s] 10%|▉         | 60/616 [00:23<03:18,  2.80it/s] 10%|▉         | 61/616 [00:24<03:22,  2.74it/s] 10%|█         | 62/616 [00:24<03:13,  2.86it/s] 10%|█         | 63/616 [00:24<03:19,  2.77it/s] 10%|█         | 64/616 [00:25<03:10,  2.90it/s] 11%|█         | 65/616 [00:25<03:17,  2.80it/s] 11%|█         | 66/616 [00:26<03:19,  2.76it/s] 11%|█         | 67/616 [00:26<03:12,  2.86it/s] 11%|█         | 68/616 [00:26<03:11,  2.86it/s] 11%|█         | 69/616 [00:27<03:14,  2.81it/s] 11%|█▏        | 70/616 [00:27<03:13,  2.83it/s] 12%|█▏        | 71/616 [00:27<03:16,  2.77it/s] 12%|█▏        | 72/616 [00:28<03:13,  2.81it/s] 12%|█▏        | 73/616 [00:28<03:18,  2.74it/s] 12%|█▏        | 74/616 [00:28<03:14,  2.79it/s] 12%|█▏        | 75/616 [00:29<03:11,  2.82it/s] 12%|█▏        | 76/616 [00:29<03:12,  2.80it/s] 12%|█▎        | 77/616 [00:29<03:12,  2.80it/s] 13%|█▎        | 78/616 [00:30<03:12,  2.79it/s] 13%|█▎        | 79/616 [00:30<03:11,  2.81it/s] 13%|█▎        | 80/616 [00:31<03:09,  2.83it/s] 13%|█▎        | 81/616 [00:31<03:10,  2.81it/s] 13%|█▎        | 82/616 [00:31<03:12,  2.77it/s] 13%|█▎        | 83/616 [00:32<03:12,  2.76it/s] 14%|█▎        | 84/616 [00:32<03:16,  2.71it/s] 14%|█▍        | 85/616 [00:32<03:16,  2.70it/s] 14%|█▍        | 86/616 [00:33<03:14,  2.73it/s] 14%|█▍        | 87/616 [00:33<03:07,  2.82it/s] 14%|█▍        | 88/616 [00:33<03:06,  2.84it/s] 14%|█▍        | 89/616 [00:34<03:07,  2.81it/s] 15%|█▍        | 90/616 [00:34<03:07,  2.80it/s] 15%|█▍        | 91/616 [00:34<03:09,  2.78it/s] 15%|█▍        | 92/616 [00:35<03:07,  2.79it/s] 15%|█▌        | 93/616 [00:35<03:05,  2.82it/s] 15%|█▌        | 94/616 [00:36<03:05,  2.82it/s] 15%|█▌        | 95/616 [00:36<03:07,  2.78it/s] 16%|█▌        | 96/616 [00:36<03:00,  2.88it/s] 16%|█▌        | 97/616 [00:37<03:04,  2.82it/s] 16%|█▌        | 98/616 [00:37<03:06,  2.78it/s] 16%|█▌        | 99/616 [00:37<03:07,  2.76it/s] 16%|█▌        | 100/616 [00:38<03:03,  2.81it/s] 16%|█▋        | 101/616 [00:38<03:03,  2.81it/s] 17%|█▋        | 102/616 [00:38<03:04,  2.78it/s] 17%|█▋        | 103/616 [00:39<03:02,  2.81it/s] 17%|█▋        | 104/616 [00:39<02:58,  2.86it/s] 17%|█▋        | 105/616 [00:39<03:01,  2.81it/s] 17%|█▋        | 106/616 [00:40<03:02,  2.79it/s] 17%|█▋        | 107/616 [00:40<02:58,  2.85it/s] 18%|█▊        | 108/616 [00:41<02:55,  2.89it/s] 18%|█▊        | 109/616 [00:41<02:58,  2.84it/s] 18%|█▊        | 110/616 [00:41<02:59,  2.82it/s] 18%|█▊        | 111/616 [00:42<03:00,  2.80it/s] 18%|█▊        | 112/616 [00:42<02:53,  2.91it/s] 18%|█▊        | 113/616 [00:42<02:55,  2.86it/s] 19%|█▊        | 114/616 [00:43<02:57,  2.83it/s] 19%|█▊        | 115/616 [00:43<02:57,  2.82it/s] 19%|█▉        | 116/616 [00:43<02:59,  2.78it/s] 19%|█▉        | 117/616 [00:44<02:56,  2.83it/s] 19%|█▉        | 118/616 [00:44<02:53,  2.87it/s] 19%|█▉        | 119/616 [00:44<02:56,  2.81it/s] 19%|█▉        | 120/616 [00:45<02:53,  2.87it/s] 20%|█▉        | 121/616 [00:45<02:53,  2.85it/s] 20%|█▉        | 122/616 [00:45<02:55,  2.81it/s] 20%|█▉        | 123/616 [00:46<02:52,  2.86it/s] 20%|██        | 124/616 [00:46<02:48,  2.93it/s] 20%|██        | 125/616 [00:46<02:54,  2.82it/s] 20%|██        | 126/616 [00:47<02:55,  2.80it/s] 21%|██        | 127/616 [00:47<02:54,  2.80it/s] 21%|██        | 128/616 [00:48<02:51,  2.84it/s] 21%|██        | 129/616 [00:48<02:50,  2.85it/s] 21%|██        | 130/616 [00:48<02:56,  2.75it/s] 21%|██▏       | 131/616 [00:49<02:52,  2.81it/s] 21%|██▏       | 132/616 [00:49<02:48,  2.87it/s] 22%|██▏       | 133/616 [00:49<02:51,  2.81it/s] 22%|██▏       | 134/616 [00:50<02:58,  2.70it/s] 22%|██▏       | 135/616 [00:50<02:45,  2.91it/s] 22%|██▏       | 136/616 [00:50<02:47,  2.87it/s] 22%|██▏       | 137/616 [00:51<02:51,  2.79it/s] 22%|██▏       | 138/616 [00:51<02:50,  2.80it/s] 23%|██▎       | 139/616 [00:51<02:51,  2.78it/s] 23%|██▎       | 140/616 [00:52<02:56,  2.70it/s] 23%|██▎       | 141/616 [00:52<02:49,  2.80it/s] 23%|██▎       | 142/616 [00:53<02:48,  2.82it/s] 23%|██▎       | 143/616 [00:53<02:48,  2.80it/s] 23%|██▎       | 144/616 [00:53<02:47,  2.83it/s] 24%|██▎       | 145/616 [00:54<02:47,  2.81it/s] 24%|██▎       | 146/616 [00:54<02:49,  2.77it/s] 24%|██▍       | 147/616 [00:54<02:53,  2.71it/s] 24%|██▍       | 148/616 [00:55<02:48,  2.78it/s] 24%|██▍       | 149/616 [00:55<02:47,  2.78it/s] 24%|██▍       | 150/616 [00:55<02:48,  2.77it/s] 25%|██▍       | 151/616 [00:56<02:42,  2.86it/s] 25%|██▍       | 152/616 [00:56<02:41,  2.86it/s] 25%|██▍       | 153/616 [00:56<02:45,  2.80it/s] 25%|██▌       | 154/616 [00:57<02:41,  2.85it/s] 25%|██▌       | 155/616 [00:57<02:47,  2.75it/s] 25%|██▌       | 156/616 [00:58<02:45,  2.77it/s] 25%|██▌       | 157/616 [00:58<02:42,  2.83it/s] 26%|██▌       | 158/616 [00:58<02:44,  2.78it/s] 26%|██▌       | 159/616 [00:59<02:46,  2.75it/s] 26%|██▌       | 160/616 [00:59<02:45,  2.76it/s] 26%|██▌       | 161/616 [00:59<02:41,  2.82it/s] 26%|██▋       | 162/616 [01:00<02:40,  2.84it/s] 26%|██▋       | 163/616 [01:00<02:42,  2.79it/s] 27%|██▋       | 164/616 [01:00<02:40,  2.82it/s] 27%|██▋       | 165/616 [01:01<02:44,  2.74it/s] 27%|██▋       | 166/616 [01:01<02:41,  2.79it/s] 27%|██▋       | 167/616 [01:02<02:41,  2.78it/s] 27%|██▋       | 168/616 [01:02<02:40,  2.80it/s] 27%|██▋       | 169/616 [01:02<02:38,  2.81it/s] 28%|██▊       | 170/616 [01:03<02:38,  2.81it/s] 28%|██▊       | 171/616 [01:03<02:35,  2.86it/s] 28%|██▊       | 172/616 [01:03<02:36,  2.83it/s] 28%|██▊       | 173/616 [01:04<02:36,  2.84it/s] 28%|██▊       | 174/616 [01:04<02:37,  2.81it/s] 28%|██▊       | 175/616 [01:04<02:36,  2.82it/s] 29%|██▊       | 176/616 [01:05<02:37,  2.80it/s] 29%|██▊       | 177/616 [01:05<02:38,  2.77it/s] 29%|██▉       | 178/616 [01:05<02:39,  2.75it/s] 29%|██▉       | 179/616 [01:06<02:34,  2.82it/s] 29%|██▉       | 180/616 [01:06<02:33,  2.84it/s] 29%|██▉       | 181/616 [01:06<02:33,  2.84it/s] 30%|██▉       | 182/616 [01:07<02:32,  2.84it/s] 30%|██▉       | 183/616 [01:07<02:38,  2.73it/s] 30%|██▉       | 184/616 [01:08<02:34,  2.80it/s] 30%|███       | 185/616 [01:08<02:31,  2.85it/s] 30%|███       | 186/616 [01:08<02:31,  2.85it/s] 30%|███       | 187/616 [01:09<02:32,  2.82it/s]